[H[2Jblock  1
Status :  1
mined  1968946 1968946 logs:  0 
CrowdSale deployed at : 0x1a1a0e9810c0ce29db595ef7d4b42ed50b45c4cc
Token deployed at : 0xd241c11c6f674156a0cd175a6c7e3f38bc7310a7
block  2
Status :  1
mined  44031 44031 logs:  0 
setup
Nonce :  3
GasPrice :  1
           BulkFund     2100     1000
Nonce :  4
GasPrice :  1
block  3
Status :  1
mined  121000 21000 logs:  0 
Nonce :  5
GasPrice :  1
block  4
Status :  1
mined  121000 21000 logs:  0 
Nonce :  6
GasPrice :  1
block  5
Status :  1
mined  121000 21000 logs:  0 
Nonce :  7
GasPrice :  1
block  6
Status :  1
mined  121000 21000 logs:  0 
Nonce :  8
GasPrice :  1
block  7
Status :  1
mined  121000 21000 logs:  0 
Nonce :  9
GasPrice :  1
block  8
Status :  1
mined  121000 21000 logs:  0 
Nonce :  10
GasPrice :  1
block  9
Status :  1
mined  121000 21000 logs:  0 
Nonce :  11
GasPrice :  1
block  10
Status :  1
mined  121000 21000 logs:  0 
Nonce :  12
GasPrice :  1
block  11
Status :  1
mined  121000 21000 logs:  0 
Nonce :  13
GasPrice :  1
block  12
Status :  1
mined  121000 21000 logs:  0 
Nonce :  14
GasPrice :  1
block  13
Status :  1
mined  121000 21000 logs:  0 
Nonce :  15
GasPrice :  1
block  14
Status :  1
mined  121000 21000 logs:  0 
Nonce :  16
GasPrice :  1
block  15
Status :  1
mined  121000 21000 logs:  0 
Nonce :  17
GasPrice :  1
block  16
Status :  1
mined  121000 21000 logs:  0 
Nonce :  18
GasPrice :  1
block  17
Status :  1
mined  121000 21000 logs:  0 
Nonce :  19
GasPrice :  1
block  18
Status :  1
mined  121000 21000 logs:  0 
Nonce :  20
GasPrice :  1
block  19
Status :  1
mined  121000 21000 logs:  0 
Nonce :  21
GasPrice :  1
block  20
Status :  1
mined  121000 21000 logs:  0 
Nonce :  22
GasPrice :  1
block  21
Status :  1
mined  121000 21000 logs:  0 
Nonce :  23
GasPrice :  1
block  22
Status :  1
mined  121000 21000 logs:  0 
Nonce :  24
GasPrice :  1
block  23
Status :  1
mined  121000 21000 logs:  0 
Nonce :  25
GasPrice :  1
block  24
Status :  1
mined  121000 21000 logs:  0 
Nonce :  26
GasPrice :  1
block  25
Status :  1
mined  121000 21000 logs:  0 
Nonce :  27
GasPrice :  1
block  26
Status :  1
mined  121000 21000 logs:  0 
Nonce :  28
GasPrice :  1
block  27
Status :  1
mined  121000 21000 logs:  0 
Nonce :  29
GasPrice :  1
block  28
Status :  1
mined  121000 21000 logs:  0 
Nonce :  30
GasPrice :  1
block  29
Status :  1
mined  121000 21000 logs:  0 
Nonce :  31
GasPrice :  1
block  30
Status :  1
mined  121000 21000 logs:  0 
Nonce :  32
GasPrice :  1
block  31
Status :  1
mined  121000 21000 logs:  0 
Nonce :  33
GasPrice :  1
block  32
Status :  1
mined  121000 21000 logs:  0 
Nonce :  34
GasPrice :  1
block  33
Status :  1
mined  121000 21000 logs:  0 
Nonce :  35
GasPrice :  1
block  34
Status :  1
mined  121000 21000 logs:  0 
Nonce :  36
GasPrice :  1
block  35
Status :  1
mined  121000 21000 logs:  0 
Nonce :  37
GasPrice :  1
block  36
Status :  1
mined  121000 21000 logs:  0 
Nonce :  38
GasPrice :  1
block  37
Status :  1
mined  121000 21000 logs:  0 
Nonce :  39
GasPrice :  1
block  38
Status :  1
mined  121000 21000 logs:  0 
Nonce :  40
GasPrice :  1
block  39
Status :  1
mined  121000 21000 logs:  0 
Nonce :  41
GasPrice :  1
block  40
Status :  1
mined  121000 21000 logs:  0 
Nonce :  42
GasPrice :  1
block  41
Status :  1
mined  121000 21000 logs:  0 
Nonce :  43
GasPrice :  1
block  42
Status :  1
mined  121000 21000 logs:  0 
Nonce :  44
GasPrice :  1
block  43
Status :  1
mined  121000 21000 logs:  0 
Nonce :  45
GasPrice :  1
block  44
Status :  1
mined  121000 21000 logs:  0 
Nonce :  46
GasPrice :  1
block  45
Status :  1
mined  121000 21000 logs:  0 
Nonce :  47
GasPrice :  1
block  46
Status :  1
mined  121000 21000 logs:  0 
Nonce :  48
GasPrice :  1
block  47
Status :  1
mined  121000 21000 logs:  0 
Nonce :  49
GasPrice :  1
block  48
Status :  1
mined  121000 21000 logs:  0 
Nonce :  50
GasPrice :  1
block  49
Status :  1
mined  121000 21000 logs:  0 
Nonce :  51
GasPrice :  1
block  50
Status :  1
mined  121000 21000 logs:  0 
Nonce :  52
GasPrice :  1
block  51
Status :  1
mined  121000 21000 logs:  0 
Nonce :  53
GasPrice :  1
block  52
Status :  1
mined  121000 21000 logs:  0 
Nonce :  54
GasPrice :  1
block  53
Status :  1
mined  121000 21000 logs:  0 
Nonce :  55
GasPrice :  1
block  54
Status :  1
mined  121000 21000 logs:  0 
Nonce :  56
GasPrice :  1
block  55
Status :  1
mined  121000 21000 logs:  0 
Nonce :  57
GasPrice :  1
block  56
Status :  1
mined  121000 21000 logs:  0 
Nonce :  58
GasPrice :  1
block  57
Status :  1
mined  121000 21000 logs:  0 
Nonce :  59
GasPrice :  1
block  58
Status :  1
mined  121000 21000 logs:  0 
Nonce :  60
GasPrice :  1
block  59
Status :  1
mined  121000 21000 logs:  0 
Nonce :  61
GasPrice :  1
block  60
Status :  1
mined  121000 21000 logs:  0 
Nonce :  62
GasPrice :  1
block  61
Status :  1
mined  121000 21000 logs:  0 
Nonce :  63
GasPrice :  1
block  62
Status :  1
mined  121000 21000 logs:  0 
Nonce :  64
GasPrice :  1
block  63
Status :  1
mined  121000 21000 logs:  0 
Nonce :  65
GasPrice :  1
block  64
Status :  1
mined  121000 21000 logs:  0 
Nonce :  66
GasPrice :  1
block  65
Status :  1
mined  121000 21000 logs:  0 
Nonce :  67
GasPrice :  1
block  66
Status :  1
mined  121000 21000 logs:  0 
Nonce :  68
GasPrice :  1
block  67
Status :  1
mined  121000 21000 logs:  0 
Nonce :  69
GasPrice :  1
block  68
Status :  1
mined  121000 21000 logs:  0 
Nonce :  70
GasPrice :  1
block  69
Status :  1
mined  121000 21000 logs:  0 
Nonce :  71
GasPrice :  1
block  70
Status :  1
mined  121000 21000 logs:  0 
Nonce :  72
GasPrice :  1
block  71
Status :  1
mined  121000 21000 logs:  0 
Nonce :  73
GasPrice :  1
block  72
Status :  1
mined  121000 21000 logs:  0 
Nonce :  74
GasPrice :  1
block  73
Status :  1
mined  121000 21000 logs:  0 
Nonce :  75
GasPrice :  1
block  74
Status :  1
mined  121000 21000 logs:  0 
Nonce :  76
GasPrice :  1
block  75
Status :  1
mined  121000 21000 logs:  0 
Nonce :  77
GasPrice :  1
block  76
Status :  1
mined  121000 21000 logs:  0 
Nonce :  78
GasPrice :  1
block  77
Status :  1
mined  121000 21000 logs:  0 
Nonce :  79
GasPrice :  1
block  78
Status :  1
mined  121000 21000 logs:  0 
Nonce :  80
GasPrice :  1
block  79
Status :  1
mined  121000 21000 logs:  0 
Nonce :  81
GasPrice :  1
block  80
Status :  1
mined  121000 21000 logs:  0 
Nonce :  82
GasPrice :  1
block  81
Status :  1
mined  121000 21000 logs:  0 
Nonce :  83
GasPrice :  1
block  82
Status :  1
mined  121000 21000 logs:  0 
Nonce :  84
GasPrice :  1
block  83
Status :  1
mined  121000 21000 logs:  0 
Nonce :  85
GasPrice :  1
block  84
Status :  1
mined  121000 21000 logs:  0 
Nonce :  86
GasPrice :  1
block  85
Status :  1
mined  121000 21000 logs:  0 
Nonce :  87
GasPrice :  1
block  86
Status :  1
mined  121000 21000 logs:  0 
Nonce :  88
GasPrice :  1
block  87
Status :  1
mined  121000 21000 logs:  0 
Nonce :  89
GasPrice :  1
block  88
Status :  1
mined  121000 21000 logs:  0 
Nonce :  90
GasPrice :  1
block  89
Status :  1
mined  121000 21000 logs:  0 
Nonce :  91
GasPrice :  1
block  90
Status :  1
mined  121000 21000 logs:  0 
Nonce :  92
GasPrice :  1
block  91
Status :  1
mined  121000 21000 logs:  0 
Nonce :  93
GasPrice :  1
block  92
Status :  1
mined  121000 21000 logs:  0 
Nonce :  94
GasPrice :  1
block  93
Status :  1
mined  121000 21000 logs:  0 
Nonce :  95
GasPrice :  1
block  94
Status :  1
mined  121000 21000 logs:  0 
Nonce :  96
GasPrice :  1
block  95
Status :  1
mined  121000 21000 logs:  0 
Nonce :  97
GasPrice :  1
block  96
Status :  1
mined  121000 21000 logs:  0 
Nonce :  98
GasPrice :  1
block  97
Status :  1
mined  121000 21000 logs:  0 
Nonce :  99
GasPrice :  1
block  98
Status :  1
mined  121000 21000 logs:  0 
Nonce :  100
GasPrice :  1
block  99
Status :  1
mined  121000 21000 logs:  0 
Nonce :  101
GasPrice :  1
block  100
Status :  1
mined  121000 21000 logs:  0 
Nonce :  102
GasPrice :  1
block  101
Status :  1
mined  121000 21000 logs:  0 
Nonce :  103
GasPrice :  1
block  102
Status :  1
mined  121000 21000 logs:  0 
Nonce :  104
GasPrice :  1
block  103
Status :  1
mined  121000 21000 logs:  0 
Nonce :  105
GasPrice :  1
block  104
Status :  1
mined  121000 21000 logs:  0 
Nonce :  106
GasPrice :  1
block  105
Status :  1
mined  121000 21000 logs:  0 
Nonce :  107
GasPrice :  1
block  106
Status :  1
mined  121000 21000 logs:  0 
Nonce :  108
GasPrice :  1
block  107
Status :  1
mined  121000 21000 logs:  0 
Nonce :  109
GasPrice :  1
block  108
Status :  1
mined  121000 21000 logs:  0 
Nonce :  110
GasPrice :  1
block  109
Status :  1
mined  121000 21000 logs:  0 
Nonce :  111
GasPrice :  1
block  110
Status :  1
mined  121000 21000 logs:  0 
Nonce :  112
GasPrice :  1
block  111
Status :  1
mined  121000 21000 logs:  0 
Nonce :  113
GasPrice :  1
block  112
Status :  1
mined  121000 21000 logs:  0 
Nonce :  114
GasPrice :  1
block  113
Status :  1
mined  121000 21000 logs:  0 
Nonce :  115
GasPrice :  1
block  114
Status :  1
mined  121000 21000 logs:  0 
Nonce :  116
GasPrice :  1
block  115
Status :  1
mined  121000 21000 logs:  0 
Nonce :  117
GasPrice :  1
block  116
Status :  1
mined  121000 21000 logs:  0 
Nonce :  118
GasPrice :  1
block  117
Status :  1
mined  121000 21000 logs:  0 
Nonce :  119
GasPrice :  1
block  118
Status :  1
mined  121000 21000 logs:  0 
Nonce :  120
GasPrice :  1
block  119
Status :  1
mined  121000 21000 logs:  0 
Nonce :  121
GasPrice :  1
block  120
Status :  1
mined  121000 21000 logs:  0 
Nonce :  122
GasPrice :  1
block  121
Status :  1
mined  121000 21000 logs:  0 
Nonce :  123
GasPrice :  1
block  122
Status :  1
mined  121000 21000 logs:  0 
Nonce :  124
GasPrice :  1
block  123
Status :  1
mined  121000 21000 logs:  0 
Nonce :  125
GasPrice :  1
block  124
Status :  1
mined  121000 21000 logs:  0 
Nonce :  126
GasPrice :  1
block  125
Status :  1
mined  121000 21000 logs:  0 
Nonce :  127
GasPrice :  1
block  126
Status :  1
mined  121000 21000 logs:  0 
Nonce :  128
GasPrice :  1
block  127
Status :  1
mined  121000 21000 logs:  0 
Nonce :  129
GasPrice :  1
block  128
Status :  1
mined  121000 21000 logs:  0 
Nonce :  130
GasPrice :  1
block  129
Status :  1
mined  121000 21000 logs:  0 
Nonce :  131
GasPrice :  1
block  130
Status :  1
mined  121000 21000 logs:  0 
Nonce :  132
GasPrice :  1
block  131
Status :  1
mined  121000 21000 logs:  0 
Nonce :  133
GasPrice :  1
block  132
Status :  1
mined  121000 21000 logs:  0 
Nonce :  134
GasPrice :  1
block  133
Status :  1
mined  121000 21000 logs:  0 
Nonce :  135
GasPrice :  1
block  134
Status :  1
mined  121000 21000 logs:  0 
Nonce :  136
GasPrice :  1
block  135
Status :  1
mined  121000 21000 logs:  0 
Nonce :  137
GasPrice :  1
block  136
Status :  1
mined  121000 21000 logs:  0 
Nonce :  138
GasPrice :  1
block  137
Status :  1
mined  121000 21000 logs:  0 
Nonce :  139
GasPrice :  1
block  138
Status :  1
mined  121000 21000 logs:  0 
Nonce :  140
GasPrice :  1
block  139
Status :  1
mined  121000 21000 logs:  0 
Nonce :  141
GasPrice :  1
block  140
Status :  1
mined  121000 21000 logs:  0 
Nonce :  142
GasPrice :  1
block  141
Status :  1
mined  121000 21000 logs:  0 
Nonce :  143
GasPrice :  1
block  142
Status :  1
mined  121000 21000 logs:  0 
Nonce :  144
GasPrice :  1
block  143
Status :  1
mined  121000 21000 logs:  0 
Nonce :  145
GasPrice :  1
block  144
Status :  1
mined  121000 21000 logs:  0 
Nonce :  146
GasPrice :  1
block  145
Status :  1
mined  121000 21000 logs:  0 
Nonce :  147
GasPrice :  1
block  146
Status :  1
mined  121000 21000 logs:  0 
Nonce :  148
GasPrice :  1
block  147
Status :  1
mined  121000 21000 logs:  0 
Nonce :  149
GasPrice :  1
block  148
Status :  1
mined  121000 21000 logs:  0 
Nonce :  150
GasPrice :  1
block  149
Status :  1
mined  121000 21000 logs:  0 
Nonce :  151
GasPrice :  1
block  150
Status :  1
mined  121000 21000 logs:  0 
Nonce :  152
GasPrice :  1
block  151
Status :  1
mined  121000 21000 logs:  0 
Nonce :  153
GasPrice :  1
block  152
Status :  1
mined  121000 21000 logs:  0 
Nonce :  154
GasPrice :  1
block  153
Status :  1
mined  121000 21000 logs:  0 
Nonce :  155
GasPrice :  1
block  154
Status :  1
mined  121000 21000 logs:  0 
Nonce :  156
GasPrice :  1
block  155
Status :  1
mined  121000 21000 logs:  0 
Nonce :  157
GasPrice :  1
block  156
Status :  1
mined  121000 21000 logs:  0 
Nonce :  158
GasPrice :  1
block  157
Status :  1
mined  121000 21000 logs:  0 
Nonce :  159
GasPrice :  1
block  158
Status :  1
mined  121000 21000 logs:  0 
Nonce :  160
GasPrice :  1
block  159
Status :  1
mined  121000 21000 logs:  0 
Nonce :  161
GasPrice :  1
block  160
Status :  1
mined  121000 21000 logs:  0 
Nonce :  162
GasPrice :  1
block  161
Status :  1
mined  121000 21000 logs:  0 
Nonce :  163
GasPrice :  1
block  162
Status :  1
mined  121000 21000 logs:  0 
Nonce :  164
GasPrice :  1
block  163
Status :  1
mined  121000 21000 logs:  0 
Nonce :  165
GasPrice :  1
block  164
Status :  1
mined  121000 21000 logs:  0 
Nonce :  166
GasPrice :  1
block  165
Status :  1
mined  121000 21000 logs:  0 
Nonce :  167
GasPrice :  1
block  166
Status :  1
mined  121000 21000 logs:  0 
Nonce :  168
GasPrice :  1
block  167
Status :  1
mined  121000 21000 logs:  0 
Nonce :  169
GasPrice :  1
block  168
Status :  1
mined  121000 21000 logs:  0 
Nonce :  170
GasPrice :  1
block  169
Status :  1
mined  121000 21000 logs:  0 
Nonce :  171
GasPrice :  1
block  170
Status :  1
mined  121000 21000 logs:  0 
Nonce :  172
GasPrice :  1
block  171
Status :  1
mined  121000 21000 logs:  0 
Nonce :  173
GasPrice :  1
block  172
Status :  1
mined  121000 21000 logs:  0 
Nonce :  174
GasPrice :  1
block  173
Status :  1
mined  121000 21000 logs:  0 
Nonce :  175
GasPrice :  1
block  174
Status :  1
mined  121000 21000 logs:  0 
Nonce :  176
GasPrice :  1
block  175
Status :  1
mined  121000 21000 logs:  0 
Nonce :  177
GasPrice :  1
block  176
Status :  1
mined  121000 21000 logs:  0 
Nonce :  178
GasPrice :  1
block  177
Status :  1
mined  121000 21000 logs:  0 
Nonce :  179
GasPrice :  1
block  178
Status :  1
mined  121000 21000 logs:  0 
Nonce :  180
GasPrice :  1
block  179
Status :  1
mined  121000 21000 logs:  0 
Nonce :  181
GasPrice :  1
block  180
Status :  1
mined  121000 21000 logs:  0 
Nonce :  182
GasPrice :  1
block  181
Status :  1
mined  121000 21000 logs:  0 
Nonce :  183
GasPrice :  1
block  182
Status :  1
mined  121000 21000 logs:  0 
Nonce :  184
GasPrice :  1
block  183
Status :  1
mined  121000 21000 logs:  0 
Nonce :  185
GasPrice :  1
block  184
Status :  1
mined  121000 21000 logs:  0 
Nonce :  186
GasPrice :  1
block  185
Status :  1
mined  121000 21000 logs:  0 
Nonce :  187
GasPrice :  1
block  186
Status :  1
mined  121000 21000 logs:  0 
Nonce :  188
GasPrice :  1
block  187
Status :  1
mined  121000 21000 logs:  0 
Nonce :  189
GasPrice :  1
block  188
Status :  1
mined  121000 21000 logs:  0 
Nonce :  190
GasPrice :  1
block  189
Status :  1
mined  121000 21000 logs:  0 
Nonce :  191
GasPrice :  1
block  190
Status :  1
mined  121000 21000 logs:  0 
Nonce :  192
GasPrice :  1
block  191
Status :  1
mined  121000 21000 logs:  0 
Nonce :  193
GasPrice :  1
block  192
Status :  1
mined  121000 21000 logs:  0 
Nonce :  194
GasPrice :  1
block  193
Status :  1
mined  121000 21000 logs:  0 
Nonce :  195
GasPrice :  1
block  194
Status :  1
mined  121000 21000 logs:  0 
Nonce :  196
GasPrice :  1
block  195
Status :  1
mined  121000 21000 logs:  0 
Nonce :  197
GasPrice :  1
block  196
Status :  1
mined  121000 21000 logs:  0 
Nonce :  198
GasPrice :  1
block  197
Status :  1
mined  121000 21000 logs:  0 
Nonce :  199
GasPrice :  1
block  198
Status :  1
mined  121000 21000 logs:  0 
Nonce :  200
GasPrice :  1
block  199
Status :  1
mined  121000 21000 logs:  0 
Nonce :  201
GasPrice :  1
block  200
Status :  1
mined  121000 21000 logs:  0 
Nonce :  202
GasPrice :  1
block  201
Status :  1
mined  121000 21000 logs:  0 
Nonce :  203
GasPrice :  1
block  202
Status :  1
mined  121000 21000 logs:  0 
Nonce :  204
GasPrice :  1
block  203
Status :  1
mined  121000 21000 logs:  0 
Nonce :  205
GasPrice :  1
block  204
Status :  1
mined  121000 21000 logs:  0 
Nonce :  206
GasPrice :  1
block  205
Status :  1
mined  121000 21000 logs:  0 
Nonce :  207
GasPrice :  1
block  206
Status :  1
mined  121000 21000 logs:  0 
Nonce :  208
GasPrice :  1
block  207
Status :  1
mined  121000 21000 logs:  0 
Nonce :  209
GasPrice :  1
block  208
Status :  1
mined  121000 21000 logs:  0 
Nonce :  210
GasPrice :  1
block  209
Status :  1
mined  121000 21000 logs:  0 
Nonce :  211
GasPrice :  1
block  210
Status :  1
mined  121000 21000 logs:  0 
Nonce :  212
GasPrice :  1
block  211
Status :  1
mined  121000 21000 logs:  0 
Nonce :  213
GasPrice :  1
block  212
Status :  1
mined  121000 21000 logs:  0 
Nonce :  214
GasPrice :  1
block  213
Status :  1
mined  121000 21000 logs:  0 
Nonce :  215
GasPrice :  1
block  214
Status :  1
mined  121000 21000 logs:  0 
Nonce :  216
GasPrice :  1
block  215
Status :  1
mined  121000 21000 logs:  0 
Nonce :  217
GasPrice :  1
block  216
Status :  1
mined  121000 21000 logs:  0 
Nonce :  218
GasPrice :  1
block  217
Status :  1
mined  121000 21000 logs:  0 
Nonce :  219
GasPrice :  1
block  218
Status :  1
mined  121000 21000 logs:  0 
Nonce :  220
GasPrice :  1
block  219
Status :  1
mined  121000 21000 logs:  0 
Nonce :  221
GasPrice :  1
block  220
Status :  1
mined  121000 21000 logs:  0 
Nonce :  222
GasPrice :  1
block  221
Status :  1
mined  121000 21000 logs:  0 
Nonce :  223
GasPrice :  1
block  222
Status :  1
mined  121000 21000 logs:  0 
Nonce :  224
GasPrice :  1
block  223
Status :  1
mined  121000 21000 logs:  0 
Nonce :  225
GasPrice :  1
block  224
Status :  1
mined  121000 21000 logs:  0 
Nonce :  226
GasPrice :  1
block  225
Status :  1
mined  121000 21000 logs:  0 
Nonce :  227
GasPrice :  1
block  226
Status :  1
mined  121000 21000 logs:  0 
Nonce :  228
GasPrice :  1
block  227
Status :  1
mined  121000 21000 logs:  0 
Nonce :  229
GasPrice :  1
block  228
Status :  1
mined  121000 21000 logs:  0 
Nonce :  230
GasPrice :  1
block  229
Status :  1
mined  121000 21000 logs:  0 
Nonce :  231
GasPrice :  1
block  230
Status :  1
mined  121000 21000 logs:  0 
Nonce :  232
GasPrice :  1
block  231
Status :  1
mined  121000 21000 logs:  0 
Nonce :  233
GasPrice :  1
block  232
Status :  1
mined  121000 21000 logs:  0 
Nonce :  234
GasPrice :  1
block  233
Status :  1
mined  121000 21000 logs:  0 
Nonce :  235
GasPrice :  1
block  234
Status :  1
mined  121000 21000 logs:  0 
Nonce :  236
GasPrice :  1
block  235
Status :  1
mined  121000 21000 logs:  0 
Nonce :  237
GasPrice :  1
block  236
Status :  1
mined  121000 21000 logs:  0 
Nonce :  238
GasPrice :  1
block  237
Status :  1
mined  121000 21000 logs:  0 
Nonce :  239
GasPrice :  1
block  238
Status :  1
mined  121000 21000 logs:  0 
Nonce :  240
GasPrice :  1
block  239
Status :  1
mined  121000 21000 logs:  0 
Nonce :  241
GasPrice :  1
block  240
Status :  1
mined  121000 21000 logs:  0 
Nonce :  242
GasPrice :  1
block  241
Status :  1
mined  121000 21000 logs:  0 
Nonce :  243
GasPrice :  1
block  242
Status :  1
mined  121000 21000 logs:  0 
Nonce :  244
GasPrice :  1
block  243
Status :  1
mined  121000 21000 logs:  0 
Nonce :  245
GasPrice :  1
block  244
Status :  1
mined  121000 21000 logs:  0 
Nonce :  246
GasPrice :  1
block  245
Status :  1
mined  121000 21000 logs:  0 
Nonce :  247
GasPrice :  1
block  246
Status :  1
mined  121000 21000 logs:  0 
Nonce :  248
GasPrice :  1
block  247
Status :  1
mined  121000 21000 logs:  0 
Nonce :  249
GasPrice :  1
block  248
Status :  1
mined  121000 21000 logs:  0 
Nonce :  250
GasPrice :  1
block  249
Status :  1
mined  121000 21000 logs:  0 
Nonce :  251
GasPrice :  1
block  250
Status :  1
mined  121000 21000 logs:  0 
Nonce :  252
GasPrice :  1
block  251
Status :  1
mined  121000 21000 logs:  0 
Nonce :  253
GasPrice :  1
block  252
Status :  1
mined  121000 21000 logs:  0 
Nonce :  254
GasPrice :  1
block  253
Status :  1
mined  121000 21000 logs:  0 
Nonce :  255
GasPrice :  1
block  254
Status :  1
mined  121000 21000 logs:  0 
Nonce :  256
GasPrice :  1
block  255
Status :  1
mined  121000 21000 logs:  0 
Nonce :  257
GasPrice :  1
block  256
Status :  1
mined  121000 21000 logs:  0 
Nonce :  258
GasPrice :  1
block  257
Status :  1
mined  121000 21000 logs:  0 
Nonce :  259
GasPrice :  1
block  258
Status :  1
mined  121000 21000 logs:  0 
Nonce :  260
GasPrice :  1
block  259
Status :  1
mined  121000 21000 logs:  0 
Nonce :  261
GasPrice :  1
block  260
Status :  1
mined  121000 21000 logs:  0 
Nonce :  262
GasPrice :  1
block  261
Status :  1
mined  121000 21000 logs:  0 
Nonce :  263
GasPrice :  1
block  262
Status :  1
mined  121000 21000 logs:  0 
Nonce :  264
GasPrice :  1
block  263
Status :  1
mined  121000 21000 logs:  0 
Nonce :  265
GasPrice :  1
block  264
Status :  1
mined  121000 21000 logs:  0 
Nonce :  266
GasPrice :  1
block  265
Status :  1
mined  121000 21000 logs:  0 
Nonce :  267
GasPrice :  1
block  266
Status :  1
mined  121000 21000 logs:  0 
Nonce :  268
GasPrice :  1
block  267
Status :  1
mined  121000 21000 logs:  0 
Nonce :  269
GasPrice :  1
block  268
Status :  1
mined  121000 21000 logs:  0 
Nonce :  270
GasPrice :  1
block  269
Status :  1
mined  121000 21000 logs:  0 
Nonce :  271
GasPrice :  1
block  270
Status :  1
mined  121000 21000 logs:  0 
Nonce :  272
GasPrice :  1
block  271
Status :  1
mined  121000 21000 logs:  0 
Nonce :  273
GasPrice :  1
block  272
Status :  1
mined  121000 21000 logs:  0 
Nonce :  274
GasPrice :  1
block  273
Status :  1
mined  121000 21000 logs:  0 
Nonce :  275
GasPrice :  1
block  274
Status :  1
mined  121000 21000 logs:  0 
Nonce :  276
GasPrice :  1
block  275
Status :  1
mined  121000 21000 logs:  0 
Nonce :  277
GasPrice :  1
block  276
Status :  1
mined  121000 21000 logs:  0 
Nonce :  278
GasPrice :  1
block  277
Status :  1
mined  121000 21000 logs:  0 
Nonce :  279
GasPrice :  1
block  278
Status :  1
mined  121000 21000 logs:  0 
Nonce :  280
GasPrice :  1
block  279
Status :  1
mined  121000 21000 logs:  0 
Nonce :  281
GasPrice :  1
block  280
Status :  1
mined  121000 21000 logs:  0 
Nonce :  282
GasPrice :  1
block  281
Status :  1
mined  121000 21000 logs:  0 
Nonce :  283
GasPrice :  1
block  282
Status :  1
mined  121000 21000 logs:  0 
Nonce :  284
GasPrice :  1
block  283
Status :  1
mined  121000 21000 logs:  0 
Nonce :  285
GasPrice :  1
block  284
Status :  1
mined  121000 21000 logs:  0 
Nonce :  286
GasPrice :  1
block  285
Status :  1
mined  121000 21000 logs:  0 
Nonce :  287
GasPrice :  1
block  286
Status :  1
mined  121000 21000 logs:  0 
Nonce :  288
GasPrice :  1
block  287
Status :  1
mined  121000 21000 logs:  0 
Nonce :  289
GasPrice :  1
block  288
Status :  1
mined  121000 21000 logs:  0 
Nonce :  290
GasPrice :  1
block  289
Status :  1
mined  121000 21000 logs:  0 
Nonce :  291
GasPrice :  1
block  290
Status :  1
mined  121000 21000 logs:  0 
Nonce :  292
GasPrice :  1
block  291
Status :  1
mined  121000 21000 logs:  0 
Nonce :  293
GasPrice :  1
block  292
Status :  1
mined  121000 21000 logs:  0 
Nonce :  294
GasPrice :  1
block  293
Status :  1
mined  121000 21000 logs:  0 
Nonce :  295
GasPrice :  1
block  294
Status :  1
mined  121000 21000 logs:  0 
Nonce :  296
GasPrice :  1
block  295
Status :  1
mined  121000 21000 logs:  0 
Nonce :  297
GasPrice :  1
block  296
Status :  1
mined  121000 21000 logs:  0 
Nonce :  298
GasPrice :  1
block  297
Status :  1
mined  121000 21000 logs:  0 
Nonce :  299
GasPrice :  1
block  298
Status :  1
mined  121000 21000 logs:  0 
Nonce :  300
GasPrice :  1
block  299
Status :  1
mined  121000 21000 logs:  0 
Nonce :  301
GasPrice :  1
block  300
Status :  1
mined  121000 21000 logs:  0 
Nonce :  302
GasPrice :  1
block  301
Status :  1
mined  121000 21000 logs:  0 
Nonce :  303
GasPrice :  1
block  302
Status :  1
mined  121000 21000 logs:  0 
Nonce :  304
GasPrice :  1
block  303
Status :  1
mined  121000 21000 logs:  0 
Nonce :  305
GasPrice :  1
block  304
Status :  1
mined  121000 21000 logs:  0 
Nonce :  306
GasPrice :  1
block  305
Status :  1
mined  121000 21000 logs:  0 
Nonce :  307
GasPrice :  1
block  306
Status :  1
mined  121000 21000 logs:  0 
Nonce :  308
GasPrice :  1
block  307
Status :  1
mined  121000 21000 logs:  0 
Nonce :  309
GasPrice :  1
block  308
Status :  1
mined  121000 21000 logs:  0 
Nonce :  310
GasPrice :  1
block  309
Status :  1
mined  121000 21000 logs:  0 
Nonce :  311
GasPrice :  1
block  310
Status :  1
mined  121000 21000 logs:  0 
Nonce :  312
GasPrice :  1
block  311
Status :  1
mined  121000 21000 logs:  0 
Nonce :  313
GasPrice :  1
block  312
Status :  1
mined  121000 21000 logs:  0 
Nonce :  314
GasPrice :  1
block  313
Status :  1
mined  121000 21000 logs:  0 
Nonce :  315
GasPrice :  1
block  314
Status :  1
mined  121000 21000 logs:  0 
Nonce :  316
GasPrice :  1
block  315
Status :  1
mined  121000 21000 logs:  0 
Nonce :  317
GasPrice :  1
block  316
Status :  1
mined  121000 21000 logs:  0 
Nonce :  318
GasPrice :  1
block  317
Status :  1
mined  121000 21000 logs:  0 
Nonce :  319
GasPrice :  1
block  318
Status :  1
mined  121000 21000 logs:  0 
Nonce :  320
GasPrice :  1
block  319
Status :  1
mined  121000 21000 logs:  0 
Nonce :  321
GasPrice :  1
block  320
Status :  1
mined  121000 21000 logs:  0 
Nonce :  322
GasPrice :  1
block  321
Status :  1
mined  121000 21000 logs:  0 
Nonce :  323
GasPrice :  1
block  322
Status :  1
mined  121000 21000 logs:  0 
Nonce :  324
GasPrice :  1
block  323
Status :  1
mined  121000 21000 logs:  0 
Nonce :  325
GasPrice :  1
block  324
Status :  1
mined  121000 21000 logs:  0 
Nonce :  326
GasPrice :  1
block  325
Status :  1
mined  121000 21000 logs:  0 
Nonce :  327
GasPrice :  1
block  326
Status :  1
mined  121000 21000 logs:  0 
Nonce :  328
GasPrice :  1
block  327
Status :  1
mined  121000 21000 logs:  0 
Nonce :  329
GasPrice :  1
block  328
Status :  1
mined  121000 21000 logs:  0 
Nonce :  330
GasPrice :  1
block  329
Status :  1
mined  121000 21000 logs:  0 
Nonce :  331
GasPrice :  1
block  330
Status :  1
mined  121000 21000 logs:  0 
Nonce :  332
GasPrice :  1
block  331
Status :  1
mined  121000 21000 logs:  0 
Nonce :  333
GasPrice :  1
block  332
Status :  1
mined  121000 21000 logs:  0 
Nonce :  334
GasPrice :  1
block  333
Status :  1
mined  121000 21000 logs:  0 
Nonce :  335
GasPrice :  1
block  334
Status :  1
mined  121000 21000 logs:  0 
Nonce :  336
GasPrice :  1
block  335
Status :  1
mined  121000 21000 logs:  0 
Nonce :  337
GasPrice :  1
block  336
Status :  1
mined  121000 21000 logs:  0 
Nonce :  338
GasPrice :  1
block  337
Status :  1
mined  121000 21000 logs:  0 
Nonce :  339
GasPrice :  1
block  338
Status :  1
mined  121000 21000 logs:  0 
Nonce :  340
GasPrice :  1
block  339
Status :  1
mined  121000 21000 logs:  0 
Nonce :  341
GasPrice :  1
block  340
Status :  1
mined  121000 21000 logs:  0 
Nonce :  342
GasPrice :  1
block  341
Status :  1
mined  121000 21000 logs:  0 
Nonce :  343
GasPrice :  1
block  342
Status :  1
mined  121000 21000 logs:  0 
Nonce :  344
GasPrice :  1
block  343
Status :  1
mined  121000 21000 logs:  0 
Nonce :  345
GasPrice :  1
block  344
Status :  1
mined  121000 21000 logs:  0 
Nonce :  346
GasPrice :  1
block  345
Status :  1
mined  121000 21000 logs:  0 
Nonce :  347
GasPrice :  1
block  346
Status :  1
mined  121000 21000 logs:  0 
Nonce :  348
GasPrice :  1
block  347
Status :  1
mined  121000 21000 logs:  0 
Nonce :  349
GasPrice :  1
block  348
Status :  1
mined  121000 21000 logs:  0 
Nonce :  350
GasPrice :  1
block  349
Status :  1
mined  121000 21000 logs:  0 
Nonce :  351
GasPrice :  1
block  350
Status :  1
mined  121000 21000 logs:  0 
Nonce :  352
GasPrice :  1
block  351
Status :  1
mined  121000 21000 logs:  0 
Nonce :  353
GasPrice :  1
block  352
Status :  1
mined  121000 21000 logs:  0 
Nonce :  354
GasPrice :  1
block  353
Status :  1
mined  121000 21000 logs:  0 
Nonce :  355
GasPrice :  1
block  354
Status :  1
mined  121000 21000 logs:  0 
Nonce :  356
GasPrice :  1
block  355
Status :  1
mined  121000 21000 logs:  0 
Nonce :  357
GasPrice :  1
block  356
Status :  1
mined  121000 21000 logs:  0 
Nonce :  358
GasPrice :  1
block  357
Status :  1
mined  121000 21000 logs:  0 
Nonce :  359
GasPrice :  1
block  358
Status :  1
mined  121000 21000 logs:  0 
Nonce :  360
GasPrice :  1
block  359
Status :  1
mined  121000 21000 logs:  0 
Nonce :  361
GasPrice :  1
block  360
Status :  1
mined  121000 21000 logs:  0 
Nonce :  362
GasPrice :  1
block  361
Status :  1
mined  121000 21000 logs:  0 
Nonce :  363
GasPrice :  1
block  362
Status :  1
mined  121000 21000 logs:  0 
Nonce :  364
GasPrice :  1
block  363
Status :  1
mined  121000 21000 logs:  0 
Nonce :  365
GasPrice :  1
block  364
Status :  1
mined  121000 21000 logs:  0 
Nonce :  366
GasPrice :  1
block  365
Status :  1
mined  121000 21000 logs:  0 
Nonce :  367
GasPrice :  1
block  366
Status :  1
mined  121000 21000 logs:  0 
Nonce :  368
GasPrice :  1
block  367
Status :  1
mined  121000 21000 logs:  0 
Nonce :  369
GasPrice :  1
block  368
Status :  1
mined  121000 21000 logs:  0 
Nonce :  370
GasPrice :  1
block  369
Status :  1
mined  121000 21000 logs:  0 
Nonce :  371
GasPrice :  1
block  370
Status :  1
mined  121000 21000 logs:  0 
Nonce :  372
GasPrice :  1
block  371
Status :  1
mined  121000 21000 logs:  0 
Nonce :  373
GasPrice :  1
block  372
Status :  1
mined  121000 21000 logs:  0 
Nonce :  374
GasPrice :  1
block  373
Status :  1
mined  121000 21000 logs:  0 
Nonce :  375
GasPrice :  1
block  374
Status :  1
mined  121000 21000 logs:  0 
Nonce :  376
GasPrice :  1
block  375
Status :  1
mined  121000 21000 logs:  0 
Nonce :  377
GasPrice :  1
block  376
Status :  1
mined  121000 21000 logs:  0 
Nonce :  378
GasPrice :  1
block  377
Status :  1
mined  121000 21000 logs:  0 
Nonce :  379
GasPrice :  1
block  378
Status :  1
mined  121000 21000 logs:  0 
Nonce :  380
GasPrice :  1
block  379
Status :  1
mined  121000 21000 logs:  0 
Nonce :  381
GasPrice :  1
block  380
Status :  1
mined  121000 21000 logs:  0 
Nonce :  382
GasPrice :  1
block  381
Status :  1
mined  121000 21000 logs:  0 
Nonce :  383
GasPrice :  1
block  382
Status :  1
mined  121000 21000 logs:  0 
Nonce :  384
GasPrice :  1
block  383
Status :  1
mined  121000 21000 logs:  0 
Nonce :  385
GasPrice :  1
block  384
Status :  1
mined  121000 21000 logs:  0 
Nonce :  386
GasPrice :  1
block  385
Status :  1
mined  121000 21000 logs:  0 
Nonce :  387
GasPrice :  1
block  386
Status :  1
mined  121000 21000 logs:  0 
Nonce :  388
GasPrice :  1
block  387
Status :  1
mined  121000 21000 logs:  0 
Nonce :  389
GasPrice :  1
block  388
Status :  1
mined  121000 21000 logs:  0 
Nonce :  390
GasPrice :  1
block  389
Status :  1
mined  121000 21000 logs:  0 
Nonce :  391
GasPrice :  1
block  390
Status :  1
mined  121000 21000 logs:  0 
Nonce :  392
GasPrice :  1
block  391
Status :  1
mined  121000 21000 logs:  0 
Nonce :  393
GasPrice :  1
block  392
Status :  1
mined  121000 21000 logs:  0 
Nonce :  394
GasPrice :  1
block  393
Status :  1
mined  121000 21000 logs:  0 
Nonce :  395
GasPrice :  1
block  394
Status :  1
mined  121000 21000 logs:  0 
Nonce :  396
GasPrice :  1
block  395
Status :  1
mined  121000 21000 logs:  0 
Nonce :  397
GasPrice :  1
block  396
Status :  1
mined  121000 21000 logs:  0 
Nonce :  398
GasPrice :  1
block  397
Status :  1
mined  121000 21000 logs:  0 
Nonce :  399
GasPrice :  1
block  398
Status :  1
mined  121000 21000 logs:  0 
Nonce :  400
GasPrice :  1
block  399
Status :  1
mined  121000 21000 logs:  0 
Nonce :  401
GasPrice :  1
block  400
Status :  1
mined  121000 21000 logs:  0 
Nonce :  402
GasPrice :  1
block  401
Status :  1
mined  121000 21000 logs:  0 
Nonce :  403
GasPrice :  1
block  402
Status :  1
mined  121000 21000 logs:  0 
Nonce :  404
GasPrice :  1
block  403
Status :  1
mined  121000 21000 logs:  0 
Nonce :  405
GasPrice :  1
block  404
Status :  1
mined  121000 21000 logs:  0 
Nonce :  406
GasPrice :  1
block  405
Status :  1
mined  121000 21000 logs:  0 
Nonce :  407
GasPrice :  1
block  406
Status :  1
mined  121000 21000 logs:  0 
Nonce :  408
GasPrice :  1
block  407
Status :  1
mined  121000 21000 logs:  0 
Nonce :  409
GasPrice :  1
block  408
Status :  1
mined  121000 21000 logs:  0 
Nonce :  410
GasPrice :  1
block  409
Status :  1
mined  121000 21000 logs:  0 
Nonce :  411
GasPrice :  1
block  410
Status :  1
mined  121000 21000 logs:  0 
Nonce :  412
GasPrice :  1
block  411
Status :  1
mined  121000 21000 logs:  0 
Nonce :  413
GasPrice :  1
block  412
Status :  1
mined  121000 21000 logs:  0 
Nonce :  414
GasPrice :  1
block  413
Status :  1
mined  121000 21000 logs:  0 
Nonce :  415
GasPrice :  1
block  414
Status :  1
mined  121000 21000 logs:  0 
Nonce :  416
GasPrice :  1
block  415
Status :  1
mined  121000 21000 logs:  0 
Nonce :  417
GasPrice :  1
block  416
Status :  1
mined  121000 21000 logs:  0 
Nonce :  418
GasPrice :  1
block  417
Status :  1
mined  121000 21000 logs:  0 
Nonce :  419
GasPrice :  1
block  418
Status :  1
mined  121000 21000 logs:  0 
Nonce :  420
GasPrice :  1
block  419
Status :  1
mined  121000 21000 logs:  0 
Nonce :  421
GasPrice :  1
block  420
Status :  1
mined  121000 21000 logs:  0 
Nonce :  422
GasPrice :  1
block  421
Status :  1
mined  121000 21000 logs:  0 
Nonce :  423
GasPrice :  1
block  422
Status :  1
mined  121000 21000 logs:  0 
Nonce :  424
GasPrice :  1
block  423
Status :  1
mined  121000 21000 logs:  0 
Nonce :  425
GasPrice :  1
block  424
Status :  1
mined  121000 21000 logs:  0 
Nonce :  426
GasPrice :  1
block  425
Status :  1
mined  121000 21000 logs:  0 
Nonce :  427
GasPrice :  1
block  426
Status :  1
mined  121000 21000 logs:  0 
Nonce :  428
GasPrice :  1
block  427
Status :  1
mined  121000 21000 logs:  0 
Nonce :  429
GasPrice :  1
block  428
Status :  1
mined  121000 21000 logs:  0 
Nonce :  430
GasPrice :  1
block  429
Status :  1
mined  121000 21000 logs:  0 
Nonce :  431
GasPrice :  1
block  430
Status :  1
mined  121000 21000 logs:  0 
Nonce :  432
GasPrice :  1
block  431
Status :  1
mined  121000 21000 logs:  0 
Nonce :  433
GasPrice :  1
block  432
Status :  1
mined  121000 21000 logs:  0 
Nonce :  434
GasPrice :  1
block  433
Status :  1
mined  121000 21000 logs:  0 
Nonce :  435
GasPrice :  1
block  434
Status :  1
mined  121000 21000 logs:  0 
Nonce :  436
GasPrice :  1
block  435
Status :  1
mined  121000 21000 logs:  0 
Nonce :  437
GasPrice :  1
block  436
Status :  1
mined  121000 21000 logs:  0 
Nonce :  438
GasPrice :  1
block  437
Status :  1
mined  121000 21000 logs:  0 
Nonce :  439
GasPrice :  1
block  438
Status :  1
mined  121000 21000 logs:  0 
Nonce :  440
GasPrice :  1
block  439
Status :  1
mined  121000 21000 logs:  0 
Nonce :  441
GasPrice :  1
block  440
Status :  1
mined  121000 21000 logs:  0 
Nonce :  442
GasPrice :  1
block  441
Status :  1
mined  121000 21000 logs:  0 
Nonce :  443
GasPrice :  1
block  442
Status :  1
mined  121000 21000 logs:  0 
Nonce :  444
GasPrice :  1
block  443
Status :  1
mined  121000 21000 logs:  0 
Nonce :  445
GasPrice :  1
block  444
Status :  1
mined  121000 21000 logs:  0 
Nonce :  446
GasPrice :  1
block  445
Status :  1
mined  121000 21000 logs:  0 
Nonce :  447
GasPrice :  1
block  446
Status :  1
mined  121000 21000 logs:  0 
Nonce :  448
GasPrice :  1
block  447
Status :  1
mined  121000 21000 logs:  0 
Nonce :  449
GasPrice :  1
block  448
Status :  1
mined  121000 21000 logs:  0 
Nonce :  450
GasPrice :  1
block  449
Status :  1
mined  121000 21000 logs:  0 
Nonce :  451
GasPrice :  1
block  450
Status :  1
mined  121000 21000 logs:  0 
Nonce :  452
GasPrice :  1
block  451
Status :  1
mined  121000 21000 logs:  0 
Nonce :  453
GasPrice :  1
block  452
Status :  1
mined  121000 21000 logs:  0 
Nonce :  454
GasPrice :  1
block  453
Status :  1
mined  121000 21000 logs:  0 
Nonce :  455
GasPrice :  1
block  454
Status :  1
mined  121000 21000 logs:  0 
Nonce :  456
GasPrice :  1
block  455
Status :  1
mined  121000 21000 logs:  0 
Nonce :  457
GasPrice :  1
block  456
Status :  1
mined  121000 21000 logs:  0 
Nonce :  458
GasPrice :  1
block  457
Status :  1
mined  121000 21000 logs:  0 
Nonce :  459
GasPrice :  1
block  458
Status :  1
mined  121000 21000 logs:  0 
Nonce :  460
GasPrice :  1
block  459
Status :  1
mined  121000 21000 logs:  0 
Nonce :  461
GasPrice :  1
block  460
Status :  1
mined  121000 21000 logs:  0 
Nonce :  462
GasPrice :  1
block  461
Status :  1
mined  121000 21000 logs:  0 
Nonce :  463
GasPrice :  1
block  462
Status :  1
mined  121000 21000 logs:  0 
Nonce :  464
GasPrice :  1
block  463
Status :  1
mined  121000 21000 logs:  0 
Nonce :  465
GasPrice :  1
block  464
Status :  1
mined  121000 21000 logs:  0 
Nonce :  466
GasPrice :  1
block  465
Status :  1
mined  121000 21000 logs:  0 
Nonce :  467
GasPrice :  1
block  466
Status :  1
mined  121000 21000 logs:  0 
Nonce :  468
GasPrice :  1
block  467
Status :  1
mined  121000 21000 logs:  0 
Nonce :  469
GasPrice :  1
block  468
Status :  1
mined  121000 21000 logs:  0 
Nonce :  470
GasPrice :  1
block  469
Status :  1
mined  121000 21000 logs:  0 
Nonce :  471
GasPrice :  1
block  470
Status :  1
mined  121000 21000 logs:  0 
Nonce :  472
GasPrice :  1
block  471
Status :  1
mined  121000 21000 logs:  0 
Nonce :  473
GasPrice :  1
block  472
Status :  1
mined  121000 21000 logs:  0 
Nonce :  474
GasPrice :  1
block  473
Status :  1
mined  121000 21000 logs:  0 
Nonce :  475
GasPrice :  1
block  474
Status :  1
mined  121000 21000 logs:  0 
Nonce :  476
GasPrice :  1
block  475
Status :  1
mined  121000 21000 logs:  0 
Nonce :  477
GasPrice :  1
block  476
Status :  1
mined  121000 21000 logs:  0 
Nonce :  478
GasPrice :  1
block  477
Status :  1
mined  121000 21000 logs:  0 
Nonce :  479
GasPrice :  1
block  478
Status :  1
mined  121000 21000 logs:  0 
Nonce :  480
GasPrice :  1
block  479
Status :  1
mined  121000 21000 logs:  0 
Nonce :  481
GasPrice :  1
block  480
Status :  1
mined  121000 21000 logs:  0 
Nonce :  482
GasPrice :  1
block  481
Status :  1
mined  121000 21000 logs:  0 
Nonce :  483
GasPrice :  1
block  482
Status :  1
mined  121000 21000 logs:  0 
Nonce :  484
GasPrice :  1
block  483
Status :  1
mined  121000 21000 logs:  0 
Nonce :  485
GasPrice :  1
block  484
Status :  1
mined  121000 21000 logs:  0 
Nonce :  486
GasPrice :  1
block  485
Status :  1
mined  121000 21000 logs:  0 
Nonce :  487
GasPrice :  1
block  486
Status :  1
mined  121000 21000 logs:  0 
Nonce :  488
GasPrice :  1
block  487
Status :  1
mined  121000 21000 logs:  0 
Nonce :  489
GasPrice :  1
block  488
Status :  1
mined  121000 21000 logs:  0 
Nonce :  490
GasPrice :  1
block  489
Status :  1
mined  121000 21000 logs:  0 
Nonce :  491
GasPrice :  1
block  490
Status :  1
mined  121000 21000 logs:  0 
Nonce :  492
GasPrice :  1
block  491
Status :  1
mined  121000 21000 logs:  0 
Nonce :  493
GasPrice :  1
block  492
Status :  1
mined  121000 21000 logs:  0 
Nonce :  494
GasPrice :  1
block  493
Status :  1
mined  121000 21000 logs:  0 
Nonce :  495
GasPrice :  1
block  494
Status :  1
mined  121000 21000 logs:  0 
Nonce :  496
GasPrice :  1
block  495
Status :  1
mined  121000 21000 logs:  0 
Nonce :  497
GasPrice :  1
block  496
Status :  1
mined  121000 21000 logs:  0 
Nonce :  498
GasPrice :  1
block  497
Status :  1
mined  121000 21000 logs:  0 
Nonce :  499
GasPrice :  1
block  498
Status :  1
mined  121000 21000 logs:  0 
Nonce :  500
GasPrice :  1
block  499
Status :  1
mined  121000 21000 logs:  0 
Nonce :  501
GasPrice :  1
block  500
Status :  1
mined  121000 21000 logs:  0 
Nonce :  502
GasPrice :  1
block  501
Status :  1
mined  121000 21000 logs:  0 
Nonce :  503
GasPrice :  1
block  502
Status :  1
mined  121000 21000 logs:  0 
Nonce :  504
GasPrice :  1
block  503
Status :  1
mined  121000 21000 logs:  0 
Nonce :  505
GasPrice :  1
block  504
Status :  1
mined  121000 21000 logs:  0 
Nonce :  506
GasPrice :  1
block  505
Status :  1
mined  121000 21000 logs:  0 
Nonce :  507
GasPrice :  1
block  506
Status :  1
mined  121000 21000 logs:  0 
Nonce :  508
GasPrice :  1
block  507
Status :  1
mined  121000 21000 logs:  0 
Nonce :  509
GasPrice :  1
block  508
Status :  1
mined  121000 21000 logs:  0 
Nonce :  510
GasPrice :  1
block  509
Status :  1
mined  121000 21000 logs:  0 
Nonce :  511
GasPrice :  1
block  510
Status :  1
mined  121000 21000 logs:  0 
Nonce :  512
GasPrice :  1
block  511
Status :  1
mined  121000 21000 logs:  0 
Nonce :  513
GasPrice :  1
block  512
Status :  1
mined  121000 21000 logs:  0 
Nonce :  514
GasPrice :  1
block  513
Status :  1
mined  121000 21000 logs:  0 
Nonce :  515
GasPrice :  1
block  514
Status :  1
mined  121000 21000 logs:  0 
Nonce :  516
GasPrice :  1
block  515
Status :  1
mined  121000 21000 logs:  0 
Nonce :  517
GasPrice :  1
block  516
Status :  1
mined  121000 21000 logs:  0 
Nonce :  518
GasPrice :  1
block  517
Status :  1
mined  121000 21000 logs:  0 
Nonce :  519
GasPrice :  1
block  518
Status :  1
mined  121000 21000 logs:  0 
Nonce :  520
GasPrice :  1
block  519
Status :  1
mined  121000 21000 logs:  0 
Nonce :  521
GasPrice :  1
block  520
Status :  1
mined  121000 21000 logs:  0 
Nonce :  522
GasPrice :  1
block  521
Status :  1
mined  121000 21000 logs:  0 
Nonce :  523
GasPrice :  1
block  522
Status :  1
mined  121000 21000 logs:  0 
Nonce :  524
GasPrice :  1
block  523
Status :  1
mined  121000 21000 logs:  0 
Nonce :  525
GasPrice :  1
block  524
Status :  1
mined  121000 21000 logs:  0 
Nonce :  526
GasPrice :  1
block  525
Status :  1
mined  121000 21000 logs:  0 
Nonce :  527
GasPrice :  1
block  526
Status :  1
mined  121000 21000 logs:  0 
Nonce :  528
GasPrice :  1
block  527
Status :  1
mined  121000 21000 logs:  0 
Nonce :  529
GasPrice :  1
block  528
Status :  1
mined  121000 21000 logs:  0 
Nonce :  530
GasPrice :  1
block  529
Status :  1
mined  121000 21000 logs:  0 
Nonce :  531
GasPrice :  1
block  530
Status :  1
mined  121000 21000 logs:  0 
Nonce :  532
GasPrice :  1
block  531
Status :  1
mined  121000 21000 logs:  0 
Nonce :  533
GasPrice :  1
block  532
Status :  1
mined  121000 21000 logs:  0 
Nonce :  534
GasPrice :  1
block  533
Status :  1
mined  121000 21000 logs:  0 
Nonce :  535
GasPrice :  1
block  534
Status :  1
mined  121000 21000 logs:  0 
Nonce :  536
GasPrice :  1
block  535
Status :  1
mined  121000 21000 logs:  0 
Nonce :  537
GasPrice :  1
block  536
Status :  1
mined  121000 21000 logs:  0 
Nonce :  538
GasPrice :  1
block  537
Status :  1
mined  121000 21000 logs:  0 
Nonce :  539
GasPrice :  1
block  538
Status :  1
mined  121000 21000 logs:  0 
Nonce :  540
GasPrice :  1
block  539
Status :  1
mined  121000 21000 logs:  0 
Nonce :  541
GasPrice :  1
block  540
Status :  1
mined  121000 21000 logs:  0 
Nonce :  542
GasPrice :  1
block  541
Status :  1
mined  121000 21000 logs:  0 
Nonce :  543
GasPrice :  1
block  542
Status :  1
mined  121000 21000 logs:  0 
Nonce :  544
GasPrice :  1
block  543
Status :  1
mined  121000 21000 logs:  0 
Nonce :  545
GasPrice :  1
block  544
Status :  1
mined  121000 21000 logs:  0 
Nonce :  546
GasPrice :  1
block  545
Status :  1
mined  121000 21000 logs:  0 
Nonce :  547
GasPrice :  1
block  546
Status :  1
mined  121000 21000 logs:  0 
Nonce :  548
GasPrice :  1
block  547
Status :  1
mined  121000 21000 logs:  0 
Nonce :  549
GasPrice :  1
block  548
Status :  1
mined  121000 21000 logs:  0 
Nonce :  550
GasPrice :  1
block  549
Status :  1
mined  121000 21000 logs:  0 
Nonce :  551
GasPrice :  1
block  550
Status :  1
mined  121000 21000 logs:  0 
Nonce :  552
GasPrice :  1
block  551
Status :  1
mined  121000 21000 logs:  0 
Nonce :  553
GasPrice :  1
block  552
Status :  1
mined  121000 21000 logs:  0 
Nonce :  554
GasPrice :  1
block  553
Status :  1
mined  121000 21000 logs:  0 
Nonce :  555
GasPrice :  1
block  554
Status :  1
mined  121000 21000 logs:  0 
Nonce :  556
GasPrice :  1
block  555
Status :  1
mined  121000 21000 logs:  0 
Nonce :  557
GasPrice :  1
block  556
Status :  1
mined  121000 21000 logs:  0 
Nonce :  558
GasPrice :  1
block  557
Status :  1
mined  121000 21000 logs:  0 
Nonce :  559
GasPrice :  1
block  558
Status :  1
mined  121000 21000 logs:  0 
Nonce :  560
GasPrice :  1
block  559
Status :  1
mined  121000 21000 logs:  0 
Nonce :  561
GasPrice :  1
block  560
Status :  1
mined  121000 21000 logs:  0 
Nonce :  562
GasPrice :  1
block  561
Status :  1
mined  121000 21000 logs:  0 
Nonce :  563
GasPrice :  1
block  562
Status :  1
mined  121000 21000 logs:  0 
Nonce :  564
GasPrice :  1
block  563
Status :  1
mined  121000 21000 logs:  0 
Nonce :  565
GasPrice :  1
block  564
Status :  1
mined  121000 21000 logs:  0 
Nonce :  566
GasPrice :  1
block  565
Status :  1
mined  121000 21000 logs:  0 
Nonce :  567
GasPrice :  1
block  566
Status :  1
mined  121000 21000 logs:  0 
Nonce :  568
GasPrice :  1
block  567
Status :  1
mined  121000 21000 logs:  0 
Nonce :  569
GasPrice :  1
block  568
Status :  1
mined  121000 21000 logs:  0 
Nonce :  570
GasPrice :  1
block  569
Status :  1
mined  121000 21000 logs:  0 
Nonce :  571
GasPrice :  1
block  570
Status :  1
mined  121000 21000 logs:  0 
Nonce :  572
GasPrice :  1
block  571
Status :  1
mined  121000 21000 logs:  0 
Nonce :  573
GasPrice :  1
block  572
Status :  1
mined  121000 21000 logs:  0 
Nonce :  574
GasPrice :  1
block  573
Status :  1
mined  121000 21000 logs:  0 
Nonce :  575
GasPrice :  1
block  574
Status :  1
mined  121000 21000 logs:  0 
Nonce :  576
GasPrice :  1
block  575
Status :  1
mined  121000 21000 logs:  0 
Nonce :  577
GasPrice :  1
block  576
Status :  1
mined  121000 21000 logs:  0 
Nonce :  578
GasPrice :  1
block  577
Status :  1
mined  121000 21000 logs:  0 
Nonce :  579
GasPrice :  1
block  578
Status :  1
mined  121000 21000 logs:  0 
Nonce :  580
GasPrice :  1
block  579
Status :  1
mined  121000 21000 logs:  0 
Nonce :  581
GasPrice :  1
block  580
Status :  1
mined  121000 21000 logs:  0 
Nonce :  582
GasPrice :  1
block  581
Status :  1
mined  121000 21000 logs:  0 
Nonce :  583
GasPrice :  1
block  582
Status :  1
mined  121000 21000 logs:  0 
Nonce :  584
GasPrice :  1
block  583
Status :  1
mined  121000 21000 logs:  0 
Nonce :  585
GasPrice :  1
block  584
Status :  1
mined  121000 21000 logs:  0 
Nonce :  586
GasPrice :  1
block  585
Status :  1
mined  121000 21000 logs:  0 
Nonce :  587
GasPrice :  1
block  586
Status :  1
mined  121000 21000 logs:  0 
Nonce :  588
GasPrice :  1
block  587
Status :  1
mined  121000 21000 logs:  0 
Nonce :  589
GasPrice :  1
block  588
Status :  1
mined  121000 21000 logs:  0 
Nonce :  590
GasPrice :  1
block  589
Status :  1
mined  121000 21000 logs:  0 
Nonce :  591
GasPrice :  1
block  590
Status :  1
mined  121000 21000 logs:  0 
Nonce :  592
GasPrice :  1
block  591
Status :  1
mined  121000 21000 logs:  0 
Nonce :  593
GasPrice :  1
block  592
Status :  1
mined  121000 21000 logs:  0 
Nonce :  594
GasPrice :  1
block  593
Status :  1
mined  121000 21000 logs:  0 
Nonce :  595
GasPrice :  1
block  594
Status :  1
mined  121000 21000 logs:  0 
Nonce :  596
GasPrice :  1
block  595
Status :  1
mined  121000 21000 logs:  0 
Nonce :  597
GasPrice :  1
block  596
Status :  1
mined  121000 21000 logs:  0 
Nonce :  598
GasPrice :  1
block  597
Status :  1
mined  121000 21000 logs:  0 
Nonce :  599
GasPrice :  1
block  598
Status :  1
mined  121000 21000 logs:  0 
Nonce :  600
GasPrice :  1
block  599
Status :  1
mined  121000 21000 logs:  0 
Nonce :  601
GasPrice :  1
block  600
Status :  1
mined  121000 21000 logs:  0 
Nonce :  602
GasPrice :  1
block  601
Status :  1
mined  121000 21000 logs:  0 
Nonce :  603
GasPrice :  1
block  602
Status :  1
mined  121000 21000 logs:  0 
Nonce :  604
GasPrice :  1
block  603
Status :  1
mined  121000 21000 logs:  0 
Nonce :  605
GasPrice :  1
block  604
Status :  1
mined  121000 21000 logs:  0 
Nonce :  606
GasPrice :  1
block  605
Status :  1
mined  121000 21000 logs:  0 
Nonce :  607
GasPrice :  1
block  606
Status :  1
mined  121000 21000 logs:  0 
Nonce :  608
GasPrice :  1
block  607
Status :  1
mined  121000 21000 logs:  0 
Nonce :  609
GasPrice :  1
block  608
Status :  1
mined  121000 21000 logs:  0 
Nonce :  610
GasPrice :  1
block  609
Status :  1
mined  121000 21000 logs:  0 
Nonce :  611
GasPrice :  1
block  610
Status :  1
mined  121000 21000 logs:  0 
Nonce :  612
GasPrice :  1
block  611
Status :  1
mined  121000 21000 logs:  0 
Nonce :  613
GasPrice :  1
block  612
Status :  1
mined  121000 21000 logs:  0 
Nonce :  614
GasPrice :  1
block  613
Status :  1
mined  121000 21000 logs:  0 
Nonce :  615
GasPrice :  1
block  614
Status :  1
mined  121000 21000 logs:  0 
Nonce :  616
GasPrice :  1
block  615
Status :  1
mined  121000 21000 logs:  0 
Nonce :  617
GasPrice :  1
block  616
Status :  1
mined  121000 21000 logs:  0 
Nonce :  618
GasPrice :  1
block  617
Status :  1
mined  121000 21000 logs:  0 
Nonce :  619
GasPrice :  1
block  618
Status :  1
mined  121000 21000 logs:  0 
Nonce :  620
GasPrice :  1
block  619
Status :  1
mined  121000 21000 logs:  0 
Nonce :  621
GasPrice :  1
block  620
Status :  1
mined  121000 21000 logs:  0 
Nonce :  622
GasPrice :  1
block  621
Status :  1
mined  121000 21000 logs:  0 
Nonce :  623
GasPrice :  1
block  622
Status :  1
mined  121000 21000 logs:  0 
Nonce :  624
GasPrice :  1
block  623
Status :  1
mined  121000 21000 logs:  0 
Nonce :  625
GasPrice :  1
block  624
Status :  1
mined  121000 21000 logs:  0 
Nonce :  626
GasPrice :  1
block  625
Status :  1
mined  121000 21000 logs:  0 
Nonce :  627
GasPrice :  1
block  626
Status :  1
mined  121000 21000 logs:  0 
Nonce :  628
GasPrice :  1
block  627
Status :  1
mined  121000 21000 logs:  0 
Nonce :  629
GasPrice :  1
block  628
Status :  1
mined  121000 21000 logs:  0 
Nonce :  630
GasPrice :  1
block  629
Status :  1
mined  121000 21000 logs:  0 
Nonce :  631
GasPrice :  1
block  630
Status :  1
mined  121000 21000 logs:  0 
Nonce :  632
GasPrice :  1
block  631
Status :  1
mined  121000 21000 logs:  0 
Nonce :  633
GasPrice :  1
block  632
Status :  1
mined  121000 21000 logs:  0 
Nonce :  634
GasPrice :  1
block  633
Status :  1
mined  121000 21000 logs:  0 
Nonce :  635
GasPrice :  1
block  634
Status :  1
mined  121000 21000 logs:  0 
Nonce :  636
GasPrice :  1
block  635
Status :  1
mined  121000 21000 logs:  0 
Nonce :  637
GasPrice :  1
block  636
Status :  1
mined  121000 21000 logs:  0 
Nonce :  638
GasPrice :  1
block  637
Status :  1
mined  121000 21000 logs:  0 
Nonce :  639
GasPrice :  1
block  638
Status :  1
mined  121000 21000 logs:  0 
Nonce :  640
GasPrice :  1
block  639
Status :  1
mined  121000 21000 logs:  0 
Nonce :  641
GasPrice :  1
block  640
Status :  1
mined  121000 21000 logs:  0 
Nonce :  642
GasPrice :  1
block  641
Status :  1
mined  121000 21000 logs:  0 
Nonce :  643
GasPrice :  1
block  642
Status :  1
mined  121000 21000 logs:  0 
Nonce :  644
GasPrice :  1
block  643
Status :  1
mined  121000 21000 logs:  0 
Nonce :  645
GasPrice :  1
block  644
Status :  1
mined  121000 21000 logs:  0 
Nonce :  646
GasPrice :  1
block  645
Status :  1
mined  121000 21000 logs:  0 
Nonce :  647
GasPrice :  1
block  646
Status :  1
mined  121000 21000 logs:  0 
Nonce :  648
GasPrice :  1
block  647
Status :  1
mined  121000 21000 logs:  0 
Nonce :  649
GasPrice :  1
block  648
Status :  1
mined  121000 21000 logs:  0 
Nonce :  650
GasPrice :  1
block  649
Status :  1
mined  121000 21000 logs:  0 
Nonce :  651
GasPrice :  1
block  650
Status :  1
mined  121000 21000 logs:  0 
Nonce :  652
GasPrice :  1
block  651
Status :  1
mined  121000 21000 logs:  0 
Nonce :  653
GasPrice :  1
block  652
Status :  1
mined  121000 21000 logs:  0 
Nonce :  654
GasPrice :  1
block  653
Status :  1
mined  121000 21000 logs:  0 
Nonce :  655
GasPrice :  1
block  654
Status :  1
mined  121000 21000 logs:  0 
Nonce :  656
GasPrice :  1
block  655
Status :  1
mined  121000 21000 logs:  0 
Nonce :  657
GasPrice :  1
block  656
Status :  1
mined  121000 21000 logs:  0 
Nonce :  658
GasPrice :  1
block  657
Status :  1
mined  121000 21000 logs:  0 
Nonce :  659
GasPrice :  1
block  658
Status :  1
mined  121000 21000 logs:  0 
Nonce :  660
GasPrice :  1
block  659
Status :  1
mined  121000 21000 logs:  0 
Nonce :  661
GasPrice :  1
block  660
Status :  1
mined  121000 21000 logs:  0 
Nonce :  662
GasPrice :  1
block  661
Status :  1
mined  121000 21000 logs:  0 
Nonce :  663
GasPrice :  1
block  662
Status :  1
mined  121000 21000 logs:  0 
Nonce :  664
GasPrice :  1
block  663
Status :  1
mined  121000 21000 logs:  0 
Nonce :  665
GasPrice :  1
block  664
Status :  1
mined  121000 21000 logs:  0 
Nonce :  666
GasPrice :  1
block  665
Status :  1
mined  121000 21000 logs:  0 
Nonce :  667
GasPrice :  1
block  666
Status :  1
mined  121000 21000 logs:  0 
Nonce :  668
GasPrice :  1
block  667
Status :  1
mined  121000 21000 logs:  0 
Nonce :  669
GasPrice :  1
block  668
Status :  1
mined  121000 21000 logs:  0 
Nonce :  670
GasPrice :  1
block  669
Status :  1
mined  121000 21000 logs:  0 
Nonce :  671
GasPrice :  1
block  670
Status :  1
mined  121000 21000 logs:  0 
Nonce :  672
GasPrice :  1
block  671
Status :  1
mined  121000 21000 logs:  0 
Nonce :  673
GasPrice :  1
block  672
Status :  1
mined  121000 21000 logs:  0 
Nonce :  674
GasPrice :  1
block  673
Status :  1
mined  121000 21000 logs:  0 
Nonce :  675
GasPrice :  1
block  674
Status :  1
mined  121000 21000 logs:  0 
Nonce :  676
GasPrice :  1
block  675
Status :  1
mined  121000 21000 logs:  0 
Nonce :  677
GasPrice :  1
block  676
Status :  1
mined  121000 21000 logs:  0 
Nonce :  678
GasPrice :  1
block  677
Status :  1
mined  121000 21000 logs:  0 
Nonce :  679
GasPrice :  1
block  678
Status :  1
mined  121000 21000 logs:  0 
Nonce :  680
GasPrice :  1
block  679
Status :  1
mined  121000 21000 logs:  0 
Nonce :  681
GasPrice :  1
block  680
Status :  1
mined  121000 21000 logs:  0 
Nonce :  682
GasPrice :  1
block  681
Status :  1
mined  121000 21000 logs:  0 
Nonce :  683
GasPrice :  1
block  682
Status :  1
mined  121000 21000 logs:  0 
Nonce :  684
GasPrice :  1
block  683
Status :  1
mined  121000 21000 logs:  0 
Nonce :  685
GasPrice :  1
block  684
Status :  1
mined  121000 21000 logs:  0 
Nonce :  686
GasPrice :  1
block  685
Status :  1
mined  121000 21000 logs:  0 
Nonce :  687
GasPrice :  1
block  686
Status :  1
mined  121000 21000 logs:  0 
Nonce :  688
GasPrice :  1
block  687
Status :  1
mined  121000 21000 logs:  0 
Nonce :  689
GasPrice :  1
block  688
Status :  1
mined  121000 21000 logs:  0 
Nonce :  690
GasPrice :  1
block  689
Status :  1
mined  121000 21000 logs:  0 
Nonce :  691
GasPrice :  1
block  690
Status :  1
mined  121000 21000 logs:  0 
Nonce :  692
GasPrice :  1
block  691
Status :  1
mined  121000 21000 logs:  0 
Nonce :  693
GasPrice :  1
block  692
Status :  1
mined  121000 21000 logs:  0 
Nonce :  694
GasPrice :  1
block  693
Status :  1
mined  121000 21000 logs:  0 
Nonce :  695
GasPrice :  1
block  694
Status :  1
mined  121000 21000 logs:  0 
Nonce :  696
GasPrice :  1
block  695
Status :  1
mined  121000 21000 logs:  0 
Nonce :  697
GasPrice :  1
block  696
Status :  1
mined  121000 21000 logs:  0 
Nonce :  698
GasPrice :  1
block  697
Status :  1
mined  121000 21000 logs:  0 
Nonce :  699
GasPrice :  1
block  698
Status :  1
mined  121000 21000 logs:  0 
Nonce :  700
GasPrice :  1
block  699
Status :  1
mined  121000 21000 logs:  0 
Nonce :  701
GasPrice :  1
block  700
Status :  1
mined  121000 21000 logs:  0 
Nonce :  702
GasPrice :  1
block  701
Status :  1
mined  121000 21000 logs:  0 
Nonce :  703
GasPrice :  1
block  702
Status :  1
mined  121000 21000 logs:  0 
Nonce :  704
GasPrice :  1
block  703
Status :  1
mined  121000 21000 logs:  0 
Nonce :  705
GasPrice :  1
block  704
Status :  1
mined  121000 21000 logs:  0 
Nonce :  706
GasPrice :  1
block  705
Status :  1
mined  121000 21000 logs:  0 
Nonce :  707
GasPrice :  1
block  706
Status :  1
mined  121000 21000 logs:  0 
Nonce :  708
GasPrice :  1
block  707
Status :  1
mined  121000 21000 logs:  0 
Nonce :  709
GasPrice :  1
block  708
Status :  1
mined  121000 21000 logs:  0 
Nonce :  710
GasPrice :  1
block  709
Status :  1
mined  121000 21000 logs:  0 
Nonce :  711
GasPrice :  1
block  710
Status :  1
mined  121000 21000 logs:  0 
Nonce :  712
GasPrice :  1
block  711
Status :  1
mined  121000 21000 logs:  0 
Nonce :  713
GasPrice :  1
block  712
Status :  1
mined  121000 21000 logs:  0 
Nonce :  714
GasPrice :  1
block  713
Status :  1
mined  121000 21000 logs:  0 
Nonce :  715
GasPrice :  1
block  714
Status :  1
mined  121000 21000 logs:  0 
Nonce :  716
GasPrice :  1
block  715
Status :  1
mined  121000 21000 logs:  0 
Nonce :  717
GasPrice :  1
block  716
Status :  1
mined  121000 21000 logs:  0 
Nonce :  718
GasPrice :  1
block  717
Status :  1
mined  121000 21000 logs:  0 
Nonce :  719
GasPrice :  1
block  718
Status :  1
mined  121000 21000 logs:  0 
Nonce :  720
GasPrice :  1
block  719
Status :  1
mined  121000 21000 logs:  0 
Nonce :  721
GasPrice :  1
block  720
Status :  1
mined  121000 21000 logs:  0 
Nonce :  722
GasPrice :  1
block  721
Status :  1
mined  121000 21000 logs:  0 
Nonce :  723
GasPrice :  1
block  722
Status :  1
mined  121000 21000 logs:  0 
Nonce :  724
GasPrice :  1
block  723
Status :  1
mined  121000 21000 logs:  0 
Nonce :  725
GasPrice :  1
block  724
Status :  1
mined  121000 21000 logs:  0 
Nonce :  726
GasPrice :  1
block  725
Status :  1
mined  121000 21000 logs:  0 
Nonce :  727
GasPrice :  1
block  726
Status :  1
mined  121000 21000 logs:  0 
Nonce :  728
GasPrice :  1
block  727
Status :  1
mined  121000 21000 logs:  0 
Nonce :  729
GasPrice :  1
block  728
Status :  1
mined  121000 21000 logs:  0 
Nonce :  730
GasPrice :  1
block  729
Status :  1
mined  121000 21000 logs:  0 
Nonce :  731
GasPrice :  1
block  730
Status :  1
mined  121000 21000 logs:  0 
Nonce :  732
GasPrice :  1
block  731
Status :  1
mined  121000 21000 logs:  0 
Nonce :  733
GasPrice :  1
block  732
Status :  1
mined  121000 21000 logs:  0 
Nonce :  734
GasPrice :  1
block  733
Status :  1
mined  121000 21000 logs:  0 
Nonce :  735
GasPrice :  1
block  734
Status :  1
mined  121000 21000 logs:  0 
Nonce :  736
GasPrice :  1
block  735
Status :  1
mined  121000 21000 logs:  0 
Nonce :  737
GasPrice :  1
block  736
Status :  1
mined  121000 21000 logs:  0 
Nonce :  738
GasPrice :  1
block  737
Status :  1
mined  121000 21000 logs:  0 
Nonce :  739
GasPrice :  1
block  738
Status :  1
mined  121000 21000 logs:  0 
Nonce :  740
GasPrice :  1
block  739
Status :  1
mined  121000 21000 logs:  0 
Nonce :  741
GasPrice :  1
block  740
Status :  1
mined  121000 21000 logs:  0 
Nonce :  742
GasPrice :  1
block  741
Status :  1
mined  121000 21000 logs:  0 
Nonce :  743
GasPrice :  1
block  742
Status :  1
mined  121000 21000 logs:  0 
Nonce :  744
GasPrice :  1
block  743
Status :  1
mined  121000 21000 logs:  0 
Nonce :  745
GasPrice :  1
block  744
Status :  1
mined  121000 21000 logs:  0 
Nonce :  746
GasPrice :  1
block  745
Status :  1
mined  121000 21000 logs:  0 
Nonce :  747
GasPrice :  1
block  746
Status :  1
mined  121000 21000 logs:  0 
Nonce :  748
GasPrice :  1
block  747
Status :  1
mined  121000 21000 logs:  0 
Nonce :  749
GasPrice :  1
block  748
Status :  1
mined  121000 21000 logs:  0 
Nonce :  750
GasPrice :  1
block  749
Status :  1
mined  121000 21000 logs:  0 
Nonce :  751
GasPrice :  1
block  750
Status :  1
mined  121000 21000 logs:  0 
Nonce :  752
GasPrice :  1
block  751
Status :  1
mined  121000 21000 logs:  0 
Nonce :  753
GasPrice :  1
block  752
Status :  1
mined  121000 21000 logs:  0 
Nonce :  754
GasPrice :  1
block  753
Status :  1
mined  121000 21000 logs:  0 
Nonce :  755
GasPrice :  1
block  754
Status :  1
mined  121000 21000 logs:  0 
Nonce :  756
GasPrice :  1
block  755
Status :  1
mined  121000 21000 logs:  0 
Nonce :  757
GasPrice :  1
block  756
Status :  1
mined  121000 21000 logs:  0 
Nonce :  758
GasPrice :  1
block  757
Status :  1
mined  121000 21000 logs:  0 
Nonce :  759
GasPrice :  1
block  758
Status :  1
mined  121000 21000 logs:  0 
Nonce :  760
GasPrice :  1
block  759
Status :  1
mined  121000 21000 logs:  0 
Nonce :  761
GasPrice :  1
block  760
Status :  1
mined  121000 21000 logs:  0 
Nonce :  762
GasPrice :  1
block  761
Status :  1
mined  121000 21000 logs:  0 
Nonce :  763
GasPrice :  1
block  762
Status :  1
mined  121000 21000 logs:  0 
Nonce :  764
GasPrice :  1
block  763
Status :  1
mined  121000 21000 logs:  0 
Nonce :  765
GasPrice :  1
block  764
Status :  1
mined  121000 21000 logs:  0 
Nonce :  766
GasPrice :  1
block  765
Status :  1
mined  121000 21000 logs:  0 
Nonce :  767
GasPrice :  1
block  766
Status :  1
mined  121000 21000 logs:  0 
Nonce :  768
GasPrice :  1
block  767
Status :  1
mined  121000 21000 logs:  0 
Nonce :  769
GasPrice :  1
block  768
Status :  1
mined  121000 21000 logs:  0 
Nonce :  770
GasPrice :  1
block  769
Status :  1
mined  121000 21000 logs:  0 
Nonce :  771
GasPrice :  1
block  770
Status :  1
mined  121000 21000 logs:  0 
Nonce :  772
GasPrice :  1
block  771
Status :  1
mined  121000 21000 logs:  0 
Nonce :  773
GasPrice :  1
block  772
Status :  1
mined  121000 21000 logs:  0 
Nonce :  774
GasPrice :  1
block  773
Status :  1
mined  121000 21000 logs:  0 
Nonce :  775
GasPrice :  1
block  774
Status :  1
mined  121000 21000 logs:  0 
Nonce :  776
GasPrice :  1
block  775
Status :  1
mined  121000 21000 logs:  0 
Nonce :  777
GasPrice :  1
block  776
Status :  1
mined  121000 21000 logs:  0 
Nonce :  778
GasPrice :  1
block  777
Status :  1
mined  121000 21000 logs:  0 
Nonce :  779
GasPrice :  1
block  778
Status :  1
mined  121000 21000 logs:  0 
Nonce :  780
GasPrice :  1
block  779
Status :  1
mined  121000 21000 logs:  0 
Nonce :  781
GasPrice :  1
block  780
Status :  1
mined  121000 21000 logs:  0 
Nonce :  782
GasPrice :  1
block  781
Status :  1
mined  121000 21000 logs:  0 
Nonce :  783
GasPrice :  1
block  782
Status :  1
mined  121000 21000 logs:  0 
Nonce :  784
GasPrice :  1
block  783
Status :  1
mined  121000 21000 logs:  0 
Nonce :  785
GasPrice :  1
block  784
Status :  1
mined  121000 21000 logs:  0 
Nonce :  786
GasPrice :  1
block  785
Status :  1
mined  121000 21000 logs:  0 
Nonce :  787
GasPrice :  1
block  786
Status :  1
mined  121000 21000 logs:  0 
Nonce :  788
GasPrice :  1
block  787
Status :  1
mined  121000 21000 logs:  0 
Nonce :  789
GasPrice :  1
block  788
Status :  1
mined  121000 21000 logs:  0 
Nonce :  790
GasPrice :  1
block  789
Status :  1
mined  121000 21000 logs:  0 
Nonce :  791
GasPrice :  1
block  790
Status :  1
mined  121000 21000 logs:  0 
Nonce :  792
GasPrice :  1
block  791
Status :  1
mined  121000 21000 logs:  0 
Nonce :  793
GasPrice :  1
block  792
Status :  1
mined  121000 21000 logs:  0 
Nonce :  794
GasPrice :  1
block  793
Status :  1
mined  121000 21000 logs:  0 
Nonce :  795
GasPrice :  1
block  794
Status :  1
mined  121000 21000 logs:  0 
Nonce :  796
GasPrice :  1
block  795
Status :  1
mined  121000 21000 logs:  0 
Nonce :  797
GasPrice :  1
block  796
Status :  1
mined  121000 21000 logs:  0 
Nonce :  798
GasPrice :  1
block  797
Status :  1
mined  121000 21000 logs:  0 
Nonce :  799
GasPrice :  1
block  798
Status :  1
mined  121000 21000 logs:  0 
Nonce :  800
GasPrice :  1
block  799
Status :  1
mined  121000 21000 logs:  0 
Nonce :  801
GasPrice :  1
block  800
Status :  1
mined  121000 21000 logs:  0 
Nonce :  802
GasPrice :  1
block  801
Status :  1
mined  121000 21000 logs:  0 
Nonce :  803
GasPrice :  1
block  802
Status :  1
mined  121000 21000 logs:  0 
Nonce :  804
GasPrice :  1
block  803
Status :  1
mined  121000 21000 logs:  0 
Nonce :  805
GasPrice :  1
block  804
Status :  1
mined  121000 21000 logs:  0 
Nonce :  806
GasPrice :  1
block  805
Status :  1
mined  121000 21000 logs:  0 
Nonce :  807
GasPrice :  1
block  806
Status :  1
mined  121000 21000 logs:  0 
Nonce :  808
GasPrice :  1
block  807
Status :  1
mined  121000 21000 logs:  0 
Nonce :  809
GasPrice :  1
block  808
Status :  1
mined  121000 21000 logs:  0 
Nonce :  810
GasPrice :  1
block  809
Status :  1
mined  121000 21000 logs:  0 
Nonce :  811
GasPrice :  1
block  810
Status :  1
mined  121000 21000 logs:  0 
Nonce :  812
GasPrice :  1
block  811
Status :  1
mined  121000 21000 logs:  0 
Nonce :  813
GasPrice :  1
block  812
Status :  1
mined  121000 21000 logs:  0 
Nonce :  814
GasPrice :  1
block  813
Status :  1
mined  121000 21000 logs:  0 
Nonce :  815
GasPrice :  1
block  814
Status :  1
mined  121000 21000 logs:  0 
Nonce :  816
GasPrice :  1
block  815
Status :  1
mined  121000 21000 logs:  0 
Nonce :  817
GasPrice :  1
block  816
Status :  1
mined  121000 21000 logs:  0 
Nonce :  818
GasPrice :  1
block  817
Status :  1
mined  121000 21000 logs:  0 
Nonce :  819
GasPrice :  1
block  818
Status :  1
mined  121000 21000 logs:  0 
Nonce :  820
GasPrice :  1
block  819
Status :  1
mined  121000 21000 logs:  0 
Nonce :  821
GasPrice :  1
block  820
Status :  1
mined  121000 21000 logs:  0 
Nonce :  822
GasPrice :  1
block  821
Status :  1
mined  121000 21000 logs:  0 
Nonce :  823
GasPrice :  1
block  822
Status :  1
mined  121000 21000 logs:  0 
Nonce :  824
GasPrice :  1
block  823
Status :  1
mined  121000 21000 logs:  0 
Nonce :  825
GasPrice :  1
block  824
Status :  1
mined  121000 21000 logs:  0 
Nonce :  826
GasPrice :  1
block  825
Status :  1
mined  121000 21000 logs:  0 
Nonce :  827
GasPrice :  1
block  826
Status :  1
mined  121000 21000 logs:  0 
Nonce :  828
GasPrice :  1
block  827
Status :  1
mined  121000 21000 logs:  0 
Nonce :  829
GasPrice :  1
block  828
Status :  1
mined  121000 21000 logs:  0 
Nonce :  830
GasPrice :  1
block  829
Status :  1
mined  121000 21000 logs:  0 
Nonce :  831
GasPrice :  1
block  830
Status :  1
mined  121000 21000 logs:  0 
Nonce :  832
GasPrice :  1
block  831
Status :  1
mined  121000 21000 logs:  0 
Nonce :  833
GasPrice :  1
block  832
Status :  1
mined  121000 21000 logs:  0 
Nonce :  834
GasPrice :  1
block  833
Status :  1
mined  121000 21000 logs:  0 
Nonce :  835
GasPrice :  1
block  834
Status :  1
mined  121000 21000 logs:  0 
Nonce :  836
GasPrice :  1
block  835
Status :  1
mined  121000 21000 logs:  0 
Nonce :  837
GasPrice :  1
block  836
Status :  1
mined  121000 21000 logs:  0 
Nonce :  838
GasPrice :  1
block  837
Status :  1
mined  121000 21000 logs:  0 
Nonce :  839
GasPrice :  1
block  838
Status :  1
mined  121000 21000 logs:  0 
Nonce :  840
GasPrice :  1
block  839
Status :  1
mined  121000 21000 logs:  0 
Nonce :  841
GasPrice :  1
block  840
Status :  1
mined  121000 21000 logs:  0 
Nonce :  842
GasPrice :  1
block  841
Status :  1
mined  121000 21000 logs:  0 
Nonce :  843
GasPrice :  1
block  842
Status :  1
mined  121000 21000 logs:  0 
Nonce :  844
GasPrice :  1
block  843
Status :  1
mined  121000 21000 logs:  0 
Nonce :  845
GasPrice :  1
block  844
Status :  1
mined  121000 21000 logs:  0 
Nonce :  846
GasPrice :  1
block  845
Status :  1
mined  121000 21000 logs:  0 
Nonce :  847
GasPrice :  1
block  846
Status :  1
mined  121000 21000 logs:  0 
Nonce :  848
GasPrice :  1
block  847
Status :  1
mined  121000 21000 logs:  0 
Nonce :  849
GasPrice :  1
block  848
Status :  1
mined  121000 21000 logs:  0 
Nonce :  850
GasPrice :  1
block  849
Status :  1
mined  121000 21000 logs:  0 
Nonce :  851
GasPrice :  1
block  850
Status :  1
mined  121000 21000 logs:  0 
Nonce :  852
GasPrice :  1
block  851
Status :  1
mined  121000 21000 logs:  0 
Nonce :  853
GasPrice :  1
block  852
Status :  1
mined  121000 21000 logs:  0 
Nonce :  854
GasPrice :  1
block  853
Status :  1
mined  121000 21000 logs:  0 
Nonce :  855
GasPrice :  1
block  854
Status :  1
mined  121000 21000 logs:  0 
Nonce :  856
GasPrice :  1
block  855
Status :  1
mined  121000 21000 logs:  0 
Nonce :  857
GasPrice :  1
block  856
Status :  1
mined  121000 21000 logs:  0 
Nonce :  858
GasPrice :  1
block  857
Status :  1
mined  121000 21000 logs:  0 
Nonce :  859
GasPrice :  1
block  858
Status :  1
mined  121000 21000 logs:  0 
Nonce :  860
GasPrice :  1
block  859
Status :  1
mined  121000 21000 logs:  0 
Nonce :  861
GasPrice :  1
block  860
Status :  1
mined  121000 21000 logs:  0 
Nonce :  862
GasPrice :  1
block  861
Status :  1
mined  121000 21000 logs:  0 
Nonce :  863
GasPrice :  1
block  862
Status :  1
mined  121000 21000 logs:  0 
Nonce :  864
GasPrice :  1
block  863
Status :  1
mined  121000 21000 logs:  0 
Nonce :  865
GasPrice :  1
block  864
Status :  1
mined  121000 21000 logs:  0 
Nonce :  866
GasPrice :  1
block  865
Status :  1
mined  121000 21000 logs:  0 
Nonce :  867
GasPrice :  1
block  866
Status :  1
mined  121000 21000 logs:  0 
Nonce :  868
GasPrice :  1
block  867
Status :  1
mined  121000 21000 logs:  0 
Nonce :  869
GasPrice :  1
block  868
Status :  1
mined  121000 21000 logs:  0 
Nonce :  870
GasPrice :  1
block  869
Status :  1
mined  121000 21000 logs:  0 
Nonce :  871
GasPrice :  1
block  870
Status :  1
mined  121000 21000 logs:  0 
Nonce :  872
GasPrice :  1
block  871
Status :  1
mined  121000 21000 logs:  0 
Nonce :  873
GasPrice :  1
block  872
Status :  1
mined  121000 21000 logs:  0 
Nonce :  874
GasPrice :  1
block  873
Status :  1
mined  121000 21000 logs:  0 
Nonce :  875
GasPrice :  1
block  874
Status :  1
mined  121000 21000 logs:  0 
Nonce :  876
GasPrice :  1
block  875
Status :  1
mined  121000 21000 logs:  0 
Nonce :  877
GasPrice :  1
block  876
Status :  1
mined  121000 21000 logs:  0 
Nonce :  878
GasPrice :  1
block  877
Status :  1
mined  121000 21000 logs:  0 
Nonce :  879
GasPrice :  1
block  878
Status :  1
mined  121000 21000 logs:  0 
Nonce :  880
GasPrice :  1
block  879
Status :  1
mined  121000 21000 logs:  0 
Nonce :  881
GasPrice :  1
block  880
Status :  1
mined  121000 21000 logs:  0 
Nonce :  882
GasPrice :  1
block  881
Status :  1
mined  121000 21000 logs:  0 
Nonce :  883
GasPrice :  1
block  882
Status :  1
mined  121000 21000 logs:  0 
Nonce :  884
GasPrice :  1
block  883
Status :  1
mined  121000 21000 logs:  0 
Nonce :  885
GasPrice :  1
block  884
Status :  1
mined  121000 21000 logs:  0 
Nonce :  886
GasPrice :  1
block  885
Status :  1
mined  121000 21000 logs:  0 
Nonce :  887
GasPrice :  1
block  886
Status :  1
mined  121000 21000 logs:  0 
Nonce :  888
GasPrice :  1
block  887
Status :  1
mined  121000 21000 logs:  0 
Nonce :  889
GasPrice :  1
block  888
Status :  1
mined  121000 21000 logs:  0 
Nonce :  890
GasPrice :  1
block  889
Status :  1
mined  121000 21000 logs:  0 
Nonce :  891
GasPrice :  1
block  890
Status :  1
mined  121000 21000 logs:  0 
Nonce :  892
GasPrice :  1
block  891
Status :  1
mined  121000 21000 logs:  0 
Nonce :  893
GasPrice :  1
block  892
Status :  1
mined  121000 21000 logs:  0 
Nonce :  894
GasPrice :  1
block  893
Status :  1
mined  121000 21000 logs:  0 
Nonce :  895
GasPrice :  1
block  894
Status :  1
mined  121000 21000 logs:  0 
Nonce :  896
GasPrice :  1
block  895
Status :  1
mined  121000 21000 logs:  0 
Nonce :  897
GasPrice :  1
block  896
Status :  1
mined  121000 21000 logs:  0 
Nonce :  898
GasPrice :  1
block  897
Status :  1
mined  121000 21000 logs:  0 
Nonce :  899
GasPrice :  1
block  898
Status :  1
mined  121000 21000 logs:  0 
Nonce :  900
GasPrice :  1
block  899
Status :  1
mined  121000 21000 logs:  0 
Nonce :  901
GasPrice :  1
block  900
Status :  1
mined  121000 21000 logs:  0 
Nonce :  902
GasPrice :  1
block  901
Status :  1
mined  121000 21000 logs:  0 
Nonce :  903
GasPrice :  1
block  902
Status :  1
mined  121000 21000 logs:  0 
Nonce :  904
GasPrice :  1
block  903
Status :  1
mined  121000 21000 logs:  0 
Nonce :  905
GasPrice :  1
block  904
Status :  1
mined  121000 21000 logs:  0 
Nonce :  906
GasPrice :  1
block  905
Status :  1
mined  121000 21000 logs:  0 
Nonce :  907
GasPrice :  1
block  906
Status :  1
mined  121000 21000 logs:  0 
Nonce :  908
GasPrice :  1
block  907
Status :  1
mined  121000 21000 logs:  0 
Nonce :  909
GasPrice :  1
block  908
Status :  1
mined  121000 21000 logs:  0 
Nonce :  910
GasPrice :  1
block  909
Status :  1
mined  121000 21000 logs:  0 
Nonce :  911
GasPrice :  1
block  910
Status :  1
mined  121000 21000 logs:  0 
Nonce :  912
GasPrice :  1
block  911
Status :  1
mined  121000 21000 logs:  0 
Nonce :  913
GasPrice :  1
block  912
Status :  1
mined  121000 21000 logs:  0 
Nonce :  914
GasPrice :  1
block  913
Status :  1
mined  121000 21000 logs:  0 
Nonce :  915
GasPrice :  1
block  914
Status :  1
mined  121000 21000 logs:  0 
Nonce :  916
GasPrice :  1
block  915
Status :  1
mined  121000 21000 logs:  0 
Nonce :  917
GasPrice :  1
block  916
Status :  1
mined  121000 21000 logs:  0 
Nonce :  918
GasPrice :  1
block  917
Status :  1
mined  121000 21000 logs:  0 
Nonce :  919
GasPrice :  1
block  918
Status :  1
mined  121000 21000 logs:  0 
Nonce :  920
GasPrice :  1
block  919
Status :  1
mined  121000 21000 logs:  0 
Nonce :  921
GasPrice :  1
block  920
Status :  1
mined  121000 21000 logs:  0 
Nonce :  922
GasPrice :  1
block  921
Status :  1
mined  121000 21000 logs:  0 
Nonce :  923
GasPrice :  1
block  922
Status :  1
mined  121000 21000 logs:  0 
Nonce :  924
GasPrice :  1
block  923
Status :  1
mined  121000 21000 logs:  0 
Nonce :  925
GasPrice :  1
block  924
Status :  1
mined  121000 21000 logs:  0 
Nonce :  926
GasPrice :  1
block  925
Status :  1
mined  121000 21000 logs:  0 
Nonce :  927
GasPrice :  1
block  926
Status :  1
mined  121000 21000 logs:  0 
Nonce :  928
GasPrice :  1
block  927
Status :  1
mined  121000 21000 logs:  0 
Nonce :  929
GasPrice :  1
block  928
Status :  1
mined  121000 21000 logs:  0 
Nonce :  930
GasPrice :  1
block  929
Status :  1
mined  121000 21000 logs:  0 
Nonce :  931
GasPrice :  1
block  930
Status :  1
mined  121000 21000 logs:  0 
Nonce :  932
GasPrice :  1
block  931
Status :  1
mined  121000 21000 logs:  0 
Nonce :  933
GasPrice :  1
block  932
Status :  1
mined  121000 21000 logs:  0 
Nonce :  934
GasPrice :  1
block  933
Status :  1
mined  121000 21000 logs:  0 
Nonce :  935
GasPrice :  1
block  934
Status :  1
mined  121000 21000 logs:  0 
Nonce :  936
GasPrice :  1
block  935
Status :  1
mined  121000 21000 logs:  0 
Nonce :  937
GasPrice :  1
block  936
Status :  1
mined  121000 21000 logs:  0 
Nonce :  938
GasPrice :  1
block  937
Status :  1
mined  121000 21000 logs:  0 
Nonce :  939
GasPrice :  1
block  938
Status :  1
mined  121000 21000 logs:  0 
Nonce :  940
GasPrice :  1
block  939
Status :  1
mined  121000 21000 logs:  0 
Nonce :  941
GasPrice :  1
block  940
Status :  1
mined  121000 21000 logs:  0 
Nonce :  942
GasPrice :  1
block  941
Status :  1
mined  121000 21000 logs:  0 
Nonce :  943
GasPrice :  1
block  942
Status :  1
mined  121000 21000 logs:  0 
Nonce :  944
GasPrice :  1
block  943
Status :  1
mined  121000 21000 logs:  0 
Nonce :  945
GasPrice :  1
block  944
Status :  1
mined  121000 21000 logs:  0 
Nonce :  946
GasPrice :  1
block  945
Status :  1
mined  121000 21000 logs:  0 
Nonce :  947
GasPrice :  1
block  946
Status :  1
mined  121000 21000 logs:  0 
Nonce :  948
GasPrice :  1
block  947
Status :  1
mined  121000 21000 logs:  0 
Nonce :  949
GasPrice :  1
block  948
Status :  1
mined  121000 21000 logs:  0 
Nonce :  950
GasPrice :  1
block  949
Status :  1
mined  121000 21000 logs:  0 
Nonce :  951
GasPrice :  1
block  950
Status :  1
mined  121000 21000 logs:  0 
Nonce :  952
GasPrice :  1
block  951
Status :  1
mined  121000 21000 logs:  0 
Nonce :  953
GasPrice :  1
block  952
Status :  1
mined  121000 21000 logs:  0 
Nonce :  954
GasPrice :  1
block  953
Status :  1
mined  121000 21000 logs:  0 
Nonce :  955
GasPrice :  1
block  954
Status :  1
mined  121000 21000 logs:  0 
Nonce :  956
GasPrice :  1
block  955
Status :  1
mined  121000 21000 logs:  0 
Nonce :  957
GasPrice :  1
block  956
Status :  1
mined  121000 21000 logs:  0 
Nonce :  958
GasPrice :  1
block  957
Status :  1
mined  121000 21000 logs:  0 
Nonce :  959
GasPrice :  1
block  958
Status :  1
mined  121000 21000 logs:  0 
Nonce :  960
GasPrice :  1
block  959
Status :  1
mined  121000 21000 logs:  0 
Nonce :  961
GasPrice :  1
block  960
Status :  1
mined  121000 21000 logs:  0 
Nonce :  962
GasPrice :  1
block  961
Status :  1
mined  121000 21000 logs:  0 
Nonce :  963
GasPrice :  1
block  962
Status :  1
mined  121000 21000 logs:  0 
Nonce :  964
GasPrice :  1
block  963
Status :  1
mined  121000 21000 logs:  0 
Nonce :  965
GasPrice :  1
block  964
Status :  1
mined  121000 21000 logs:  0 
Nonce :  966
GasPrice :  1
block  965
Status :  1
mined  121000 21000 logs:  0 
Nonce :  967
GasPrice :  1
block  966
Status :  1
mined  121000 21000 logs:  0 
Nonce :  968
GasPrice :  1
block  967
Status :  1
mined  121000 21000 logs:  0 
Nonce :  969
GasPrice :  1
block  968
Status :  1
mined  121000 21000 logs:  0 
Nonce :  970
GasPrice :  1
block  969
Status :  1
mined  121000 21000 logs:  0 
Nonce :  971
GasPrice :  1
block  970
Status :  1
mined  121000 21000 logs:  0 
Nonce :  972
GasPrice :  1
block  971
Status :  1
mined  121000 21000 logs:  0 
Nonce :  973
GasPrice :  1
block  972
Status :  1
mined  121000 21000 logs:  0 
Nonce :  974
GasPrice :  1
block  973
Status :  1
mined  121000 21000 logs:  0 
Nonce :  975
GasPrice :  1
block  974
Status :  1
mined  121000 21000 logs:  0 
Nonce :  976
GasPrice :  1
block  975
Status :  1
mined  121000 21000 logs:  0 
Nonce :  977
GasPrice :  1
block  976
Status :  1
mined  121000 21000 logs:  0 
Nonce :  978
GasPrice :  1
block  977
Status :  1
mined  121000 21000 logs:  0 
Nonce :  979
GasPrice :  1
block  978
Status :  1
mined  121000 21000 logs:  0 
Nonce :  980
GasPrice :  1
block  979
Status :  1
mined  121000 21000 logs:  0 
Nonce :  981
GasPrice :  1
block  980
Status :  1
mined  121000 21000 logs:  0 
Nonce :  982
GasPrice :  1
block  981
Status :  1
mined  121000 21000 logs:  0 
Nonce :  983
GasPrice :  1
block  982
Status :  1
mined  121000 21000 logs:  0 
Nonce :  984
GasPrice :  1
block  983
Status :  1
mined  121000 21000 logs:  0 
Nonce :  985
GasPrice :  1
block  984
Status :  1
mined  121000 21000 logs:  0 
Nonce :  986
GasPrice :  1
block  985
Status :  1
mined  121000 21000 logs:  0 
Nonce :  987
GasPrice :  1
block  986
Status :  1
mined  121000 21000 logs:  0 
Nonce :  988
GasPrice :  1
block  987
Status :  1
mined  121000 21000 logs:  0 
Nonce :  989
GasPrice :  1
block  988
Status :  1
mined  121000 21000 logs:  0 
Nonce :  990
GasPrice :  1
block  989
Status :  1
mined  121000 21000 logs:  0 
Nonce :  991
GasPrice :  1
block  990
Status :  1
mined  121000 21000 logs:  0 
Nonce :  992
GasPrice :  1
block  991
Status :  1
mined  121000 21000 logs:  0 
Nonce :  993
GasPrice :  1
block  992
Status :  1
mined  121000 21000 logs:  0 
Nonce :  994
GasPrice :  1
block  993
Status :  1
mined  121000 21000 logs:  0 
Nonce :  995
GasPrice :  1
block  994
Status :  1
mined  121000 21000 logs:  0 
Nonce :  996
GasPrice :  1
block  995
Status :  1
mined  121000 21000 logs:  0 
Nonce :  997
GasPrice :  1
block  996
Status :  1
mined  121000 21000 logs:  0 
Nonce :  998
GasPrice :  1
block  997
Status :  1
mined  121000 21000 logs:  0 
Nonce :  999
GasPrice :  1
block  998
Status :  1
mined  121000 21000 logs:  0 
Nonce :  1000
GasPrice :  1
block  999
Status :  1
mined  121000 21000 logs:  0 
Nonce :  1001
GasPrice :  1
block  1000
Status :  1
mined  121000 21000 logs:  0 
Nonce :  1002
GasPrice :  1
block  1001
Status :  1
mined  121000 21000 logs:  0 
Nonce :  1003
GasPrice :  1
block  1002
Status :  1
mined  121000 21000 logs:  0 
Nonce :  1004
GasPrice :  1
block  1003
Status :  1
mined  121000 21000 logs:  0 
Nonce :  1005
GasPrice :  1
block  1004
Status :  1
mined  121000 21000 logs:  0 
Nonce :  1006
GasPrice :  1
block  1005
Status :  1
mined  121000 21000 logs:  0 
Nonce :  1007
GasPrice :  1
block  1006
Status :  1
mined  121000 21000 logs:  0 
Nonce :  1008
GasPrice :  1
block  1007
Status :  1
mined  121000 21000 logs:  0 
Nonce :  1009
GasPrice :  1
block  1008
Status :  1
mined  121000 21000 logs:  0 
Nonce :  1010
GasPrice :  1
block  1009
Status :  1
mined  121000 21000 logs:  0 
Nonce :  1011
GasPrice :  1
block  1010
Status :  1
mined  121000 21000 logs:  0 
Nonce :  1012
GasPrice :  1
block  1011
Status :  1
mined  121000 21000 logs:  0 
Nonce :  1013
GasPrice :  1
block  1012
Status :  1
mined  121000 21000 logs:  0 
Nonce :  1014
GasPrice :  1
block  1013
Status :  1
mined  121000 21000 logs:  0 
Nonce :  1015
GasPrice :  1
block  1014
Status :  1
mined  121000 21000 logs:  0 
Nonce :  1016
GasPrice :  1
block  1015
Status :  1
mined  121000 21000 logs:  0 
Nonce :  1017
GasPrice :  1
block  1016
Status :  1
mined  121000 21000 logs:  0 
Nonce :  1018
GasPrice :  1
block  1017
Status :  1
mined  121000 21000 logs:  0 
Nonce :  1019
GasPrice :  1
block  1018
Status :  1
mined  121000 21000 logs:  0 
Nonce :  1020
GasPrice :  1
block  1019
Status :  1
mined  121000 21000 logs:  0 
Nonce :  1021
GasPrice :  1
block  1020
Status :  1
mined  121000 21000 logs:  0 
Nonce :  1022
GasPrice :  1
block  1021
Status :  1
mined  121000 21000 logs:  0 
Nonce :  1023
GasPrice :  1
block  1022
Status :  1
mined  121000 21000 logs:  0 
Nonce :  1024
GasPrice :  1
block  1023
Status :  1
mined  121000 21000 logs:  0 
Nonce :  1025
GasPrice :  1
block  1024
Status :  1
mined  121000 21000 logs:  0 
Nonce :  1026
GasPrice :  1
block  1025
Status :  1
mined  121000 21000 logs:  0 
Nonce :  1027
GasPrice :  1
block  1026
Status :  1
mined  121000 21000 logs:  0 
Nonce :  1028
GasPrice :  1
block  1027
Status :  1
mined  121000 21000 logs:  0 
Nonce :  1029
GasPrice :  1
block  1028
Status :  1
mined  121000 21000 logs:  0 
Nonce :  1030
GasPrice :  1
block  1029
Status :  1
mined  121000 21000 logs:  0 
Nonce :  1031
GasPrice :  1
block  1030
Status :  1
mined  121000 21000 logs:  0 
Nonce :  1032
GasPrice :  1
block  1031
Status :  1
mined  121000 21000 logs:  0 
Nonce :  1033
GasPrice :  1
block  1032
Status :  1
mined  121000 21000 logs:  0 
Nonce :  1034
GasPrice :  1
block  1033
Status :  1
mined  121000 21000 logs:  0 
Nonce :  1035
GasPrice :  1
block  1034
Status :  1
mined  121000 21000 logs:  0 
Nonce :  1036
GasPrice :  1
block  1035
Status :  1
mined  121000 21000 logs:  0 
Nonce :  1037
GasPrice :  1
block  1036
Status :  1
mined  121000 21000 logs:  0 
Nonce :  1038
GasPrice :  1
block  1037
Status :  1
mined  121000 21000 logs:  0 
Nonce :  1039
GasPrice :  1
block  1038
Status :  1
mined  121000 21000 logs:  0 
Nonce :  1040
GasPrice :  1
block  1039
Status :  1
mined  121000 21000 logs:  0 
Nonce :  1041
GasPrice :  1
block  1040
Status :  1
mined  121000 21000 logs:  0 
Nonce :  1042
GasPrice :  1
block  1041
Status :  1
mined  121000 21000 logs:  0 
Nonce :  1043
GasPrice :  1
block  1042
Status :  1
mined  121000 21000 logs:  0 
Nonce :  1044
GasPrice :  1
block  1043
Status :  1
mined  121000 21000 logs:  0 
Nonce :  1045
GasPrice :  1
block  1044
Status :  1
mined  121000 21000 logs:  0 
Nonce :  1046
GasPrice :  1
block  1045
Status :  1
mined  121000 21000 logs:  0 
Nonce :  1047
GasPrice :  1
block  1046
Status :  1
mined  121000 21000 logs:  0 
Nonce :  1048
GasPrice :  1
block  1047
Status :  1
mined  121000 21000 logs:  0 
Nonce :  1049
GasPrice :  1
block  1048
Status :  1
mined  121000 21000 logs:  0 
Nonce :  1050
GasPrice :  1
block  1049
Status :  1
mined  121000 21000 logs:  0 
Nonce :  1051
GasPrice :  1
block  1050
Status :  1
mined  121000 21000 logs:  0 
Nonce :  1052
GasPrice :  1
block  1051
Status :  1
mined  121000 21000 logs:  0 
Nonce :  1053
GasPrice :  1
block  1052
Status :  1
mined  121000 21000 logs:  0 
Nonce :  1054
GasPrice :  1
block  1053
Status :  1
mined  121000 21000 logs:  0 
Nonce :  1055
GasPrice :  1
block  1054
Status :  1
mined  121000 21000 logs:  0 
Nonce :  1056
GasPrice :  1
block  1055
Status :  1
mined  121000 21000 logs:  0 
Nonce :  1057
GasPrice :  1
block  1056
Status :  1
mined  121000 21000 logs:  0 
Nonce :  1058
GasPrice :  1
block  1057
Status :  1
mined  121000 21000 logs:  0 
Nonce :  1059
GasPrice :  1
block  1058
Status :  1
mined  121000 21000 logs:  0 
Nonce :  1060
GasPrice :  1
block  1059
Status :  1
mined  121000 21000 logs:  0 
Nonce :  1061
GasPrice :  1
block  1060
Status :  1
mined  121000 21000 logs:  0 
Nonce :  1062
GasPrice :  1
block  1061
Status :  1
mined  121000 21000 logs:  0 
Nonce :  1063
GasPrice :  1
block  1062
Status :  1
mined  121000 21000 logs:  0 
Nonce :  1064
GasPrice :  1
block  1063
Status :  1
mined  121000 21000 logs:  0 
Nonce :  1065
GasPrice :  1
block  1064
Status :  1
mined  121000 21000 logs:  0 
Nonce :  1066
GasPrice :  1
block  1065
Status :  1
mined  121000 21000 logs:  0 
Nonce :  1067
GasPrice :  1
block  1066
Status :  1
mined  121000 21000 logs:  0 
Nonce :  1068
GasPrice :  1
block  1067
Status :  1
mined  121000 21000 logs:  0 
Nonce :  1069
GasPrice :  1
block  1068
Status :  1
mined  121000 21000 logs:  0 
Nonce :  1070
GasPrice :  1
block  1069
Status :  1
mined  121000 21000 logs:  0 
Nonce :  1071
GasPrice :  1
block  1070
Status :  1
mined  121000 21000 logs:  0 
Nonce :  1072
GasPrice :  1
block  1071
Status :  1
mined  121000 21000 logs:  0 
Nonce :  1073
GasPrice :  1
block  1072
Status :  1
mined  121000 21000 logs:  0 
Nonce :  1074
GasPrice :  1
block  1073
Status :  1
mined  121000 21000 logs:  0 
Nonce :  1075
GasPrice :  1
block  1074
Status :  1
mined  121000 21000 logs:  0 
Nonce :  1076
GasPrice :  1
block  1075
Status :  1
mined  121000 21000 logs:  0 
Nonce :  1077
GasPrice :  1
block  1076
Status :  1
mined  121000 21000 logs:  0 
Nonce :  1078
GasPrice :  1
block  1077
Status :  1
mined  121000 21000 logs:  0 
Nonce :  1079
GasPrice :  1
block  1078
Status :  1
mined  121000 21000 logs:  0 
Nonce :  1080
GasPrice :  1
block  1079
Status :  1
mined  121000 21000 logs:  0 
Nonce :  1081
GasPrice :  1
block  1080
Status :  1
mined  121000 21000 logs:  0 
Nonce :  1082
GasPrice :  1
block  1081
Status :  1
mined  121000 21000 logs:  0 
Nonce :  1083
GasPrice :  1
block  1082
Status :  1
mined  121000 21000 logs:  0 
Nonce :  1084
GasPrice :  1
block  1083
Status :  1
mined  121000 21000 logs:  0 
Nonce :  1085
GasPrice :  1
block  1084
Status :  1
mined  121000 21000 logs:  0 
Nonce :  1086
GasPrice :  1
block  1085
Status :  1
mined  121000 21000 logs:  0 
Nonce :  1087
GasPrice :  1
block  1086
Status :  1
mined  121000 21000 logs:  0 
Nonce :  1088
GasPrice :  1
block  1087
Status :  1
mined  121000 21000 logs:  0 
Nonce :  1089
GasPrice :  1
block  1088
Status :  1
mined  121000 21000 logs:  0 
Nonce :  1090
GasPrice :  1
block  1089
Status :  1
mined  121000 21000 logs:  0 
Nonce :  1091
GasPrice :  1
block  1090
Status :  1
mined  121000 21000 logs:  0 
Nonce :  1092
GasPrice :  1
block  1091
Status :  1
mined  121000 21000 logs:  0 
Nonce :  1093
GasPrice :  1
block  1092
Status :  1
mined  121000 21000 logs:  0 
Nonce :  1094
GasPrice :  1
block  1093
Status :  1
mined  121000 21000 logs:  0 
Nonce :  1095
GasPrice :  1
block  1094
Status :  1
mined  121000 21000 logs:  0 
Nonce :  1096
GasPrice :  1
block  1095
Status :  1
mined  121000 21000 logs:  0 
Nonce :  1097
GasPrice :  1
block  1096
Status :  1
mined  121000 21000 logs:  0 
Nonce :  1098
GasPrice :  1
block  1097
Status :  1
mined  121000 21000 logs:  0 
Nonce :  1099
GasPrice :  1
block  1098
Status :  1
mined  121000 21000 logs:  0 
Nonce :  1100
GasPrice :  1
block  1099
Status :  1
mined  121000 21000 logs:  0 
Nonce :  1101
GasPrice :  1
block  1100
Status :  1
mined  121000 21000 logs:  0 
Nonce :  1102
GasPrice :  1
block  1101
Status :  1
mined  121000 21000 logs:  0 
Nonce :  1103
GasPrice :  1
block  1102
Status :  1
mined  121000 21000 logs:  0 
Nonce :  1104
GasPrice :  1
block  1103
Status :  1
mined  121000 21000 logs:  0 
Nonce :  1105
GasPrice :  1
block  1104
Status :  1
mined  121000 21000 logs:  0 
Nonce :  1106
GasPrice :  1
block  1105
Status :  1
mined  121000 21000 logs:  0 
Nonce :  1107
GasPrice :  1
block  1106
Status :  1
mined  121000 21000 logs:  0 
Nonce :  1108
GasPrice :  1
block  1107
Status :  1
mined  121000 21000 logs:  0 
Nonce :  1109
GasPrice :  1
block  1108
Status :  1
mined  121000 21000 logs:  0 
Nonce :  1110
GasPrice :  1
block  1109
Status :  1
mined  121000 21000 logs:  0 
Nonce :  1111
GasPrice :  1
block  1110
Status :  1
mined  121000 21000 logs:  0 
Nonce :  1112
GasPrice :  1
block  1111
Status :  1
mined  121000 21000 logs:  0 
Nonce :  1113
GasPrice :  1
block  1112
Status :  1
mined  121000 21000 logs:  0 
Nonce :  1114
GasPrice :  1
block  1113
Status :  1
mined  121000 21000 logs:  0 
Nonce :  1115
GasPrice :  1
block  1114
Status :  1
mined  121000 21000 logs:  0 
Nonce :  1116
GasPrice :  1
block  1115
Status :  1
mined  121000 21000 logs:  0 
Nonce :  1117
GasPrice :  1
block  1116
Status :  1
mined  121000 21000 logs:  0 
Nonce :  1118
GasPrice :  1
block  1117
Status :  1
mined  121000 21000 logs:  0 
Nonce :  1119
GasPrice :  1
block  1118
Status :  1
mined  121000 21000 logs:  0 
Nonce :  1120
GasPrice :  1
block  1119
Status :  1
mined  121000 21000 logs:  0 
Nonce :  1121
GasPrice :  1
block  1120
Status :  1
mined  121000 21000 logs:  0 
Nonce :  1122
GasPrice :  1
block  1121
Status :  1
mined  121000 21000 logs:  0 
Nonce :  1123
GasPrice :  1
block  1122
Status :  1
mined  121000 21000 logs:  0 
Nonce :  1124
GasPrice :  1
block  1123
Status :  1
mined  121000 21000 logs:  0 
Nonce :  1125
GasPrice :  1
block  1124
Status :  1
mined  121000 21000 logs:  0 
Nonce :  1126
GasPrice :  1
block  1125
Status :  1
mined  121000 21000 logs:  0 
Nonce :  1127
GasPrice :  1
block  1126
Status :  1
mined  121000 21000 logs:  0 
Nonce :  1128
GasPrice :  1
block  1127
Status :  1
mined  121000 21000 logs:  0 
Nonce :  1129
GasPrice :  1
block  1128
Status :  1
mined  121000 21000 logs:  0 
Nonce :  1130
GasPrice :  1
block  1129
Status :  1
mined  121000 21000 logs:  0 
Nonce :  1131
GasPrice :  1
block  1130
Status :  1
mined  121000 21000 logs:  0 
Nonce :  1132
GasPrice :  1
block  1131
Status :  1
mined  121000 21000 logs:  0 
Nonce :  1133
GasPrice :  1
block  1132
Status :  1
mined  121000 21000 logs:  0 
Nonce :  1134
GasPrice :  1
block  1133
Status :  1
mined  121000 21000 logs:  0 
Nonce :  1135
GasPrice :  1
block  1134
Status :  1
mined  121000 21000 logs:  0 
Nonce :  1136
GasPrice :  1
block  1135
Status :  1
mined  121000 21000 logs:  0 
Nonce :  1137
GasPrice :  1
block  1136
Status :  1
mined  121000 21000 logs:  0 
Nonce :  1138
GasPrice :  1
block  1137
Status :  1
mined  121000 21000 logs:  0 
Nonce :  1139
GasPrice :  1
block  1138
Status :  1
mined  121000 21000 logs:  0 
Nonce :  1140
GasPrice :  1
block  1139
Status :  1
mined  121000 21000 logs:  0 
Nonce :  1141
GasPrice :  1
block  1140
Status :  1
mined  121000 21000 logs:  0 
Nonce :  1142
GasPrice :  1
block  1141
Status :  1
mined  121000 21000 logs:  0 
Nonce :  1143
GasPrice :  1
block  1142
Status :  1
mined  121000 21000 logs:  0 
Nonce :  1144
GasPrice :  1
block  1143
Status :  1
mined  121000 21000 logs:  0 
Nonce :  1145
GasPrice :  1
block  1144
Status :  1
mined  121000 21000 logs:  0 
Nonce :  1146
GasPrice :  1
block  1145
Status :  1
mined  121000 21000 logs:  0 
Nonce :  1147
GasPrice :  1
block  1146
Status :  1
mined  121000 21000 logs:  0 
Nonce :  1148
GasPrice :  1
block  1147
Status :  1
mined  121000 21000 logs:  0 
Nonce :  1149
GasPrice :  1
block  1148
Status :  1
mined  121000 21000 logs:  0 
Nonce :  1150
GasPrice :  1
block  1149
Status :  1
mined  121000 21000 logs:  0 
Nonce :  1151
GasPrice :  1
block  1150
Status :  1
mined  121000 21000 logs:  0 
Nonce :  1152
GasPrice :  1
block  1151
Status :  1
mined  121000 21000 logs:  0 
Nonce :  1153
GasPrice :  1
block  1152
Status :  1
mined  121000 21000 logs:  0 
Nonce :  1154
GasPrice :  1
block  1153
Status :  1
mined  121000 21000 logs:  0 
Nonce :  1155
GasPrice :  1
block  1154
Status :  1
mined  121000 21000 logs:  0 
Nonce :  1156
GasPrice :  1
block  1155
Status :  1
mined  121000 21000 logs:  0 
Nonce :  1157
GasPrice :  1
block  1156
Status :  1
mined  121000 21000 logs:  0 
Nonce :  1158
GasPrice :  1
block  1157
Status :  1
mined  121000 21000 logs:  0 
Nonce :  1159
GasPrice :  1
block  1158
Status :  1
mined  121000 21000 logs:  0 
Nonce :  1160
GasPrice :  1
block  1159
Status :  1
mined  121000 21000 logs:  0 
Nonce :  1161
GasPrice :  1
block  1160
Status :  1
mined  121000 21000 logs:  0 
Nonce :  1162
GasPrice :  1
block  1161
Status :  1
mined  121000 21000 logs:  0 
Nonce :  1163
GasPrice :  1
block  1162
Status :  1
mined  121000 21000 logs:  0 
Nonce :  1164
GasPrice :  1
block  1163
Status :  1
mined  121000 21000 logs:  0 
Nonce :  1165
GasPrice :  1
block  1164
Status :  1
mined  121000 21000 logs:  0 
Nonce :  1166
GasPrice :  1
block  1165
Status :  1
mined  121000 21000 logs:  0 
Nonce :  1167
GasPrice :  1
block  1166
Status :  1
mined  121000 21000 logs:  0 
Nonce :  1168
GasPrice :  1
block  1167
Status :  1
mined  121000 21000 logs:  0 
Nonce :  1169
GasPrice :  1
block  1168
Status :  1
mined  121000 21000 logs:  0 
Nonce :  1170
GasPrice :  1
block  1169
Status :  1
mined  121000 21000 logs:  0 
Nonce :  1171
GasPrice :  1
block  1170
Status :  1
mined  121000 21000 logs:  0 
Nonce :  1172
GasPrice :  1
block  1171
Status :  1
mined  121000 21000 logs:  0 
Nonce :  1173
GasPrice :  1
block  1172
Status :  1
mined  121000 21000 logs:  0 
Nonce :  1174
GasPrice :  1
block  1173
Status :  1
mined  121000 21000 logs:  0 
Nonce :  1175
GasPrice :  1
block  1174
Status :  1
mined  121000 21000 logs:  0 
Nonce :  1176
GasPrice :  1
block  1175
Status :  1
mined  121000 21000 logs:  0 
Nonce :  1177
GasPrice :  1
block  1176
Status :  1
mined  121000 21000 logs:  0 
Nonce :  1178
GasPrice :  1
block  1177
Status :  1
mined  121000 21000 logs:  0 
Nonce :  1179
GasPrice :  1
block  1178
Status :  1
mined  121000 21000 logs:  0 
Nonce :  1180
GasPrice :  1
block  1179
Status :  1
mined  121000 21000 logs:  0 
Nonce :  1181
GasPrice :  1
block  1180
Status :  1
mined  121000 21000 logs:  0 
Nonce :  1182
GasPrice :  1
block  1181
Status :  1
mined  121000 21000 logs:  0 
Nonce :  1183
GasPrice :  1
block  1182
Status :  1
mined  121000 21000 logs:  0 
Nonce :  1184
GasPrice :  1
block  1183
Status :  1
mined  121000 21000 logs:  0 
Nonce :  1185
GasPrice :  1
block  1184
Status :  1
mined  121000 21000 logs:  0 
Nonce :  1186
GasPrice :  1
block  1185
Status :  1
mined  121000 21000 logs:  0 
Nonce :  1187
GasPrice :  1
block  1186
Status :  1
mined  121000 21000 logs:  0 
Nonce :  1188
GasPrice :  1
block  1187
Status :  1
mined  121000 21000 logs:  0 
Nonce :  1189
GasPrice :  1
block  1188
Status :  1
mined  121000 21000 logs:  0 
Nonce :  1190
GasPrice :  1
block  1189
Status :  1
mined  121000 21000 logs:  0 
Nonce :  1191
GasPrice :  1
block  1190
Status :  1
mined  121000 21000 logs:  0 
Nonce :  1192
GasPrice :  1
block  1191
Status :  1
mined  121000 21000 logs:  0 
Nonce :  1193
GasPrice :  1
block  1192
Status :  1
mined  121000 21000 logs:  0 
Nonce :  1194
GasPrice :  1
block  1193
Status :  1
mined  121000 21000 logs:  0 
Nonce :  1195
GasPrice :  1
block  1194
Status :  1
mined  121000 21000 logs:  0 
Nonce :  1196
GasPrice :  1
block  1195
Status :  1
mined  121000 21000 logs:  0 
Nonce :  1197
GasPrice :  1
block  1196
Status :  1
mined  121000 21000 logs:  0 
Nonce :  1198
GasPrice :  1
block  1197
Status :  1
mined  121000 21000 logs:  0 
Nonce :  1199
GasPrice :  1
block  1198
Status :  1
mined  121000 21000 logs:  0 
Nonce :  1200
GasPrice :  1
block  1199
Status :  1
mined  121000 21000 logs:  0 
Nonce :  1201
GasPrice :  1
block  1200
Status :  1
mined  121000 21000 logs:  0 
Nonce :  1202
GasPrice :  1
block  1201
Status :  1
mined  121000 21000 logs:  0 
Nonce :  1203
GasPrice :  1
block  1202
Status :  1
mined  121000 21000 logs:  0 
Nonce :  1204
GasPrice :  1
block  1203
Status :  1
mined  121000 21000 logs:  0 
Nonce :  1205
GasPrice :  1
block  1204
Status :  1
mined  121000 21000 logs:  0 
Nonce :  1206
GasPrice :  1
block  1205
Status :  1
mined  121000 21000 logs:  0 
Nonce :  1207
GasPrice :  1
block  1206
Status :  1
mined  121000 21000 logs:  0 
Nonce :  1208
GasPrice :  1
block  1207
Status :  1
mined  121000 21000 logs:  0 
Nonce :  1209
GasPrice :  1
block  1208
Status :  1
mined  121000 21000 logs:  0 
Nonce :  1210
GasPrice :  1
block  1209
Status :  1
mined  121000 21000 logs:  0 
Nonce :  1211
GasPrice :  1
block  1210
Status :  1
mined  121000 21000 logs:  0 
Nonce :  1212
GasPrice :  1
block  1211
Status :  1
mined  121000 21000 logs:  0 
Nonce :  1213
GasPrice :  1
block  1212
Status :  1
mined  121000 21000 logs:  0 
Nonce :  1214
GasPrice :  1
block  1213
Status :  1
mined  121000 21000 logs:  0 
Nonce :  1215
GasPrice :  1
block  1214
Status :  1
mined  121000 21000 logs:  0 
Nonce :  1216
GasPrice :  1
block  1215
Status :  1
mined  121000 21000 logs:  0 
Nonce :  1217
GasPrice :  1
block  1216
Status :  1
mined  121000 21000 logs:  0 
Nonce :  1218
GasPrice :  1
block  1217
Status :  1
mined  121000 21000 logs:  0 
Nonce :  1219
GasPrice :  1
block  1218
Status :  1
mined  121000 21000 logs:  0 
Nonce :  1220
GasPrice :  1
block  1219
Status :  1
mined  121000 21000 logs:  0 
Nonce :  1221
GasPrice :  1
block  1220
Status :  1
mined  121000 21000 logs:  0 
Nonce :  1222
GasPrice :  1
block  1221
Status :  1
mined  121000 21000 logs:  0 
Nonce :  1223
GasPrice :  1
block  1222
Status :  1
mined  121000 21000 logs:  0 
Nonce :  1224
GasPrice :  1
block  1223
Status :  1
mined  121000 21000 logs:  0 
Nonce :  1225
GasPrice :  1
block  1224
Status :  1
mined  121000 21000 logs:  0 
Nonce :  1226
GasPrice :  1
block  1225
Status :  1
mined  121000 21000 logs:  0 
Nonce :  1227
GasPrice :  1
block  1226
Status :  1
mined  121000 21000 logs:  0 
Nonce :  1228
GasPrice :  1
block  1227
Status :  1
mined  121000 21000 logs:  0 
Nonce :  1229
GasPrice :  1
block  1228
Status :  1
mined  121000 21000 logs:  0 
Nonce :  1230
GasPrice :  1
block  1229
Status :  1
mined  121000 21000 logs:  0 
Nonce :  1231
GasPrice :  1
block  1230
Status :  1
mined  121000 21000 logs:  0 
Nonce :  1232
GasPrice :  1
block  1231
Status :  1
mined  121000 21000 logs:  0 
Nonce :  1233
GasPrice :  1
block  1232
Status :  1
mined  121000 21000 logs:  0 
Nonce :  1234
GasPrice :  1
block  1233
Status :  1
mined  121000 21000 logs:  0 
Nonce :  1235
GasPrice :  1
block  1234
Status :  1
mined  121000 21000 logs:  0 
Nonce :  1236
GasPrice :  1
block  1235
Status :  1
mined  121000 21000 logs:  0 
Nonce :  1237
GasPrice :  1
block  1236
Status :  1
mined  121000 21000 logs:  0 
Nonce :  1238
GasPrice :  1
block  1237
Status :  1
mined  121000 21000 logs:  0 
Nonce :  1239
GasPrice :  1
block  1238
Status :  1
mined  121000 21000 logs:  0 
Nonce :  1240
GasPrice :  1
block  1239
Status :  1
mined  121000 21000 logs:  0 
Nonce :  1241
GasPrice :  1
block  1240
Status :  1
mined  121000 21000 logs:  0 
Nonce :  1242
GasPrice :  1
block  1241
Status :  1
mined  121000 21000 logs:  0 
Nonce :  1243
GasPrice :  1
block  1242
Status :  1
mined  121000 21000 logs:  0 
Nonce :  1244
GasPrice :  1
block  1243
Status :  1
mined  121000 21000 logs:  0 
Nonce :  1245
GasPrice :  1
block  1244
Status :  1
mined  121000 21000 logs:  0 
Nonce :  1246
GasPrice :  1
block  1245
Status :  1
mined  121000 21000 logs:  0 
Nonce :  1247
GasPrice :  1
block  1246
Status :  1
mined  121000 21000 logs:  0 
Nonce :  1248
GasPrice :  1
block  1247
Status :  1
mined  121000 21000 logs:  0 
Nonce :  1249
GasPrice :  1
block  1248
Status :  1
mined  121000 21000 logs:  0 
Nonce :  1250
GasPrice :  1
block  1249
Status :  1
mined  121000 21000 logs:  0 
Nonce :  1251
GasPrice :  1
block  1250
Status :  1
mined  121000 21000 logs:  0 
Nonce :  1252
GasPrice :  1
block  1251
Status :  1
mined  121000 21000 logs:  0 
Nonce :  1253
GasPrice :  1
block  1252
Status :  1
mined  121000 21000 logs:  0 
Nonce :  1254
GasPrice :  1
block  1253
Status :  1
mined  121000 21000 logs:  0 
Nonce :  1255
GasPrice :  1
block  1254
Status :  1
mined  121000 21000 logs:  0 
Nonce :  1256
GasPrice :  1
block  1255
Status :  1
mined  121000 21000 logs:  0 
Nonce :  1257
GasPrice :  1
block  1256
Status :  1
mined  121000 21000 logs:  0 
Nonce :  1258
GasPrice :  1
block  1257
Status :  1
mined  121000 21000 logs:  0 
Nonce :  1259
GasPrice :  1
block  1258
Status :  1
mined  121000 21000 logs:  0 
Nonce :  1260
GasPrice :  1
block  1259
Status :  1
mined  121000 21000 logs:  0 
Nonce :  1261
GasPrice :  1
block  1260
Status :  1
mined  121000 21000 logs:  0 
Nonce :  1262
GasPrice :  1
block  1261
Status :  1
mined  121000 21000 logs:  0 
Nonce :  1263
GasPrice :  1
block  1262
Status :  1
mined  121000 21000 logs:  0 
Nonce :  1264
GasPrice :  1
block  1263
Status :  1
mined  121000 21000 logs:  0 
Nonce :  1265
GasPrice :  1
block  1264
Status :  1
mined  121000 21000 logs:  0 
Nonce :  1266
GasPrice :  1
block  1265
Status :  1
mined  121000 21000 logs:  0 
Nonce :  1267
GasPrice :  1
block  1266
Status :  1
mined  121000 21000 logs:  0 
Nonce :  1268
GasPrice :  1
block  1267
Status :  1
mined  121000 21000 logs:  0 
Nonce :  1269
GasPrice :  1
block  1268
Status :  1
mined  121000 21000 logs:  0 
Nonce :  1270
GasPrice :  1
block  1269
Status :  1
mined  121000 21000 logs:  0 
Nonce :  1271
GasPrice :  1
block  1270
Status :  1
mined  121000 21000 logs:  0 
Nonce :  1272
GasPrice :  1
block  1271
Status :  1
mined  121000 21000 logs:  0 
Nonce :  1273
GasPrice :  1
block  1272
Status :  1
mined  121000 21000 logs:  0 
Nonce :  1274
GasPrice :  1
block  1273
Status :  1
mined  121000 21000 logs:  0 
Nonce :  1275
GasPrice :  1
block  1274
Status :  1
mined  121000 21000 logs:  0 
Nonce :  1276
GasPrice :  1
block  1275
Status :  1
mined  121000 21000 logs:  0 
Nonce :  1277
GasPrice :  1
block  1276
Status :  1
mined  121000 21000 logs:  0 
Nonce :  1278
GasPrice :  1
block  1277
Status :  1
mined  121000 21000 logs:  0 
Nonce :  1279
GasPrice :  1
block  1278
Status :  1
mined  121000 21000 logs:  0 
Nonce :  1280
GasPrice :  1
block  1279
Status :  1
mined  121000 21000 logs:  0 
Nonce :  1281
GasPrice :  1
block  1280
Status :  1
mined  121000 21000 logs:  0 
Nonce :  1282
GasPrice :  1
block  1281
Status :  1
mined  121000 21000 logs:  0 
Nonce :  1283
GasPrice :  1
block  1282
Status :  1
mined  121000 21000 logs:  0 
Nonce :  1284
GasPrice :  1
block  1283
Status :  1
mined  121000 21000 logs:  0 
Nonce :  1285
GasPrice :  1
block  1284
Status :  1
mined  121000 21000 logs:  0 
Nonce :  1286
GasPrice :  1
block  1285
Status :  1
mined  121000 21000 logs:  0 
Nonce :  1287
GasPrice :  1
block  1286
Status :  1
mined  121000 21000 logs:  0 
Nonce :  1288
GasPrice :  1
block  1287
Status :  1
mined  121000 21000 logs:  0 
Nonce :  1289
GasPrice :  1
block  1288
Status :  1
mined  121000 21000 logs:  0 
Nonce :  1290
GasPrice :  1
block  1289
Status :  1
mined  121000 21000 logs:  0 
Nonce :  1291
GasPrice :  1
block  1290
Status :  1
mined  121000 21000 logs:  0 
Nonce :  1292
GasPrice :  1
block  1291
Status :  1
mined  121000 21000 logs:  0 
Nonce :  1293
GasPrice :  1
block  1292
Status :  1
mined  121000 21000 logs:  0 
Nonce :  1294
GasPrice :  1
block  1293
Status :  1
mined  121000 21000 logs:  0 
Nonce :  1295
GasPrice :  1
block  1294
Status :  1
mined  121000 21000 logs:  0 
Nonce :  1296
GasPrice :  1
block  1295
Status :  1
mined  121000 21000 logs:  0 
Nonce :  1297
GasPrice :  1
block  1296
Status :  1
mined  121000 21000 logs:  0 
Nonce :  1298
GasPrice :  1
block  1297
Status :  1
mined  121000 21000 logs:  0 
Nonce :  1299
GasPrice :  1
block  1298
Status :  1
mined  121000 21000 logs:  0 
Nonce :  1300
GasPrice :  1
block  1299
Status :  1
mined  121000 21000 logs:  0 
Nonce :  1301
GasPrice :  1
block  1300
Status :  1
mined  121000 21000 logs:  0 
Nonce :  1302
GasPrice :  1
block  1301
Status :  1
mined  121000 21000 logs:  0 
Nonce :  1303
GasPrice :  1
block  1302
Status :  1
mined  121000 21000 logs:  0 
Nonce :  1304
GasPrice :  1
block  1303
Status :  1
mined  121000 21000 logs:  0 
Nonce :  1305
GasPrice :  1
block  1304
Status :  1
mined  121000 21000 logs:  0 
Nonce :  1306
GasPrice :  1
block  1305
Status :  1
mined  121000 21000 logs:  0 
Nonce :  1307
GasPrice :  1
block  1306
Status :  1
mined  121000 21000 logs:  0 
Nonce :  1308
GasPrice :  1
block  1307
Status :  1
mined  121000 21000 logs:  0 
Nonce :  1309
GasPrice :  1
block  1308
Status :  1
mined  121000 21000 logs:  0 
Nonce :  1310
GasPrice :  1
block  1309
Status :  1
mined  121000 21000 logs:  0 
Nonce :  1311
GasPrice :  1
block  1310
Status :  1
mined  121000 21000 logs:  0 
Nonce :  1312
GasPrice :  1
block  1311
Status :  1
mined  121000 21000 logs:  0 
Nonce :  1313
GasPrice :  1
block  1312
Status :  1
mined  121000 21000 logs:  0 
Nonce :  1314
GasPrice :  1
block  1313
Status :  1
mined  121000 21000 logs:  0 
Nonce :  1315
GasPrice :  1
block  1314
Status :  1
mined  121000 21000 logs:  0 
Nonce :  1316
GasPrice :  1
block  1315
Status :  1
mined  121000 21000 logs:  0 
Nonce :  1317
GasPrice :  1
block  1316
Status :  1
mined  121000 21000 logs:  0 
Nonce :  1318
GasPrice :  1
block  1317
Status :  1
mined  121000 21000 logs:  0 
Nonce :  1319
GasPrice :  1
block  1318
Status :  1
mined  121000 21000 logs:  0 
Nonce :  1320
GasPrice :  1
block  1319
Status :  1
mined  121000 21000 logs:  0 
Nonce :  1321
GasPrice :  1
block  1320
Status :  1
mined  121000 21000 logs:  0 
Nonce :  1322
GasPrice :  1
block  1321
Status :  1
mined  121000 21000 logs:  0 
Nonce :  1323
GasPrice :  1
block  1322
Status :  1
mined  121000 21000 logs:  0 
Nonce :  1324
GasPrice :  1
block  1323
Status :  1
mined  121000 21000 logs:  0 
Nonce :  1325
GasPrice :  1
block  1324
Status :  1
mined  121000 21000 logs:  0 
Nonce :  1326
GasPrice :  1
block  1325
Status :  1
mined  121000 21000 logs:  0 
Nonce :  1327
GasPrice :  1
block  1326
Status :  1
mined  121000 21000 logs:  0 
Nonce :  1328
GasPrice :  1
block  1327
Status :  1
mined  121000 21000 logs:  0 
Nonce :  1329
GasPrice :  1
block  1328
Status :  1
mined  121000 21000 logs:  0 
Nonce :  1330
GasPrice :  1
block  1329
Status :  1
mined  121000 21000 logs:  0 
Nonce :  1331
GasPrice :  1
block  1330
Status :  1
mined  121000 21000 logs:  0 
Nonce :  1332
GasPrice :  1
block  1331
Status :  1
mined  121000 21000 logs:  0 
Nonce :  1333
GasPrice :  1
block  1332
Status :  1
mined  121000 21000 logs:  0 
Nonce :  1334
GasPrice :  1
block  1333
Status :  1
mined  121000 21000 logs:  0 
Nonce :  1335
GasPrice :  1
block  1334
Status :  1
mined  121000 21000 logs:  0 
Nonce :  1336
GasPrice :  1
block  1335
Status :  1
mined  121000 21000 logs:  0 
Nonce :  1337
GasPrice :  1
block  1336
Status :  1
mined  121000 21000 logs:  0 
Nonce :  1338
GasPrice :  1
block  1337
Status :  1
mined  121000 21000 logs:  0 
Nonce :  1339
GasPrice :  1
block  1338
Status :  1
mined  121000 21000 logs:  0 
Nonce :  1340
GasPrice :  1
block  1339
Status :  1
mined  121000 21000 logs:  0 
Nonce :  1341
GasPrice :  1
block  1340
Status :  1
mined  121000 21000 logs:  0 
Nonce :  1342
GasPrice :  1
block  1341
Status :  1
mined  121000 21000 logs:  0 
Nonce :  1343
GasPrice :  1
block  1342
Status :  1
mined  121000 21000 logs:  0 
Nonce :  1344
GasPrice :  1
block  1343
Status :  1
mined  121000 21000 logs:  0 
Nonce :  1345
GasPrice :  1
block  1344
Status :  1
mined  121000 21000 logs:  0 
Nonce :  1346
GasPrice :  1
block  1345
Status :  1
mined  121000 21000 logs:  0 
Nonce :  1347
GasPrice :  1
block  1346
Status :  1
mined  121000 21000 logs:  0 
Nonce :  1348
GasPrice :  1
block  1347
Status :  1
mined  121000 21000 logs:  0 
Nonce :  1349
GasPrice :  1
block  1348
Status :  1
mined  121000 21000 logs:  0 
Nonce :  1350
GasPrice :  1
block  1349
Status :  1
mined  121000 21000 logs:  0 
Nonce :  1351
GasPrice :  1
block  1350
Status :  1
mined  121000 21000 logs:  0 
Nonce :  1352
GasPrice :  1
block  1351
Status :  1
mined  121000 21000 logs:  0 
Nonce :  1353
GasPrice :  1
block  1352
Status :  1
mined  121000 21000 logs:  0 
Nonce :  1354
GasPrice :  1
block  1353
Status :  1
mined  121000 21000 logs:  0 
Nonce :  1355
GasPrice :  1
block  1354
Status :  1
mined  121000 21000 logs:  0 
Nonce :  1356
GasPrice :  1
block  1355
Status :  1
mined  121000 21000 logs:  0 
Nonce :  1357
GasPrice :  1
block  1356
Status :  1
mined  121000 21000 logs:  0 
Nonce :  1358
GasPrice :  1
block  1357
Status :  1
mined  121000 21000 logs:  0 
Nonce :  1359
GasPrice :  1
block  1358
Status :  1
mined  121000 21000 logs:  0 
Nonce :  1360
GasPrice :  1
block  1359
Status :  1
mined  121000 21000 logs:  0 
Nonce :  1361
GasPrice :  1
block  1360
Status :  1
mined  121000 21000 logs:  0 
Nonce :  1362
GasPrice :  1
block  1361
Status :  1
mined  121000 21000 logs:  0 
Nonce :  1363
GasPrice :  1
block  1362
Status :  1
mined  121000 21000 logs:  0 
Nonce :  1364
GasPrice :  1
block  1363
Status :  1
mined  121000 21000 logs:  0 
Nonce :  1365
GasPrice :  1
block  1364
Status :  1
mined  121000 21000 logs:  0 
Nonce :  1366
GasPrice :  1
block  1365
Status :  1
mined  121000 21000 logs:  0 
Nonce :  1367
GasPrice :  1
block  1366
Status :  1
mined  121000 21000 logs:  0 
Nonce :  1368
GasPrice :  1
block  1367
Status :  1
mined  121000 21000 logs:  0 
Nonce :  1369
GasPrice :  1
block  1368
Status :  1
mined  121000 21000 logs:  0 
Nonce :  1370
GasPrice :  1
block  1369
Status :  1
mined  121000 21000 logs:  0 
Nonce :  1371
GasPrice :  1
block  1370
Status :  1
mined  121000 21000 logs:  0 
Nonce :  1372
GasPrice :  1
block  1371
Status :  1
mined  121000 21000 logs:  0 
Nonce :  1373
GasPrice :  1
block  1372
Status :  1
mined  121000 21000 logs:  0 
Nonce :  1374
GasPrice :  1
block  1373
Status :  1
mined  121000 21000 logs:  0 
Nonce :  1375
GasPrice :  1
block  1374
Status :  1
mined  121000 21000 logs:  0 
Nonce :  1376
GasPrice :  1
block  1375
Status :  1
mined  121000 21000 logs:  0 
Nonce :  1377
GasPrice :  1
block  1376
Status :  1
mined  121000 21000 logs:  0 
Nonce :  1378
GasPrice :  1
block  1377
Status :  1
mined  121000 21000 logs:  0 
Nonce :  1379
GasPrice :  1
block  1378
Status :  1
mined  121000 21000 logs:  0 
Nonce :  1380
GasPrice :  1
block  1379
Status :  1
mined  121000 21000 logs:  0 
Nonce :  1381
GasPrice :  1
block  1380
Status :  1
mined  121000 21000 logs:  0 
Nonce :  1382
GasPrice :  1
block  1381
Status :  1
mined  121000 21000 logs:  0 
Nonce :  1383
GasPrice :  1
block  1382
Status :  1
mined  121000 21000 logs:  0 
Nonce :  1384
GasPrice :  1
block  1383
Status :  1
mined  121000 21000 logs:  0 
Nonce :  1385
GasPrice :  1
block  1384
Status :  1
mined  121000 21000 logs:  0 
Nonce :  1386
GasPrice :  1
block  1385
Status :  1
mined  121000 21000 logs:  0 
Nonce :  1387
GasPrice :  1
block  1386
Status :  1
mined  121000 21000 logs:  0 
Nonce :  1388
GasPrice :  1
block  1387
Status :  1
mined  121000 21000 logs:  0 
Nonce :  1389
GasPrice :  1
block  1388
Status :  1
mined  121000 21000 logs:  0 
Nonce :  1390
GasPrice :  1
block  1389
Status :  1
mined  121000 21000 logs:  0 
Nonce :  1391
GasPrice :  1
block  1390
Status :  1
mined  121000 21000 logs:  0 
Nonce :  1392
GasPrice :  1
block  1391
Status :  1
mined  121000 21000 logs:  0 
Nonce :  1393
GasPrice :  1
block  1392
Status :  1
mined  121000 21000 logs:  0 
Nonce :  1394
GasPrice :  1
block  1393
Status :  1
mined  121000 21000 logs:  0 
Nonce :  1395
GasPrice :  1
block  1394
Status :  1
mined  121000 21000 logs:  0 
Nonce :  1396
GasPrice :  1
block  1395
Status :  1
mined  121000 21000 logs:  0 
Nonce :  1397
GasPrice :  1
block  1396
Status :  1
mined  121000 21000 logs:  0 
Nonce :  1398
GasPrice :  1
block  1397
Status :  1
mined  121000 21000 logs:  0 
Nonce :  1399
GasPrice :  1
block  1398
Status :  1
mined  121000 21000 logs:  0 
Nonce :  1400
GasPrice :  1
block  1399
Status :  1
mined  121000 21000 logs:  0 
Nonce :  1401
GasPrice :  1
block  1400
Status :  1
mined  121000 21000 logs:  0 
Nonce :  1402
GasPrice :  1
block  1401
Status :  1
mined  121000 21000 logs:  0 
Nonce :  1403
GasPrice :  1
block  1402
Status :  1
mined  121000 21000 logs:  0 
Nonce :  1404
GasPrice :  1
block  1403
Status :  1
mined  121000 21000 logs:  0 
Nonce :  1405
GasPrice :  1
block  1404
Status :  1
mined  121000 21000 logs:  0 
Nonce :  1406
GasPrice :  1
block  1405
Status :  1
mined  121000 21000 logs:  0 
Nonce :  1407
GasPrice :  1
block  1406
Status :  1
mined  121000 21000 logs:  0 
Nonce :  1408
GasPrice :  1
block  1407
Status :  1
mined  121000 21000 logs:  0 
Nonce :  1409
GasPrice :  1
block  1408
Status :  1
mined  121000 21000 logs:  0 
Nonce :  1410
GasPrice :  1
block  1409
Status :  1
mined  121000 21000 logs:  0 
Nonce :  1411
GasPrice :  1
block  1410
Status :  1
mined  121000 21000 logs:  0 
Nonce :  1412
GasPrice :  1
block  1411
Status :  1
mined  121000 21000 logs:  0 
Nonce :  1413
GasPrice :  1
block  1412
Status :  1
mined  121000 21000 logs:  0 
Nonce :  1414
GasPrice :  1
block  1413
Status :  1
mined  121000 21000 logs:  0 
Nonce :  1415
GasPrice :  1
block  1414
Status :  1
mined  121000 21000 logs:  0 
Nonce :  1416
GasPrice :  1
block  1415
Status :  1
mined  121000 21000 logs:  0 
Nonce :  1417
GasPrice :  1
block  1416
Status :  1
mined  121000 21000 logs:  0 
Nonce :  1418
GasPrice :  1
block  1417
Status :  1
mined  121000 21000 logs:  0 
Nonce :  1419
GasPrice :  1
block  1418
Status :  1
mined  121000 21000 logs:  0 
Nonce :  1420
GasPrice :  1
block  1419
Status :  1
mined  121000 21000 logs:  0 
Nonce :  1421
GasPrice :  1
block  1420
Status :  1
mined  121000 21000 logs:  0 
Nonce :  1422
GasPrice :  1
block  1421
Status :  1
mined  121000 21000 logs:  0 
Nonce :  1423
GasPrice :  1
block  1422
Status :  1
mined  121000 21000 logs:  0 
Nonce :  1424
GasPrice :  1
block  1423
Status :  1
mined  121000 21000 logs:  0 
Nonce :  1425
GasPrice :  1
block  1424
Status :  1
mined  121000 21000 logs:  0 
Nonce :  1426
GasPrice :  1
block  1425
Status :  1
mined  121000 21000 logs:  0 
Nonce :  1427
GasPrice :  1
block  1426
Status :  1
mined  121000 21000 logs:  0 
Nonce :  1428
GasPrice :  1
block  1427
Status :  1
mined  121000 21000 logs:  0 
Nonce :  1429
GasPrice :  1
block  1428
Status :  1
mined  121000 21000 logs:  0 
Nonce :  1430
GasPrice :  1
block  1429
Status :  1
mined  121000 21000 logs:  0 
Nonce :  1431
GasPrice :  1
block  1430
Status :  1
mined  121000 21000 logs:  0 
Nonce :  1432
GasPrice :  1
block  1431
Status :  1
mined  121000 21000 logs:  0 
Nonce :  1433
GasPrice :  1
block  1432
Status :  1
mined  121000 21000 logs:  0 
Nonce :  1434
GasPrice :  1
block  1433
Status :  1
mined  121000 21000 logs:  0 
Nonce :  1435
GasPrice :  1
block  1434
Status :  1
mined  121000 21000 logs:  0 
Nonce :  1436
GasPrice :  1
block  1435
Status :  1
mined  121000 21000 logs:  0 
Nonce :  1437
GasPrice :  1
block  1436
Status :  1
mined  121000 21000 logs:  0 
Nonce :  1438
GasPrice :  1
block  1437
Status :  1
mined  121000 21000 logs:  0 
Nonce :  1439
GasPrice :  1
block  1438
Status :  1
mined  121000 21000 logs:  0 
Nonce :  1440
GasPrice :  1
block  1439
Status :  1
mined  121000 21000 logs:  0 
Nonce :  1441
GasPrice :  1
block  1440
Status :  1
mined  121000 21000 logs:  0 
Nonce :  1442
GasPrice :  1
block  1441
Status :  1
mined  121000 21000 logs:  0 
Nonce :  1443
GasPrice :  1
block  1442
Status :  1
mined  121000 21000 logs:  0 
Nonce :  1444
GasPrice :  1
block  1443
Status :  1
mined  121000 21000 logs:  0 
Nonce :  1445
GasPrice :  1
block  1444
Status :  1
mined  121000 21000 logs:  0 
Nonce :  1446
GasPrice :  1
block  1445
Status :  1
mined  121000 21000 logs:  0 
Nonce :  1447
GasPrice :  1
block  1446
Status :  1
mined  121000 21000 logs:  0 
Nonce :  1448
GasPrice :  1
block  1447
Status :  1
mined  121000 21000 logs:  0 
Nonce :  1449
GasPrice :  1
block  1448
Status :  1
mined  121000 21000 logs:  0 
Nonce :  1450
GasPrice :  1
block  1449
Status :  1
mined  121000 21000 logs:  0 
Nonce :  1451
GasPrice :  1
block  1450
Status :  1
mined  121000 21000 logs:  0 
Nonce :  1452
GasPrice :  1
block  1451
Status :  1
mined  121000 21000 logs:  0 
Nonce :  1453
GasPrice :  1
block  1452
Status :  1
mined  121000 21000 logs:  0 
Nonce :  1454
GasPrice :  1
block  1453
Status :  1
mined  121000 21000 logs:  0 
Nonce :  1455
GasPrice :  1
block  1454
Status :  1
mined  121000 21000 logs:  0 
Nonce :  1456
GasPrice :  1
block  1455
Status :  1
mined  121000 21000 logs:  0 
Nonce :  1457
GasPrice :  1
block  1456
Status :  1
mined  121000 21000 logs:  0 
Nonce :  1458
GasPrice :  1
block  1457
Status :  1
mined  121000 21000 logs:  0 
Nonce :  1459
GasPrice :  1
block  1458
Status :  1
mined  121000 21000 logs:  0 
Nonce :  1460
GasPrice :  1
block  1459
Status :  1
mined  121000 21000 logs:  0 
Nonce :  1461
GasPrice :  1
block  1460
Status :  1
mined  121000 21000 logs:  0 
Nonce :  1462
GasPrice :  1
block  1461
Status :  1
mined  121000 21000 logs:  0 
Nonce :  1463
GasPrice :  1
block  1462
Status :  1
mined  121000 21000 logs:  0 
Nonce :  1464
GasPrice :  1
block  1463
Status :  1
mined  121000 21000 logs:  0 
Nonce :  1465
GasPrice :  1
block  1464
Status :  1
mined  121000 21000 logs:  0 
Nonce :  1466
GasPrice :  1
block  1465
Status :  1
mined  121000 21000 logs:  0 
Nonce :  1467
GasPrice :  1
block  1466
Status :  1
mined  121000 21000 logs:  0 
Nonce :  1468
GasPrice :  1
block  1467
Status :  1
mined  121000 21000 logs:  0 
Nonce :  1469
GasPrice :  1
block  1468
Status :  1
mined  121000 21000 logs:  0 
Nonce :  1470
GasPrice :  1
block  1469
Status :  1
mined  121000 21000 logs:  0 
Nonce :  1471
GasPrice :  1
block  1470
Status :  1
mined  121000 21000 logs:  0 
Nonce :  1472
GasPrice :  1
block  1471
Status :  1
mined  121000 21000 logs:  0 
Nonce :  1473
GasPrice :  1
block  1472
Status :  1
mined  121000 21000 logs:  0 
Nonce :  1474
GasPrice :  1
block  1473
Status :  1
mined  121000 21000 logs:  0 
Nonce :  1475
GasPrice :  1
block  1474
Status :  1
mined  121000 21000 logs:  0 
Nonce :  1476
GasPrice :  1
block  1475
Status :  1
mined  121000 21000 logs:  0 
Nonce :  1477
GasPrice :  1
block  1476
Status :  1
mined  121000 21000 logs:  0 
Nonce :  1478
GasPrice :  1
block  1477
Status :  1
mined  121000 21000 logs:  0 
Nonce :  1479
GasPrice :  1
block  1478
Status :  1
mined  121000 21000 logs:  0 
Nonce :  1480
GasPrice :  1
block  1479
Status :  1
mined  121000 21000 logs:  0 
Nonce :  1481
GasPrice :  1
block  1480
Status :  1
mined  121000 21000 logs:  0 
Nonce :  1482
GasPrice :  1
block  1481
Status :  1
mined  121000 21000 logs:  0 
Nonce :  1483
GasPrice :  1
block  1482
Status :  1
mined  121000 21000 logs:  0 
Nonce :  1484
GasPrice :  1
block  1483
Status :  1
mined  121000 21000 logs:  0 
Nonce :  1485
GasPrice :  1
block  1484
Status :  1
mined  121000 21000 logs:  0 
Nonce :  1486
GasPrice :  1
block  1485
Status :  1
mined  121000 21000 logs:  0 
Nonce :  1487
GasPrice :  1
block  1486
Status :  1
mined  121000 21000 logs:  0 
Nonce :  1488
GasPrice :  1
block  1487
Status :  1
mined  121000 21000 logs:  0 
Nonce :  1489
GasPrice :  1
block  1488
Status :  1
mined  121000 21000 logs:  0 
Nonce :  1490
GasPrice :  1
block  1489
Status :  1
mined  121000 21000 logs:  0 
Nonce :  1491
GasPrice :  1
block  1490
Status :  1
mined  121000 21000 logs:  0 
Nonce :  1492
GasPrice :  1
block  1491
Status :  1
mined  121000 21000 logs:  0 
Nonce :  1493
GasPrice :  1
block  1492
Status :  1
mined  121000 21000 logs:  0 
Nonce :  1494
GasPrice :  1
block  1493
Status :  1
mined  121000 21000 logs:  0 
Nonce :  1495
GasPrice :  1
block  1494
Status :  1
mined  121000 21000 logs:  0 
Nonce :  1496
GasPrice :  1
block  1495
Status :  1
mined  121000 21000 logs:  0 
Nonce :  1497
GasPrice :  1
block  1496
Status :  1
mined  121000 21000 logs:  0 
Nonce :  1498
GasPrice :  1
block  1497
Status :  1
mined  121000 21000 logs:  0 
Nonce :  1499
GasPrice :  1
block  1498
Status :  1
mined  121000 21000 logs:  0 
Nonce :  1500
GasPrice :  1
block  1499
Status :  1
mined  121000 21000 logs:  0 
Nonce :  1501
GasPrice :  1
block  1500
Status :  1
mined  121000 21000 logs:  0 
Nonce :  1502
GasPrice :  1
block  1501
Status :  1
mined  121000 21000 logs:  0 
Nonce :  1503
GasPrice :  1
block  1502
Status :  1
mined  121000 21000 logs:  0 
Nonce :  1504
GasPrice :  1
block  1503
Status :  1
mined  121000 21000 logs:  0 
Nonce :  1505
GasPrice :  1
block  1504
Status :  1
mined  121000 21000 logs:  0 
Nonce :  1506
GasPrice :  1
block  1505
Status :  1
mined  121000 21000 logs:  0 
Nonce :  1507
GasPrice :  1
block  1506
Status :  1
mined  121000 21000 logs:  0 
Nonce :  1508
GasPrice :  1
block  1507
Status :  1
mined  121000 21000 logs:  0 
Nonce :  1509
GasPrice :  1
block  1508
Status :  1
mined  121000 21000 logs:  0 
Nonce :  1510
GasPrice :  1
block  1509
Status :  1
mined  121000 21000 logs:  0 
Nonce :  1511
GasPrice :  1
block  1510
Status :  1
mined  121000 21000 logs:  0 
Nonce :  1512
GasPrice :  1
block  1511
Status :  1
mined  121000 21000 logs:  0 
Nonce :  1513
GasPrice :  1
block  1512
Status :  1
mined  121000 21000 logs:  0 
Nonce :  1514
GasPrice :  1
block  1513
Status :  1
mined  121000 21000 logs:  0 
Nonce :  1515
GasPrice :  1
block  1514
Status :  1
mined  121000 21000 logs:  0 
Nonce :  1516
GasPrice :  1
block  1515
Status :  1
mined  121000 21000 logs:  0 
Nonce :  1517
GasPrice :  1
block  1516
Status :  1
mined  121000 21000 logs:  0 
Nonce :  1518
GasPrice :  1
block  1517
Status :  1
mined  121000 21000 logs:  0 
Nonce :  1519
GasPrice :  1
block  1518
Status :  1
mined  121000 21000 logs:  0 
Nonce :  1520
GasPrice :  1
block  1519
Status :  1
mined  121000 21000 logs:  0 
Nonce :  1521
GasPrice :  1
block  1520
Status :  1
mined  121000 21000 logs:  0 
Nonce :  1522
GasPrice :  1
block  1521
Status :  1
mined  121000 21000 logs:  0 
Nonce :  1523
GasPrice :  1
block  1522
Status :  1
mined  121000 21000 logs:  0 
Nonce :  1524
GasPrice :  1
block  1523
Status :  1
mined  121000 21000 logs:  0 
Nonce :  1525
GasPrice :  1
block  1524
Status :  1
mined  121000 21000 logs:  0 
Nonce :  1526
GasPrice :  1
block  1525
Status :  1
mined  121000 21000 logs:  0 
Nonce :  1527
GasPrice :  1
block  1526
Status :  1
mined  121000 21000 logs:  0 
Nonce :  1528
GasPrice :  1
block  1527
Status :  1
mined  121000 21000 logs:  0 
Nonce :  1529
GasPrice :  1
block  1528
Status :  1
mined  121000 21000 logs:  0 
Nonce :  1530
GasPrice :  1
block  1529
Status :  1
mined  121000 21000 logs:  0 
Nonce :  1531
GasPrice :  1
block  1530
Status :  1
mined  121000 21000 logs:  0 
Nonce :  1532
GasPrice :  1
block  1531
Status :  1
mined  121000 21000 logs:  0 
Nonce :  1533
GasPrice :  1
block  1532
Status :  1
mined  121000 21000 logs:  0 
Nonce :  1534
GasPrice :  1
block  1533
Status :  1
mined  121000 21000 logs:  0 
Nonce :  1535
GasPrice :  1
block  1534
Status :  1
mined  121000 21000 logs:  0 
Nonce :  1536
GasPrice :  1
block  1535
Status :  1
mined  121000 21000 logs:  0 
Nonce :  1537
GasPrice :  1
block  1536
Status :  1
mined  121000 21000 logs:  0 
Nonce :  1538
GasPrice :  1
block  1537
Status :  1
mined  121000 21000 logs:  0 
Nonce :  1539
GasPrice :  1
block  1538
Status :  1
mined  121000 21000 logs:  0 
Nonce :  1540
GasPrice :  1
block  1539
Status :  1
mined  121000 21000 logs:  0 
Nonce :  1541
GasPrice :  1
block  1540
Status :  1
mined  121000 21000 logs:  0 
Nonce :  1542
GasPrice :  1
block  1541
Status :  1
mined  121000 21000 logs:  0 
Nonce :  1543
GasPrice :  1
block  1542
Status :  1
mined  121000 21000 logs:  0 
Nonce :  1544
GasPrice :  1
block  1543
Status :  1
mined  121000 21000 logs:  0 
Nonce :  1545
GasPrice :  1
block  1544
Status :  1
mined  121000 21000 logs:  0 
Nonce :  1546
GasPrice :  1
block  1545
Status :  1
mined  121000 21000 logs:  0 
Nonce :  1547
GasPrice :  1
block  1546
Status :  1
mined  121000 21000 logs:  0 
Nonce :  1548
GasPrice :  1
block  1547
Status :  1
mined  121000 21000 logs:  0 
Nonce :  1549
GasPrice :  1
block  1548
Status :  1
mined  121000 21000 logs:  0 
Nonce :  1550
GasPrice :  1
block  1549
Status :  1
mined  121000 21000 logs:  0 
Nonce :  1551
GasPrice :  1
block  1550
Status :  1
mined  121000 21000 logs:  0 
Nonce :  1552
GasPrice :  1
block  1551
Status :  1
mined  121000 21000 logs:  0 
Nonce :  1553
GasPrice :  1
block  1552
Status :  1
mined  121000 21000 logs:  0 
Nonce :  1554
GasPrice :  1
block  1553
Status :  1
mined  121000 21000 logs:  0 
Nonce :  1555
GasPrice :  1
block  1554
Status :  1
mined  121000 21000 logs:  0 
Nonce :  1556
GasPrice :  1
block  1555
Status :  1
mined  121000 21000 logs:  0 
Nonce :  1557
GasPrice :  1
block  1556
Status :  1
mined  121000 21000 logs:  0 
Nonce :  1558
GasPrice :  1
block  1557
Status :  1
mined  121000 21000 logs:  0 
Nonce :  1559
GasPrice :  1
block  1558
Status :  1
mined  121000 21000 logs:  0 
Nonce :  1560
GasPrice :  1
block  1559
Status :  1
mined  121000 21000 logs:  0 
Nonce :  1561
GasPrice :  1
block  1560
Status :  1
mined  121000 21000 logs:  0 
Nonce :  1562
GasPrice :  1
block  1561
Status :  1
mined  121000 21000 logs:  0 
Nonce :  1563
GasPrice :  1
block  1562
Status :  1
mined  121000 21000 logs:  0 
Nonce :  1564
GasPrice :  1
block  1563
Status :  1
mined  121000 21000 logs:  0 
Nonce :  1565
GasPrice :  1
block  1564
Status :  1
mined  121000 21000 logs:  0 
Nonce :  1566
GasPrice :  1
block  1565
Status :  1
mined  121000 21000 logs:  0 
Nonce :  1567
GasPrice :  1
block  1566
Status :  1
mined  121000 21000 logs:  0 
Nonce :  1568
GasPrice :  1
block  1567
Status :  1
mined  121000 21000 logs:  0 
Nonce :  1569
GasPrice :  1
block  1568
Status :  1
mined  121000 21000 logs:  0 
Nonce :  1570
GasPrice :  1
block  1569
Status :  1
mined  121000 21000 logs:  0 
Nonce :  1571
GasPrice :  1
block  1570
Status :  1
mined  121000 21000 logs:  0 
Nonce :  1572
GasPrice :  1
block  1571
Status :  1
mined  121000 21000 logs:  0 
Nonce :  1573
GasPrice :  1
block  1572
Status :  1
mined  121000 21000 logs:  0 
Nonce :  1574
GasPrice :  1
block  1573
Status :  1
mined  121000 21000 logs:  0 
Nonce :  1575
GasPrice :  1
block  1574
Status :  1
mined  121000 21000 logs:  0 
Nonce :  1576
GasPrice :  1
block  1575
Status :  1
mined  121000 21000 logs:  0 
Nonce :  1577
GasPrice :  1
block  1576
Status :  1
mined  121000 21000 logs:  0 
Nonce :  1578
GasPrice :  1
block  1577
Status :  1
mined  121000 21000 logs:  0 
Nonce :  1579
GasPrice :  1
block  1578
Status :  1
mined  121000 21000 logs:  0 
Nonce :  1580
GasPrice :  1
block  1579
Status :  1
mined  121000 21000 logs:  0 
Nonce :  1581
GasPrice :  1
block  1580
Status :  1
mined  121000 21000 logs:  0 
Nonce :  1582
GasPrice :  1
block  1581
Status :  1
mined  121000 21000 logs:  0 
Nonce :  1583
GasPrice :  1
block  1582
Status :  1
mined  121000 21000 logs:  0 
Nonce :  1584
GasPrice :  1
block  1583
Status :  1
mined  121000 21000 logs:  0 
Nonce :  1585
GasPrice :  1
block  1584
Status :  1
mined  121000 21000 logs:  0 
Nonce :  1586
GasPrice :  1
block  1585
Status :  1
mined  121000 21000 logs:  0 
Nonce :  1587
GasPrice :  1
block  1586
Status :  1
mined  121000 21000 logs:  0 
Nonce :  1588
GasPrice :  1
block  1587
Status :  1
mined  121000 21000 logs:  0 
Nonce :  1589
GasPrice :  1
block  1588
Status :  1
mined  121000 21000 logs:  0 
Nonce :  1590
GasPrice :  1
block  1589
Status :  1
mined  121000 21000 logs:  0 
Nonce :  1591
GasPrice :  1
block  1590
Status :  1
mined  121000 21000 logs:  0 
Nonce :  1592
GasPrice :  1
block  1591
Status :  1
mined  121000 21000 logs:  0 
Nonce :  1593
GasPrice :  1
block  1592
Status :  1
mined  121000 21000 logs:  0 
Nonce :  1594
GasPrice :  1
block  1593
Status :  1
mined  121000 21000 logs:  0 
Nonce :  1595
GasPrice :  1
block  1594
Status :  1
mined  121000 21000 logs:  0 
Nonce :  1596
GasPrice :  1
block  1595
Status :  1
mined  121000 21000 logs:  0 
Nonce :  1597
GasPrice :  1
block  1596
Status :  1
mined  121000 21000 logs:  0 
Nonce :  1598
GasPrice :  1
block  1597
Status :  1
mined  121000 21000 logs:  0 
Nonce :  1599
GasPrice :  1
block  1598
Status :  1
mined  121000 21000 logs:  0 
Nonce :  1600
GasPrice :  1
block  1599
Status :  1
mined  121000 21000 logs:  0 
Nonce :  1601
GasPrice :  1
block  1600
Status :  1
mined  121000 21000 logs:  0 
Nonce :  1602
GasPrice :  1
block  1601
Status :  1
mined  121000 21000 logs:  0 
Nonce :  1603
GasPrice :  1
block  1602
Status :  1
mined  121000 21000 logs:  0 
Nonce :  1604
GasPrice :  1
block  1603
Status :  1
mined  121000 21000 logs:  0 
Nonce :  1605
GasPrice :  1
block  1604
Status :  1
mined  121000 21000 logs:  0 
Nonce :  1606
GasPrice :  1
block  1605
Status :  1
mined  121000 21000 logs:  0 
Nonce :  1607
GasPrice :  1
block  1606
Status :  1
mined  121000 21000 logs:  0 
Nonce :  1608
GasPrice :  1
block  1607
Status :  1
mined  121000 21000 logs:  0 
Nonce :  1609
GasPrice :  1
block  1608
Status :  1
mined  121000 21000 logs:  0 
Nonce :  1610
GasPrice :  1
block  1609
Status :  1
mined  121000 21000 logs:  0 
Nonce :  1611
GasPrice :  1
block  1610
Status :  1
mined  121000 21000 logs:  0 
Nonce :  1612
GasPrice :  1
block  1611
Status :  1
mined  121000 21000 logs:  0 
Nonce :  1613
GasPrice :  1
block  1612
Status :  1
mined  121000 21000 logs:  0 
Nonce :  1614
GasPrice :  1
block  1613
Status :  1
mined  121000 21000 logs:  0 
Nonce :  1615
GasPrice :  1
block  1614
Status :  1
mined  121000 21000 logs:  0 
Nonce :  1616
GasPrice :  1
block  1615
Status :  1
mined  121000 21000 logs:  0 
Nonce :  1617
GasPrice :  1
block  1616
Status :  1
mined  121000 21000 logs:  0 
Nonce :  1618
GasPrice :  1
block  1617
Status :  1
mined  121000 21000 logs:  0 
Nonce :  1619
GasPrice :  1
block  1618
Status :  1
mined  121000 21000 logs:  0 
Nonce :  1620
GasPrice :  1
block  1619
Status :  1
mined  121000 21000 logs:  0 
Nonce :  1621
GasPrice :  1
block  1620
Status :  1
mined  121000 21000 logs:  0 
Nonce :  1622
GasPrice :  1
block  1621
Status :  1
mined  121000 21000 logs:  0 
Nonce :  1623
GasPrice :  1
block  1622
Status :  1
mined  121000 21000 logs:  0 
Nonce :  1624
GasPrice :  1
block  1623
Status :  1
mined  121000 21000 logs:  0 
Nonce :  1625
GasPrice :  1
block  1624
Status :  1
mined  121000 21000 logs:  0 
Nonce :  1626
GasPrice :  1
block  1625
Status :  1
mined  121000 21000 logs:  0 
Nonce :  1627
GasPrice :  1
block  1626
Status :  1
mined  121000 21000 logs:  0 
Nonce :  1628
GasPrice :  1
block  1627
Status :  1
mined  121000 21000 logs:  0 
Nonce :  1629
GasPrice :  1
block  1628
Status :  1
mined  121000 21000 logs:  0 
Nonce :  1630
GasPrice :  1
block  1629
Status :  1
mined  121000 21000 logs:  0 
Nonce :  1631
GasPrice :  1
block  1630
Status :  1
mined  121000 21000 logs:  0 
Nonce :  1632
GasPrice :  1
block  1631
Status :  1
mined  121000 21000 logs:  0 
Nonce :  1633
GasPrice :  1
block  1632
Status :  1
mined  121000 21000 logs:  0 
Nonce :  1634
GasPrice :  1
block  1633
Status :  1
mined  121000 21000 logs:  0 
Nonce :  1635
GasPrice :  1
block  1634
Status :  1
mined  121000 21000 logs:  0 
Nonce :  1636
GasPrice :  1
block  1635
Status :  1
mined  121000 21000 logs:  0 
Nonce :  1637
GasPrice :  1
block  1636
Status :  1
mined  121000 21000 logs:  0 
Nonce :  1638
GasPrice :  1
block  1637
Status :  1
mined  121000 21000 logs:  0 
Nonce :  1639
GasPrice :  1
block  1638
Status :  1
mined  121000 21000 logs:  0 
Nonce :  1640
GasPrice :  1
block  1639
Status :  1
mined  121000 21000 logs:  0 
Nonce :  1641
GasPrice :  1
block  1640
Status :  1
mined  121000 21000 logs:  0 
Nonce :  1642
GasPrice :  1
block  1641
Status :  1
mined  121000 21000 logs:  0 
Nonce :  1643
GasPrice :  1
block  1642
Status :  1
mined  121000 21000 logs:  0 
Nonce :  1644
GasPrice :  1
block  1643
Status :  1
mined  121000 21000 logs:  0 
Nonce :  1645
GasPrice :  1
block  1644
Status :  1
mined  121000 21000 logs:  0 
Nonce :  1646
GasPrice :  1
block  1645
Status :  1
mined  121000 21000 logs:  0 
Nonce :  1647
GasPrice :  1
block  1646
Status :  1
mined  121000 21000 logs:  0 
Nonce :  1648
GasPrice :  1
block  1647
Status :  1
mined  121000 21000 logs:  0 
Nonce :  1649
GasPrice :  1
block  1648
Status :  1
mined  121000 21000 logs:  0 
Nonce :  1650
GasPrice :  1
block  1649
Status :  1
mined  121000 21000 logs:  0 
Nonce :  1651
GasPrice :  1
block  1650
Status :  1
mined  121000 21000 logs:  0 
Nonce :  1652
GasPrice :  1
block  1651
Status :  1
mined  121000 21000 logs:  0 
Nonce :  1653
GasPrice :  1
block  1652
Status :  1
mined  121000 21000 logs:  0 
Nonce :  1654
GasPrice :  1
block  1653
Status :  1
mined  121000 21000 logs:  0 
Nonce :  1655
GasPrice :  1
block  1654
Status :  1
mined  121000 21000 logs:  0 
Nonce :  1656
GasPrice :  1
block  1655
Status :  1
mined  121000 21000 logs:  0 
Nonce :  1657
GasPrice :  1
block  1656
Status :  1
mined  121000 21000 logs:  0 
Nonce :  1658
GasPrice :  1
block  1657
Status :  1
mined  121000 21000 logs:  0 
Nonce :  1659
GasPrice :  1
block  1658
Status :  1
mined  121000 21000 logs:  0 
Nonce :  1660
GasPrice :  1
block  1659
Status :  1
mined  121000 21000 logs:  0 
Nonce :  1661
GasPrice :  1
block  1660
Status :  1
mined  121000 21000 logs:  0 
Nonce :  1662
GasPrice :  1
block  1661
Status :  1
mined  121000 21000 logs:  0 
Nonce :  1663
GasPrice :  1
block  1662
Status :  1
mined  121000 21000 logs:  0 
Nonce :  1664
GasPrice :  1
block  1663
Status :  1
mined  121000 21000 logs:  0 
Nonce :  1665
GasPrice :  1
block  1664
Status :  1
mined  121000 21000 logs:  0 
Nonce :  1666
GasPrice :  1
block  1665
Status :  1
mined  121000 21000 logs:  0 
Nonce :  1667
GasPrice :  1
block  1666
Status :  1
mined  121000 21000 logs:  0 
Nonce :  1668
GasPrice :  1
block  1667
Status :  1
mined  121000 21000 logs:  0 
Nonce :  1669
GasPrice :  1
block  1668
Status :  1
mined  121000 21000 logs:  0 
Nonce :  1670
GasPrice :  1
block  1669
Status :  1
mined  121000 21000 logs:  0 
Nonce :  1671
GasPrice :  1
block  1670
Status :  1
mined  121000 21000 logs:  0 
Nonce :  1672
GasPrice :  1
block  1671
Status :  1
mined  121000 21000 logs:  0 
Nonce :  1673
GasPrice :  1
block  1672
Status :  1
mined  121000 21000 logs:  0 
Nonce :  1674
GasPrice :  1
block  1673
Status :  1
mined  121000 21000 logs:  0 
Nonce :  1675
GasPrice :  1
block  1674
Status :  1
mined  121000 21000 logs:  0 
Nonce :  1676
GasPrice :  1
block  1675
Status :  1
mined  121000 21000 logs:  0 
Nonce :  1677
GasPrice :  1
block  1676
Status :  1
mined  121000 21000 logs:  0 
Nonce :  1678
GasPrice :  1
block  1677
Status :  1
mined  121000 21000 logs:  0 
Nonce :  1679
GasPrice :  1
block  1678
Status :  1
mined  121000 21000 logs:  0 
Nonce :  1680
GasPrice :  1
block  1679
Status :  1
mined  121000 21000 logs:  0 
Nonce :  1681
GasPrice :  1
block  1680
Status :  1
mined  121000 21000 logs:  0 
Nonce :  1682
GasPrice :  1
block  1681
Status :  1
mined  121000 21000 logs:  0 
Nonce :  1683
GasPrice :  1
block  1682
Status :  1
mined  121000 21000 logs:  0 
Nonce :  1684
GasPrice :  1
block  1683
Status :  1
mined  121000 21000 logs:  0 
Nonce :  1685
GasPrice :  1
block  1684
Status :  1
mined  121000 21000 logs:  0 
Nonce :  1686
GasPrice :  1
block  1685
Status :  1
mined  121000 21000 logs:  0 
Nonce :  1687
GasPrice :  1
block  1686
Status :  1
mined  121000 21000 logs:  0 
Nonce :  1688
GasPrice :  1
block  1687
Status :  1
mined  121000 21000 logs:  0 
Nonce :  1689
GasPrice :  1
block  1688
Status :  1
mined  121000 21000 logs:  0 
Nonce :  1690
GasPrice :  1
block  1689
Status :  1
mined  121000 21000 logs:  0 
Nonce :  1691
GasPrice :  1
block  1690
Status :  1
mined  121000 21000 logs:  0 
Nonce :  1692
GasPrice :  1
block  1691
Status :  1
mined  121000 21000 logs:  0 
Nonce :  1693
GasPrice :  1
block  1692
Status :  1
mined  121000 21000 logs:  0 
Nonce :  1694
GasPrice :  1
block  1693
Status :  1
mined  121000 21000 logs:  0 
Nonce :  1695
GasPrice :  1
block  1694
Status :  1
mined  121000 21000 logs:  0 
Nonce :  1696
GasPrice :  1
block  1695
Status :  1
mined  121000 21000 logs:  0 
Nonce :  1697
GasPrice :  1
block  1696
Status :  1
mined  121000 21000 logs:  0 
Nonce :  1698
GasPrice :  1
block  1697
Status :  1
mined  121000 21000 logs:  0 
Nonce :  1699
GasPrice :  1
block  1698
Status :  1
mined  121000 21000 logs:  0 
Nonce :  1700
GasPrice :  1
block  1699
Status :  1
mined  121000 21000 logs:  0 
Nonce :  1701
GasPrice :  1
block  1700
Status :  1
mined  121000 21000 logs:  0 
Nonce :  1702
GasPrice :  1
block  1701
Status :  1
mined  121000 21000 logs:  0 
Nonce :  1703
GasPrice :  1
block  1702
Status :  1
mined  121000 21000 logs:  0 
Nonce :  1704
GasPrice :  1
block  1703
Status :  1
mined  121000 21000 logs:  0 
Nonce :  1705
GasPrice :  1
block  1704
Status :  1
mined  121000 21000 logs:  0 
Nonce :  1706
GasPrice :  1
block  1705
Status :  1
mined  121000 21000 logs:  0 
Nonce :  1707
GasPrice :  1
block  1706
Status :  1
mined  121000 21000 logs:  0 
Nonce :  1708
GasPrice :  1
block  1707
Status :  1
mined  121000 21000 logs:  0 
Nonce :  1709
GasPrice :  1
block  1708
Status :  1
mined  121000 21000 logs:  0 
Nonce :  1710
GasPrice :  1
block  1709
Status :  1
mined  121000 21000 logs:  0 
Nonce :  1711
GasPrice :  1
block  1710
Status :  1
mined  121000 21000 logs:  0 
Nonce :  1712
GasPrice :  1
block  1711
Status :  1
mined  121000 21000 logs:  0 
Nonce :  1713
GasPrice :  1
block  1712
Status :  1
mined  121000 21000 logs:  0 
Nonce :  1714
GasPrice :  1
block  1713
Status :  1
mined  121000 21000 logs:  0 
Nonce :  1715
GasPrice :  1
block  1714
Status :  1
mined  121000 21000 logs:  0 
Nonce :  1716
GasPrice :  1
block  1715
Status :  1
mined  121000 21000 logs:  0 
Nonce :  1717
GasPrice :  1
block  1716
Status :  1
mined  121000 21000 logs:  0 
Nonce :  1718
GasPrice :  1
block  1717
Status :  1
mined  121000 21000 logs:  0 
Nonce :  1719
GasPrice :  1
block  1718
Status :  1
mined  121000 21000 logs:  0 
Nonce :  1720
GasPrice :  1
block  1719
Status :  1
mined  121000 21000 logs:  0 
Nonce :  1721
GasPrice :  1
block  1720
Status :  1
mined  121000 21000 logs:  0 
Nonce :  1722
GasPrice :  1
block  1721
Status :  1
mined  121000 21000 logs:  0 
Nonce :  1723
GasPrice :  1
block  1722
Status :  1
mined  121000 21000 logs:  0 
Nonce :  1724
GasPrice :  1
block  1723
Status :  1
mined  121000 21000 logs:  0 
Nonce :  1725
GasPrice :  1
block  1724
Status :  1
mined  121000 21000 logs:  0 
Nonce :  1726
GasPrice :  1
block  1725
Status :  1
mined  121000 21000 logs:  0 
Nonce :  1727
GasPrice :  1
block  1726
Status :  1
mined  121000 21000 logs:  0 
Nonce :  1728
GasPrice :  1
block  1727
Status :  1
mined  121000 21000 logs:  0 
Nonce :  1729
GasPrice :  1
block  1728
Status :  1
mined  121000 21000 logs:  0 
Nonce :  1730
GasPrice :  1
block  1729
Status :  1
mined  121000 21000 logs:  0 
Nonce :  1731
GasPrice :  1
block  1730
Status :  1
mined  121000 21000 logs:  0 
Nonce :  1732
GasPrice :  1
block  1731
Status :  1
mined  121000 21000 logs:  0 
Nonce :  1733
GasPrice :  1
block  1732
Status :  1
mined  121000 21000 logs:  0 
Nonce :  1734
GasPrice :  1
block  1733
Status :  1
mined  121000 21000 logs:  0 
Nonce :  1735
GasPrice :  1
block  1734
Status :  1
mined  121000 21000 logs:  0 
Nonce :  1736
GasPrice :  1
block  1735
Status :  1
mined  121000 21000 logs:  0 
Nonce :  1737
GasPrice :  1
block  1736
Status :  1
mined  121000 21000 logs:  0 
Nonce :  1738
GasPrice :  1
block  1737
Status :  1
mined  121000 21000 logs:  0 
Nonce :  1739
GasPrice :  1
block  1738
Status :  1
mined  121000 21000 logs:  0 
Nonce :  1740
GasPrice :  1
block  1739
Status :  1
mined  121000 21000 logs:  0 
Nonce :  1741
GasPrice :  1
block  1740
Status :  1
mined  121000 21000 logs:  0 
Nonce :  1742
GasPrice :  1
block  1741
Status :  1
mined  121000 21000 logs:  0 
Nonce :  1743
GasPrice :  1
block  1742
Status :  1
mined  121000 21000 logs:  0 
Nonce :  1744
GasPrice :  1
block  1743
Status :  1
mined  121000 21000 logs:  0 
Nonce :  1745
GasPrice :  1
block  1744
Status :  1
mined  121000 21000 logs:  0 
Nonce :  1746
GasPrice :  1
block  1745
Status :  1
mined  121000 21000 logs:  0 
Nonce :  1747
GasPrice :  1
block  1746
Status :  1
mined  121000 21000 logs:  0 
Nonce :  1748
GasPrice :  1
block  1747
Status :  1
mined  121000 21000 logs:  0 
Nonce :  1749
GasPrice :  1
block  1748
Status :  1
mined  121000 21000 logs:  0 
Nonce :  1750
GasPrice :  1
block  1749
Status :  1
mined  121000 21000 logs:  0 
Nonce :  1751
GasPrice :  1
block  1750
Status :  1
mined  121000 21000 logs:  0 
Nonce :  1752
GasPrice :  1
block  1751
Status :  1
mined  121000 21000 logs:  0 
Nonce :  1753
GasPrice :  1
block  1752
Status :  1
mined  121000 21000 logs:  0 
Nonce :  1754
GasPrice :  1
block  1753
Status :  1
mined  121000 21000 logs:  0 
Nonce :  1755
GasPrice :  1
block  1754
Status :  1
mined  121000 21000 logs:  0 
Nonce :  1756
GasPrice :  1
block  1755
Status :  1
mined  121000 21000 logs:  0 
Nonce :  1757
GasPrice :  1
block  1756
Status :  1
mined  121000 21000 logs:  0 
Nonce :  1758
GasPrice :  1
block  1757
Status :  1
mined  121000 21000 logs:  0 
Nonce :  1759
GasPrice :  1
block  1758
Status :  1
mined  121000 21000 logs:  0 
Nonce :  1760
GasPrice :  1
block  1759
Status :  1
mined  121000 21000 logs:  0 
Nonce :  1761
GasPrice :  1
block  1760
Status :  1
mined  121000 21000 logs:  0 
Nonce :  1762
GasPrice :  1
block  1761
Status :  1
mined  121000 21000 logs:  0 
Nonce :  1763
GasPrice :  1
block  1762
Status :  1
mined  121000 21000 logs:  0 
Nonce :  1764
GasPrice :  1
block  1763
Status :  1
mined  121000 21000 logs:  0 
Nonce :  1765
GasPrice :  1
block  1764
Status :  1
mined  121000 21000 logs:  0 
Nonce :  1766
GasPrice :  1
block  1765
Status :  1
mined  121000 21000 logs:  0 
Nonce :  1767
GasPrice :  1
block  1766
Status :  1
mined  121000 21000 logs:  0 
Nonce :  1768
GasPrice :  1
block  1767
Status :  1
mined  121000 21000 logs:  0 
Nonce :  1769
GasPrice :  1
block  1768
Status :  1
mined  121000 21000 logs:  0 
Nonce :  1770
GasPrice :  1
block  1769
Status :  1
mined  121000 21000 logs:  0 
Nonce :  1771
GasPrice :  1
block  1770
Status :  1
mined  121000 21000 logs:  0 
Nonce :  1772
GasPrice :  1
block  1771
Status :  1
mined  121000 21000 logs:  0 
Nonce :  1773
GasPrice :  1
block  1772
Status :  1
mined  121000 21000 logs:  0 
Nonce :  1774
GasPrice :  1
block  1773
Status :  1
mined  121000 21000 logs:  0 
Nonce :  1775
GasPrice :  1
block  1774
Status :  1
mined  121000 21000 logs:  0 
Nonce :  1776
GasPrice :  1
block  1775
Status :  1
mined  121000 21000 logs:  0 
Nonce :  1777
GasPrice :  1
block  1776
Status :  1
mined  121000 21000 logs:  0 
Nonce :  1778
GasPrice :  1
block  1777
Status :  1
mined  121000 21000 logs:  0 
Nonce :  1779
GasPrice :  1
block  1778
Status :  1
mined  121000 21000 logs:  0 
Nonce :  1780
GasPrice :  1
block  1779
Status :  1
mined  121000 21000 logs:  0 
Nonce :  1781
GasPrice :  1
block  1780
Status :  1
mined  121000 21000 logs:  0 
Nonce :  1782
GasPrice :  1
block  1781
Status :  1
mined  121000 21000 logs:  0 
Nonce :  1783
GasPrice :  1
block  1782
Status :  1
mined  121000 21000 logs:  0 
Nonce :  1784
GasPrice :  1
block  1783
Status :  1
mined  121000 21000 logs:  0 
Nonce :  1785
GasPrice :  1
block  1784
Status :  1
mined  121000 21000 logs:  0 
Nonce :  1786
GasPrice :  1
block  1785
Status :  1
mined  121000 21000 logs:  0 
Nonce :  1787
GasPrice :  1
block  1786
Status :  1
mined  121000 21000 logs:  0 
Nonce :  1788
GasPrice :  1
block  1787
Status :  1
mined  121000 21000 logs:  0 
Nonce :  1789
GasPrice :  1
block  1788
Status :  1
mined  121000 21000 logs:  0 
Nonce :  1790
GasPrice :  1
block  1789
Status :  1
mined  121000 21000 logs:  0 
Nonce :  1791
GasPrice :  1
block  1790
Status :  1
mined  121000 21000 logs:  0 
Nonce :  1792
GasPrice :  1
block  1791
Status :  1
mined  121000 21000 logs:  0 
Nonce :  1793
GasPrice :  1
block  1792
Status :  1
mined  121000 21000 logs:  0 
Nonce :  1794
GasPrice :  1
block  1793
Status :  1
mined  121000 21000 logs:  0 
Nonce :  1795
GasPrice :  1
block  1794
Status :  1
mined  121000 21000 logs:  0 
Nonce :  1796
GasPrice :  1
block  1795
Status :  1
mined  121000 21000 logs:  0 
Nonce :  1797
GasPrice :  1
block  1796
Status :  1
mined  121000 21000 logs:  0 
Nonce :  1798
GasPrice :  1
block  1797
Status :  1
mined  121000 21000 logs:  0 
Nonce :  1799
GasPrice :  1
block  1798
Status :  1
mined  121000 21000 logs:  0 
Nonce :  1800
GasPrice :  1
block  1799
Status :  1
mined  121000 21000 logs:  0 
Nonce :  1801
GasPrice :  1
block  1800
Status :  1
mined  121000 21000 logs:  0 
Nonce :  1802
GasPrice :  1
block  1801
Status :  1
mined  121000 21000 logs:  0 
Nonce :  1803
GasPrice :  1
block  1802
Status :  1
mined  121000 21000 logs:  0 
Nonce :  1804
GasPrice :  1
block  1803
Status :  1
mined  121000 21000 logs:  0 
Nonce :  1805
GasPrice :  1
block  1804
Status :  1
mined  121000 21000 logs:  0 
Nonce :  1806
GasPrice :  1
block  1805
Status :  1
mined  121000 21000 logs:  0 
Nonce :  1807
GasPrice :  1
block  1806
Status :  1
mined  121000 21000 logs:  0 
Nonce :  1808
GasPrice :  1
block  1807
Status :  1
mined  121000 21000 logs:  0 
Nonce :  1809
GasPrice :  1
block  1808
Status :  1
mined  121000 21000 logs:  0 
Nonce :  1810
GasPrice :  1
block  1809
Status :  1
mined  121000 21000 logs:  0 
Nonce :  1811
GasPrice :  1
block  1810
Status :  1
mined  121000 21000 logs:  0 
Nonce :  1812
GasPrice :  1
block  1811
Status :  1
mined  121000 21000 logs:  0 
Nonce :  1813
GasPrice :  1
block  1812
Status :  1
mined  121000 21000 logs:  0 
Nonce :  1814
GasPrice :  1
block  1813
Status :  1
mined  121000 21000 logs:  0 
Nonce :  1815
GasPrice :  1
block  1814
Status :  1
mined  121000 21000 logs:  0 
Nonce :  1816
GasPrice :  1
block  1815
Status :  1
mined  121000 21000 logs:  0 
Nonce :  1817
GasPrice :  1
block  1816
Status :  1
mined  121000 21000 logs:  0 
Nonce :  1818
GasPrice :  1
block  1817
Status :  1
mined  121000 21000 logs:  0 
Nonce :  1819
GasPrice :  1
block  1818
Status :  1
mined  121000 21000 logs:  0 
Nonce :  1820
GasPrice :  1
block  1819
Status :  1
mined  121000 21000 logs:  0 
Nonce :  1821
GasPrice :  1
block  1820
Status :  1
mined  121000 21000 logs:  0 
Nonce :  1822
GasPrice :  1
block  1821
Status :  1
mined  121000 21000 logs:  0 
Nonce :  1823
GasPrice :  1
block  1822
Status :  1
mined  121000 21000 logs:  0 
Nonce :  1824
GasPrice :  1
block  1823
Status :  1
mined  121000 21000 logs:  0 
Nonce :  1825
GasPrice :  1
block  1824
Status :  1
mined  121000 21000 logs:  0 
Nonce :  1826
GasPrice :  1
block  1825
Status :  1
mined  121000 21000 logs:  0 
Nonce :  1827
GasPrice :  1
block  1826
Status :  1
mined  121000 21000 logs:  0 
Nonce :  1828
GasPrice :  1
block  1827
Status :  1
mined  121000 21000 logs:  0 
Nonce :  1829
GasPrice :  1
block  1828
Status :  1
mined  121000 21000 logs:  0 
Nonce :  1830
GasPrice :  1
block  1829
Status :  1
mined  121000 21000 logs:  0 
Nonce :  1831
GasPrice :  1
block  1830
Status :  1
mined  121000 21000 logs:  0 
Nonce :  1832
GasPrice :  1
block  1831
Status :  1
mined  121000 21000 logs:  0 
Nonce :  1833
GasPrice :  1
block  1832
Status :  1
mined  121000 21000 logs:  0 
Nonce :  1834
GasPrice :  1
block  1833
Status :  1
mined  121000 21000 logs:  0 
Nonce :  1835
GasPrice :  1
block  1834
Status :  1
mined  121000 21000 logs:  0 
Nonce :  1836
GasPrice :  1
block  1835
Status :  1
mined  121000 21000 logs:  0 
Nonce :  1837
GasPrice :  1
block  1836
Status :  1
mined  121000 21000 logs:  0 
Nonce :  1838
GasPrice :  1
block  1837
Status :  1
mined  121000 21000 logs:  0 
Nonce :  1839
GasPrice :  1
block  1838
Status :  1
mined  121000 21000 logs:  0 
Nonce :  1840
GasPrice :  1
block  1839
Status :  1
mined  121000 21000 logs:  0 
Nonce :  1841
GasPrice :  1
block  1840
Status :  1
mined  121000 21000 logs:  0 
Nonce :  1842
GasPrice :  1
block  1841
Status :  1
mined  121000 21000 logs:  0 
Nonce :  1843
GasPrice :  1
block  1842
Status :  1
mined  121000 21000 logs:  0 
Nonce :  1844
GasPrice :  1
block  1843
Status :  1
mined  121000 21000 logs:  0 
Nonce :  1845
GasPrice :  1
block  1844
Status :  1
mined  121000 21000 logs:  0 
Nonce :  1846
GasPrice :  1
block  1845
Status :  1
mined  121000 21000 logs:  0 
Nonce :  1847
GasPrice :  1
block  1846
Status :  1
mined  121000 21000 logs:  0 
Nonce :  1848
GasPrice :  1
block  1847
Status :  1
mined  121000 21000 logs:  0 
Nonce :  1849
GasPrice :  1
block  1848
Status :  1
mined  121000 21000 logs:  0 
Nonce :  1850
GasPrice :  1
block  1849
Status :  1
mined  121000 21000 logs:  0 
Nonce :  1851
GasPrice :  1
block  1850
Status :  1
mined  121000 21000 logs:  0 
Nonce :  1852
GasPrice :  1
block  1851
Status :  1
mined  121000 21000 logs:  0 
Nonce :  1853
GasPrice :  1
block  1852
Status :  1
mined  121000 21000 logs:  0 
Nonce :  1854
GasPrice :  1
block  1853
Status :  1
mined  121000 21000 logs:  0 
Nonce :  1855
GasPrice :  1
block  1854
Status :  1
mined  121000 21000 logs:  0 
Nonce :  1856
GasPrice :  1
block  1855
Status :  1
mined  121000 21000 logs:  0 
Nonce :  1857
GasPrice :  1
block  1856
Status :  1
mined  121000 21000 logs:  0 
Nonce :  1858
GasPrice :  1
block  1857
Status :  1
mined  121000 21000 logs:  0 
Nonce :  1859
GasPrice :  1
block  1858
Status :  1
mined  121000 21000 logs:  0 
Nonce :  1860
GasPrice :  1
block  1859
Status :  1
mined  121000 21000 logs:  0 
Nonce :  1861
GasPrice :  1
block  1860
Status :  1
mined  121000 21000 logs:  0 
Nonce :  1862
GasPrice :  1
block  1861
Status :  1
mined  121000 21000 logs:  0 
Nonce :  1863
GasPrice :  1
block  1862
Status :  1
mined  121000 21000 logs:  0 
Nonce :  1864
GasPrice :  1
block  1863
Status :  1
mined  121000 21000 logs:  0 
Nonce :  1865
GasPrice :  1
block  1864
Status :  1
mined  121000 21000 logs:  0 
Nonce :  1866
GasPrice :  1
block  1865
Status :  1
mined  121000 21000 logs:  0 
Nonce :  1867
GasPrice :  1
block  1866
Status :  1
mined  121000 21000 logs:  0 
Nonce :  1868
GasPrice :  1
block  1867
Status :  1
mined  121000 21000 logs:  0 
Nonce :  1869
GasPrice :  1
block  1868
Status :  1
mined  121000 21000 logs:  0 
Nonce :  1870
GasPrice :  1
block  1869
Status :  1
mined  121000 21000 logs:  0 
Nonce :  1871
GasPrice :  1
block  1870
Status :  1
mined  121000 21000 logs:  0 
Nonce :  1872
GasPrice :  1
block  1871
Status :  1
mined  121000 21000 logs:  0 
Nonce :  1873
GasPrice :  1
block  1872
Status :  1
mined  121000 21000 logs:  0 
Nonce :  1874
GasPrice :  1
block  1873
Status :  1
mined  121000 21000 logs:  0 
Nonce :  1875
GasPrice :  1
block  1874
Status :  1
mined  121000 21000 logs:  0 
Nonce :  1876
GasPrice :  1
block  1875
Status :  1
mined  121000 21000 logs:  0 
Nonce :  1877
GasPrice :  1
block  1876
Status :  1
mined  121000 21000 logs:  0 
Nonce :  1878
GasPrice :  1
block  1877
Status :  1
mined  121000 21000 logs:  0 
Nonce :  1879
GasPrice :  1
block  1878
Status :  1
mined  121000 21000 logs:  0 
Nonce :  1880
GasPrice :  1
block  1879
Status :  1
mined  121000 21000 logs:  0 
Nonce :  1881
GasPrice :  1
block  1880
Status :  1
mined  121000 21000 logs:  0 
Nonce :  1882
GasPrice :  1
block  1881
Status :  1
mined  121000 21000 logs:  0 
Nonce :  1883
GasPrice :  1
block  1882
Status :  1
mined  121000 21000 logs:  0 
Nonce :  1884
GasPrice :  1
block  1883
Status :  1
mined  121000 21000 logs:  0 
Nonce :  1885
GasPrice :  1
block  1884
Status :  1
mined  121000 21000 logs:  0 
Nonce :  1886
GasPrice :  1
block  1885
Status :  1
mined  121000 21000 logs:  0 
Nonce :  1887
GasPrice :  1
block  1886
Status :  1
mined  121000 21000 logs:  0 
Nonce :  1888
GasPrice :  1
block  1887
Status :  1
mined  121000 21000 logs:  0 
Nonce :  1889
GasPrice :  1
block  1888
Status :  1
mined  121000 21000 logs:  0 
Nonce :  1890
GasPrice :  1
block  1889
Status :  1
mined  121000 21000 logs:  0 
Nonce :  1891
GasPrice :  1
block  1890
Status :  1
mined  121000 21000 logs:  0 
Nonce :  1892
GasPrice :  1
block  1891
Status :  1
mined  121000 21000 logs:  0 
Nonce :  1893
GasPrice :  1
block  1892
Status :  1
mined  121000 21000 logs:  0 
Nonce :  1894
GasPrice :  1
block  1893
Status :  1
mined  121000 21000 logs:  0 
Nonce :  1895
GasPrice :  1
block  1894
Status :  1
mined  121000 21000 logs:  0 
Nonce :  1896
GasPrice :  1
block  1895
Status :  1
mined  121000 21000 logs:  0 
Nonce :  1897
GasPrice :  1
block  1896
Status :  1
mined  121000 21000 logs:  0 
Nonce :  1898
GasPrice :  1
block  1897
Status :  1
mined  121000 21000 logs:  0 
Nonce :  1899
GasPrice :  1
block  1898
Status :  1
mined  121000 21000 logs:  0 
Nonce :  1900
GasPrice :  1
block  1899
Status :  1
mined  121000 21000 logs:  0 
Nonce :  1901
GasPrice :  1
block  1900
Status :  1
mined  121000 21000 logs:  0 
Nonce :  1902
GasPrice :  1
block  1901
Status :  1
mined  121000 21000 logs:  0 
Nonce :  1903
GasPrice :  1
block  1902
Status :  1
mined  121000 21000 logs:  0 
Nonce :  1904
GasPrice :  1
block  1903
Status :  1
mined  121000 21000 logs:  0 
Nonce :  1905
GasPrice :  1
block  1904
Status :  1
mined  121000 21000 logs:  0 
Nonce :  1906
GasPrice :  1
block  1905
Status :  1
mined  121000 21000 logs:  0 
Nonce :  1907
GasPrice :  1
block  1906
Status :  1
mined  121000 21000 logs:  0 
Nonce :  1908
GasPrice :  1
block  1907
Status :  1
mined  121000 21000 logs:  0 
Nonce :  1909
GasPrice :  1
block  1908
Status :  1
mined  121000 21000 logs:  0 
Nonce :  1910
GasPrice :  1
block  1909
Status :  1
mined  121000 21000 logs:  0 
Nonce :  1911
GasPrice :  1
block  1910
Status :  1
mined  121000 21000 logs:  0 
Nonce :  1912
GasPrice :  1
block  1911
Status :  1
mined  121000 21000 logs:  0 
Nonce :  1913
GasPrice :  1
block  1912
Status :  1
mined  121000 21000 logs:  0 
Nonce :  1914
GasPrice :  1
block  1913
Status :  1
mined  121000 21000 logs:  0 
Nonce :  1915
GasPrice :  1
block  1914
Status :  1
mined  121000 21000 logs:  0 
Nonce :  1916
GasPrice :  1
block  1915
Status :  1
mined  121000 21000 logs:  0 
Nonce :  1917
GasPrice :  1
block  1916
Status :  1
mined  121000 21000 logs:  0 
Nonce :  1918
GasPrice :  1
block  1917
Status :  1
mined  121000 21000 logs:  0 
Nonce :  1919
GasPrice :  1
block  1918
Status :  1
mined  121000 21000 logs:  0 
Nonce :  1920
GasPrice :  1
block  1919
Status :  1
mined  121000 21000 logs:  0 
Nonce :  1921
GasPrice :  1
block  1920
Status :  1
mined  121000 21000 logs:  0 
Nonce :  1922
GasPrice :  1
block  1921
Status :  1
mined  121000 21000 logs:  0 
Nonce :  1923
GasPrice :  1
block  1922
Status :  1
mined  121000 21000 logs:  0 
Nonce :  1924
GasPrice :  1
block  1923
Status :  1
mined  121000 21000 logs:  0 
Nonce :  1925
GasPrice :  1
block  1924
Status :  1
mined  121000 21000 logs:  0 
Nonce :  1926
GasPrice :  1
block  1925
Status :  1
mined  121000 21000 logs:  0 
Nonce :  1927
GasPrice :  1
block  1926
Status :  1
mined  121000 21000 logs:  0 
Nonce :  1928
GasPrice :  1
block  1927
Status :  1
mined  121000 21000 logs:  0 
Nonce :  1929
GasPrice :  1
block  1928
Status :  1
mined  121000 21000 logs:  0 
Nonce :  1930
GasPrice :  1
block  1929
Status :  1
mined  121000 21000 logs:  0 
Nonce :  1931
GasPrice :  1
block  1930
Status :  1
mined  121000 21000 logs:  0 
Nonce :  1932
GasPrice :  1
block  1931
Status :  1
mined  121000 21000 logs:  0 
Nonce :  1933
GasPrice :  1
block  1932
Status :  1
mined  121000 21000 logs:  0 
Nonce :  1934
GasPrice :  1
block  1933
Status :  1
mined  121000 21000 logs:  0 
Nonce :  1935
GasPrice :  1
block  1934
Status :  1
mined  121000 21000 logs:  0 
Nonce :  1936
GasPrice :  1
block  1935
Status :  1
mined  121000 21000 logs:  0 
Nonce :  1937
GasPrice :  1
block  1936
Status :  1
mined  121000 21000 logs:  0 
Nonce :  1938
GasPrice :  1
block  1937
Status :  1
mined  121000 21000 logs:  0 
Nonce :  1939
GasPrice :  1
block  1938
Status :  1
mined  121000 21000 logs:  0 
Nonce :  1940
GasPrice :  1
block  1939
Status :  1
mined  121000 21000 logs:  0 
Nonce :  1941
GasPrice :  1
block  1940
Status :  1
mined  121000 21000 logs:  0 
Nonce :  1942
GasPrice :  1
block  1941
Status :  1
mined  121000 21000 logs:  0 
Nonce :  1943
GasPrice :  1
block  1942
Status :  1
mined  121000 21000 logs:  0 
Nonce :  1944
GasPrice :  1
block  1943
Status :  1
mined  121000 21000 logs:  0 
Nonce :  1945
GasPrice :  1
block  1944
Status :  1
mined  121000 21000 logs:  0 
Nonce :  1946
GasPrice :  1
block  1945
Status :  1
mined  121000 21000 logs:  0 
Nonce :  1947
GasPrice :  1
block  1946
Status :  1
mined  121000 21000 logs:  0 
Nonce :  1948
GasPrice :  1
block  1947
Status :  1
mined  121000 21000 logs:  0 
Nonce :  1949
GasPrice :  1
block  1948
Status :  1
mined  121000 21000 logs:  0 
Nonce :  1950
GasPrice :  1
block  1949
Status :  1
mined  121000 21000 logs:  0 
Nonce :  1951
GasPrice :  1
block  1950
Status :  1
mined  121000 21000 logs:  0 
Nonce :  1952
GasPrice :  1
block  1951
Status :  1
mined  121000 21000 logs:  0 
Nonce :  1953
GasPrice :  1
block  1952
Status :  1
mined  121000 21000 logs:  0 
Nonce :  1954
GasPrice :  1
block  1953
Status :  1
mined  121000 21000 logs:  0 
Nonce :  1955
GasPrice :  1
block  1954
Status :  1
mined  121000 21000 logs:  0 
Nonce :  1956
GasPrice :  1
block  1955
Status :  1
mined  121000 21000 logs:  0 
Nonce :  1957
GasPrice :  1
block  1956
Status :  1
mined  121000 21000 logs:  0 
Nonce :  1958
GasPrice :  1
block  1957
Status :  1
mined  121000 21000 logs:  0 
Nonce :  1959
GasPrice :  1
block  1958
Status :  1
mined  121000 21000 logs:  0 
Nonce :  1960
GasPrice :  1
block  1959
Status :  1
mined  121000 21000 logs:  0 
Nonce :  1961
GasPrice :  1
block  1960
Status :  1
mined  121000 21000 logs:  0 
Nonce :  1962
GasPrice :  1
block  1961
Status :  1
mined  121000 21000 logs:  0 
Nonce :  1963
GasPrice :  1
block  1962
Status :  1
mined  121000 21000 logs:  0 
Nonce :  1964
GasPrice :  1
block  1963
Status :  1
mined  121000 21000 logs:  0 
Nonce :  1965
GasPrice :  1
block  1964
Status :  1
mined  121000 21000 logs:  0 
Nonce :  1966
GasPrice :  1
block  1965
Status :  1
mined  121000 21000 logs:  0 
Nonce :  1967
GasPrice :  1
block  1966
Status :  1
mined  121000 21000 logs:  0 
Nonce :  1968
GasPrice :  1
block  1967
Status :  1
mined  121000 21000 logs:  0 
Nonce :  1969
GasPrice :  1
block  1968
Status :  1
mined  121000 21000 logs:  0 
Nonce :  1970
GasPrice :  1
block  1969
Status :  1
mined  121000 21000 logs:  0 
Nonce :  1971
GasPrice :  1
block  1970
Status :  1
mined  121000 21000 logs:  0 
Nonce :  1972
GasPrice :  1
block  1971
Status :  1
mined  121000 21000 logs:  0 
Nonce :  1973
GasPrice :  1
block  1972
Status :  1
mined  121000 21000 logs:  0 
Nonce :  1974
GasPrice :  1
block  1973
Status :  1
mined  121000 21000 logs:  0 
Nonce :  1975
GasPrice :  1
block  1974
Status :  1
mined  121000 21000 logs:  0 
Nonce :  1976
GasPrice :  1
block  1975
Status :  1
mined  121000 21000 logs:  0 
Nonce :  1977
GasPrice :  1
block  1976
Status :  1
mined  121000 21000 logs:  0 
Nonce :  1978
GasPrice :  1
block  1977
Status :  1
mined  121000 21000 logs:  0 
Nonce :  1979
GasPrice :  1
block  1978
Status :  1
mined  121000 21000 logs:  0 
Nonce :  1980
GasPrice :  1
block  1979
Status :  1
mined  121000 21000 logs:  0 
Nonce :  1981
GasPrice :  1
block  1980
Status :  1
mined  121000 21000 logs:  0 
Nonce :  1982
GasPrice :  1
block  1981
Status :  1
mined  121000 21000 logs:  0 
Nonce :  1983
GasPrice :  1
block  1982
Status :  1
mined  121000 21000 logs:  0 
Nonce :  1984
GasPrice :  1
block  1983
Status :  1
mined  121000 21000 logs:  0 
Nonce :  1985
GasPrice :  1
block  1984
Status :  1
mined  121000 21000 logs:  0 
Nonce :  1986
GasPrice :  1
block  1985
Status :  1
mined  121000 21000 logs:  0 
Nonce :  1987
GasPrice :  1
block  1986
Status :  1
mined  121000 21000 logs:  0 
Nonce :  1988
GasPrice :  1
block  1987
Status :  1
mined  121000 21000 logs:  0 
Nonce :  1989
GasPrice :  1
block  1988
Status :  1
mined  121000 21000 logs:  0 
Nonce :  1990
GasPrice :  1
block  1989
Status :  1
mined  121000 21000 logs:  0 
Nonce :  1991
GasPrice :  1
block  1990
Status :  1
mined  121000 21000 logs:  0 
Nonce :  1992
GasPrice :  1
block  1991
Status :  1
mined  121000 21000 logs:  0 
Nonce :  1993
GasPrice :  1
block  1992
Status :  1
mined  121000 21000 logs:  0 
Nonce :  1994
GasPrice :  1
block  1993
Status :  1
mined  121000 21000 logs:  0 
Nonce :  1995
GasPrice :  1
block  1994
Status :  1
mined  121000 21000 logs:  0 
Nonce :  1996
GasPrice :  1
block  1995
Status :  1
mined  121000 21000 logs:  0 
Nonce :  1997
GasPrice :  1
block  1996
Status :  1
mined  121000 21000 logs:  0 
Nonce :  1998
GasPrice :  1
block  1997
Status :  1
mined  121000 21000 logs:  0 
Nonce :  1999
GasPrice :  1
block  1998
Status :  1
mined  121000 21000 logs:  0 
Nonce :  2000
GasPrice :  1
block  1999
Status :  1
mined  121000 21000 logs:  0 
Nonce :  2001
GasPrice :  1
block  2000
Status :  1
mined  121000 21000 logs:  0 
Nonce :  2002
GasPrice :  1
block  2001
Status :  1
mined  121000 21000 logs:  0 
Nonce :  2003
GasPrice :  1
block  2002
Status :  1
mined  121000 21000 logs:  0 
Nonce :  2004
GasPrice :  1
block  2003
Status :  1
mined  121000 21000 logs:  0 
Nonce :  2005
GasPrice :  1
block  2004
Status :  1
mined  121000 21000 logs:  0 
Nonce :  2006
GasPrice :  1
block  2005
Status :  1
mined  121000 21000 logs:  0 
Nonce :  2007
GasPrice :  1
block  2006
Status :  1
mined  121000 21000 logs:  0 
Nonce :  2008
GasPrice :  1
block  2007
Status :  1
mined  121000 21000 logs:  0 
Nonce :  2009
GasPrice :  1
block  2008
Status :  1
mined  121000 21000 logs:  0 
Nonce :  2010
GasPrice :  1
block  2009
Status :  1
mined  121000 21000 logs:  0 
Nonce :  2011
GasPrice :  1
block  2010
Status :  1
mined  121000 21000 logs:  0 
Nonce :  2012
GasPrice :  1
block  2011
Status :  1
mined  121000 21000 logs:  0 
Nonce :  2013
GasPrice :  1
block  2012
Status :  1
mined  121000 21000 logs:  0 
Nonce :  2014
GasPrice :  1
block  2013
Status :  1
mined  121000 21000 logs:  0 
Nonce :  2015
GasPrice :  1
block  2014
Status :  1
mined  121000 21000 logs:  0 
Nonce :  2016
GasPrice :  1
block  2015
Status :  1
mined  121000 21000 logs:  0 
Nonce :  2017
GasPrice :  1
block  2016
Status :  1
mined  121000 21000 logs:  0 
Nonce :  2018
GasPrice :  1
block  2017
Status :  1
mined  121000 21000 logs:  0 
Nonce :  2019
GasPrice :  1
block  2018
Status :  1
mined  121000 21000 logs:  0 
Nonce :  2020
GasPrice :  1
block  2019
Status :  1
mined  121000 21000 logs:  0 
Nonce :  2021
GasPrice :  1
block  2020
Status :  1
mined  121000 21000 logs:  0 
Nonce :  2022
GasPrice :  1
block  2021
Status :  1
mined  121000 21000 logs:  0 
Nonce :  2023
GasPrice :  1
block  2022
Status :  1
mined  121000 21000 logs:  0 
Nonce :  2024
GasPrice :  1
block  2023
Status :  1
mined  121000 21000 logs:  0 
Nonce :  2025
GasPrice :  1
block  2024
Status :  1
mined  121000 21000 logs:  0 
Nonce :  2026
GasPrice :  1
block  2025
Status :  1
mined  121000 21000 logs:  0 
Nonce :  2027
GasPrice :  1
block  2026
Status :  1
mined  121000 21000 logs:  0 
Nonce :  2028
GasPrice :  1
block  2027
Status :  1
mined  121000 21000 logs:  0 
Nonce :  2029
GasPrice :  1
block  2028
Status :  1
mined  121000 21000 logs:  0 
Nonce :  2030
GasPrice :  1
block  2029
Status :  1
mined  121000 21000 logs:  0 
Nonce :  2031
GasPrice :  1
block  2030
Status :  1
mined  121000 21000 logs:  0 
Nonce :  2032
GasPrice :  1
block  2031
Status :  1
mined  121000 21000 logs:  0 
Nonce :  2033
GasPrice :  1
block  2032
Status :  1
mined  121000 21000 logs:  0 
Nonce :  2034
GasPrice :  1
block  2033
Status :  1
mined  121000 21000 logs:  0 
Nonce :  2035
GasPrice :  1
block  2034
Status :  1
mined  121000 21000 logs:  0 
Nonce :  2036
GasPrice :  1
block  2035
Status :  1
mined  121000 21000 logs:  0 
Nonce :  2037
GasPrice :  1
block  2036
Status :  1
mined  121000 21000 logs:  0 
Nonce :  2038
GasPrice :  1
block  2037
Status :  1
mined  121000 21000 logs:  0 
Nonce :  2039
GasPrice :  1
block  2038
Status :  1
mined  121000 21000 logs:  0 
Nonce :  2040
GasPrice :  1
block  2039
Status :  1
mined  121000 21000 logs:  0 
Nonce :  2041
GasPrice :  1
block  2040
Status :  1
mined  121000 21000 logs:  0 
Nonce :  2042
GasPrice :  1
block  2041
Status :  1
mined  121000 21000 logs:  0 
Nonce :  2043
GasPrice :  1
block  2042
Status :  1
mined  121000 21000 logs:  0 
Nonce :  2044
GasPrice :  1
block  2043
Status :  1
mined  121000 21000 logs:  0 
Nonce :  2045
GasPrice :  1
block  2044
Status :  1
mined  121000 21000 logs:  0 
Nonce :  2046
GasPrice :  1
block  2045
Status :  1
mined  121000 21000 logs:  0 
Nonce :  2047
GasPrice :  1
block  2046
Status :  1
mined  121000 21000 logs:  0 
Nonce :  2048
GasPrice :  1
block  2047
Status :  1
mined  121000 21000 logs:  0 
Nonce :  2049
GasPrice :  1
block  2048
Status :  1
mined  121000 21000 logs:  0 
Nonce :  2050
GasPrice :  1
block  2049
Status :  1
mined  121000 21000 logs:  0 
Nonce :  2051
GasPrice :  1
block  2050
Status :  1
mined  121000 21000 logs:  0 
Nonce :  2052
GasPrice :  1
block  2051
Status :  1
mined  121000 21000 logs:  0 
Nonce :  2053
GasPrice :  1
block  2052
Status :  1
mined  121000 21000 logs:  0 
Nonce :  2054
GasPrice :  1
block  2053
Status :  1
mined  121000 21000 logs:  0 
Nonce :  2055
GasPrice :  1
block  2054
Status :  1
mined  121000 21000 logs:  0 
Nonce :  2056
GasPrice :  1
block  2055
Status :  1
mined  121000 21000 logs:  0 
Nonce :  2057
GasPrice :  1
block  2056
Status :  1
mined  121000 21000 logs:  0 
Nonce :  2058
GasPrice :  1
block  2057
Status :  1
mined  121000 21000 logs:  0 
Nonce :  2059
GasPrice :  1
block  2058
Status :  1
mined  121000 21000 logs:  0 
Nonce :  2060
GasPrice :  1
block  2059
Status :  1
mined  121000 21000 logs:  0 
Nonce :  2061
GasPrice :  1
block  2060
Status :  1
mined  121000 21000 logs:  0 
Nonce :  2062
GasPrice :  1
block  2061
Status :  1
mined  121000 21000 logs:  0 
Nonce :  2063
GasPrice :  1
block  2062
Status :  1
mined  121000 21000 logs:  0 
Nonce :  2064
GasPrice :  1
block  2063
Status :  1
mined  121000 21000 logs:  0 
Nonce :  2065
GasPrice :  1
block  2064
Status :  1
mined  121000 21000 logs:  0 
Nonce :  2066
GasPrice :  1
block  2065
Status :  1
mined  121000 21000 logs:  0 
Nonce :  2067
GasPrice :  1
block  2066
Status :  1
mined  121000 21000 logs:  0 
Nonce :  2068
GasPrice :  1
block  2067
Status :  1
mined  121000 21000 logs:  0 
Nonce :  2069
GasPrice :  1
block  2068
Status :  1
mined  121000 21000 logs:  0 
Nonce :  2070
GasPrice :  1
block  2069
Status :  1
mined  121000 21000 logs:  0 
Nonce :  2071
GasPrice :  1
block  2070
Status :  1
mined  121000 21000 logs:  0 
Nonce :  2072
GasPrice :  1
block  2071
Status :  1
mined  121000 21000 logs:  0 
Nonce :  2073
GasPrice :  1
block  2072
Status :  1
mined  121000 21000 logs:  0 
Nonce :  2074
GasPrice :  1
block  2073
Status :  1
mined  121000 21000 logs:  0 
Nonce :  2075
GasPrice :  1
block  2074
Status :  1
mined  121000 21000 logs:  0 
Nonce :  2076
GasPrice :  1
block  2075
Status :  1
mined  121000 21000 logs:  0 
Nonce :  2077
GasPrice :  1
block  2076
Status :  1
mined  121000 21000 logs:  0 
Nonce :  2078
GasPrice :  1
block  2077
Status :  1
mined  121000 21000 logs:  0 
Nonce :  2079
GasPrice :  1
block  2078
Status :  1
mined  121000 21000 logs:  0 
Nonce :  2080
GasPrice :  1
block  2079
Status :  1
mined  121000 21000 logs:  0 
Nonce :  2081
GasPrice :  1
block  2080
Status :  1
mined  121000 21000 logs:  0 
Nonce :  2082
GasPrice :  1
block  2081
Status :  1
mined  121000 21000 logs:  0 
Nonce :  2083
GasPrice :  1
block  2082
Status :  1
mined  121000 21000 logs:  0 
Nonce :  2084
GasPrice :  1
block  2083
Status :  1
mined  121000 21000 logs:  0 
Nonce :  2085
GasPrice :  1
block  2084
Status :  1
mined  121000 21000 logs:  0 
Nonce :  2086
GasPrice :  1
block  2085
Status :  1
mined  121000 21000 logs:  0 
Nonce :  2087
GasPrice :  1
block  2086
Status :  1
mined  121000 21000 logs:  0 
Nonce :  2088
GasPrice :  1
block  2087
Status :  1
mined  121000 21000 logs:  0 
Nonce :  2089
GasPrice :  1
block  2088
Status :  1
mined  121000 21000 logs:  0 
Nonce :  2090
GasPrice :  1
block  2089
Status :  1
mined  121000 21000 logs:  0 
Nonce :  2091
GasPrice :  1
block  2090
Status :  1
mined  121000 21000 logs:  0 
Nonce :  2092
GasPrice :  1
block  2091
Status :  1
mined  121000 21000 logs:  0 
Nonce :  2093
GasPrice :  1
block  2092
Status :  1
mined  121000 21000 logs:  0 
Nonce :  2094
GasPrice :  1
block  2093
Status :  1
mined  121000 21000 logs:  0 
Nonce :  2095
GasPrice :  1
block  2094
Status :  1
mined  121000 21000 logs:  0 
Nonce :  2096
GasPrice :  1
block  2095
Status :  1
mined  121000 21000 logs:  0 
Nonce :  2097
GasPrice :  1
block  2096
Status :  1
mined  121000 21000 logs:  0 
Nonce :  2098
GasPrice :  1
block  2097
Status :  1
mined  121000 21000 logs:  0 
Nonce :  2099
GasPrice :  1
block  2098
Status :  1
mined  121000 21000 logs:  0 
Nonce :  2100
GasPrice :  1
block  2099
Status :  1
mined  121000 21000 logs:  0 
Nonce :  2101
GasPrice :  1
block  2100
Status :  1
mined  121000 21000 logs:  0 
Nonce :  2102
GasPrice :  1
block  2101
Status :  1
mined  121000 21000 logs:  0 
Nonce :  2103
GasPrice :  1
block  2102
Status :  1
mined  121000 21000 logs:  0 
           BuySaleToken    T0001      500
Nonce :  0
GasPrice :  1
block  2103
Status :  0
mined  600000 21672 logs:  0  ***** possible failure
           BuySaleToken    T0002       50
Nonce :  0
GasPrice :  1
block  2104
Status :  0
mined  600000 21672 logs:  0  ***** possible failure
           WaitSaleFunding                  
 adjust by  28920
from  21080  by  28920  to  50010 to hit  50000
           BuySaleStaggered        5     1000
skipping purchase of  T0005
Nonce :  0
GasPrice :  1
block  2105
Status :  0
mined  600000 21672 logs:  0  ***** possible failure
Nonce :  0
GasPrice :  1
block  2106
Status :  0
mined  600000 21672 logs:  0  ***** possible failure
Nonce :  0
GasPrice :  1
block  2107
Status :  0
mined  600000 21672 logs:  0  ***** possible failure
Nonce :  0
GasPrice :  1
block  2108
Status :  0
mined  600000 21672 logs:  0  ***** possible failure
Nonce :  0
GasPrice :  1
block  2109
Status :  0
mined  600000 21672 logs:  0  ***** possible failure
Nonce :  0
GasPrice :  1
block  2110
Status :  0
mined  600000 21672 logs:  0  ***** possible failure
Nonce :  0
GasPrice :  1
block  2111
Status :  0
mined  600000 21672 logs:  0  ***** possible failure
Nonce :  0
GasPrice :  1
block  2112
Status :  0
mined  600000 21672 logs:  0  ***** possible failure
Nonce :  0
GasPrice :  1
block  2113
Status :  0
mined  600000 21672 logs:  0  ***** possible failure
Nonce :  0
GasPrice :  1
block  2114
Status :  0
mined  600000 21672 logs:  0  ***** possible failure
Nonce :  0
GasPrice :  1
block  2115
Status :  0
mined  600000 21672 logs:  0  ***** possible failure
Nonce :  0
GasPrice :  1
block  2116
Status :  0
mined  600000 21672 logs:  0  ***** possible failure
Nonce :  0
GasPrice :  1
block  2117
Status :  0
mined  600000 21672 logs:  0  ***** possible failure
Nonce :  0
GasPrice :  1
block  2118
Status :  0
mined  600000 21672 logs:  0  ***** possible failure
Nonce :  0
GasPrice :  1
block  2119
Status :  0
mined  600000 21672 logs:  0  ***** possible failure
Nonce :  0
GasPrice :  1
block  2120
Status :  0
mined  600000 21672 logs:  0  ***** possible failure
Nonce :  0
GasPrice :  1
block  2121
Status :  0
mined  600000 21672 logs:  0  ***** possible failure
Nonce :  0
GasPrice :  1
block  2122
Status :  0
mined  600000 21672 logs:  0  ***** possible failure
Nonce :  0
GasPrice :  1
block  2123
Status :  0
mined  600000 21672 logs:  0  ***** possible failure
skipping purchase of  T0025
Nonce :  0
GasPrice :  1
block  2124
Status :  0
mined  600000 21672 logs:  0  ***** possible failure
Nonce :  0
GasPrice :  1
block  2125
Status :  0
mined  600000 21672 logs:  0  ***** possible failure
Nonce :  0
GasPrice :  1
block  2126
Status :  0
mined  600000 21672 logs:  0  ***** possible failure
Nonce :  0
GasPrice :  1
block  2127
Status :  0
mined  600000 21672 logs:  0  ***** possible failure
Nonce :  0
GasPrice :  1
block  2128
Status :  0
mined  600000 21672 logs:  0  ***** possible failure
Nonce :  0
GasPrice :  1
block  2129
Status :  0
mined  600000 21672 logs:  0  ***** possible failure
Nonce :  0
GasPrice :  1
block  2130
Status :  0
mined  600000 21672 logs:  0  ***** possible failure
Nonce :  0
GasPrice :  1
block  2131
Status :  0
mined  600000 21672 logs:  0  ***** possible failure
Nonce :  0
GasPrice :  1
block  2132
Status :  0
mined  600000 21672 logs:  0  ***** possible failure
Nonce :  0
GasPrice :  1
block  2133
Status :  0
mined  600000 21672 logs:  0  ***** possible failure
Nonce :  0
GasPrice :  1
block  2134
Status :  0
mined  600000 21672 logs:  0  ***** possible failure
Nonce :  0
GasPrice :  1
block  2135
Status :  0
mined  600000 21672 logs:  0  ***** possible failure
Nonce :  0
GasPrice :  1
block  2136
Status :  0
mined  600000 21672 logs:  0  ***** possible failure
Nonce :  0
GasPrice :  1
block  2137
Status :  0
mined  600000 21672 logs:  0  ***** possible failure
Nonce :  0
GasPrice :  1
block  2138
Status :  0
mined  600000 21672 logs:  0  ***** possible failure
Nonce :  0
GasPrice :  1
block  2139
Status :  0
mined  600000 21672 logs:  0  ***** possible failure
Nonce :  0
GasPrice :  1
block  2140
Status :  0
mined  600000 21672 logs:  0  ***** possible failure
Nonce :  0
GasPrice :  1
block  2141
Status :  0
mined  600000 21672 logs:  0  ***** possible failure
Nonce :  0
GasPrice :  1
block  2142
Status :  0
mined  600000 21672 logs:  0  ***** possible failure
skipping purchase of  T0045
Nonce :  0
GasPrice :  1
block  2143
Status :  0
mined  600000 21672 logs:  0  ***** possible failure
Nonce :  0
GasPrice :  1
block  2144
Status :  0
mined  600000 21672 logs:  0  ***** possible failure
Nonce :  0
GasPrice :  1
block  2145
Status :  0
mined  600000 21672 logs:  0  ***** possible failure
Nonce :  0
GasPrice :  1
block  2146
Status :  0
mined  600000 21672 logs:  0  ***** possible failure
Nonce :  0
GasPrice :  1
block  2147
Status :  0
mined  600000 21672 logs:  0  ***** possible failure
Nonce :  0
GasPrice :  1
block  2148
Status :  0
mined  600000 21672 logs:  0  ***** possible failure
Nonce :  0
GasPrice :  1
block  2149
Status :  0
mined  600000 21672 logs:  0  ***** possible failure
Nonce :  0
GasPrice :  1
block  2150
Status :  0
mined  600000 21672 logs:  0  ***** possible failure
Nonce :  0
GasPrice :  1
block  2151
Status :  0
mined  600000 21672 logs:  0  ***** possible failure
Nonce :  0
GasPrice :  1
block  2152
Status :  0
mined  600000 21672 logs:  0  ***** possible failure
Nonce :  0
GasPrice :  1
block  2153
Status :  0
mined  600000 21672 logs:  0  ***** possible failure
Nonce :  0
GasPrice :  1
block  2154
Status :  0
mined  600000 21672 logs:  0  ***** possible failure
Nonce :  0
GasPrice :  1
block  2155
Status :  0
mined  600000 21672 logs:  0  ***** possible failure
Nonce :  0
GasPrice :  1
block  2156
Status :  0
mined  600000 21672 logs:  0  ***** possible failure
Nonce :  0
GasPrice :  1
block  2157
Status :  0
mined  600000 21672 logs:  0  ***** possible failure
Nonce :  0
GasPrice :  1
block  2158
Status :  0
mined  600000 21672 logs:  0  ***** possible failure
Nonce :  0
GasPrice :  1
block  2159
Status :  0
mined  600000 21672 logs:  0  ***** possible failure
Nonce :  0
GasPrice :  1
block  2160
Status :  0
mined  600000 21672 logs:  0  ***** possible failure
Nonce :  0
GasPrice :  1
block  2161
Status :  0
mined  600000 21672 logs:  0  ***** possible failure
skipping purchase of  T0065
Nonce :  0
GasPrice :  1
block  2162
Status :  0
mined  600000 21672 logs:  0  ***** possible failure
Nonce :  0
GasPrice :  1
block  2163
Status :  0
mined  600000 21672 logs:  0  ***** possible failure
Nonce :  0
GasPrice :  1
block  2164
Status :  0
mined  600000 21672 logs:  0  ***** possible failure
Nonce :  0
GasPrice :  1
block  2165
Status :  0
mined  600000 21672 logs:  0  ***** possible failure
Nonce :  0
GasPrice :  1
block  2166
Status :  0
mined  600000 21672 logs:  0  ***** possible failure
Nonce :  0
GasPrice :  1
block  2167
Status :  0
mined  600000 21672 logs:  0  ***** possible failure
Nonce :  0
GasPrice :  1
block  2168
Status :  0
mined  600000 21672 logs:  0  ***** possible failure
Nonce :  0
GasPrice :  1
block  2169
Status :  0
mined  600000 21672 logs:  0  ***** possible failure
Nonce :  0
GasPrice :  1
block  2170
Status :  0
mined  600000 21672 logs:  0  ***** possible failure
Nonce :  0
GasPrice :  1
block  2171
Status :  0
mined  600000 21672 logs:  0  ***** possible failure
Nonce :  0
GasPrice :  1
block  2172
Status :  0
mined  600000 21672 logs:  0  ***** possible failure
Nonce :  0
GasPrice :  1
block  2173
Status :  0
mined  600000 21672 logs:  0  ***** possible failure
Nonce :  0
GasPrice :  1
block  2174
Status :  0
mined  600000 21672 logs:  0  ***** possible failure
Nonce :  0
GasPrice :  1
block  2175
Status :  0
mined  600000 21672 logs:  0  ***** possible failure
Nonce :  0
GasPrice :  1
block  2176
Status :  0
mined  600000 21672 logs:  0  ***** possible failure
Nonce :  0
GasPrice :  1
block  2177
Status :  0
mined  600000 21672 logs:  0  ***** possible failure
Nonce :  0
GasPrice :  1
block  2178
Status :  0
mined  600000 21672 logs:  0  ***** possible failure
Nonce :  0
GasPrice :  1
block  2179
Status :  0
mined  600000 21672 logs:  0  ***** possible failure
Nonce :  0
GasPrice :  1
block  2180
Status :  0
mined  600000 21672 logs:  0  ***** possible failure
skipping purchase of  T0085
Nonce :  0
GasPrice :  1
block  2181
Status :  0
mined  600000 21672 logs:  0  ***** possible failure
Nonce :  0
GasPrice :  1
block  2182
Status :  0
mined  600000 21672 logs:  0  ***** possible failure
Nonce :  0
GasPrice :  1
block  2183
Status :  0
mined  600000 21672 logs:  0  ***** possible failure
Nonce :  0
GasPrice :  1
block  2184
Status :  0
mined  600000 21672 logs:  0  ***** possible failure
Nonce :  0
GasPrice :  1
block  2185
Status :  0
mined  600000 21672 logs:  0  ***** possible failure
Nonce :  0
GasPrice :  1
block  2186
Status :  0
mined  600000 21672 logs:  0  ***** possible failure
Nonce :  0
GasPrice :  1
block  2187
Status :  0
mined  600000 21672 logs:  0  ***** possible failure
Nonce :  0
GasPrice :  1
block  2188
Status :  0
mined  600000 21672 logs:  0  ***** possible failure
Nonce :  0
GasPrice :  1
block  2189
Status :  0
mined  600000 21672 logs:  0  ***** possible failure
Nonce :  0
GasPrice :  1
block  2190
Status :  0
mined  600000 21672 logs:  0  ***** possible failure
Nonce :  0
GasPrice :  1
block  2191
Status :  0
mined  600000 21672 logs:  0  ***** possible failure
Nonce :  0
GasPrice :  1
block  2192
Status :  0
mined  600000 21672 logs:  0  ***** possible failure
Nonce :  0
GasPrice :  1
block  2193
Status :  0
mined  600000 21672 logs:  0  ***** possible failure
Nonce :  0
GasPrice :  1
block  2194
Status :  0
mined  600000 21672 logs:  0  ***** possible failure
Nonce :  0
GasPrice :  1
block  2195
Status :  0
mined  600000 21672 logs:  0  ***** possible failure
Nonce :  0
GasPrice :  1
block  2196
Status :  0
mined  600000 21672 logs:  0  ***** possible failure
Nonce :  0
GasPrice :  1
block  2197
Status :  0
mined  600000 21672 logs:  0  ***** possible failure
Nonce :  0
GasPrice :  1
block  2198
Status :  0
mined  600000 21672 logs:  0  ***** possible failure
Nonce :  0
GasPrice :  1
block  2199
Status :  0
mined  600000 21672 logs:  0  ***** possible failure
skipping purchase of  T0105
Nonce :  0
GasPrice :  1
block  2200
Status :  0
mined  600000 21672 logs:  0  ***** possible failure
Nonce :  0
GasPrice :  1
block  2201
Status :  0
mined  600000 21672 logs:  0  ***** possible failure
Nonce :  0
GasPrice :  1
block  2202
Status :  0
mined  600000 21672 logs:  0  ***** possible failure
Nonce :  0
GasPrice :  1
block  2203
Status :  0
mined  600000 21672 logs:  0  ***** possible failure
Nonce :  0
GasPrice :  1
block  2204
Status :  0
mined  600000 21672 logs:  0  ***** possible failure
Nonce :  0
GasPrice :  1
block  2205
Status :  0
mined  600000 21672 logs:  0  ***** possible failure
Nonce :  0
GasPrice :  1
block  2206
Status :  0
mined  600000 21672 logs:  0  ***** possible failure
Nonce :  0
GasPrice :  1
block  2207
Status :  0
mined  600000 21672 logs:  0  ***** possible failure
Nonce :  0
GasPrice :  1
block  2208
Status :  0
mined  600000 21672 logs:  0  ***** possible failure
Nonce :  0
GasPrice :  1
block  2209
Status :  0
mined  600000 21672 logs:  0  ***** possible failure
Nonce :  0
GasPrice :  1
block  2210
Status :  0
mined  600000 21672 logs:  0  ***** possible failure
Nonce :  0
GasPrice :  1
block  2211
Status :  0
mined  600000 21672 logs:  0  ***** possible failure
Nonce :  0
GasPrice :  1
block  2212
Status :  0
mined  600000 21672 logs:  0  ***** possible failure
Nonce :  0
GasPrice :  1
block  2213
Status :  0
mined  600000 21672 logs:  0  ***** possible failure
Nonce :  0
GasPrice :  1
block  2214
Status :  0
mined  600000 21672 logs:  0  ***** possible failure
Nonce :  0
GasPrice :  1
block  2215
Status :  0
mined  600000 21672 logs:  0  ***** possible failure
Nonce :  0
GasPrice :  1
block  2216
Status :  0
mined  600000 21672 logs:  0  ***** possible failure
Nonce :  0
GasPrice :  1
block  2217
Status :  0
mined  600000 21672 logs:  0  ***** possible failure
Nonce :  0
GasPrice :  1
block  2218
Status :  0
mined  600000 21672 logs:  0  ***** possible failure
skipping purchase of  T0125
Nonce :  0
GasPrice :  1
block  2219
Status :  0
mined  600000 21672 logs:  0  ***** possible failure
Nonce :  0
GasPrice :  1
block  2220
Status :  0
mined  600000 21672 logs:  0  ***** possible failure
Nonce :  0
GasPrice :  1
block  2221
Status :  0
mined  600000 21672 logs:  0  ***** possible failure
Nonce :  0
GasPrice :  1
block  2222
Status :  0
mined  600000 21672 logs:  0  ***** possible failure
Nonce :  0
GasPrice :  1
block  2223
Status :  0
mined  600000 21672 logs:  0  ***** possible failure
Nonce :  0
GasPrice :  1
block  2224
Status :  0
mined  600000 21672 logs:  0  ***** possible failure
Nonce :  0
GasPrice :  1
block  2225
Status :  0
mined  600000 21672 logs:  0  ***** possible failure
Nonce :  0
GasPrice :  1
block  2226
Status :  0
mined  600000 21672 logs:  0  ***** possible failure
Nonce :  0
GasPrice :  1
block  2227
Status :  0
mined  600000 21672 logs:  0  ***** possible failure
Nonce :  0
GasPrice :  1
block  2228
Status :  0
mined  600000 21672 logs:  0  ***** possible failure
Nonce :  0
GasPrice :  1
block  2229
Status :  0
mined  600000 21672 logs:  0  ***** possible failure
Nonce :  0
GasPrice :  1
block  2230
Status :  0
mined  600000 21672 logs:  0  ***** possible failure
Nonce :  0
GasPrice :  1
block  2231
Status :  0
mined  600000 21672 logs:  0  ***** possible failure
Nonce :  0
GasPrice :  1
block  2232
Status :  0
mined  600000 21672 logs:  0  ***** possible failure
Nonce :  0
GasPrice :  1
block  2233
Status :  0
mined  600000 21672 logs:  0  ***** possible failure
Nonce :  0
GasPrice :  1
block  2234
Status :  0
mined  600000 21672 logs:  0  ***** possible failure
Nonce :  0
GasPrice :  1
block  2235
Status :  0
mined  600000 21672 logs:  0  ***** possible failure
Nonce :  0
GasPrice :  1
block  2236
Status :  0
mined  600000 21672 logs:  0  ***** possible failure
Nonce :  0
GasPrice :  1
block  2237
Status :  0
mined  600000 21672 logs:  0  ***** possible failure
skipping purchase of  T0145
Nonce :  0
GasPrice :  1
block  2238
Status :  0
mined  600000 21672 logs:  0  ***** possible failure
Nonce :  0
GasPrice :  1
block  2239
Status :  0
mined  600000 21672 logs:  0  ***** possible failure
Nonce :  0
GasPrice :  1
block  2240
Status :  0
mined  600000 21672 logs:  0  ***** possible failure
Nonce :  0
GasPrice :  1
block  2241
Status :  0
mined  600000 21672 logs:  0  ***** possible failure
Nonce :  0
GasPrice :  1
block  2242
Status :  0
mined  600000 21672 logs:  0  ***** possible failure
Nonce :  0
GasPrice :  1
block  2243
Status :  0
mined  600000 21672 logs:  0  ***** possible failure
Nonce :  0
GasPrice :  1
block  2244
Status :  0
mined  600000 21672 logs:  0  ***** possible failure
Nonce :  0
GasPrice :  1
block  2245
Status :  0
mined  600000 21672 logs:  0  ***** possible failure
Nonce :  0
GasPrice :  1
block  2246
Status :  0
mined  600000 21672 logs:  0  ***** possible failure
Nonce :  0
GasPrice :  1
block  2247
Status :  0
mined  600000 21672 logs:  0  ***** possible failure
Nonce :  0
GasPrice :  1
block  2248
Status :  0
mined  600000 21672 logs:  0  ***** possible failure
Nonce :  0
GasPrice :  1
block  2249
Status :  0
mined  600000 21672 logs:  0  ***** possible failure
Nonce :  0
GasPrice :  1
block  2250
Status :  0
mined  600000 21672 logs:  0  ***** possible failure
Nonce :  0
GasPrice :  1
block  2251
Status :  0
mined  600000 21672 logs:  0  ***** possible failure
Nonce :  0
GasPrice :  1
block  2252
Status :  0
mined  600000 21672 logs:  0  ***** possible failure
Nonce :  0
GasPrice :  1
block  2253
Status :  0
mined  600000 21672 logs:  0  ***** possible failure
Nonce :  0
GasPrice :  1
block  2254
Status :  0
mined  600000 21672 logs:  0  ***** possible failure
Nonce :  0
GasPrice :  1
block  2255
Status :  0
mined  600000 21672 logs:  0  ***** possible failure
Nonce :  0
GasPrice :  1
block  2256
Status :  0
mined  600000 21672 logs:  0  ***** possible failure
skipping purchase of  T0165
Nonce :  0
GasPrice :  1
block  2257
Status :  0
mined  600000 21672 logs:  0  ***** possible failure
Nonce :  0
GasPrice :  1
block  2258
Status :  0
mined  600000 21672 logs:  0  ***** possible failure
Nonce :  0
GasPrice :  1
block  2259
Status :  0
mined  600000 21672 logs:  0  ***** possible failure
Nonce :  0
GasPrice :  1
block  2260
Status :  0
mined  600000 21672 logs:  0  ***** possible failure
Nonce :  0
GasPrice :  1
block  2261
Status :  0
mined  600000 21672 logs:  0  ***** possible failure
Nonce :  0
GasPrice :  1
block  2262
Status :  0
mined  600000 21672 logs:  0  ***** possible failure
Nonce :  0
GasPrice :  1
block  2263
Status :  0
mined  600000 21672 logs:  0  ***** possible failure
Nonce :  0
GasPrice :  1
block  2264
Status :  0
mined  600000 21672 logs:  0  ***** possible failure
Nonce :  0
GasPrice :  1
block  2265
Status :  0
mined  600000 21672 logs:  0  ***** possible failure
Nonce :  0
GasPrice :  1
block  2266
Status :  0
mined  600000 21672 logs:  0  ***** possible failure
Nonce :  0
GasPrice :  1
block  2267
Status :  0
mined  600000 21672 logs:  0  ***** possible failure
Nonce :  0
GasPrice :  1
block  2268
Status :  0
mined  600000 21672 logs:  0  ***** possible failure
Nonce :  0
GasPrice :  1
block  2269
Status :  0
mined  600000 21672 logs:  0  ***** possible failure
Nonce :  0
GasPrice :  1
block  2270
Status :  0
mined  600000 21672 logs:  0  ***** possible failure
Nonce :  0
GasPrice :  1
block  2271
Status :  0
mined  600000 21672 logs:  0  ***** possible failure
Nonce :  0
GasPrice :  1
block  2272
Status :  0
mined  600000 21672 logs:  0  ***** possible failure
Nonce :  0
GasPrice :  1
block  2273
Status :  0
mined  600000 21672 logs:  0  ***** possible failure
Nonce :  0
GasPrice :  1
block  2274
Status :  0
mined  600000 21672 logs:  0  ***** possible failure
Nonce :  0
GasPrice :  1
block  2275
Status :  0
mined  600000 21672 logs:  0  ***** possible failure
skipping purchase of  T0185
Nonce :  0
GasPrice :  1
block  2276
Status :  0
mined  600000 21672 logs:  0  ***** possible failure
Nonce :  0
GasPrice :  1
block  2277
Status :  0
mined  600000 21672 logs:  0  ***** possible failure
Nonce :  0
GasPrice :  1
block  2278
Status :  0
mined  600000 21672 logs:  0  ***** possible failure
Nonce :  0
GasPrice :  1
block  2279
Status :  0
mined  600000 21672 logs:  0  ***** possible failure
Nonce :  0
GasPrice :  1
block  2280
Status :  0
mined  600000 21672 logs:  0  ***** possible failure
Nonce :  0
GasPrice :  1
block  2281
Status :  0
mined  600000 21672 logs:  0  ***** possible failure
Nonce :  0
GasPrice :  1
block  2282
Status :  0
mined  600000 21672 logs:  0  ***** possible failure
Nonce :  0
GasPrice :  1
block  2283
Status :  0
mined  600000 21672 logs:  0  ***** possible failure
Nonce :  0
GasPrice :  1
block  2284
Status :  0
mined  600000 21672 logs:  0  ***** possible failure
Nonce :  0
GasPrice :  1
block  2285
Status :  0
mined  600000 21672 logs:  0  ***** possible failure
Nonce :  0
GasPrice :  1
block  2286
Status :  0
mined  600000 21672 logs:  0  ***** possible failure
Nonce :  0
GasPrice :  1
block  2287
Status :  0
mined  600000 21672 logs:  0  ***** possible failure
Nonce :  0
GasPrice :  1
block  2288
Status :  0
mined  600000 21672 logs:  0  ***** possible failure
Nonce :  0
GasPrice :  1
block  2289
Status :  0
mined  600000 21672 logs:  0  ***** possible failure
Nonce :  0
GasPrice :  1
block  2290
Status :  0
mined  600000 21672 logs:  0  ***** possible failure
Nonce :  0
GasPrice :  1
block  2291
Status :  0
mined  600000 21672 logs:  0  ***** possible failure
Nonce :  0
GasPrice :  1
block  2292
Status :  0
mined  600000 21672 logs:  0  ***** possible failure
Nonce :  0
GasPrice :  1
block  2293
Status :  0
mined  600000 21672 logs:  0  ***** possible failure
Nonce :  0
GasPrice :  1
block  2294
Status :  0
mined  600000 21672 logs:  0  ***** possible failure
skipping purchase of  T0205
Nonce :  0
GasPrice :  1
block  2295
Status :  0
mined  600000 21672 logs:  0  ***** possible failure
Nonce :  0
GasPrice :  1
block  2296
Status :  0
mined  600000 21672 logs:  0  ***** possible failure
Nonce :  0
GasPrice :  1
block  2297
Status :  0
mined  600000 21672 logs:  0  ***** possible failure
Nonce :  0
GasPrice :  1
block  2298
Status :  0
mined  600000 21672 logs:  0  ***** possible failure
Nonce :  0
GasPrice :  1
block  2299
Status :  0
mined  600000 21672 logs:  0  ***** possible failure
Nonce :  0
GasPrice :  1
block  2300
Status :  0
mined  600000 21672 logs:  0  ***** possible failure
Nonce :  0
GasPrice :  1
block  2301
Status :  0
mined  600000 21672 logs:  0  ***** possible failure
Nonce :  0
GasPrice :  1
block  2302
Status :  0
mined  600000 21672 logs:  0  ***** possible failure
Nonce :  0
GasPrice :  1
block  2303
Status :  0
mined  600000 21672 logs:  0  ***** possible failure
Nonce :  0
GasPrice :  1
block  2304
Status :  0
mined  600000 21672 logs:  0  ***** possible failure
Nonce :  0
GasPrice :  1
block  2305
Status :  0
mined  600000 21672 logs:  0  ***** possible failure
Nonce :  0
GasPrice :  1
block  2306
Status :  0
mined  600000 21672 logs:  0  ***** possible failure
Nonce :  0
GasPrice :  1
block  2307
Status :  0
mined  600000 21672 logs:  0  ***** possible failure
Nonce :  0
GasPrice :  1
block  2308
Status :  0
mined  600000 21672 logs:  0  ***** possible failure
Nonce :  0
GasPrice :  1
block  2309
Status :  0
mined  600000 21672 logs:  0  ***** possible failure
Nonce :  0
GasPrice :  1
block  2310
Status :  0
mined  600000 21672 logs:  0  ***** possible failure
Nonce :  0
GasPrice :  1
block  2311
Status :  0
mined  600000 21672 logs:  0  ***** possible failure
Nonce :  0
GasPrice :  1
block  2312
Status :  0
mined  600000 21672 logs:  0  ***** possible failure
Nonce :  0
GasPrice :  1
block  2313
Status :  0
mined  600000 21672 logs:  0  ***** possible failure
skipping purchase of  T0225
Nonce :  0
GasPrice :  1
block  2314
Status :  0
mined  600000 21672 logs:  0  ***** possible failure
Nonce :  0
GasPrice :  1
block  2315
Status :  0
mined  600000 21672 logs:  0  ***** possible failure
Nonce :  0
GasPrice :  1
block  2316
Status :  0
mined  600000 21672 logs:  0  ***** possible failure
Nonce :  0
GasPrice :  1
block  2317
Status :  0
mined  600000 21672 logs:  0  ***** possible failure
Nonce :  0
GasPrice :  1
block  2318
Status :  0
mined  600000 21672 logs:  0  ***** possible failure
Nonce :  0
GasPrice :  1
block  2319
Status :  0
mined  600000 21672 logs:  0  ***** possible failure
Nonce :  0
GasPrice :  1
block  2320
Status :  0
mined  600000 21672 logs:  0  ***** possible failure
Nonce :  0
GasPrice :  1
block  2321
Status :  0
mined  600000 21672 logs:  0  ***** possible failure
Nonce :  0
GasPrice :  1
block  2322
Status :  0
mined  600000 21672 logs:  0  ***** possible failure
Nonce :  0
GasPrice :  1
block  2323
Status :  0
mined  600000 21672 logs:  0  ***** possible failure
Nonce :  0
GasPrice :  1
block  2324
Status :  0
mined  600000 21672 logs:  0  ***** possible failure
Nonce :  0
GasPrice :  1
block  2325
Status :  0
mined  600000 21672 logs:  0  ***** possible failure
Nonce :  0
GasPrice :  1
block  2326
Status :  0
mined  600000 21672 logs:  0  ***** possible failure
Nonce :  0
GasPrice :  1
block  2327
Status :  0
mined  600000 21672 logs:  0  ***** possible failure
Nonce :  0
GasPrice :  1
block  2328
Status :  0
mined  600000 21672 logs:  0  ***** possible failure
Nonce :  0
GasPrice :  1
block  2329
Status :  0
mined  600000 21672 logs:  0  ***** possible failure
Nonce :  0
GasPrice :  1
block  2330
Status :  0
mined  600000 21672 logs:  0  ***** possible failure
Nonce :  0
GasPrice :  1
block  2331
Status :  0
mined  600000 21672 logs:  0  ***** possible failure
Nonce :  0
GasPrice :  1
block  2332
Status :  0
mined  600000 21672 logs:  0  ***** possible failure
skipping purchase of  T0245
Nonce :  0
GasPrice :  1
block  2333
Status :  0
mined  600000 21672 logs:  0  ***** possible failure
Nonce :  0
GasPrice :  1
block  2334
Status :  0
mined  600000 21672 logs:  0  ***** possible failure
Nonce :  0
GasPrice :  1
block  2335
Status :  0
mined  600000 21672 logs:  0  ***** possible failure
Nonce :  0
GasPrice :  1
block  2336
Status :  0
mined  600000 21672 logs:  0  ***** possible failure
Nonce :  0
GasPrice :  1
block  2337
Status :  0
mined  600000 21672 logs:  0  ***** possible failure
Nonce :  0
GasPrice :  1
block  2338
Status :  0
mined  600000 21672 logs:  0  ***** possible failure
Nonce :  0
GasPrice :  1
block  2339
Status :  0
mined  600000 21672 logs:  0  ***** possible failure
Nonce :  0
GasPrice :  1
block  2340
Status :  0
mined  600000 21672 logs:  0  ***** possible failure
Nonce :  0
GasPrice :  1
block  2341
Status :  0
mined  600000 21672 logs:  0  ***** possible failure
Nonce :  0
GasPrice :  1
block  2342
Status :  0
mined  600000 21672 logs:  0  ***** possible failure
Nonce :  0
GasPrice :  1
block  2343
Status :  0
mined  600000 21672 logs:  0  ***** possible failure
Nonce :  0
GasPrice :  1
block  2344
Status :  0
mined  600000 21672 logs:  0  ***** possible failure
Nonce :  0
GasPrice :  1
block  2345
Status :  0
mined  600000 21672 logs:  0  ***** possible failure
Nonce :  0
GasPrice :  1
block  2346
Status :  0
mined  600000 21672 logs:  0  ***** possible failure
Nonce :  0
GasPrice :  1
block  2347
Status :  0
mined  600000 21672 logs:  0  ***** possible failure
Nonce :  0
GasPrice :  1
block  2348
Status :  0
mined  600000 21672 logs:  0  ***** possible failure
Nonce :  0
GasPrice :  1
block  2349
Status :  0
mined  600000 21672 logs:  0  ***** possible failure
Nonce :  0
GasPrice :  1
block  2350
Status :  0
mined  600000 21672 logs:  0  ***** possible failure
Nonce :  0
GasPrice :  1
block  2351
Status :  0
mined  600000 21672 logs:  0  ***** possible failure
skipping purchase of  T0265
Nonce :  0
GasPrice :  1
block  2352
Status :  0
mined  600000 21672 logs:  0  ***** possible failure
Nonce :  0
GasPrice :  1
block  2353
Status :  0
mined  600000 21672 logs:  0  ***** possible failure
Nonce :  0
GasPrice :  1
block  2354
Status :  0
mined  600000 21672 logs:  0  ***** possible failure
Nonce :  0
GasPrice :  1
block  2355
Status :  0
mined  600000 21672 logs:  0  ***** possible failure
Nonce :  0
GasPrice :  1
block  2356
Status :  0
mined  600000 21672 logs:  0  ***** possible failure
Nonce :  0
GasPrice :  1
block  2357
Status :  0
mined  600000 21672 logs:  0  ***** possible failure
Nonce :  0
GasPrice :  1
block  2358
Status :  0
mined  600000 21672 logs:  0  ***** possible failure
Nonce :  0
GasPrice :  1
block  2359
Status :  0
mined  600000 21672 logs:  0  ***** possible failure
Nonce :  0
GasPrice :  1
block  2360
Status :  0
mined  600000 21672 logs:  0  ***** possible failure
Nonce :  0
GasPrice :  1
block  2361
Status :  0
mined  600000 21672 logs:  0  ***** possible failure
Nonce :  0
GasPrice :  1
block  2362
Status :  0
mined  600000 21672 logs:  0  ***** possible failure
Nonce :  0
GasPrice :  1
block  2363
Status :  0
mined  600000 21672 logs:  0  ***** possible failure
Nonce :  0
GasPrice :  1
block  2364
Status :  0
mined  600000 21672 logs:  0  ***** possible failure
Nonce :  0
GasPrice :  1
block  2365
Status :  0
mined  600000 21672 logs:  0  ***** possible failure
Nonce :  0
GasPrice :  1
block  2366
Status :  0
mined  600000 21672 logs:  0  ***** possible failure
Nonce :  0
GasPrice :  1
block  2367
Status :  0
mined  600000 21672 logs:  0  ***** possible failure
Nonce :  0
GasPrice :  1
block  2368
Status :  0
mined  600000 21672 logs:  0  ***** possible failure
Nonce :  0
GasPrice :  1
block  2369
Status :  0
mined  600000 21672 logs:  0  ***** possible failure
Nonce :  0
GasPrice :  1
block  2370
Status :  0
mined  600000 21672 logs:  0  ***** possible failure
skipping purchase of  T0285
Nonce :  0
GasPrice :  1
block  2371
Status :  0
mined  600000 21672 logs:  0  ***** possible failure
Nonce :  0
GasPrice :  1
block  2372
Status :  0
mined  600000 21672 logs:  0  ***** possible failure
Nonce :  0
GasPrice :  1
block  2373
Status :  0
mined  600000 21672 logs:  0  ***** possible failure
Nonce :  0
GasPrice :  1
block  2374
Status :  0
mined  600000 21672 logs:  0  ***** possible failure
Nonce :  0
GasPrice :  1
block  2375
Status :  0
mined  600000 21672 logs:  0  ***** possible failure
Nonce :  0
GasPrice :  1
block  2376
Status :  0
mined  600000 21672 logs:  0  ***** possible failure
Nonce :  0
GasPrice :  1
block  2377
Status :  0
mined  600000 21672 logs:  0  ***** possible failure
Nonce :  0
GasPrice :  1
block  2378
Status :  0
mined  600000 21672 logs:  0  ***** possible failure
Nonce :  0
GasPrice :  1
block  2379
Status :  0
mined  600000 21672 logs:  0  ***** possible failure
Nonce :  0
GasPrice :  1
block  2380
Status :  0
mined  600000 21672 logs:  0  ***** possible failure
Nonce :  0
GasPrice :  1
block  2381
Status :  0
mined  600000 21672 logs:  0  ***** possible failure
Nonce :  0
GasPrice :  1
block  2382
Status :  0
mined  600000 21672 logs:  0  ***** possible failure
Nonce :  0
GasPrice :  1
block  2383
Status :  0
mined  600000 21672 logs:  0  ***** possible failure
Nonce :  0
GasPrice :  1
block  2384
Status :  0
mined  600000 21672 logs:  0  ***** possible failure
Nonce :  0
GasPrice :  1
block  2385
Status :  0
mined  600000 21672 logs:  0  ***** possible failure
Nonce :  0
GasPrice :  1
block  2386
Status :  0
mined  600000 21672 logs:  0  ***** possible failure
Nonce :  0
GasPrice :  1
block  2387
Status :  0
mined  600000 21672 logs:  0  ***** possible failure
Nonce :  0
GasPrice :  1
block  2388
Status :  0
mined  600000 21672 logs:  0  ***** possible failure
Nonce :  0
GasPrice :  1
block  2389
Status :  0
mined  600000 21672 logs:  0  ***** possible failure
skipping purchase of  T0305
Nonce :  0
GasPrice :  1
block  2390
Status :  0
mined  600000 21672 logs:  0  ***** possible failure
Nonce :  0
GasPrice :  1
block  2391
Status :  0
mined  600000 21672 logs:  0  ***** possible failure
Nonce :  0
GasPrice :  1
block  2392
Status :  0
mined  600000 21672 logs:  0  ***** possible failure
Nonce :  0
GasPrice :  1
block  2393
Status :  0
mined  600000 21672 logs:  0  ***** possible failure
Nonce :  0
GasPrice :  1
block  2394
Status :  0
mined  600000 21672 logs:  0  ***** possible failure
Nonce :  0
GasPrice :  1
block  2395
Status :  0
mined  600000 21672 logs:  0  ***** possible failure
Nonce :  0
GasPrice :  1
block  2396
Status :  0
mined  600000 21672 logs:  0  ***** possible failure
Nonce :  0
GasPrice :  1
block  2397
Status :  0
mined  600000 21672 logs:  0  ***** possible failure
Nonce :  0
GasPrice :  1
block  2398
Status :  0
mined  600000 21672 logs:  0  ***** possible failure
Nonce :  0
GasPrice :  1
block  2399
Status :  0
mined  600000 21672 logs:  0  ***** possible failure
Nonce :  0
GasPrice :  1
block  2400
Status :  0
mined  600000 21672 logs:  0  ***** possible failure
Nonce :  0
GasPrice :  1
block  2401
Status :  0
mined  600000 21672 logs:  0  ***** possible failure
Nonce :  0
GasPrice :  1
block  2402
Status :  0
mined  600000 21672 logs:  0  ***** possible failure
Nonce :  0
GasPrice :  1
block  2403
Status :  0
mined  600000 21672 logs:  0  ***** possible failure
Nonce :  0
GasPrice :  1
block  2404
Status :  0
mined  600000 21672 logs:  0  ***** possible failure
Nonce :  0
GasPrice :  1
block  2405
Status :  0
mined  600000 21672 logs:  0  ***** possible failure
Nonce :  0
GasPrice :  1
block  2406
Status :  0
mined  600000 21672 logs:  0  ***** possible failure
Nonce :  0
GasPrice :  1
block  2407
Status :  0
mined  600000 21672 logs:  0  ***** possible failure
Nonce :  0
GasPrice :  1
block  2408
Status :  0
mined  600000 21672 logs:  0  ***** possible failure
skipping purchase of  T0325
Nonce :  0
GasPrice :  1
block  2409
Status :  0
mined  600000 21672 logs:  0  ***** possible failure
Nonce :  0
GasPrice :  1
block  2410
Status :  0
mined  600000 21672 logs:  0  ***** possible failure
Nonce :  0
GasPrice :  1
block  2411
Status :  0
mined  600000 21672 logs:  0  ***** possible failure
Nonce :  0
GasPrice :  1
block  2412
Status :  0
mined  600000 21672 logs:  0  ***** possible failure
Nonce :  0
GasPrice :  1
block  2413
Status :  0
mined  600000 21672 logs:  0  ***** possible failure
Nonce :  0
GasPrice :  1
block  2414
Status :  0
mined  600000 21672 logs:  0  ***** possible failure
Nonce :  0
GasPrice :  1
block  2415
Status :  0
mined  600000 21672 logs:  0  ***** possible failure
Nonce :  0
GasPrice :  1
block  2416
Status :  0
mined  600000 21672 logs:  0  ***** possible failure
Nonce :  0
GasPrice :  1
block  2417
Status :  0
mined  600000 21672 logs:  0  ***** possible failure
Nonce :  0
GasPrice :  1
block  2418
Status :  0
mined  600000 21672 logs:  0  ***** possible failure
Nonce :  0
GasPrice :  1
block  2419
Status :  0
mined  600000 21672 logs:  0  ***** possible failure
Nonce :  0
GasPrice :  1
block  2420
Status :  0
mined  600000 21672 logs:  0  ***** possible failure
Nonce :  0
GasPrice :  1
block  2421
Status :  0
mined  600000 21672 logs:  0  ***** possible failure
Nonce :  0
GasPrice :  1
block  2422
Status :  0
mined  600000 21672 logs:  0  ***** possible failure
Nonce :  0
GasPrice :  1
block  2423
Status :  0
mined  600000 21672 logs:  0  ***** possible failure
Nonce :  0
GasPrice :  1
block  2424
Status :  0
mined  600000 21672 logs:  0  ***** possible failure
Nonce :  0
GasPrice :  1
block  2425
Status :  0
mined  600000 21672 logs:  0  ***** possible failure
Nonce :  0
GasPrice :  1
block  2426
Status :  0
mined  600000 21672 logs:  0  ***** possible failure
Nonce :  0
GasPrice :  1
block  2427
Status :  0
mined  600000 21672 logs:  0  ***** possible failure
skipping purchase of  T0345
Nonce :  0
GasPrice :  1
block  2428
Status :  0
mined  600000 21672 logs:  0  ***** possible failure
Nonce :  0
GasPrice :  1
block  2429
Status :  0
mined  600000 21672 logs:  0  ***** possible failure
Nonce :  0
GasPrice :  1
block  2430
Status :  0
mined  600000 21672 logs:  0  ***** possible failure
Nonce :  0
GasPrice :  1
block  2431
Status :  0
mined  600000 21672 logs:  0  ***** possible failure
Nonce :  0
GasPrice :  1
block  2432
Status :  0
mined  600000 21672 logs:  0  ***** possible failure
Nonce :  0
GasPrice :  1
block  2433
Status :  0
mined  600000 21672 logs:  0  ***** possible failure
Nonce :  0
GasPrice :  1
block  2434
Status :  0
mined  600000 21672 logs:  0  ***** possible failure
Nonce :  0
GasPrice :  1
block  2435
Status :  0
mined  600000 21672 logs:  0  ***** possible failure
Nonce :  0
GasPrice :  1
block  2436
Status :  0
mined  600000 21672 logs:  0  ***** possible failure
Nonce :  0
GasPrice :  1
block  2437
Status :  0
mined  600000 21672 logs:  0  ***** possible failure
Nonce :  0
GasPrice :  1
block  2438
Status :  0
mined  600000 21672 logs:  0  ***** possible failure
Nonce :  0
GasPrice :  1
block  2439
Status :  0
mined  600000 21672 logs:  0  ***** possible failure
Nonce :  0
GasPrice :  1
block  2440
Status :  0
mined  600000 21672 logs:  0  ***** possible failure
Nonce :  0
GasPrice :  1
block  2441
Status :  0
mined  600000 21672 logs:  0  ***** possible failure
Nonce :  0
GasPrice :  1
block  2442
Status :  0
mined  600000 21672 logs:  0  ***** possible failure
Nonce :  0
GasPrice :  1
block  2443
Status :  0
mined  600000 21672 logs:  0  ***** possible failure
Nonce :  0
GasPrice :  1
block  2444
Status :  0
mined  600000 21672 logs:  0  ***** possible failure
Nonce :  0
GasPrice :  1
block  2445
Status :  0
mined  600000 21672 logs:  0  ***** possible failure
Nonce :  0
GasPrice :  1
block  2446
Status :  0
mined  600000 21672 logs:  0  ***** possible failure
skipping purchase of  T0365
Nonce :  0
GasPrice :  1
block  2447
Status :  0
mined  600000 21672 logs:  0  ***** possible failure
Nonce :  0
GasPrice :  1
block  2448
Status :  0
mined  600000 21672 logs:  0  ***** possible failure
Nonce :  0
GasPrice :  1
block  2449
Status :  0
mined  600000 21672 logs:  0  ***** possible failure
Nonce :  0
GasPrice :  1
block  2450
Status :  0
mined  600000 21672 logs:  0  ***** possible failure
Nonce :  0
GasPrice :  1
block  2451
Status :  0
mined  600000 21672 logs:  0  ***** possible failure
Nonce :  0
GasPrice :  1
block  2452
Status :  0
mined  600000 21672 logs:  0  ***** possible failure
Nonce :  0
GasPrice :  1
block  2453
Status :  0
mined  600000 21672 logs:  0  ***** possible failure
Nonce :  0
GasPrice :  1
block  2454
Status :  0
mined  600000 21672 logs:  0  ***** possible failure
Nonce :  0
GasPrice :  1
block  2455
Status :  0
mined  600000 21672 logs:  0  ***** possible failure
Nonce :  0
GasPrice :  1
block  2456
Status :  0
mined  600000 21672 logs:  0  ***** possible failure
Nonce :  0
GasPrice :  1
block  2457
Status :  0
mined  600000 21672 logs:  0  ***** possible failure
Nonce :  0
GasPrice :  1
block  2458
Status :  0
mined  600000 21672 logs:  0  ***** possible failure
Nonce :  0
GasPrice :  1
block  2459
Status :  0
mined  600000 21672 logs:  0  ***** possible failure
Nonce :  0
GasPrice :  1
block  2460
Status :  0
mined  600000 21672 logs:  0  ***** possible failure
Nonce :  0
GasPrice :  1
block  2461
Status :  0
mined  600000 21672 logs:  0  ***** possible failure
Nonce :  0
GasPrice :  1
block  2462
Status :  0
mined  600000 21672 logs:  0  ***** possible failure
Nonce :  0
GasPrice :  1
block  2463
Status :  0
mined  600000 21672 logs:  0  ***** possible failure
Nonce :  0
GasPrice :  1
block  2464
Status :  0
mined  600000 21672 logs:  0  ***** possible failure
Nonce :  0
GasPrice :  1
block  2465
Status :  0
mined  600000 21672 logs:  0  ***** possible failure
skipping purchase of  T0385
Nonce :  0
GasPrice :  1
block  2466
Status :  0
mined  600000 21672 logs:  0  ***** possible failure
Nonce :  0
GasPrice :  1
block  2467
Status :  0
mined  600000 21672 logs:  0  ***** possible failure
Nonce :  0
GasPrice :  1
block  2468
Status :  0
mined  600000 21672 logs:  0  ***** possible failure
Nonce :  0
GasPrice :  1
block  2469
Status :  0
mined  600000 21672 logs:  0  ***** possible failure
Nonce :  0
GasPrice :  1
block  2470
Status :  0
mined  600000 21672 logs:  0  ***** possible failure
Nonce :  0
GasPrice :  1
block  2471
Status :  0
mined  600000 21672 logs:  0  ***** possible failure
Nonce :  0
GasPrice :  1
block  2472
Status :  0
mined  600000 21672 logs:  0  ***** possible failure
Nonce :  0
GasPrice :  1
block  2473
Status :  0
mined  600000 21672 logs:  0  ***** possible failure
Nonce :  0
GasPrice :  1
block  2474
Status :  0
mined  600000 21672 logs:  0  ***** possible failure
Nonce :  0
GasPrice :  1
block  2475
Status :  0
mined  600000 21672 logs:  0  ***** possible failure
Nonce :  0
GasPrice :  1
block  2476
Status :  0
mined  600000 21672 logs:  0  ***** possible failure
Nonce :  0
GasPrice :  1
block  2477
Status :  0
mined  600000 21672 logs:  0  ***** possible failure
Nonce :  0
GasPrice :  1
block  2478
Status :  0
mined  600000 21672 logs:  0  ***** possible failure
Nonce :  0
GasPrice :  1
block  2479
Status :  0
mined  600000 21672 logs:  0  ***** possible failure
Nonce :  0
GasPrice :  1
block  2480
Status :  0
mined  600000 21672 logs:  0  ***** possible failure
Nonce :  0
GasPrice :  1
block  2481
Status :  0
mined  600000 21672 logs:  0  ***** possible failure
Nonce :  0
GasPrice :  1
block  2482
Status :  0
mined  600000 21672 logs:  0  ***** possible failure
Nonce :  0
GasPrice :  1
block  2483
Status :  0
mined  600000 21672 logs:  0  ***** possible failure
Nonce :  0
GasPrice :  1
block  2484
Status :  0
mined  600000 21672 logs:  0  ***** possible failure
skipping purchase of  T0405
Nonce :  0
GasPrice :  1
block  2485
Status :  0
mined  600000 21672 logs:  0  ***** possible failure
Nonce :  0
GasPrice :  1
block  2486
Status :  0
mined  600000 21672 logs:  0  ***** possible failure
Nonce :  0
GasPrice :  1
block  2487
Status :  0
mined  600000 21672 logs:  0  ***** possible failure
Nonce :  0
GasPrice :  1
block  2488
Status :  0
mined  600000 21672 logs:  0  ***** possible failure
Nonce :  0
GasPrice :  1
block  2489
Status :  0
mined  600000 21672 logs:  0  ***** possible failure
Nonce :  0
GasPrice :  1
block  2490
Status :  0
mined  600000 21672 logs:  0  ***** possible failure
Nonce :  0
GasPrice :  1
block  2491
Status :  0
mined  600000 21672 logs:  0  ***** possible failure
Nonce :  0
GasPrice :  1
block  2492
Status :  0
mined  600000 21672 logs:  0  ***** possible failure
Nonce :  0
GasPrice :  1
block  2493
Status :  0
mined  600000 21672 logs:  0  ***** possible failure
Nonce :  0
GasPrice :  1
block  2494
Status :  0
mined  600000 21672 logs:  0  ***** possible failure
Nonce :  0
GasPrice :  1
block  2495
Status :  0
mined  600000 21672 logs:  0  ***** possible failure
Nonce :  0
GasPrice :  1
block  2496
Status :  0
mined  600000 21672 logs:  0  ***** possible failure
Nonce :  0
GasPrice :  1
block  2497
Status :  0
mined  600000 21672 logs:  0  ***** possible failure
Nonce :  0
GasPrice :  1
block  2498
Status :  0
mined  600000 21672 logs:  0  ***** possible failure
Nonce :  0
GasPrice :  1
block  2499
Status :  0
mined  600000 21672 logs:  0  ***** possible failure
Nonce :  0
GasPrice :  1
block  2500
Status :  0
mined  600000 21672 logs:  0  ***** possible failure
Nonce :  0
GasPrice :  1
block  2501
Status :  0
mined  600000 21672 logs:  0  ***** possible failure
Nonce :  0
GasPrice :  1
block  2502
Status :  0
mined  600000 21672 logs:  0  ***** possible failure
Nonce :  0
GasPrice :  1
block  2503
Status :  0
mined  600000 21672 logs:  0  ***** possible failure
skipping purchase of  T0425
Nonce :  0
GasPrice :  1
block  2504
Status :  0
mined  600000 21672 logs:  0  ***** possible failure
Nonce :  0
GasPrice :  1
block  2505
Status :  0
mined  600000 21672 logs:  0  ***** possible failure
Nonce :  0
GasPrice :  1
block  2506
Status :  0
mined  600000 21672 logs:  0  ***** possible failure
Nonce :  0
GasPrice :  1
block  2507
Status :  0
mined  600000 21672 logs:  0  ***** possible failure
Nonce :  0
GasPrice :  1
block  2508
Status :  0
mined  600000 21672 logs:  0  ***** possible failure
Nonce :  0
GasPrice :  1
block  2509
Status :  0
mined  600000 21672 logs:  0  ***** possible failure
Nonce :  0
GasPrice :  1
block  2510
Status :  0
mined  600000 21672 logs:  0  ***** possible failure
Nonce :  0
GasPrice :  1
block  2511
Status :  0
mined  600000 21672 logs:  0  ***** possible failure
Nonce :  0
GasPrice :  1
block  2512
Status :  0
mined  600000 21672 logs:  0  ***** possible failure
Nonce :  0
GasPrice :  1
block  2513
Status :  0
mined  600000 21672 logs:  0  ***** possible failure
Nonce :  0
GasPrice :  1
block  2514
Status :  0
mined  600000 21672 logs:  0  ***** possible failure
Nonce :  0
GasPrice :  1
block  2515
Status :  0
mined  600000 21672 logs:  0  ***** possible failure
Nonce :  0
GasPrice :  1
block  2516
Status :  0
mined  600000 21672 logs:  0  ***** possible failure
Nonce :  0
GasPrice :  1
block  2517
Status :  0
mined  600000 21672 logs:  0  ***** possible failure
Nonce :  0
GasPrice :  1
block  2518
Status :  0
mined  600000 21672 logs:  0  ***** possible failure
Nonce :  0
GasPrice :  1
block  2519
Status :  0
mined  600000 21672 logs:  0  ***** possible failure
Nonce :  0
GasPrice :  1
block  2520
Status :  0
mined  600000 21672 logs:  0  ***** possible failure
Nonce :  0
GasPrice :  1
block  2521
Status :  0
mined  600000 21672 logs:  0  ***** possible failure
Nonce :  0
GasPrice :  1
block  2522
Status :  0
mined  600000 21672 logs:  0  ***** possible failure
skipping purchase of  T0445
Nonce :  0
GasPrice :  1
block  2523
Status :  0
mined  600000 21672 logs:  0  ***** possible failure
Nonce :  0
GasPrice :  1
block  2524
Status :  0
mined  600000 21672 logs:  0  ***** possible failure
Nonce :  0
GasPrice :  1
block  2525
Status :  0
mined  600000 21672 logs:  0  ***** possible failure
Nonce :  0
GasPrice :  1
block  2526
Status :  0
mined  600000 21672 logs:  0  ***** possible failure
Nonce :  0
GasPrice :  1
block  2527
Status :  0
mined  600000 21672 logs:  0  ***** possible failure
Nonce :  0
GasPrice :  1
block  2528
Status :  0
mined  600000 21672 logs:  0  ***** possible failure
Nonce :  0
GasPrice :  1
block  2529
Status :  0
mined  600000 21672 logs:  0  ***** possible failure
Nonce :  0
GasPrice :  1
block  2530
Status :  0
mined  600000 21672 logs:  0  ***** possible failure
Nonce :  0
GasPrice :  1
block  2531
Status :  0
mined  600000 21672 logs:  0  ***** possible failure
Nonce :  0
GasPrice :  1
block  2532
Status :  0
mined  600000 21672 logs:  0  ***** possible failure
Nonce :  0
GasPrice :  1
block  2533
Status :  0
mined  600000 21672 logs:  0  ***** possible failure
Nonce :  0
GasPrice :  1
block  2534
Status :  0
mined  600000 21672 logs:  0  ***** possible failure
Nonce :  0
GasPrice :  1
block  2535
Status :  0
mined  600000 21672 logs:  0  ***** possible failure
Nonce :  0
GasPrice :  1
block  2536
Status :  0
mined  600000 21672 logs:  0  ***** possible failure
Nonce :  0
GasPrice :  1
block  2537
Status :  0
mined  600000 21672 logs:  0  ***** possible failure
Nonce :  0
GasPrice :  1
block  2538
Status :  0
mined  600000 21672 logs:  0  ***** possible failure
Nonce :  0
GasPrice :  1
block  2539
Status :  0
mined  600000 21672 logs:  0  ***** possible failure
Nonce :  0
GasPrice :  1
block  2540
Status :  0
mined  600000 21672 logs:  0  ***** possible failure
Nonce :  0
GasPrice :  1
block  2541
Status :  0
mined  600000 21672 logs:  0  ***** possible failure
skipping purchase of  T0465
Nonce :  0
GasPrice :  1
block  2542
Status :  0
mined  600000 21672 logs:  0  ***** possible failure
Nonce :  0
GasPrice :  1
block  2543
Status :  0
mined  600000 21672 logs:  0  ***** possible failure
Nonce :  0
GasPrice :  1
block  2544
Status :  0
mined  600000 21672 logs:  0  ***** possible failure
Nonce :  0
GasPrice :  1
block  2545
Status :  0
mined  600000 21672 logs:  0  ***** possible failure
Nonce :  0
GasPrice :  1
block  2546
Status :  0
mined  600000 21672 logs:  0  ***** possible failure
Nonce :  0
GasPrice :  1
block  2547
Status :  0
mined  600000 21672 logs:  0  ***** possible failure
Nonce :  0
GasPrice :  1
block  2548
Status :  0
mined  600000 21672 logs:  0  ***** possible failure
Nonce :  0
GasPrice :  1
block  2549
Status :  0
mined  600000 21672 logs:  0  ***** possible failure
Nonce :  0
GasPrice :  1
block  2550
Status :  0
mined  600000 21672 logs:  0  ***** possible failure
Nonce :  0
GasPrice :  1
block  2551
Status :  0
mined  600000 21672 logs:  0  ***** possible failure
Nonce :  0
GasPrice :  1
block  2552
Status :  0
mined  600000 21672 logs:  0  ***** possible failure
Nonce :  0
GasPrice :  1
block  2553
Status :  0
mined  600000 21672 logs:  0  ***** possible failure
Nonce :  0
GasPrice :  1
block  2554
Status :  0
mined  600000 21672 logs:  0  ***** possible failure
Nonce :  0
GasPrice :  1
block  2555
Status :  0
mined  600000 21672 logs:  0  ***** possible failure
Nonce :  0
GasPrice :  1
block  2556
Status :  0
mined  600000 21672 logs:  0  ***** possible failure
Nonce :  0
GasPrice :  1
block  2557
Status :  0
mined  600000 21672 logs:  0  ***** possible failure
Nonce :  0
GasPrice :  1
block  2558
Status :  0
mined  600000 21672 logs:  0  ***** possible failure
Nonce :  0
GasPrice :  1
block  2559
Status :  0
mined  600000 21672 logs:  0  ***** possible failure
Nonce :  0
GasPrice :  1
block  2560
Status :  0
mined  600000 21672 logs:  0  ***** possible failure
skipping purchase of  T0485
Nonce :  0
GasPrice :  1
block  2561
Status :  0
mined  600000 21672 logs:  0  ***** possible failure
Nonce :  0
GasPrice :  1
block  2562
Status :  0
mined  600000 21672 logs:  0  ***** possible failure
Nonce :  0
GasPrice :  1
block  2563
Status :  0
mined  600000 21672 logs:  0  ***** possible failure
Nonce :  0
GasPrice :  1
block  2564
Status :  0
mined  600000 21672 logs:  0  ***** possible failure
Nonce :  0
GasPrice :  1
block  2565
Status :  0
mined  600000 21672 logs:  0  ***** possible failure
Nonce :  0
GasPrice :  1
block  2566
Status :  0
mined  600000 21672 logs:  0  ***** possible failure
Nonce :  0
GasPrice :  1
block  2567
Status :  0
mined  600000 21672 logs:  0  ***** possible failure
Nonce :  0
GasPrice :  1
block  2568
Status :  0
mined  600000 21672 logs:  0  ***** possible failure
Nonce :  0
GasPrice :  1
block  2569
Status :  0
mined  600000 21672 logs:  0  ***** possible failure
Nonce :  0
GasPrice :  1
block  2570
Status :  0
mined  600000 21672 logs:  0  ***** possible failure
Nonce :  0
GasPrice :  1
block  2571
Status :  0
mined  600000 21672 logs:  0  ***** possible failure
Nonce :  0
GasPrice :  1
block  2572
Status :  0
mined  600000 21672 logs:  0  ***** possible failure
Nonce :  0
GasPrice :  1
block  2573
Status :  0
mined  600000 21672 logs:  0  ***** possible failure
Nonce :  0
GasPrice :  1
block  2574
Status :  0
mined  600000 21672 logs:  0  ***** possible failure
Nonce :  0
GasPrice :  1
block  2575
Status :  0
mined  600000 21672 logs:  0  ***** possible failure
Nonce :  0
GasPrice :  1
block  2576
Status :  0
mined  600000 21672 logs:  0  ***** possible failure
Nonce :  0
GasPrice :  1
block  2577
Status :  0
mined  600000 21672 logs:  0  ***** possible failure
Nonce :  0
GasPrice :  1
block  2578
Status :  0
mined  600000 21672 logs:  0  ***** possible failure
Nonce :  0
GasPrice :  1
block  2579
Status :  0
mined  600000 21672 logs:  0  ***** possible failure
skipping purchase of  T0505
Nonce :  0
GasPrice :  1
block  2580
Status :  0
mined  600000 21672 logs:  0  ***** possible failure
Nonce :  0
GasPrice :  1
block  2581
Status :  0
mined  600000 21672 logs:  0  ***** possible failure
Nonce :  0
GasPrice :  1
block  2582
Status :  0
mined  600000 21672 logs:  0  ***** possible failure
Nonce :  0
GasPrice :  1
block  2583
Status :  0
mined  600000 21672 logs:  0  ***** possible failure
Nonce :  0
GasPrice :  1
block  2584
Status :  0
mined  600000 21672 logs:  0  ***** possible failure
Nonce :  0
GasPrice :  1
block  2585
Status :  0
mined  600000 21672 logs:  0  ***** possible failure
Nonce :  0
GasPrice :  1
block  2586
Status :  0
mined  600000 21672 logs:  0  ***** possible failure
Nonce :  0
GasPrice :  1
block  2587
Status :  0
mined  600000 21672 logs:  0  ***** possible failure
Nonce :  0
GasPrice :  1
block  2588
Status :  0
mined  600000 21672 logs:  0  ***** possible failure
Nonce :  0
GasPrice :  1
block  2589
Status :  0
mined  600000 21672 logs:  0  ***** possible failure
Nonce :  0
GasPrice :  1
block  2590
Status :  0
mined  600000 21672 logs:  0  ***** possible failure
Nonce :  0
GasPrice :  1
block  2591
Status :  0
mined  600000 21672 logs:  0  ***** possible failure
Nonce :  0
GasPrice :  1
block  2592
Status :  0
mined  600000 21672 logs:  0  ***** possible failure
Nonce :  0
GasPrice :  1
block  2593
Status :  0
mined  600000 21672 logs:  0  ***** possible failure
Nonce :  0
GasPrice :  1
block  2594
Status :  0
mined  600000 21672 logs:  0  ***** possible failure
Nonce :  0
GasPrice :  1
block  2595
Status :  0
mined  600000 21672 logs:  0  ***** possible failure
Nonce :  0
GasPrice :  1
block  2596
Status :  0
mined  600000 21672 logs:  0  ***** possible failure
Nonce :  0
GasPrice :  1
block  2597
Status :  0
mined  600000 21672 logs:  0  ***** possible failure
Nonce :  0
GasPrice :  1
block  2598
Status :  0
mined  600000 21672 logs:  0  ***** possible failure
skipping purchase of  T0525
Nonce :  0
GasPrice :  1
block  2599
Status :  0
mined  600000 21672 logs:  0  ***** possible failure
Nonce :  0
GasPrice :  1
block  2600
Status :  0
mined  600000 21672 logs:  0  ***** possible failure
Nonce :  0
GasPrice :  1
block  2601
Status :  0
mined  600000 21672 logs:  0  ***** possible failure
Nonce :  0
GasPrice :  1
block  2602
Status :  0
mined  600000 21672 logs:  0  ***** possible failure
Nonce :  0
GasPrice :  1
block  2603
Status :  0
mined  600000 21672 logs:  0  ***** possible failure
Nonce :  0
GasPrice :  1
block  2604
Status :  0
mined  600000 21672 logs:  0  ***** possible failure
Nonce :  0
GasPrice :  1
block  2605
Status :  0
mined  600000 21672 logs:  0  ***** possible failure
Nonce :  0
GasPrice :  1
block  2606
Status :  0
mined  600000 21672 logs:  0  ***** possible failure
Nonce :  0
GasPrice :  1
block  2607
Status :  0
mined  600000 21672 logs:  0  ***** possible failure
Nonce :  0
GasPrice :  1
block  2608
Status :  0
mined  600000 21672 logs:  0  ***** possible failure
Nonce :  0
GasPrice :  1
block  2609
Status :  0
mined  600000 21672 logs:  0  ***** possible failure
Nonce :  0
GasPrice :  1
block  2610
Status :  0
mined  600000 21672 logs:  0  ***** possible failure
Nonce :  0
GasPrice :  1
block  2611
Status :  0
mined  600000 21672 logs:  0  ***** possible failure
Nonce :  0
GasPrice :  1
block  2612
Status :  0
mined  600000 21672 logs:  0  ***** possible failure
Nonce :  0
GasPrice :  1
block  2613
Status :  0
mined  600000 21672 logs:  0  ***** possible failure
Nonce :  0
GasPrice :  1
block  2614
Status :  0
mined  600000 21672 logs:  0  ***** possible failure
Nonce :  0
GasPrice :  1
block  2615
Status :  0
mined  600000 21672 logs:  0  ***** possible failure
Nonce :  0
GasPrice :  1
block  2616
Status :  0
mined  600000 21672 logs:  0  ***** possible failure
Nonce :  0
GasPrice :  1
block  2617
Status :  0
mined  600000 21672 logs:  0  ***** possible failure
skipping purchase of  T0545
Nonce :  0
GasPrice :  1
block  2618
Status :  0
mined  600000 21672 logs:  0  ***** possible failure
Nonce :  0
GasPrice :  1
block  2619
Status :  0
mined  600000 21672 logs:  0  ***** possible failure
Nonce :  0
GasPrice :  1
block  2620
Status :  0
mined  600000 21672 logs:  0  ***** possible failure
Nonce :  0
GasPrice :  1
block  2621
Status :  0
mined  600000 21672 logs:  0  ***** possible failure
Nonce :  0
GasPrice :  1
block  2622
Status :  0
mined  600000 21672 logs:  0  ***** possible failure
Nonce :  0
GasPrice :  1
block  2623
Status :  0
mined  600000 21672 logs:  0  ***** possible failure
Nonce :  0
GasPrice :  1
block  2624
Status :  0
mined  600000 21672 logs:  0  ***** possible failure
Nonce :  0
GasPrice :  1
block  2625
Status :  0
mined  600000 21672 logs:  0  ***** possible failure
Nonce :  0
GasPrice :  1
block  2626
Status :  0
mined  600000 21672 logs:  0  ***** possible failure
Nonce :  0
GasPrice :  1
block  2627
Status :  0
mined  600000 21672 logs:  0  ***** possible failure
Nonce :  0
GasPrice :  1
block  2628
Status :  0
mined  600000 21672 logs:  0  ***** possible failure
Nonce :  0
GasPrice :  1
block  2629
Status :  0
mined  600000 21672 logs:  0  ***** possible failure
Nonce :  0
GasPrice :  1
block  2630
Status :  0
mined  600000 21672 logs:  0  ***** possible failure
Nonce :  0
GasPrice :  1
block  2631
Status :  0
mined  600000 21672 logs:  0  ***** possible failure
Nonce :  0
GasPrice :  1
block  2632
Status :  0
mined  600000 21672 logs:  0  ***** possible failure
Nonce :  0
GasPrice :  1
block  2633
Status :  0
mined  600000 21672 logs:  0  ***** possible failure
Nonce :  0
GasPrice :  1
block  2634
Status :  0
mined  600000 21672 logs:  0  ***** possible failure
Nonce :  0
GasPrice :  1
block  2635
Status :  0
mined  600000 21672 logs:  0  ***** possible failure
Nonce :  0
GasPrice :  1
block  2636
Status :  0
mined  600000 21672 logs:  0  ***** possible failure
skipping purchase of  T0565
Nonce :  0
GasPrice :  1
block  2637
Status :  0
mined  600000 21672 logs:  0  ***** possible failure
Nonce :  0
GasPrice :  1
block  2638
Status :  0
mined  600000 21672 logs:  0  ***** possible failure
Nonce :  0
GasPrice :  1
block  2639
Status :  0
mined  600000 21672 logs:  0  ***** possible failure
Nonce :  0
GasPrice :  1
block  2640
Status :  0
mined  600000 21672 logs:  0  ***** possible failure
Nonce :  0
GasPrice :  1
block  2641
Status :  0
mined  600000 21672 logs:  0  ***** possible failure
Nonce :  0
GasPrice :  1
block  2642
Status :  0
mined  600000 21672 logs:  0  ***** possible failure
Nonce :  0
GasPrice :  1
block  2643
Status :  0
mined  600000 21672 logs:  0  ***** possible failure
Nonce :  0
GasPrice :  1
block  2644
Status :  0
mined  600000 21672 logs:  0  ***** possible failure
Nonce :  0
GasPrice :  1
block  2645
Status :  0
mined  600000 21672 logs:  0  ***** possible failure
Nonce :  0
GasPrice :  1
block  2646
Status :  0
mined  600000 21672 logs:  0  ***** possible failure
Nonce :  0
GasPrice :  1
block  2647
Status :  0
mined  600000 21672 logs:  0  ***** possible failure
Nonce :  0
GasPrice :  1
block  2648
Status :  0
mined  600000 21672 logs:  0  ***** possible failure
Nonce :  0
GasPrice :  1
block  2649
Status :  0
mined  600000 21672 logs:  0  ***** possible failure
Nonce :  0
GasPrice :  1
block  2650
Status :  0
mined  600000 21672 logs:  0  ***** possible failure
Nonce :  0
GasPrice :  1
block  2651
Status :  0
mined  600000 21672 logs:  0  ***** possible failure
Nonce :  0
GasPrice :  1
block  2652
Status :  0
mined  600000 21672 logs:  0  ***** possible failure
Nonce :  0
GasPrice :  1
block  2653
Status :  0
mined  600000 21672 logs:  0  ***** possible failure
Nonce :  0
GasPrice :  1
block  2654
Status :  0
mined  600000 21672 logs:  0  ***** possible failure
Nonce :  0
GasPrice :  1
block  2655
Status :  0
mined  600000 21672 logs:  0  ***** possible failure
skipping purchase of  T0585
Nonce :  0
GasPrice :  1
block  2656
Status :  0
mined  600000 21672 logs:  0  ***** possible failure
Nonce :  0
GasPrice :  1
block  2657
Status :  0
mined  600000 21672 logs:  0  ***** possible failure
Nonce :  0
GasPrice :  1
block  2658
Status :  0
mined  600000 21672 logs:  0  ***** possible failure
Nonce :  0
GasPrice :  1
block  2659
Status :  0
mined  600000 21672 logs:  0  ***** possible failure
Nonce :  0
GasPrice :  1
block  2660
Status :  0
mined  600000 21672 logs:  0  ***** possible failure
Nonce :  0
GasPrice :  1
block  2661
Status :  0
mined  600000 21672 logs:  0  ***** possible failure
Nonce :  0
GasPrice :  1
block  2662
Status :  0
mined  600000 21672 logs:  0  ***** possible failure
Nonce :  0
GasPrice :  1
block  2663
Status :  0
mined  600000 21672 logs:  0  ***** possible failure
Nonce :  0
GasPrice :  1
block  2664
Status :  0
mined  600000 21672 logs:  0  ***** possible failure
Nonce :  0
GasPrice :  1
block  2665
Status :  0
mined  600000 21672 logs:  0  ***** possible failure
Nonce :  0
GasPrice :  1
block  2666
Status :  0
mined  600000 21672 logs:  0  ***** possible failure
Nonce :  0
GasPrice :  1
block  2667
Status :  0
mined  600000 21672 logs:  0  ***** possible failure
Nonce :  0
GasPrice :  1
block  2668
Status :  0
mined  600000 21672 logs:  0  ***** possible failure
Nonce :  0
GasPrice :  1
block  2669
Status :  0
mined  600000 21672 logs:  0  ***** possible failure
Nonce :  0
GasPrice :  1
block  2670
Status :  0
mined  600000 21672 logs:  0  ***** possible failure
Nonce :  0
GasPrice :  1
block  2671
Status :  0
mined  600000 21672 logs:  0  ***** possible failure
Nonce :  0
GasPrice :  1
block  2672
Status :  0
mined  600000 21672 logs:  0  ***** possible failure
Nonce :  0
GasPrice :  1
block  2673
Status :  0
mined  600000 21672 logs:  0  ***** possible failure
Nonce :  0
GasPrice :  1
block  2674
Status :  0
mined  600000 21672 logs:  0  ***** possible failure
skipping purchase of  T0605
Nonce :  0
GasPrice :  1
block  2675
Status :  0
mined  600000 21672 logs:  0  ***** possible failure
Nonce :  0
GasPrice :  1
block  2676
Status :  0
mined  600000 21672 logs:  0  ***** possible failure
Nonce :  0
GasPrice :  1
block  2677
Status :  0
mined  600000 21672 logs:  0  ***** possible failure
Nonce :  0
GasPrice :  1
block  2678
Status :  0
mined  600000 21672 logs:  0  ***** possible failure
Nonce :  0
GasPrice :  1
block  2679
Status :  0
mined  600000 21672 logs:  0  ***** possible failure
Nonce :  0
GasPrice :  1
block  2680
Status :  0
mined  600000 21672 logs:  0  ***** possible failure
Nonce :  0
GasPrice :  1
block  2681
Status :  0
mined  600000 21672 logs:  0  ***** possible failure
Nonce :  0
GasPrice :  1
block  2682
Status :  0
mined  600000 21672 logs:  0  ***** possible failure
Nonce :  0
GasPrice :  1
block  2683
Status :  0
mined  600000 21672 logs:  0  ***** possible failure
Nonce :  0
GasPrice :  1
block  2684
Status :  0
mined  600000 21672 logs:  0  ***** possible failure
Nonce :  0
GasPrice :  1
block  2685
Status :  0
mined  600000 21672 logs:  0  ***** possible failure
Nonce :  0
GasPrice :  1
block  2686
Status :  0
mined  600000 21672 logs:  0  ***** possible failure
Nonce :  0
GasPrice :  1
block  2687
Status :  0
mined  600000 21672 logs:  0  ***** possible failure
Nonce :  0
GasPrice :  1
block  2688
Status :  0
mined  600000 21672 logs:  0  ***** possible failure
Nonce :  0
GasPrice :  1
block  2689
Status :  0
mined  600000 21672 logs:  0  ***** possible failure
Nonce :  0
GasPrice :  1
block  2690
Status :  0
mined  600000 21672 logs:  0  ***** possible failure
Nonce :  0
GasPrice :  1
block  2691
Status :  0
mined  600000 21672 logs:  0  ***** possible failure
Nonce :  0
GasPrice :  1
block  2692
Status :  0
mined  600000 21672 logs:  0  ***** possible failure
Nonce :  0
GasPrice :  1
block  2693
Status :  0
mined  600000 21672 logs:  0  ***** possible failure
skipping purchase of  T0625
Nonce :  0
GasPrice :  1
block  2694
Status :  0
mined  600000 21672 logs:  0  ***** possible failure
Nonce :  0
GasPrice :  1
block  2695
Status :  0
mined  600000 21672 logs:  0  ***** possible failure
Nonce :  0
GasPrice :  1
block  2696
Status :  0
mined  600000 21672 logs:  0  ***** possible failure
Nonce :  0
GasPrice :  1
block  2697
Status :  0
mined  600000 21672 logs:  0  ***** possible failure
Nonce :  0
GasPrice :  1
block  2698
Status :  0
mined  600000 21672 logs:  0  ***** possible failure
Nonce :  0
GasPrice :  1
block  2699
Status :  0
mined  600000 21672 logs:  0  ***** possible failure
Nonce :  0
GasPrice :  1
block  2700
Status :  0
mined  600000 21672 logs:  0  ***** possible failure
Nonce :  0
GasPrice :  1
block  2701
Status :  0
mined  600000 21672 logs:  0  ***** possible failure
Nonce :  0
GasPrice :  1
block  2702
Status :  0
mined  600000 21672 logs:  0  ***** possible failure
Nonce :  0
GasPrice :  1
block  2703
Status :  0
mined  600000 21672 logs:  0  ***** possible failure
Nonce :  0
GasPrice :  1
block  2704
Status :  0
mined  600000 21672 logs:  0  ***** possible failure
Nonce :  0
GasPrice :  1
block  2705
Status :  0
mined  600000 21672 logs:  0  ***** possible failure
Nonce :  0
GasPrice :  1
block  2706
Status :  0
mined  600000 21672 logs:  0  ***** possible failure
Nonce :  0
GasPrice :  1
block  2707
Status :  0
mined  600000 21672 logs:  0  ***** possible failure
Nonce :  0
GasPrice :  1
block  2708
Status :  0
mined  600000 21672 logs:  0  ***** possible failure
Nonce :  0
GasPrice :  1
block  2709
Status :  0
mined  600000 21672 logs:  0  ***** possible failure
Nonce :  0
GasPrice :  1
block  2710
Status :  0
mined  600000 21672 logs:  0  ***** possible failure
Nonce :  0
GasPrice :  1
block  2711
Status :  0
mined  600000 21672 logs:  0  ***** possible failure
Nonce :  0
GasPrice :  1
block  2712
Status :  0
mined  600000 21672 logs:  0  ***** possible failure
skipping purchase of  T0645
Nonce :  0
GasPrice :  1
block  2713
Status :  0
mined  600000 21672 logs:  0  ***** possible failure
Nonce :  0
GasPrice :  1
block  2714
Status :  0
mined  600000 21672 logs:  0  ***** possible failure
Nonce :  0
GasPrice :  1
block  2715
Status :  0
mined  600000 21672 logs:  0  ***** possible failure
Nonce :  0
GasPrice :  1
block  2716
Status :  0
mined  600000 21672 logs:  0  ***** possible failure
Nonce :  0
GasPrice :  1
block  2717
Status :  0
mined  600000 21672 logs:  0  ***** possible failure
Nonce :  0
GasPrice :  1
block  2718
Status :  0
mined  600000 21672 logs:  0  ***** possible failure
Nonce :  0
GasPrice :  1
block  2719
Status :  0
mined  600000 21672 logs:  0  ***** possible failure
Nonce :  0
GasPrice :  1
block  2720
Status :  0
mined  600000 21672 logs:  0  ***** possible failure
Nonce :  0
GasPrice :  1
block  2721
Status :  0
mined  600000 21672 logs:  0  ***** possible failure
Nonce :  0
GasPrice :  1
block  2722
Status :  0
mined  600000 21672 logs:  0  ***** possible failure
Nonce :  0
GasPrice :  1
block  2723
Status :  0
mined  600000 21672 logs:  0  ***** possible failure
Nonce :  0
GasPrice :  1
block  2724
Status :  0
mined  600000 21672 logs:  0  ***** possible failure
Nonce :  0
GasPrice :  1
block  2725
Status :  0
mined  600000 21672 logs:  0  ***** possible failure
Nonce :  0
GasPrice :  1
block  2726
Status :  0
mined  600000 21672 logs:  0  ***** possible failure
Nonce :  0
GasPrice :  1
block  2727
Status :  0
mined  600000 21672 logs:  0  ***** possible failure
Nonce :  0
GasPrice :  1
block  2728
Status :  0
mined  600000 21672 logs:  0  ***** possible failure
Nonce :  0
GasPrice :  1
block  2729
Status :  0
mined  600000 21672 logs:  0  ***** possible failure
Nonce :  0
GasPrice :  1
block  2730
Status :  0
mined  600000 21672 logs:  0  ***** possible failure
Nonce :  0
GasPrice :  1
block  2731
Status :  0
mined  600000 21672 logs:  0  ***** possible failure
skipping purchase of  T0665
Nonce :  0
GasPrice :  1
block  2732
Status :  0
mined  600000 21672 logs:  0  ***** possible failure
Nonce :  0
GasPrice :  1
block  2733
Status :  0
mined  600000 21672 logs:  0  ***** possible failure
Nonce :  0
GasPrice :  1
block  2734
Status :  0
mined  600000 21672 logs:  0  ***** possible failure
Nonce :  0
GasPrice :  1
block  2735
Status :  0
mined  600000 21672 logs:  0  ***** possible failure
Nonce :  0
GasPrice :  1
block  2736
Status :  0
mined  600000 21672 logs:  0  ***** possible failure
Nonce :  0
GasPrice :  1
block  2737
Status :  0
mined  600000 21672 logs:  0  ***** possible failure
Nonce :  0
GasPrice :  1
block  2738
Status :  0
mined  600000 21672 logs:  0  ***** possible failure
Nonce :  0
GasPrice :  1
block  2739
Status :  0
mined  600000 21672 logs:  0  ***** possible failure
Nonce :  0
GasPrice :  1
block  2740
Status :  0
mined  600000 21672 logs:  0  ***** possible failure
Nonce :  0
GasPrice :  1
block  2741
Status :  0
mined  600000 21672 logs:  0  ***** possible failure
Nonce :  0
GasPrice :  1
block  2742
Status :  0
mined  600000 21672 logs:  0  ***** possible failure
Nonce :  0
GasPrice :  1
block  2743
Status :  0
mined  600000 21672 logs:  0  ***** possible failure
Nonce :  0
GasPrice :  1
block  2744
Status :  0
mined  600000 21672 logs:  0  ***** possible failure
Nonce :  0
GasPrice :  1
block  2745
Status :  0
mined  600000 21672 logs:  0  ***** possible failure
Nonce :  0
GasPrice :  1
block  2746
Status :  0
mined  600000 21672 logs:  0  ***** possible failure
Nonce :  0
GasPrice :  1
block  2747
Status :  0
mined  600000 21672 logs:  0  ***** possible failure
Nonce :  0
GasPrice :  1
block  2748
Status :  0
mined  600000 21672 logs:  0  ***** possible failure
Nonce :  0
GasPrice :  1
block  2749
Status :  0
mined  600000 21672 logs:  0  ***** possible failure
Nonce :  0
GasPrice :  1
block  2750
Status :  0
mined  600000 21672 logs:  0  ***** possible failure
skipping purchase of  T0685
Nonce :  0
GasPrice :  1
block  2751
Status :  0
mined  600000 21672 logs:  0  ***** possible failure
Nonce :  0
GasPrice :  1
block  2752
Status :  0
mined  600000 21672 logs:  0  ***** possible failure
Nonce :  0
GasPrice :  1
block  2753
Status :  0
mined  600000 21672 logs:  0  ***** possible failure
Nonce :  0
GasPrice :  1
block  2754
Status :  0
mined  600000 21672 logs:  0  ***** possible failure
Nonce :  0
GasPrice :  1
block  2755
Status :  0
mined  600000 21672 logs:  0  ***** possible failure
Nonce :  0
GasPrice :  1
block  2756
Status :  0
mined  600000 21672 logs:  0  ***** possible failure
Nonce :  0
GasPrice :  1
block  2757
Status :  0
mined  600000 21672 logs:  0  ***** possible failure
Nonce :  0
GasPrice :  1
block  2758
Status :  0
mined  600000 21672 logs:  0  ***** possible failure
Nonce :  0
GasPrice :  1
block  2759
Status :  0
mined  600000 21672 logs:  0  ***** possible failure
Nonce :  0
GasPrice :  1
block  2760
Status :  0
mined  600000 21672 logs:  0  ***** possible failure
Nonce :  0
GasPrice :  1
block  2761
Status :  0
mined  600000 21672 logs:  0  ***** possible failure
Nonce :  0
GasPrice :  1
block  2762
Status :  0
mined  600000 21672 logs:  0  ***** possible failure
Nonce :  0
GasPrice :  1
block  2763
Status :  0
mined  600000 21672 logs:  0  ***** possible failure
Nonce :  0
GasPrice :  1
block  2764
Status :  0
mined  600000 21672 logs:  0  ***** possible failure
Nonce :  0
GasPrice :  1
block  2765
Status :  0
mined  600000 21672 logs:  0  ***** possible failure
Nonce :  0
GasPrice :  1
block  2766
Status :  0
mined  600000 21672 logs:  0  ***** possible failure
Nonce :  0
GasPrice :  1
block  2767
Status :  0
mined  600000 21672 logs:  0  ***** possible failure
Nonce :  0
GasPrice :  1
block  2768
Status :  0
mined  600000 21672 logs:  0  ***** possible failure
Nonce :  0
GasPrice :  1
block  2769
Status :  0
mined  600000 21672 logs:  0  ***** possible failure
skipping purchase of  T0705
Nonce :  0
GasPrice :  1
block  2770
Status :  0
mined  600000 21672 logs:  0  ***** possible failure
Nonce :  0
GasPrice :  1
block  2771
Status :  0
mined  600000 21672 logs:  0  ***** possible failure
Nonce :  0
GasPrice :  1
block  2772
Status :  0
mined  600000 21672 logs:  0  ***** possible failure
Nonce :  0
GasPrice :  1
block  2773
Status :  0
mined  600000 21672 logs:  0  ***** possible failure
Nonce :  0
GasPrice :  1
block  2774
Status :  0
mined  600000 21672 logs:  0  ***** possible failure
Nonce :  0
GasPrice :  1
block  2775
Status :  0
mined  600000 21672 logs:  0  ***** possible failure
Nonce :  0
GasPrice :  1
block  2776
Status :  0
mined  600000 21672 logs:  0  ***** possible failure
Nonce :  0
GasPrice :  1
block  2777
Status :  0
mined  600000 21672 logs:  0  ***** possible failure
Nonce :  0
GasPrice :  1
block  2778
Status :  0
mined  600000 21672 logs:  0  ***** possible failure
Nonce :  0
GasPrice :  1
block  2779
Status :  0
mined  600000 21672 logs:  0  ***** possible failure
Nonce :  0
GasPrice :  1
block  2780
Status :  0
mined  600000 21672 logs:  0  ***** possible failure
Nonce :  0
GasPrice :  1
block  2781
Status :  0
mined  600000 21672 logs:  0  ***** possible failure
Nonce :  0
GasPrice :  1
block  2782
Status :  0
mined  600000 21672 logs:  0  ***** possible failure
Nonce :  0
GasPrice :  1
block  2783
Status :  0
mined  600000 21672 logs:  0  ***** possible failure
Nonce :  0
GasPrice :  1
block  2784
Status :  0
mined  600000 21672 logs:  0  ***** possible failure
Nonce :  0
GasPrice :  1
block  2785
Status :  0
mined  600000 21672 logs:  0  ***** possible failure
Nonce :  0
GasPrice :  1
block  2786
Status :  0
mined  600000 21672 logs:  0  ***** possible failure
Nonce :  0
GasPrice :  1
block  2787
Status :  0
mined  600000 21672 logs:  0  ***** possible failure
Nonce :  0
GasPrice :  1
block  2788
Status :  0
mined  600000 21672 logs:  0  ***** possible failure
skipping purchase of  T0725
Nonce :  0
GasPrice :  1
block  2789
Status :  0
mined  600000 21672 logs:  0  ***** possible failure
Nonce :  0
GasPrice :  1
block  2790
Status :  0
mined  600000 21672 logs:  0  ***** possible failure
Nonce :  0
GasPrice :  1
block  2791
Status :  0
mined  600000 21672 logs:  0  ***** possible failure
Nonce :  0
GasPrice :  1
block  2792
Status :  0
mined  600000 21672 logs:  0  ***** possible failure
Nonce :  0
GasPrice :  1
block  2793
Status :  0
mined  600000 21672 logs:  0  ***** possible failure
Nonce :  0
GasPrice :  1
block  2794
Status :  0
mined  600000 21672 logs:  0  ***** possible failure
Nonce :  0
GasPrice :  1
block  2795
Status :  0
mined  600000 21672 logs:  0  ***** possible failure
Nonce :  0
GasPrice :  1
block  2796
Status :  0
mined  600000 21672 logs:  0  ***** possible failure
Nonce :  0
GasPrice :  1
block  2797
Status :  0
mined  600000 21672 logs:  0  ***** possible failure
Nonce :  0
GasPrice :  1
block  2798
Status :  0
mined  600000 21672 logs:  0  ***** possible failure
Nonce :  0
GasPrice :  1
block  2799
Status :  0
mined  600000 21672 logs:  0  ***** possible failure
Nonce :  0
GasPrice :  1
block  2800
Status :  0
mined  600000 21672 logs:  0  ***** possible failure
Nonce :  0
GasPrice :  1
block  2801
Status :  0
mined  600000 21672 logs:  0  ***** possible failure
Nonce :  0
GasPrice :  1
block  2802
Status :  0
mined  600000 21672 logs:  0  ***** possible failure
Nonce :  0
GasPrice :  1
block  2803
Status :  0
mined  600000 21672 logs:  0  ***** possible failure
Nonce :  0
GasPrice :  1
block  2804
Status :  0
mined  600000 21672 logs:  0  ***** possible failure
Nonce :  0
GasPrice :  1
block  2805
Status :  0
mined  600000 21672 logs:  0  ***** possible failure
Nonce :  0
GasPrice :  1
block  2806
Status :  0
mined  600000 21672 logs:  0  ***** possible failure
Nonce :  0
GasPrice :  1
block  2807
Status :  0
mined  600000 21672 logs:  0  ***** possible failure
skipping purchase of  T0745
Nonce :  0
GasPrice :  1
block  2808
Status :  0
mined  600000 21672 logs:  0  ***** possible failure
Nonce :  0
GasPrice :  1
block  2809
Status :  0
mined  600000 21672 logs:  0  ***** possible failure
Nonce :  0
GasPrice :  1
block  2810
Status :  0
mined  600000 21672 logs:  0  ***** possible failure
Nonce :  0
GasPrice :  1
block  2811
Status :  0
mined  600000 21672 logs:  0  ***** possible failure
Nonce :  0
GasPrice :  1
block  2812
Status :  0
mined  600000 21672 logs:  0  ***** possible failure
Nonce :  0
GasPrice :  1
block  2813
Status :  0
mined  600000 21672 logs:  0  ***** possible failure
Nonce :  0
GasPrice :  1
block  2814
Status :  0
mined  600000 21672 logs:  0  ***** possible failure
Nonce :  0
GasPrice :  1
block  2815
Status :  0
mined  600000 21672 logs:  0  ***** possible failure
Nonce :  0
GasPrice :  1
block  2816
Status :  0
mined  600000 21672 logs:  0  ***** possible failure
Nonce :  0
GasPrice :  1
block  2817
Status :  0
mined  600000 21672 logs:  0  ***** possible failure
Nonce :  0
GasPrice :  1
block  2818
Status :  0
mined  600000 21672 logs:  0  ***** possible failure
Nonce :  0
GasPrice :  1
block  2819
Status :  0
mined  600000 21672 logs:  0  ***** possible failure
Nonce :  0
GasPrice :  1
block  2820
Status :  0
mined  600000 21672 logs:  0  ***** possible failure
Nonce :  0
GasPrice :  1
block  2821
Status :  0
mined  600000 21672 logs:  0  ***** possible failure
Nonce :  0
GasPrice :  1
block  2822
Status :  0
mined  600000 21672 logs:  0  ***** possible failure
Nonce :  0
GasPrice :  1
block  2823
Status :  0
mined  600000 21672 logs:  0  ***** possible failure
Nonce :  0
GasPrice :  1
block  2824
Status :  0
mined  600000 21672 logs:  0  ***** possible failure
Nonce :  0
GasPrice :  1
block  2825
Status :  0
mined  600000 21672 logs:  0  ***** possible failure
Nonce :  0
GasPrice :  1
block  2826
Status :  0
mined  600000 21672 logs:  0  ***** possible failure
skipping purchase of  T0765
Nonce :  0
GasPrice :  1
block  2827
Status :  0
mined  600000 21672 logs:  0  ***** possible failure
Nonce :  0
GasPrice :  1
block  2828
Status :  0
mined  600000 21672 logs:  0  ***** possible failure
Nonce :  0
GasPrice :  1
block  2829
Status :  0
mined  600000 21672 logs:  0  ***** possible failure
Nonce :  0
GasPrice :  1
block  2830
Status :  0
mined  600000 21672 logs:  0  ***** possible failure
Nonce :  0
GasPrice :  1
block  2831
Status :  0
mined  600000 21672 logs:  0  ***** possible failure
Nonce :  0
GasPrice :  1
block  2832
Status :  0
mined  600000 21672 logs:  0  ***** possible failure
Nonce :  0
GasPrice :  1
block  2833
Status :  0
mined  600000 21672 logs:  0  ***** possible failure
Nonce :  0
GasPrice :  1
block  2834
Status :  0
mined  600000 21672 logs:  0  ***** possible failure
Nonce :  0
GasPrice :  1
block  2835
Status :  0
mined  600000 21672 logs:  0  ***** possible failure
Nonce :  0
GasPrice :  1
block  2836
Status :  0
mined  600000 21672 logs:  0  ***** possible failure
Nonce :  0
GasPrice :  1
block  2837
Status :  0
mined  600000 21672 logs:  0  ***** possible failure
Nonce :  0
GasPrice :  1
block  2838
Status :  0
mined  600000 21672 logs:  0  ***** possible failure
Nonce :  0
GasPrice :  1
block  2839
Status :  0
mined  600000 21672 logs:  0  ***** possible failure
Nonce :  0
GasPrice :  1
block  2840
Status :  0
mined  600000 21672 logs:  0  ***** possible failure
Nonce :  0
GasPrice :  1
block  2841
Status :  0
mined  600000 21672 logs:  0  ***** possible failure
Nonce :  0
GasPrice :  1
block  2842
Status :  0
mined  600000 21672 logs:  0  ***** possible failure
Nonce :  0
GasPrice :  1
block  2843
Status :  0
mined  600000 21672 logs:  0  ***** possible failure
Nonce :  0
GasPrice :  1
block  2844
Status :  0
mined  600000 21672 logs:  0  ***** possible failure
Nonce :  0
GasPrice :  1
block  2845
Status :  0
mined  600000 21672 logs:  0  ***** possible failure
skipping purchase of  T0785
Nonce :  0
GasPrice :  1
block  2846
Status :  0
mined  600000 21672 logs:  0  ***** possible failure
Nonce :  0
GasPrice :  1
block  2847
Status :  0
mined  600000 21672 logs:  0  ***** possible failure
Nonce :  0
GasPrice :  1
block  2848
Status :  0
mined  600000 21672 logs:  0  ***** possible failure
Nonce :  0
GasPrice :  1
block  2849
Status :  0
mined  600000 21672 logs:  0  ***** possible failure
Nonce :  0
GasPrice :  1
block  2850
Status :  0
mined  600000 21672 logs:  0  ***** possible failure
Nonce :  0
GasPrice :  1
block  2851
Status :  0
mined  600000 21672 logs:  0  ***** possible failure
Nonce :  0
GasPrice :  1
block  2852
Status :  0
mined  600000 21672 logs:  0  ***** possible failure
Nonce :  0
GasPrice :  1
block  2853
Status :  0
mined  600000 21672 logs:  0  ***** possible failure
Nonce :  0
GasPrice :  1
block  2854
Status :  0
mined  600000 21672 logs:  0  ***** possible failure
Nonce :  0
GasPrice :  1
block  2855
Status :  0
mined  600000 21672 logs:  0  ***** possible failure
Nonce :  0
GasPrice :  1
block  2856
Status :  0
mined  600000 21672 logs:  0  ***** possible failure
Nonce :  0
GasPrice :  1
block  2857
Status :  0
mined  600000 21672 logs:  0  ***** possible failure
Nonce :  0
GasPrice :  1
block  2858
Status :  0
mined  600000 21672 logs:  0  ***** possible failure
Nonce :  0
GasPrice :  1
block  2859
Status :  0
mined  600000 21672 logs:  0  ***** possible failure
Nonce :  0
GasPrice :  1
block  2860
Status :  0
mined  600000 21672 logs:  0  ***** possible failure
Nonce :  0
GasPrice :  1
block  2861
Status :  0
mined  600000 21672 logs:  0  ***** possible failure
Nonce :  0
GasPrice :  1
block  2862
Status :  0
mined  600000 21672 logs:  0  ***** possible failure
Nonce :  0
GasPrice :  1
block  2863
Status :  0
mined  600000 21672 logs:  0  ***** possible failure
Nonce :  0
GasPrice :  1
block  2864
Status :  0
mined  600000 21672 logs:  0  ***** possible failure
skipping purchase of  T0805
Nonce :  0
GasPrice :  1
block  2865
Status :  0
mined  600000 21672 logs:  0  ***** possible failure
Nonce :  0
GasPrice :  1
block  2866
Status :  0
mined  600000 21672 logs:  0  ***** possible failure
Nonce :  0
GasPrice :  1
block  2867
Status :  0
mined  600000 21672 logs:  0  ***** possible failure
Nonce :  0
GasPrice :  1
block  2868
Status :  0
mined  600000 21672 logs:  0  ***** possible failure
Nonce :  0
GasPrice :  1
block  2869
Status :  0
mined  600000 21672 logs:  0  ***** possible failure
Nonce :  0
GasPrice :  1
block  2870
Status :  0
mined  600000 21672 logs:  0  ***** possible failure
Nonce :  0
GasPrice :  1
block  2871
Status :  0
mined  600000 21672 logs:  0  ***** possible failure
Nonce :  0
GasPrice :  1
block  2872
Status :  0
mined  600000 21672 logs:  0  ***** possible failure
Nonce :  0
GasPrice :  1
block  2873
Status :  0
mined  600000 21672 logs:  0  ***** possible failure
Nonce :  0
GasPrice :  1
block  2874
Status :  0
mined  600000 21672 logs:  0  ***** possible failure
Nonce :  0
GasPrice :  1
block  2875
Status :  0
mined  600000 21672 logs:  0  ***** possible failure
Nonce :  0
GasPrice :  1
block  2876
Status :  0
mined  600000 21672 logs:  0  ***** possible failure
Nonce :  0
GasPrice :  1
block  2877
Status :  0
mined  600000 21672 logs:  0  ***** possible failure
Nonce :  0
GasPrice :  1
block  2878
Status :  0
mined  600000 21672 logs:  0  ***** possible failure
Nonce :  0
GasPrice :  1
block  2879
Status :  0
mined  600000 21672 logs:  0  ***** possible failure
Nonce :  0
GasPrice :  1
block  2880
Status :  0
mined  600000 21672 logs:  0  ***** possible failure
Nonce :  0
GasPrice :  1
block  2881
Status :  0
mined  600000 21672 logs:  0  ***** possible failure
Nonce :  0
GasPrice :  1
block  2882
Status :  0
mined  600000 21672 logs:  0  ***** possible failure
Nonce :  0
GasPrice :  1
block  2883
Status :  0
mined  600000 21672 logs:  0  ***** possible failure
skipping purchase of  T0825
Nonce :  0
GasPrice :  1
block  2884
Status :  0
mined  600000 21672 logs:  0  ***** possible failure
Nonce :  0
GasPrice :  1
block  2885
Status :  0
mined  600000 21672 logs:  0  ***** possible failure
Nonce :  0
GasPrice :  1
block  2886
Status :  0
mined  600000 21672 logs:  0  ***** possible failure
Nonce :  0
GasPrice :  1
block  2887
Status :  0
mined  600000 21672 logs:  0  ***** possible failure
Nonce :  0
GasPrice :  1
block  2888
Status :  0
mined  600000 21672 logs:  0  ***** possible failure
Nonce :  0
GasPrice :  1
block  2889
Status :  0
mined  600000 21672 logs:  0  ***** possible failure
Nonce :  0
GasPrice :  1
block  2890
Status :  0
mined  600000 21672 logs:  0  ***** possible failure
Nonce :  0
GasPrice :  1
block  2891
Status :  0
mined  600000 21672 logs:  0  ***** possible failure
Nonce :  0
GasPrice :  1
block  2892
Status :  0
mined  600000 21672 logs:  0  ***** possible failure
Nonce :  0
GasPrice :  1
block  2893
Status :  0
mined  600000 21672 logs:  0  ***** possible failure
Nonce :  0
GasPrice :  1
block  2894
Status :  0
mined  600000 21672 logs:  0  ***** possible failure
Nonce :  0
GasPrice :  1
block  2895
Status :  0
mined  600000 21672 logs:  0  ***** possible failure
Nonce :  0
GasPrice :  1
block  2896
Status :  0
mined  600000 21672 logs:  0  ***** possible failure
Nonce :  0
GasPrice :  1
block  2897
Status :  0
mined  600000 21672 logs:  0  ***** possible failure
Nonce :  0
GasPrice :  1
block  2898
Status :  0
mined  600000 21672 logs:  0  ***** possible failure
Nonce :  0
GasPrice :  1
block  2899
Status :  0
mined  600000 21672 logs:  0  ***** possible failure
Nonce :  0
GasPrice :  1
block  2900
Status :  0
mined  600000 21672 logs:  0  ***** possible failure
Nonce :  0
GasPrice :  1
block  2901
Status :  0
mined  600000 21672 logs:  0  ***** possible failure
Nonce :  0
GasPrice :  1
block  2902
Status :  0
mined  600000 21672 logs:  0  ***** possible failure
skipping purchase of  T0845
Nonce :  0
GasPrice :  1
block  2903
Status :  0
mined  600000 21672 logs:  0  ***** possible failure
Nonce :  0
GasPrice :  1
block  2904
Status :  0
mined  600000 21672 logs:  0  ***** possible failure
Nonce :  0
GasPrice :  1
block  2905
Status :  0
mined  600000 21672 logs:  0  ***** possible failure
Nonce :  0
GasPrice :  1
block  2906
Status :  0
mined  600000 21672 logs:  0  ***** possible failure
Nonce :  0
GasPrice :  1
block  2907
Status :  0
mined  600000 21672 logs:  0  ***** possible failure
Nonce :  0
GasPrice :  1
block  2908
Status :  0
mined  600000 21672 logs:  0  ***** possible failure
Nonce :  0
GasPrice :  1
block  2909
Status :  0
mined  600000 21672 logs:  0  ***** possible failure
Nonce :  0
GasPrice :  1
block  2910
Status :  0
mined  600000 21672 logs:  0  ***** possible failure
Nonce :  0
GasPrice :  1
block  2911
Status :  0
mined  600000 21672 logs:  0  ***** possible failure
Nonce :  0
GasPrice :  1
block  2912
Status :  0
mined  600000 21672 logs:  0  ***** possible failure
Nonce :  0
GasPrice :  1
block  2913
Status :  0
mined  600000 21672 logs:  0  ***** possible failure
Nonce :  0
GasPrice :  1
block  2914
Status :  0
mined  600000 21672 logs:  0  ***** possible failure
Nonce :  0
GasPrice :  1
block  2915
Status :  0
mined  600000 21672 logs:  0  ***** possible failure
Nonce :  0
GasPrice :  1
block  2916
Status :  0
mined  600000 21672 logs:  0  ***** possible failure
Nonce :  0
GasPrice :  1
block  2917
Status :  0
mined  600000 21672 logs:  0  ***** possible failure
Nonce :  0
GasPrice :  1
block  2918
Status :  0
mined  600000 21672 logs:  0  ***** possible failure
Nonce :  0
GasPrice :  1
block  2919
Status :  0
mined  600000 21672 logs:  0  ***** possible failure
Nonce :  0
GasPrice :  1
block  2920
Status :  0
mined  600000 21672 logs:  0  ***** possible failure
Nonce :  0
GasPrice :  1
block  2921
Status :  0
mined  600000 21672 logs:  0  ***** possible failure
skipping purchase of  T0865
Nonce :  0
GasPrice :  1
block  2922
Status :  0
mined  600000 21672 logs:  0  ***** possible failure
Nonce :  0
GasPrice :  1
block  2923
Status :  0
mined  600000 21672 logs:  0  ***** possible failure
Nonce :  0
GasPrice :  1
block  2924
Status :  0
mined  600000 21672 logs:  0  ***** possible failure
Nonce :  0
GasPrice :  1
block  2925
Status :  0
mined  600000 21672 logs:  0  ***** possible failure
Nonce :  0
GasPrice :  1
block  2926
Status :  0
mined  600000 21672 logs:  0  ***** possible failure
Nonce :  0
GasPrice :  1
block  2927
Status :  0
mined  600000 21672 logs:  0  ***** possible failure
Nonce :  0
GasPrice :  1
block  2928
Status :  0
mined  600000 21672 logs:  0  ***** possible failure
Nonce :  0
GasPrice :  1
block  2929
Status :  0
mined  600000 21672 logs:  0  ***** possible failure
Nonce :  0
GasPrice :  1
block  2930
Status :  0
mined  600000 21672 logs:  0  ***** possible failure
Nonce :  0
GasPrice :  1
block  2931
Status :  0
mined  600000 21672 logs:  0  ***** possible failure
Nonce :  0
GasPrice :  1
block  2932
Status :  0
mined  600000 21672 logs:  0  ***** possible failure
Nonce :  0
GasPrice :  1
block  2933
Status :  0
mined  600000 21672 logs:  0  ***** possible failure
Nonce :  0
GasPrice :  1
block  2934
Status :  0
mined  600000 21672 logs:  0  ***** possible failure
Nonce :  0
GasPrice :  1
block  2935
Status :  0
mined  600000 21672 logs:  0  ***** possible failure
Nonce :  0
GasPrice :  1
block  2936
Status :  0
mined  600000 21672 logs:  0  ***** possible failure
Nonce :  0
GasPrice :  1
block  2937
Status :  0
mined  600000 21672 logs:  0  ***** possible failure
Nonce :  0
GasPrice :  1
block  2938
Status :  0
mined  600000 21672 logs:  0  ***** possible failure
Nonce :  0
GasPrice :  1
block  2939
Status :  0
mined  600000 21672 logs:  0  ***** possible failure
Nonce :  0
GasPrice :  1
block  2940
Status :  0
mined  600000 21672 logs:  0  ***** possible failure
skipping purchase of  T0885
Nonce :  0
GasPrice :  1
block  2941
Status :  0
mined  600000 21672 logs:  0  ***** possible failure
Nonce :  0
GasPrice :  1
block  2942
Status :  0
mined  600000 21672 logs:  0  ***** possible failure
Nonce :  0
GasPrice :  1
block  2943
Status :  0
mined  600000 21672 logs:  0  ***** possible failure
Nonce :  0
GasPrice :  1
block  2944
Status :  0
mined  600000 21672 logs:  0  ***** possible failure
Nonce :  0
GasPrice :  1
block  2945
Status :  0
mined  600000 21672 logs:  0  ***** possible failure
Nonce :  0
GasPrice :  1
block  2946
Status :  0
mined  600000 21672 logs:  0  ***** possible failure
Nonce :  0
GasPrice :  1
block  2947
Status :  0
mined  600000 21672 logs:  0  ***** possible failure
Nonce :  0
GasPrice :  1
block  2948
Status :  0
mined  600000 21672 logs:  0  ***** possible failure
Nonce :  0
GasPrice :  1
block  2949
Status :  0
mined  600000 21672 logs:  0  ***** possible failure
Nonce :  0
GasPrice :  1
block  2950
Status :  0
mined  600000 21672 logs:  0  ***** possible failure
Nonce :  0
GasPrice :  1
block  2951
Status :  0
mined  600000 21672 logs:  0  ***** possible failure
Nonce :  0
GasPrice :  1
block  2952
Status :  0
mined  600000 21672 logs:  0  ***** possible failure
Nonce :  0
GasPrice :  1
block  2953
Status :  0
mined  600000 21672 logs:  0  ***** possible failure
Nonce :  0
GasPrice :  1
block  2954
Status :  0
mined  600000 21672 logs:  0  ***** possible failure
Nonce :  0
GasPrice :  1
block  2955
Status :  0
mined  600000 21672 logs:  0  ***** possible failure
Nonce :  0
GasPrice :  1
block  2956
Status :  0
mined  600000 21672 logs:  0  ***** possible failure
Nonce :  0
GasPrice :  1
block  2957
Status :  0
mined  600000 21672 logs:  0  ***** possible failure
Nonce :  0
GasPrice :  1
block  2958
Status :  0
mined  600000 21672 logs:  0  ***** possible failure
Nonce :  0
GasPrice :  1
block  2959
Status :  0
mined  600000 21672 logs:  0  ***** possible failure
skipping purchase of  T0905
Nonce :  0
GasPrice :  1
block  2960
Status :  0
mined  600000 21672 logs:  0  ***** possible failure
Nonce :  0
GasPrice :  1
block  2961
Status :  0
mined  600000 21672 logs:  0  ***** possible failure
Nonce :  0
GasPrice :  1
block  2962
Status :  0
mined  600000 21672 logs:  0  ***** possible failure
Nonce :  0
GasPrice :  1
block  2963
Status :  0
mined  600000 21672 logs:  0  ***** possible failure
Nonce :  0
GasPrice :  1
block  2964
Status :  0
mined  600000 21672 logs:  0  ***** possible failure
Nonce :  0
GasPrice :  1
block  2965
Status :  0
mined  600000 21672 logs:  0  ***** possible failure
Nonce :  0
GasPrice :  1
block  2966
Status :  0
mined  600000 21672 logs:  0  ***** possible failure
Nonce :  0
GasPrice :  1
block  2967
Status :  0
mined  600000 21672 logs:  0  ***** possible failure
Nonce :  0
GasPrice :  1
block  2968
Status :  0
mined  600000 21672 logs:  0  ***** possible failure
Nonce :  0
GasPrice :  1
block  2969
Status :  0
mined  600000 21672 logs:  0  ***** possible failure
Nonce :  0
GasPrice :  1
block  2970
Status :  0
mined  600000 21672 logs:  0  ***** possible failure
Nonce :  0
GasPrice :  1
block  2971
Status :  0
mined  600000 21672 logs:  0  ***** possible failure
Nonce :  0
GasPrice :  1
block  2972
Status :  0
mined  600000 21672 logs:  0  ***** possible failure
Nonce :  0
GasPrice :  1
block  2973
Status :  0
mined  600000 21672 logs:  0  ***** possible failure
Nonce :  0
GasPrice :  1
block  2974
Status :  0
mined  600000 21672 logs:  0  ***** possible failure
Nonce :  0
GasPrice :  1
block  2975
Status :  0
mined  600000 21672 logs:  0  ***** possible failure
Nonce :  0
GasPrice :  1
block  2976
Status :  0
mined  600000 21672 logs:  0  ***** possible failure
Nonce :  0
GasPrice :  1
block  2977
Status :  0
mined  600000 21672 logs:  0  ***** possible failure
Nonce :  0
GasPrice :  1
block  2978
Status :  0
mined  600000 21672 logs:  0  ***** possible failure
skipping purchase of  T0925
Nonce :  0
GasPrice :  1
block  2979
Status :  0
mined  600000 21672 logs:  0  ***** possible failure
Nonce :  0
GasPrice :  1
block  2980
Status :  0
mined  600000 21672 logs:  0  ***** possible failure
Nonce :  0
GasPrice :  1
block  2981
Status :  0
mined  600000 21672 logs:  0  ***** possible failure
Nonce :  0
GasPrice :  1
block  2982
Status :  0
mined  600000 21672 logs:  0  ***** possible failure
Nonce :  0
GasPrice :  1
block  2983
Status :  0
mined  600000 21672 logs:  0  ***** possible failure
Nonce :  0
GasPrice :  1
block  2984
Status :  0
mined  600000 21672 logs:  0  ***** possible failure
Nonce :  0
GasPrice :  1
block  2985
Status :  0
mined  600000 21672 logs:  0  ***** possible failure
Nonce :  0
GasPrice :  1
block  2986
Status :  0
mined  600000 21672 logs:  0  ***** possible failure
Nonce :  0
GasPrice :  1
block  2987
Status :  0
mined  600000 21672 logs:  0  ***** possible failure
Nonce :  0
GasPrice :  1
block  2988
Status :  0
mined  600000 21672 logs:  0  ***** possible failure
Nonce :  0
GasPrice :  1
block  2989
Status :  0
mined  600000 21672 logs:  0  ***** possible failure
Nonce :  0
GasPrice :  1
block  2990
Status :  0
mined  600000 21672 logs:  0  ***** possible failure
Nonce :  0
GasPrice :  1
block  2991
Status :  0
mined  600000 21672 logs:  0  ***** possible failure
Nonce :  0
GasPrice :  1
block  2992
Status :  0
mined  600000 21672 logs:  0  ***** possible failure
Nonce :  0
GasPrice :  1
block  2993
Status :  0
mined  600000 21672 logs:  0  ***** possible failure
Nonce :  0
GasPrice :  1
block  2994
Status :  0
mined  600000 21672 logs:  0  ***** possible failure
Nonce :  0
GasPrice :  1
block  2995
Status :  0
mined  600000 21672 logs:  0  ***** possible failure
Nonce :  0
GasPrice :  1
block  2996
Status :  0
mined  600000 21672 logs:  0  ***** possible failure
Nonce :  0
GasPrice :  1
block  2997
Status :  0
mined  600000 21672 logs:  0  ***** possible failure
skipping purchase of  T0945
Nonce :  0
GasPrice :  1
block  2998
Status :  0
mined  600000 21672 logs:  0  ***** possible failure
Nonce :  0
GasPrice :  1
block  2999
Status :  0
mined  600000 21672 logs:  0  ***** possible failure
Nonce :  0
GasPrice :  1
block  3000
Status :  0
mined  600000 21672 logs:  0  ***** possible failure
Nonce :  0
GasPrice :  1
block  3001
Status :  0
mined  600000 21672 logs:  0  ***** possible failure
Nonce :  0
GasPrice :  1
block  3002
Status :  0
mined  600000 21672 logs:  0  ***** possible failure
Nonce :  0
GasPrice :  1
block  3003
Status :  0
mined  600000 21672 logs:  0  ***** possible failure
Nonce :  0
GasPrice :  1
block  3004
Status :  0
mined  600000 21672 logs:  0  ***** possible failure
Nonce :  0
GasPrice :  1
block  3005
Status :  0
mined  600000 21672 logs:  0  ***** possible failure
Nonce :  0
GasPrice :  1
block  3006
Status :  0
mined  600000 21672 logs:  0  ***** possible failure
Nonce :  0
GasPrice :  1
block  3007
Status :  0
mined  600000 21672 logs:  0  ***** possible failure
Nonce :  0
GasPrice :  1
block  3008
Status :  0
mined  600000 21672 logs:  0  ***** possible failure
Nonce :  0
GasPrice :  1
block  3009
Status :  0
mined  600000 21672 logs:  0  ***** possible failure
Nonce :  0
GasPrice :  1
block  3010
Status :  0
mined  600000 21672 logs:  0  ***** possible failure
Nonce :  0
GasPrice :  1
block  3011
Status :  0
mined  600000 21672 logs:  0  ***** possible failure
Nonce :  0
GasPrice :  1
block  3012
Status :  0
mined  600000 21672 logs:  0  ***** possible failure
Nonce :  0
GasPrice :  1
block  3013
Status :  0
mined  600000 21672 logs:  0  ***** possible failure
Nonce :  0
GasPrice :  1
block  3014
Status :  0
mined  600000 21672 logs:  0  ***** possible failure
Nonce :  0
GasPrice :  1
block  3015
Status :  0
mined  600000 21672 logs:  0  ***** possible failure
Nonce :  0
GasPrice :  1
block  3016
Status :  0
mined  600000 21672 logs:  0  ***** possible failure
skipping purchase of  T0965
Nonce :  0
GasPrice :  1
block  3017
Status :  0
mined  600000 21672 logs:  0  ***** possible failure
Nonce :  0
GasPrice :  1
block  3018
Status :  0
mined  600000 21672 logs:  0  ***** possible failure
Nonce :  0
GasPrice :  1
block  3019
Status :  0
mined  600000 21672 logs:  0  ***** possible failure
Nonce :  0
GasPrice :  1
block  3020
Status :  0
mined  600000 21672 logs:  0  ***** possible failure
Nonce :  0
GasPrice :  1
block  3021
Status :  0
mined  600000 21672 logs:  0  ***** possible failure
Nonce :  0
GasPrice :  1
block  3022
Status :  0
mined  600000 21672 logs:  0  ***** possible failure
Nonce :  0
GasPrice :  1
block  3023
Status :  0
mined  600000 21672 logs:  0  ***** possible failure
Nonce :  0
GasPrice :  1
block  3024
Status :  0
mined  600000 21672 logs:  0  ***** possible failure
Nonce :  0
GasPrice :  1
block  3025
Status :  0
mined  600000 21672 logs:  0  ***** possible failure
Nonce :  0
GasPrice :  1
block  3026
Status :  0
mined  600000 21672 logs:  0  ***** possible failure
Nonce :  0
GasPrice :  1
block  3027
Status :  0
mined  600000 21672 logs:  0  ***** possible failure
Nonce :  0
GasPrice :  1
block  3028
Status :  0
mined  600000 21672 logs:  0  ***** possible failure
Nonce :  0
GasPrice :  1
block  3029
Status :  0
mined  600000 21672 logs:  0  ***** possible failure
Nonce :  0
GasPrice :  1
block  3030
Status :  0
mined  600000 21672 logs:  0  ***** possible failure
Nonce :  0
GasPrice :  1
block  3031
Status :  0
mined  600000 21672 logs:  0  ***** possible failure
Nonce :  0
GasPrice :  1
block  3032
Status :  0
mined  600000 21672 logs:  0  ***** possible failure
Nonce :  0
GasPrice :  1
block  3033
Status :  0
mined  600000 21672 logs:  0  ***** possible failure
Nonce :  0
GasPrice :  1
block  3034
Status :  0
mined  600000 21672 logs:  0  ***** possible failure
Nonce :  0
GasPrice :  1
block  3035
Status :  0
mined  600000 21672 logs:  0  ***** possible failure
skipping purchase of  T0985
Nonce :  0
GasPrice :  1
block  3036
Status :  0
mined  600000 21672 logs:  0  ***** possible failure
Nonce :  0
GasPrice :  1
block  3037
Status :  0
mined  600000 21672 logs:  0  ***** possible failure
Nonce :  0
GasPrice :  1
block  3038
Status :  0
mined  600000 21672 logs:  0  ***** possible failure
Nonce :  0
GasPrice :  1
block  3039
Status :  0
mined  600000 21672 logs:  0  ***** possible failure
Nonce :  0
GasPrice :  1
block  3040
Status :  0
mined  600000 21672 logs:  0  ***** possible failure
Nonce :  0
GasPrice :  1
block  3041
Status :  0
mined  600000 21672 logs:  0  ***** possible failure
Nonce :  0
GasPrice :  1
block  3042
Status :  0
mined  600000 21672 logs:  0  ***** possible failure
Nonce :  0
GasPrice :  1
block  3043
Status :  0
mined  600000 21672 logs:  0  ***** possible failure
Nonce :  0
GasPrice :  1
block  3044
Status :  0
mined  600000 21672 logs:  0  ***** possible failure
Nonce :  0
GasPrice :  1
block  3045
Status :  0
mined  600000 21672 logs:  0  ***** possible failure
Nonce :  0
GasPrice :  1
block  3046
Status :  0
mined  600000 21672 logs:  0  ***** possible failure
Nonce :  0
GasPrice :  1
block  3047
Status :  0
mined  600000 21672 logs:  0  ***** possible failure
Nonce :  0
GasPrice :  1
block  3048
Status :  0
mined  600000 21672 logs:  0  ***** possible failure
Nonce :  0
GasPrice :  1
block  3049
Status :  0
mined  600000 21672 logs:  0  ***** possible failure
Nonce :  0
GasPrice :  1
block  3050
Status :  0
mined  600000 21672 logs:  0  ***** possible failure
Nonce :  0
GasPrice :  1
block  3051
Status :  0
mined  600000 21672 logs:  0  ***** possible failure
Nonce :  0
GasPrice :  1
block  3052
Status :  0
mined  600000 21672 logs:  0  ***** possible failure
Nonce :  0
GasPrice :  1
block  3053
Status :  0
mined  600000 21672 logs:  0  ***** possible failure
Nonce :  0
GasPrice :  1
block  3054
Status :  0
mined  600000 21672 logs:  0  ***** possible failure
           WaitSaleNoFunding                  
           BuySaleToken    T2100      0.5
Nonce :  0
GasPrice :  1
block  3055
Status :  0
mined  600000 21672 logs:  0  ***** possible failure
           WriteSaleSpecial sale-001         
           ListBalances                  
banker   0xf29E1Eb63510667A3a2cf0af2c1BA05199F59FeC 997899788.999999999953775146,0.000000000000000000
cs   0x8D91d40F115Dfc0464dBaC279A14e961D8841A63 1.000000000000000000,0.000000000000000000
multisig   0x03D4Ae7da72DA6f5D32D65D82fb4b34eCc2aBD5f 0.000000000000000000,0.000000000000000000
T0001   0x3e6785af43B903c129FF04ae7D7891aEB42362cc 1000.099999999999978328,0.000000000000000000
T0002   0x16DB3cFC11cE76C4f9e3Ab7d2e483Ac9ca4A3d9C 1000.099999999999978328,0.000000000000000000
T0003   0xD2e2D7D27c408926c425C078288408692Dcd55f3 1000.100000000000000000,0.000000000000000000
T0004   0x8c7Cd85cB619A744547A1dF49A36F8E5D0777656 1000.100000000000000000,0.000000000000000000
T0005   0x40De18C431fB746F84Db72cf6896f428A4e2f9FA 1000.100000000000000000,0.000000000000000000
T0006   0x86356C579184E6CBcFEe59Fffa9F506B9BbfAC33 1000.099999999999978328,0.000000000000000000
T0007   0x626a73fF781F53dc1a74fda92Afcdc2eb0279d37 1000.099999999999978328,0.000000000000000000
T0008   0xf36A9113bAc0FC09A0991bEc391Ca7b0Aa3FA91C 1000.099999999999978328,0.000000000000000000
T0009   0xfb3af726fCf29A1C402F8142D328e6E32Bec4515 1000.099999999999978328,0.000000000000000000
T0010   0xf5F731542AE34271718034d5CBC89b189aea2554 1000.099999999999978328,0.000000000000000000
T0011   0x0C7DA8261B12C7D231dab5c4E5B37a9aD8C300E4 1000.099999999999978328,0.000000000000000000
T0012   0x310E01212430242A2eF3a5D0b6D8BD738De92d76 1000.099999999999978328,0.000000000000000000
T0013   0x5c868Eb82717D7242F5e41cC5F65CCbd36d0bE59 1000.099999999999978328,0.000000000000000000
T0014   0xFf903a6a7B6CAABbAf70cDC4E2B07B0E8bDCDF93 1000.099999999999978328,0.000000000000000000
T0015   0x9D551F9a8D67635A995BdB9D26D642C485168686 1000.099999999999978328,0.000000000000000000
T0016   0xC9B1F49eDF5714b9D515d97121E5BcddcE05140f 1000.099999999999978328,0.000000000000000000
T0017   0x0dDe260f00B90EB0672B6bD32b04bc6Ed15a7413 1000.099999999999978328,0.000000000000000000
T0018   0x0C909bcbdFd89553e553a0F7D275575Aa801C0C4 1000.099999999999978328,0.000000000000000000
T0019   0x40df6B8B16df79D9Acd1bC3bd48e32e14D33763D 1000.099999999999978328,0.000000000000000000
T0020   0x5A37BA7B771b9912Baf2f40579179a03426Aa6aA 1000.099999999999978328,0.000000000000000000
T0021   0x2933E00576F75e49c76164A4238093C733f72a55 1000.099999999999978328,0.000000000000000000
T0022   0xa22AdeAEdFE466f3676C6227e5F4AAF1BFd33807 1000.099999999999978328,0.000000000000000000
T0023   0x02a10f669C8cB2D3610ec0B750b26eD482cD3E3b 1000.099999999999978328,0.000000000000000000
T0024   0xaf132992F4B48a3E347f67Dcf4477c7892DDbf70 1000.099999999999978328,0.000000000000000000
T0025   0xff033901D809A32371A5711005ED3a736fb119E5 1000.100000000000000000,0.000000000000000000
T0026   0x4e83aa0011C415Cb84ADaf15d3D6A0ea4B0b3994 1000.099999999999978328,0.000000000000000000
T0027   0x6D36B3D447E6eEdB22900cecF199f3ce58815FB7 1000.099999999999978328,0.000000000000000000
T0028   0x41fb702bA301e8F58a5e58800e4f840979f36918 1000.099999999999978328,0.000000000000000000
T0029   0x5d3b1505062b54058c5aFE9682F7772cAD752D69 1000.099999999999978328,0.000000000000000000
T0030   0x02CEa0387a113Bf3c4e6562de9105FE2434591d0 1000.099999999999978328,0.000000000000000000
T0031   0xC4AAfD1b8b4CAF9643Dca621a26652c8f395Ea2d 1000.099999999999978328,0.000000000000000000
T0032   0xda1cc22a050C9cb131B0d308cfdD6B81c0137aeD 1000.099999999999978328,0.000000000000000000
T0033   0x6eCC7e7E33118DDC3963fdE558C6D69d373d1e8A 1000.099999999999978328,0.000000000000000000
T0034   0x66dD168f9A9Fcd7210d8a1fec93a767003D31120 1000.099999999999978328,0.000000000000000000
T0035   0x690A5a24D619E9F761D56Ff671771a40DA90FB70 1000.099999999999978328,0.000000000000000000
T0036   0xc79b4f6e45E689Ad3C019EDAC0cF7E172129495E 1000.099999999999978328,0.000000000000000000
T0037   0x5A8F89B2F094fCf81AF6f16DE2d5E5f7A97C0f6a 1000.099999999999978328,0.000000000000000000
T0038   0x35793439005dB23570B035f79f1029a114ac972A 1000.099999999999978328,0.000000000000000000
T0039   0xDD92DD24d028C5C96B35EAA192Ab13089842250f 1000.099999999999978328,0.000000000000000000
T0040   0x36d3F3cF75a13aC5ED0f253d478e0A40E34aDE48 1000.099999999999978328,0.000000000000000000
T0041   0xa1E9930C4D8782a6d7e826104B3F0e9B402490A1 1000.099999999999978328,0.000000000000000000
T0042   0x7A2d39F9550d7336c60c65C658Af49b6880Ca299 1000.099999999999978328,0.000000000000000000
T0043   0xd2Cdfd3a7d82134CBA8CB70B4e66b5563c19E3bA 1000.099999999999978328,0.000000000000000000
T0044   0xf941463025077e1d212D4125641138A4653e2739 1000.099999999999978328,0.000000000000000000
T0045   0x94621F89D3d36a566bFd1E1e45942484884Cb30E 1000.100000000000000000,0.000000000000000000
T0046   0x3AbCd0336778De2Be232bA23525bda58bf6909C9 1000.099999999999978328,0.000000000000000000
T0047   0x7BF81473132166aD8A212e0C6B6cC500aB431b39 1000.099999999999978328,0.000000000000000000
T0048   0x926DD0cBbf86a27b631657a6f812F58CE59f6927 1000.099999999999978328,0.000000000000000000
T0049   0x6427D551f55aa7997fdAf8Bf72Ec156812742bd0 1000.099999999999978328,0.000000000000000000
T0050   0x1279A70D0647A130cBA24d588048a189729568De 1000.099999999999978328,0.000000000000000000
T0051   0x1168067D9ce5320f0615bB0B36a42334A1CFb9e5 1000.099999999999978328,0.000000000000000000
T0052   0x3E78866d309F3ed17A9d84C09977388b4a52de37 1000.099999999999978328,0.000000000000000000
T0053   0xEE71a1a1DBbbC45262f75E850BB666d7Bc4a871c 1000.099999999999978328,0.000000000000000000
T0054   0xDCD143f9595d3178Bd0fabEF17fAC700Cb22cD41 1000.099999999999978328,0.000000000000000000
T0055   0xCd621fC7a632dE6bA2231176d9aAA44465BD9FDb 1000.099999999999978328,0.000000000000000000
T0056   0x942AB664400B05925f356d638F288020bB83646E 1000.099999999999978328,0.000000000000000000
T0057   0x8A116a18fA3212164d4aD3eE2235C13dA7750f85 1000.099999999999978328,0.000000000000000000
T0058   0x16d20a59446D07B4986176155eeB042e38d40337 1000.099999999999978328,0.000000000000000000
T0059   0x110691f554707DDaa0FCA61cACA13c3F290EfAAf 1000.099999999999978328,0.000000000000000000
T0060   0xd1f3c8BB24C676B16Dac1C25Eaa2d70A6C55172e 1000.099999999999978328,0.000000000000000000
T0061   0x7d30779B3a96816efdF9DCF1164ced05726599C1 1000.099999999999978328,0.000000000000000000
T0062   0x74eD19b64403d4579789e1a40341F664C17B5C77 1000.099999999999978328,0.000000000000000000
T0063   0x9B9656c9Ab1C04c8A700547c2C8d8537c789B403 1000.099999999999978328,0.000000000000000000
T0064   0xDe7E35bEaCfF1A5036823F6998F40216a56d0bc0 1000.099999999999978328,0.000000000000000000
T0065   0x5391Dc8f3a156FB540DaABDEFC8c6B0673C78760 1000.100000000000000000,0.000000000000000000
T0066   0x0B553fcbe8ED26D0956C75C31eff51582710744e 1000.099999999999978328,0.000000000000000000
T0067   0xEFCEA28998652d974d3ce1AAF8B1E695d869Cc7C 1000.099999999999978328,0.000000000000000000
T0068   0xDc5DA317CB97dC66c42129B371D2dB7c15D35205 1000.099999999999978328,0.000000000000000000
T0069   0x526575f5DB3b4945A6158A65Ed6e1711334BBAb6 1000.099999999999978328,0.000000000000000000
T0070   0x8a7b71F645A25bBec527b9cEFE50606BAa1aa06b 1000.099999999999978328,0.000000000000000000
T0071   0xc795d540E3E617D98ED61954225A5D2510D63D8A 1000.099999999999978328,0.000000000000000000
T0072   0xf4a807dBbB9a444b6469cFab883eA11AB22F80FD 1000.099999999999978328,0.000000000000000000
T0073   0x34775801544Fa6c3E089a0ecc76e8de8aF7BaA51 1000.099999999999978328,0.000000000000000000
T0074   0x838775D77e0297Fd37A55150b4FBc3F27Ff7B6a8 1000.099999999999978328,0.000000000000000000
T0075   0x67735Fdc73DBE8B0C8E57b861Fd60b1738b4e5de 1000.099999999999978328,0.000000000000000000
T0076   0xc5dbe54547Ae60b44cD75D99c62ACD86bD39c79E 1000.099999999999978328,0.000000000000000000
T0077   0x36402BA91432693Ad1B2f6125eAb05A932075873 1000.099999999999978328,0.000000000000000000
T0078   0x1b38Dbf26D8526b48dA613EFb2D2f7e5447a8113 1000.099999999999978328,0.000000000000000000
T0079   0xB9e05a451c928f8a0c3F0D90B042876e7415aB31 1000.099999999999978328,0.000000000000000000
T0080   0x5f2A1A7b3A060052Fc5afE2637fC3Bf72A9F1A0b 1000.099999999999978328,0.000000000000000000
T0081   0x87730C26de06562d6B95d6c26f6b88B7A30b79e3 1000.099999999999978328,0.000000000000000000
T0082   0x0F40Bbb9Df001307653E49a349898685bE7Ac2B8 1000.099999999999978328,0.000000000000000000
T0083   0x67c651aea1A2F3601484756ADe1d392f677bBBAb 1000.099999999999978328,0.000000000000000000
T0084   0x0243a425c7aB7991F79eD0c385604Cc876C7BE92 1000.099999999999978328,0.000000000000000000
T0085   0x698bf7C0E58F2c58a8D3b89b7A312b5075f07fC1 1000.100000000000000000,0.000000000000000000
T0086   0x59C80087D41f2Ce657A8681cbE84395f6BBc6287 1000.099999999999978328,0.000000000000000000
T0087   0x7d55ca9733bbb94Bc3fEAF6a32263a9df19A80DE 1000.099999999999978328,0.000000000000000000
T0088   0x0B6A84DEBB95A44f0A3A3a0fc7FACcAcD6BBC2EE 1000.099999999999978328,0.000000000000000000
T0089   0x60935999a78eCA82706684Ae17fc7a412dAb5b22 1000.099999999999978328,0.000000000000000000
T0090   0x422781cdD14d711841B2a6Cd4591aC45fA0ABFB6 1000.099999999999978328,0.000000000000000000
T0091   0xc02A5a3Fa5A30485F81df186DCbBaA8fB937C977 1000.099999999999978328,0.000000000000000000
T0092   0x4907ffDC56652BE61bA7121799aB5f17A5D4832a 1000.099999999999978328,0.000000000000000000
T0093   0x8Be0f5645389eC76977783bd5F423056f28B895F 1000.099999999999978328,0.000000000000000000
T0094   0xD73b034290898382d19b87c4F219052Dc43CAB60 1000.099999999999978328,0.000000000000000000
T0095   0xe02576aC4f289A18c0578fCBb6C1DEdbBd0bDE3D 1000.099999999999978328,0.000000000000000000
T0096   0xE536f9e8F8F45e60c6807d4b5B15381bE78B6484 1000.099999999999978328,0.000000000000000000
T0097   0x020Bfc59df66322b86C895283963932935a3B0F8 1000.099999999999978328,0.000000000000000000
T0098   0xc00bD9844Fe1Afc8aF8C8Aa12ddA4Ad58e7a2f56 1000.099999999999978328,0.000000000000000000
T0099   0x63C003ff9e5CDaE72Df01bB704FE899ebe0DFb16 1000.099999999999978328,0.000000000000000000
T0100   0xB62699C65fbd5A849C40eA063F546A10B46C4E00 1000.099999999999978328,0.000000000000000000
T0101   0xF30976Be3E049DA974922a7EE7615FF93Cf6167E 1000.099999999999978328,0.000000000000000000
T0102   0xA410DD3CD39890ed70f3Ed1b0285175C6fdd8301 1000.099999999999978328,0.000000000000000000
T0103   0xdAd4aF2602C6c8e9a8E33E3Df267C0f121634444 1000.099999999999978328,0.000000000000000000
T0104   0x48558463b4906841Be267984aD63Ac7E939A7f0F 1000.099999999999978328,0.000000000000000000
T0105   0xddf1A7f988697DB5a7E71fdd4e540a90dc3A6F0F 1000.100000000000000000,0.000000000000000000
T0106   0x6BA9e61De9a6C57dC7eAfAA7F914b3628fa43e7c 1000.099999999999978328,0.000000000000000000
T0107   0x7E66E60B48c61b455F7B5B54b330C4728374FF3e 1000.099999999999978328,0.000000000000000000
T0108   0xb77863BFB15975c5B8bD5F622cce2F9969833Bf7 1000.099999999999978328,0.000000000000000000
T0109   0xE0C363968bb490C819627809B8E5A465D70Ba9BA 1000.099999999999978328,0.000000000000000000
T0110   0x542906e8866A616BC6345baFC53414d7070A8b5e 1000.099999999999978328,0.000000000000000000
T0111   0x4CbFC1273584AFbFE7a26Bf147ddd7e44d966c8C 1000.099999999999978328,0.000000000000000000
T0112   0x74e0438F8287282bA14Bec99f854e478E3fAB3A6 1000.099999999999978328,0.000000000000000000
T0113   0x7BbDE318De600A34ea09262b683B1D7a93315907 1000.099999999999978328,0.000000000000000000
T0114   0xA8385EE47A38E56C6C14B61eFb06253116d762BF 1000.099999999999978328,0.000000000000000000
T0115   0xF137CCEc10E5B6097Bd21075aF6cD2A5B32Fa704 1000.099999999999978328,0.000000000000000000
T0116   0xC9b9c9177A34ED1Ddf9F70B0c982118E7c9cC6e1 1000.099999999999978328,0.000000000000000000
T0117   0x41e33f3edEE2C2Bf71aca8d5d9b38c712af91fC6 1000.099999999999978328,0.000000000000000000
T0118   0x1C3a298F162B0252A6f8F93246b27C6f799BEb81 1000.099999999999978328,0.000000000000000000
T0119   0x4A9d3e76C83367A7561DaB90ccE14F606c9398EB 1000.099999999999978328,0.000000000000000000
T0120   0xf98D4573633Bb5b67419c901a907b4AF3DCdA273 1000.099999999999978328,0.000000000000000000
T0121   0x20867e3b13dA65166819C63BFCf4CB01369E55f7 1000.099999999999978328,0.000000000000000000
T0122   0xEFDF18e0C5e1E167501E4C89c7f7551FEA3ccfE0 1000.099999999999978328,0.000000000000000000
T0123   0x4eC15cAb448a95cD0b0111C6564F64B4A2E271cf 1000.099999999999978328,0.000000000000000000
T0124   0x0D45477c3cB9269f0D711bB63E8b78E99528D681 1000.099999999999978328,0.000000000000000000
T0125   0x8c3715a7Cd52584A5a33db0E7AE86F80E4CC04bA 1000.100000000000000000,0.000000000000000000
T0126   0x421bFDF70C688788A9381f25AC429713c703Fa4A 1000.099999999999978328,0.000000000000000000
T0127   0x6aAe4dCaA6aD405F979d09612dE85458969EB23f 1000.099999999999978328,0.000000000000000000
T0128   0xEc3aC0F21a65C27E91e883AAeED89043578aF61F 1000.099999999999978328,0.000000000000000000
T0129   0x44DBC20e472eD71f907BeF08085047c5d6e703d1 1000.099999999999978328,0.000000000000000000
T0130   0x41942D5F77D2C7b7e613E83Ea70A784b607e8D23 1000.099999999999978328,0.000000000000000000
T0131   0x7D2Fb53Df8398Ea2797a3bF2b17f3B9b70dF5C7d 1000.099999999999978328,0.000000000000000000
T0132   0x69191CC81AD2598E0B91a6B9f6e1093aDd7B4Bf6 1000.099999999999978328,0.000000000000000000
T0133   0x483900162A85F99cebD69214ee98f792f7e19F07 1000.099999999999978328,0.000000000000000000
T0134   0x5c60Fd00067B6CFEA7DDe043B260414fbf4f1079 1000.099999999999978328,0.000000000000000000
T0135   0x874aE2fc6A6DA52d0a112bead5189c4A79e94626 1000.099999999999978328,0.000000000000000000
T0136   0xb4A6f2b180822c66938bB963bc5b46797dD8BfEd 1000.099999999999978328,0.000000000000000000
T0137   0xFD44155C3C844F69F91C10F924eC9a8B8D2D4C4f 1000.099999999999978328,0.000000000000000000
T0138   0xF7600706d20530205EA7F7f6423eDD95B91C998D 1000.099999999999978328,0.000000000000000000
T0139   0x9ba0c6382FD6D501F8aC5428D84e1ffd5Bc8a7Af 1000.099999999999978328,0.000000000000000000
T0140   0x368E7395396A39381F56388e5f0b767A705F13A3 1000.099999999999978328,0.000000000000000000
T0141   0x5cBEeB3502bE39225ee06413F8518b2552608384 1000.099999999999978328,0.000000000000000000
T0142   0xeF1364e503b5880648648d407DA318384d24C596 1000.099999999999978328,0.000000000000000000
T0143   0xD389F75368dEc260DB668102618e4d0738F76e56 1000.099999999999978328,0.000000000000000000
T0144   0x7BF320CDE79A28636f13B23FCB1850Fa216FEc6b 1000.099999999999978328,0.000000000000000000
T0145   0xad3A4e332457505f54165ac1d35e44b3CA7BC770 1000.100000000000000000,0.000000000000000000
T0146   0x7820Fc3d79608CaFf8c34C7A2AD261084713EB72 1000.099999999999978328,0.000000000000000000
T0147   0xC7374E0878518bd04b37FEe19Cf21200ab8235c5 1000.099999999999978328,0.000000000000000000
T0148   0x071dB82bA879FAB2728B069cAA479c653266eec7 1000.099999999999978328,0.000000000000000000
T0149   0x6b01c0b8556e00ceEa63Fa205907fc454EC5d7F4 1000.099999999999978328,0.000000000000000000
T0150   0xe04C93344be5a81F26e97E0bA2268B53C74f7Bf2 1000.099999999999978328,0.000000000000000000
T0151   0xeb302E23d0311549E0276330867516a0162B426b 1000.099999999999978328,0.000000000000000000
T0152   0xAE9902b090F31E4d027EE9Eb5061bED84Fa584f9 1000.099999999999978328,0.000000000000000000
T0153   0x989c461953730ce454e67Ed729A016BF3089Ca14 1000.099999999999978328,0.000000000000000000
T0154   0x764daCf3cDBd2ecCf908adC5cf134eBfad920c2B 1000.099999999999978328,0.000000000000000000
T0155   0x9d7548ff16AE80815342936Cc0dcdf28120e2A77 1000.099999999999978328,0.000000000000000000
T0156   0xa9C20a44DF60d0c1Ed40eBe75D6d338e7Fee8066 1000.099999999999978328,0.000000000000000000
T0157   0x18Bd0EE883ba5BBd545b7c229221FC05587C9d22 1000.099999999999978328,0.000000000000000000
T0158   0xB2AE46a39c324e40ffeDb0d13B4Ea5a8b8992728 1000.099999999999978328,0.000000000000000000
T0159   0x7b3AB75CC065faE22Bc175926a4c4Daa0B99E62d 1000.099999999999978328,0.000000000000000000
T0160   0x8Df134BeA0F2F7016434a1e2148CDA49F75Ac8D5 1000.099999999999978328,0.000000000000000000
T0161   0xc73Bc6Bc5048f819413B8754e9c5422Fb8A1E999 1000.099999999999978328,0.000000000000000000
T0162   0xc0E14Be26acef5ce78A5a5102412B586463249C4 1000.099999999999978328,0.000000000000000000
T0163   0x10F0e8B7895B9d06B78a9bFAF17e561668a2Aa3D 1000.099999999999978328,0.000000000000000000
T0164   0x803d7E1B86dE8a8b74086d1C96D0e6521504F98e 1000.099999999999978328,0.000000000000000000
T0165   0x7198bc9A333069b9cbe66B731B758640C1E1455a 1000.100000000000000000,0.000000000000000000
T0166   0x5Aa08e6579Da006D2CdbC511b2004aF6AC4154B2 1000.099999999999978328,0.000000000000000000
T0167   0x966fEeF03790A47beB28f052071F0f4bF05E6069 1000.099999999999978328,0.000000000000000000
T0168   0xf902267dbdDB9a1b3BEF7D205C5dEf011E911755 1000.099999999999978328,0.000000000000000000
T0169   0x02416b2108B74495A14Bd1C23876c4F024A2E3D5 1000.099999999999978328,0.000000000000000000
T0170   0x8ECfcCADEF9118B3A773762942A4d5B0F021b56b 1000.099999999999978328,0.000000000000000000
T0171   0x9B28701361b62049bA1B1F0915626F65246Cdb92 1000.099999999999978328,0.000000000000000000
T0172   0xdAA208B65A1cA0BC6e47A2d609440eB1af6E8dBb 1000.099999999999978328,0.000000000000000000
T0173   0xb56560007Ce2A146B4a1259b1FEe3a7Dd6184b7F 1000.099999999999978328,0.000000000000000000
T0174   0x8D7088cA9f1caC7AD0Df03880cfF454a746482eb 1000.099999999999978328,0.000000000000000000
T0175   0xF32FD5Ee1047B0307E1B3C93684506B7e419166F 1000.099999999999978328,0.000000000000000000
T0176   0x7d5371980875B0EaA729B70682C6e6F15F413327 1000.099999999999978328,0.000000000000000000
T0177   0x025a3A047c57BD9a252Ae5C339B0A9da287bc5E0 1000.099999999999978328,0.000000000000000000
T0178   0xDcEBBe13640aED5d905571bFcC5182B07FDbcbFF 1000.099999999999978328,0.000000000000000000
T0179   0x4f4D059D71D5b790BF9010cDd185ec6aE27cb9e1 1000.099999999999978328,0.000000000000000000
T0180   0x3352cAe6CA926B9f068Ff0a5F9Ad62A544D9fB0D 1000.099999999999978328,0.000000000000000000
T0181   0x4DB3cf3Fbd4bFf0b77995aF6c238884176729a78 1000.099999999999978328,0.000000000000000000
T0182   0xc9d1504EEDd859b0AB30C69f24717351EBEea35A 1000.099999999999978328,0.000000000000000000
T0183   0xf0F9e4B99119310B1aE307c5ec777207b06b4D3b 1000.099999999999978328,0.000000000000000000
T0184   0x2439859437E3f0cD149E26D21feEC4dC02983fDa 1000.099999999999978328,0.000000000000000000
T0185   0x613A93c0d8c4B83Ca6Bc09cd880272c61F6B9Cfd 1000.100000000000000000,0.000000000000000000
T0186   0x546D87a36C075Ff06f12a640B202A34D0926E467 1000.099999999999978328,0.000000000000000000
T0187   0x6023Db387766eb4f6dE72aAa3A752190df11DfD1 1000.099999999999978328,0.000000000000000000
T0188   0xB385f31704f23659f5F51142cBDdC156cA9317F0 1000.099999999999978328,0.000000000000000000
T0189   0x46ed8fCe3BE67628c0d89a7440CB603fEbbe4Dce 1000.099999999999978328,0.000000000000000000
T0190   0x62D3dAf9e3dEbeeA83e53bE95E07bf1F75FcC506 1000.099999999999978328,0.000000000000000000
T0191   0xb5A082278674D3E0638eAef8340AA63E4025eCE9 1000.099999999999978328,0.000000000000000000
T0192   0xA43f1A091c5Df974D223ee12762ed401C9eE6D74 1000.099999999999978328,0.000000000000000000
T0193   0x08286c666E775892949867E22C6FcA919B325247 1000.099999999999978328,0.000000000000000000
T0194   0x685A5feD2557c539476f7016801dCF5bc8719618 1000.099999999999978328,0.000000000000000000
T0195   0xe34060491A0509104168393129142061b6ae2422 1000.099999999999978328,0.000000000000000000
T0196   0x529c4d009D36cD4ded5eDE645401a08b21192412 1000.099999999999978328,0.000000000000000000
T0197   0x27F5506461A0c798dB61e5dc1b39d0a296fEF737 1000.099999999999978328,0.000000000000000000
T0198   0x17dc8178af509a230bA28aF89D1d23dAB615Bb06 1000.099999999999978328,0.000000000000000000
T0199   0xe6F26b81A3605A6bC24CaBa7Ec03e52B79C1fb19 1000.099999999999978328,0.000000000000000000
T0200   0xa2d39BeB68AAE545dAE11c85EB9FD294FEb00D6e 1000.099999999999978328,0.000000000000000000
T0201   0x666c9272f4f5E2da1B22117530d81845463F353C 1000.099999999999978328,0.000000000000000000
T0202   0xCb654D8bD25F6361539483845818d6491985446D 1000.099999999999978328,0.000000000000000000
T0203   0xdAca4b991F50B2B9301b013238eB16954F17E648 1000.099999999999978328,0.000000000000000000
T0204   0x0918F91926A1c498090b3e71349Fd4581e189E45 1000.099999999999978328,0.000000000000000000
T0205   0xF628f2A48fCf901Ac3b46eCc8bE75bA1f21745Ed 1000.100000000000000000,0.000000000000000000
T0206   0x4434E74f1566fB82AA067eD96e946CBbb44dBe4c 1000.099999999999978328,0.000000000000000000
T0207   0x8eed2F576FD331F50Cc18E369bE392c037A157F6 1000.099999999999978328,0.000000000000000000
T0208   0x4e718050c8bFB0AEDb7982c4C4c1e47031147E6c 1000.099999999999978328,0.000000000000000000
T0209   0xBcdDeA9A5500C17B23813B838250B61979cB726F 1000.099999999999978328,0.000000000000000000
T0210   0xC55264Eec13CeF8Ab72Ba7A89cC35D1F1acF90Dd 1000.099999999999978328,0.000000000000000000
T0211   0xFfc9EA78Ec2d0d5d6eD995F4965e68959D14f403 1000.099999999999978328,0.000000000000000000
T0212   0x9037906e73B37C07CBd389C0998A2282E954f1e2 1000.099999999999978328,0.000000000000000000
T0213   0xE24614184fDfdca8b908bb17a010877385928d62 1000.099999999999978328,0.000000000000000000
T0214   0xbc8659BD32155cE73f86DBF320dA85Ef823EB3ae 1000.099999999999978328,0.000000000000000000
T0215   0x5b0351aF79F9C616f9CB670546d359BBF70976a1 1000.099999999999978328,0.000000000000000000
T0216   0x72839ef6DA9b6966C295f5c0580d5D65167a3126 1000.099999999999978328,0.000000000000000000
T0217   0xd7362848747F5A4501929e90f5387b6C4Ae07568 1000.099999999999978328,0.000000000000000000
T0218   0x88F80cC77DF872489b4efCae8287fd565C308a10 1000.099999999999978328,0.000000000000000000
T0219   0x51C85A53935D1568364431f56c848f66614eBFa1 1000.099999999999978328,0.000000000000000000
T0220   0xCAB8A1d2afE9F795f199a8748eaD2EF42F6742c8 1000.099999999999978328,0.000000000000000000
T0221   0x3A98ED0768a9A1cbD8fEe011b2703898eE930eDe 1000.099999999999978328,0.000000000000000000
T0222   0x262203B178A284F3786bf31B3B0A87F50afBA65E 1000.099999999999978328,0.000000000000000000
T0223   0xd99fC58B044CB0a5d0aab85B3D1bD1aF212FCdf8 1000.099999999999978328,0.000000000000000000
T0224   0xEa2cbBFb606703A0B6EeC6f9b96c8b1a557F72AE 1000.099999999999978328,0.000000000000000000
T0225   0x9Fe6222c255A8E452Cca2dfcb7d612b127379fCC 1000.100000000000000000,0.000000000000000000
T0226   0xc4cD9341c5675A0727613747c11a26598d301CFC 1000.099999999999978328,0.000000000000000000
T0227   0x6350E5C16A5EC64A67FA16a0060aF11ee23a34e3 1000.099999999999978328,0.000000000000000000
T0228   0x8A9B48d17deB63f0f84616f9E26B27d14Af175F9 1000.099999999999978328,0.000000000000000000
T0229   0xc19A414261D3c94Fe7E6BDd797ACfE3F805EFF39 1000.099999999999978328,0.000000000000000000
T0230   0x25Af09A6CbC1B2769F0c00F980dc5e36911025D5 1000.099999999999978328,0.000000000000000000
T0231   0x74A424DC4cA1f136158b0D27FA8A2C9923bcA082 1000.099999999999978328,0.000000000000000000
T0232   0x410EAc059F19Aa074B39566399bcB07AE94F3Bee 1000.099999999999978328,0.000000000000000000
T0233   0x56AcDB7348e300888DBb655A69754308C515c362 1000.099999999999978328,0.000000000000000000
T0234   0x7C3B45461956eC39040716190B5Cc4beD5877c6C 1000.099999999999978328,0.000000000000000000
T0235   0xAfc26631D9A096F5c341EAd30A4FaCE7409B855B 1000.099999999999978328,0.000000000000000000
T0236   0x97a9DF7bAfa1762cec915c0CD70f8AaF9F2ED8F4 1000.099999999999978328,0.000000000000000000
T0237   0x868944c4F63e059CC2A89c861dE5605556DCcEA5 1000.099999999999978328,0.000000000000000000
T0238   0x2799F05eF6e06dC9aC9949408F3e2329e1Ed031F 1000.099999999999978328,0.000000000000000000
T0239   0x35a2C24796F48a61986842ec7B4bb717015379Ed 1000.099999999999978328,0.000000000000000000
T0240   0x716576B5C55d02695612DEAD82B801e49a40b67E 1000.099999999999978328,0.000000000000000000
T0241   0xF622973916F4Ec3cbdD09201d2a8a731633C7Dfb 1000.099999999999978328,0.000000000000000000
T0242   0x91BA6Db238E18Ce1b221539B76D687730EAe91CE 1000.099999999999978328,0.000000000000000000
T0243   0xA7965e0b60b0E7Ed9D5c937eFBC85B13dF7F2bA5 1000.099999999999978328,0.000000000000000000
T0244   0xC22f5135DF25B8d3acdeBF6b71687221C6214d76 1000.099999999999978328,0.000000000000000000
T0245   0xcbd0Ca86820eEc1262b67729f15320331528972e 1000.100000000000000000,0.000000000000000000
T0246   0xBBd94da03eCC018A4493450834ff813563f74e7f 1000.099999999999978328,0.000000000000000000
T0247   0xe0EE477F6541F6080D3d88b336B8216a77328Ceb 1000.099999999999978328,0.000000000000000000
T0248   0x96a99159b5301FF2cb87CAc025303d744520b338 1000.099999999999978328,0.000000000000000000
T0249   0x9591249B9c31D116DB116450b8B0Dc62466a6b50 1000.099999999999978328,0.000000000000000000
T0250   0x01c00525f6dd36F1CC055B2aB234EB052891DC4f 1000.099999999999978328,0.000000000000000000
T0251   0x4c46426E5a47eA0E1121a453f1d7C5f6d4B07794 1000.099999999999978328,0.000000000000000000
T0252   0xDAe0975b32B66401d1460B8367C015b2b525a416 1000.099999999999978328,0.000000000000000000
T0253   0x31A5fB677927c177089CA22a4E566B05b9bCf9c9 1000.099999999999978328,0.000000000000000000
T0254   0x78d7d9c185CfA3FFc16476569759036A4aF3D3B0 1000.099999999999978328,0.000000000000000000
T0255   0xEa2Aa4859e15Fe902bD360FE66D3DF6753610385 1000.099999999999978328,0.000000000000000000
T0256   0xfCba46C3040404F8524B3a8cE4Ba258845b45312 1000.099999999999978328,0.000000000000000000
T0257   0xDfB0A862AE74Bd395b0811CB72D9B166bc653068 1000.099999999999978328,0.000000000000000000
T0258   0xF25bF4dD7834FCbFeb8E01eB2fb51Ae3fc209955 1000.099999999999978328,0.000000000000000000
T0259   0xaE8904b30356CD6aEBf35D955637Eab69875E897 1000.099999999999978328,0.000000000000000000
T0260   0x16f8bAF8fe5dc22BD4F29cFd650A3DF6bd0dC81F 1000.099999999999978328,0.000000000000000000
T0261   0xe32a5fa7E4A82d5E8B9A6981618d90e98eF6d949 1000.099999999999978328,0.000000000000000000
T0262   0xE51e5DC8b7Bd68FA44E04b887623dDd8eF50F785 1000.099999999999978328,0.000000000000000000
T0263   0x262B736A0F2DC1B5Bee884E4b9151cC987827D56 1000.099999999999978328,0.000000000000000000
T0264   0x31250a0ED8BD2419536c7064a17297567E0415E8 1000.099999999999978328,0.000000000000000000
T0265   0x3351031c2D749556C9146Cc25d056B1feAf1C355 1000.100000000000000000,0.000000000000000000
T0266   0xaB5981e40d348EF5B9C2404098fC36Cd4F1f1dEe 1000.099999999999978328,0.000000000000000000
T0267   0xcc0A16E8130Ba07139F8319a81Bb65c7CFf6bd2A 1000.099999999999978328,0.000000000000000000
T0268   0x3872809c446504bF60fd76037547a52a745759b2 1000.099999999999978328,0.000000000000000000
T0269   0xb5D1825C2c3242f09B8A6dCb5c1e04306f5b56D1 1000.099999999999978328,0.000000000000000000
T0270   0x6DB415FC2cF8511eF0bCa32871A7787CD8FE2FDF 1000.099999999999978328,0.000000000000000000
T0271   0x81747342359E721c65e9174493594677Ac4fEC31 1000.099999999999978328,0.000000000000000000
T0272   0xd851dA92E283bfC72Ce874378913Baf1Be8E49cc 1000.099999999999978328,0.000000000000000000
T0273   0x1Dc186a26eeE17C0DAf7Df969347FE17A64e9Cb2 1000.099999999999978328,0.000000000000000000
T0274   0xCaA3C88B7395DB7C43732a6b2dD3A097caB5497a 1000.099999999999978328,0.000000000000000000
T0275   0x44440289e2397D74f80531625b4c967081c7A60D 1000.099999999999978328,0.000000000000000000
T0276   0x5C2568b5dee5BA16d3aa2e95b78A597Defaf0232 1000.099999999999978328,0.000000000000000000
T0277   0x7aF94c9C530e0b510F5d8E8653360555871FceCD 1000.099999999999978328,0.000000000000000000
T0278   0xFb7868985C6413a5A471Fad20f1AaE541093C128 1000.099999999999978328,0.000000000000000000
T0279   0x8E3B137d1de2305cdf68a9021E943570720Fa941 1000.099999999999978328,0.000000000000000000
T0280   0x7f41a9e7EE685afe1aA1dFabbd083FEE4B026685 1000.099999999999978328,0.000000000000000000
T0281   0xa5f1F553977522D462Acd625E21B645ae6469058 1000.099999999999978328,0.000000000000000000
T0282   0x3e10238878cAa6f74A60dB2EAD5C7f6fFD74Fa9a 1000.099999999999978328,0.000000000000000000
T0283   0x7C64Ef42696C5226d1C1079373A512eC147a6B78 1000.099999999999978328,0.000000000000000000
T0284   0xF6fe7543D49937962b823686Fe4b1ae82F738c1B 1000.099999999999978328,0.000000000000000000
T0285   0x63c0C4A58f8ad0F6fea80ebcfC2CE12d6cFBb0Db 1000.100000000000000000,0.000000000000000000
T0286   0xfb90DCACc2167289ace41e8bE6c458a3ff091EcE 1000.099999999999978328,0.000000000000000000
T0287   0xac663F8975c634476EB31bc2f7Cf325884fc6ef3 1000.099999999999978328,0.000000000000000000
T0288   0xB7db7123431fE943BfDa6c2b1c1efE1B0dd6F090 1000.099999999999978328,0.000000000000000000
T0289   0xbe470499208e8321bc6F2FB261f8F844E2dCa272 1000.099999999999978328,0.000000000000000000
T0290   0xd1B97dEf4B29a1f44e27e6F5404Ff973cb9d7C75 1000.099999999999978328,0.000000000000000000
T0291   0xa8ff9a88b8a7d6dd3e5d348fC35b1E8349dA4659 1000.099999999999978328,0.000000000000000000
T0292   0x2447bd90867cB49932ea49dA95211766f7D6c977 1000.099999999999978328,0.000000000000000000
T0293   0x648647Bf0F75a646C606b2c3Adaab28c49C4C113 1000.099999999999978328,0.000000000000000000
T0294   0x285e3B4d3f8D8289b78a2f79d2193E1B3761e50b 1000.099999999999978328,0.000000000000000000
T0295   0x3F4ecAdE5dD85b8a241C65bDec538B7eF373069a 1000.099999999999978328,0.000000000000000000
T0296   0xb5420Ea2f79d6D493dbBB0c512248fdF4a7e5aA7 1000.099999999999978328,0.000000000000000000
T0297   0xDAC4D5c448FadEdCAFb6C393cAa0F2d816A11f5C 1000.099999999999978328,0.000000000000000000
T0298   0x1b7962222E675Ed459E838AecCCca187533860FF 1000.099999999999978328,0.000000000000000000
T0299   0x2aF9542c39352753F5f379D1FBD469854C612ca5 1000.099999999999978328,0.000000000000000000
T0300   0xa6dE58746456A959B4FD77AB3AfBB45bD72A904D 1000.099999999999978328,0.000000000000000000
T0301   0xb78c95822365639D98F1326aA1bb95A1F50EeC3b 1000.099999999999978328,0.000000000000000000
T0302   0x508331786EfFc512C5161dE19b081E51566954B0 1000.099999999999978328,0.000000000000000000
T0303   0x3506Fbc148DB996f347d9b13824878A47e4f0E6c 1000.099999999999978328,0.000000000000000000
T0304   0x1526CEC57D6fCC99699AdA6857316a7bbE341476 1000.099999999999978328,0.000000000000000000
T0305   0xE7029a65eE5bA323863CCbfEeA252BE093b1bFeD 1000.100000000000000000,0.000000000000000000
T0306   0xc8DdEDAB8383CC7d5086f7B589e8966cd49a2001 1000.099999999999978328,0.000000000000000000
T0307   0x501a5ea3d870FDE56A48fEDC613CA4B19a704879 1000.099999999999978328,0.000000000000000000
T0308   0xE0D723c5f8edcA103d3477603B9AF682FF60Faee 1000.099999999999978328,0.000000000000000000
T0309   0x8AAc5e0ABF4A6d461F92736c245fA3e908c51FF3 1000.099999999999978328,0.000000000000000000
T0310   0x6e946950b28b409BbfC76ca813F0bcE19aA03702 1000.099999999999978328,0.000000000000000000
T0311   0x269DfFB8544d5284541316Ae7CaB0530e7bAaA6e 1000.099999999999978328,0.000000000000000000
T0312   0xF08B9380255c7a8eF38873Fc5A1A3762c80626B6 1000.099999999999978328,0.000000000000000000
T0313   0x652754878451598b5c414D9db4911e78fE559626 1000.099999999999978328,0.000000000000000000
T0314   0x12fb8E32DD2a119C7B264a52e8a24E371d7914CC 1000.099999999999978328,0.000000000000000000
T0315   0x60D8D73A2994dd36E8b44Ee171990cf9a642cdF9 1000.099999999999978328,0.000000000000000000
T0316   0xE7bFB70173f95b842D2BEd2aA81b6Bdf2224F72A 1000.099999999999978328,0.000000000000000000
T0317   0xCA33b017631Ac37f649F5C32DD57Bd32055b334f 1000.099999999999978328,0.000000000000000000
T0318   0x23CbA9c2B49a0d4c4EF01D0394a8a659B3e36A9B 1000.099999999999978328,0.000000000000000000
T0319   0x0e242f66132619713A9bDF6A7d486374Df21fDc4 1000.099999999999978328,0.000000000000000000
T0320   0xC2a5513dCdA465D6c5C22D30A9723A9BAc2b2917 1000.099999999999978328,0.000000000000000000
T0321   0x9c56702e8e7D768324D986F6a2f7B79B6848F483 1000.099999999999978328,0.000000000000000000
T0322   0xA5bf21BF58834B5b2a752F126bbbd57d244f26F8 1000.099999999999978328,0.000000000000000000
T0323   0x56B0A5F09C04c9F7654Bea61EA2386028e285E67 1000.099999999999978328,0.000000000000000000
T0324   0x0a210003469A36c9A2984eDD84F4c965ed121fF3 1000.099999999999978328,0.000000000000000000
T0325   0x1E6693aC5C84a3eb29598711B2B4857C32D732B7 1000.100000000000000000,0.000000000000000000
T0326   0xd0452C21f2bA51d056cf914f57EEA6Cb391474D6 1000.099999999999978328,0.000000000000000000
T0327   0x2a423CE37E35ff4cA2Ef04c57B2188a754E22cD6 1000.099999999999978328,0.000000000000000000
T0328   0xf447d34d3e2cFBd4086d99EBaEB3B6Df769B20df 1000.099999999999978328,0.000000000000000000
T0329   0xE78c0eEf73F27f246C5972f5724e341646111b01 1000.099999999999978328,0.000000000000000000
T0330   0x01d1Dd2D9782E28BFD0a6D7F2472475605D16A05 1000.099999999999978328,0.000000000000000000
T0331   0x7a3F142EDb988dB381F0eAAF96D5c8a0230f4A4e 1000.099999999999978328,0.000000000000000000
T0332   0xD4Ca4249E2A2a3EAA211da5246eAB6aE7C232ADe 1000.099999999999978328,0.000000000000000000
T0333   0xaBb37f34d58fdD64BD3210827ac11f1D4cfB72A0 1000.099999999999978328,0.000000000000000000
T0334   0xF54EBACe2E213119FDDa166A7d17bf3BAE81BE81 1000.099999999999978328,0.000000000000000000
T0335   0x2BDabf017bf4bD0F9C86C2274488cC88adC9370C 1000.099999999999978328,0.000000000000000000
T0336   0x9ec05Bade97b891FF407a3A4ff90cBF62e5d33f9 1000.099999999999978328,0.000000000000000000
T0337   0xA03D91EdEA718dAf172bB0FAD21DdA03eea56d11 1000.099999999999978328,0.000000000000000000
T0338   0x8571A7fAF6919d715e5BA6517984Bd5353d9ab8c 1000.099999999999978328,0.000000000000000000
T0339   0xB5F95D54135684aA29289eA81C24e2C6c98f3CC5 1000.099999999999978328,0.000000000000000000
T0340   0x81668F418CE4332F2181F67e6237f18Cf6fa99bF 1000.099999999999978328,0.000000000000000000
T0341   0xD8F962aafd32346620c785fBAc6F5F650f3B419A 1000.099999999999978328,0.000000000000000000
T0342   0x270f61A444eeA4D0649a0Cd2727344D6a50AC106 1000.099999999999978328,0.000000000000000000
T0343   0x29C7B85623247d46Abf1cABD7412edb8462C92C8 1000.099999999999978328,0.000000000000000000
T0344   0xeb5d575DBEFE002C57411a332e1BA723CE44fFD8 1000.099999999999978328,0.000000000000000000
T0345   0x05015788ed68D2D5bF378dA31A136Eb162Ec4597 1000.100000000000000000,0.000000000000000000
T0346   0x89d2E12bA957bF77092AB856d4fc0A74dA4Bbc3e 1000.099999999999978328,0.000000000000000000
T0347   0xBd1cAB6c77C93A01B8235dB8bde55B62bcF5BE25 1000.099999999999978328,0.000000000000000000
T0348   0xa66945B47C700f4CA60f2586980D93D8a9D46844 1000.099999999999978328,0.000000000000000000
T0349   0x588C3F59bd33bF3e4d12986852Ad4986400443E3 1000.099999999999978328,0.000000000000000000
T0350   0xDf8f14880B96e5c04794e6A509546C72566b3ED8 1000.099999999999978328,0.000000000000000000
T0351   0x317a2e76e6BbDc9BAA827d9097BB195980Ae4D06 1000.099999999999978328,0.000000000000000000
T0352   0x9D4803E033e84E50d01f74fEdCab76e65E6A6842 1000.099999999999978328,0.000000000000000000
T0353   0xf5D875f41B586162B394CE96bd74463b3C918Ea5 1000.099999999999978328,0.000000000000000000
T0354   0x72ce4d51F2a478642EeFa2b18904805AE5B4c476 1000.099999999999978328,0.000000000000000000
T0355   0x5B698801638009291067e9dC4D0Fb5087591b7f7 1000.099999999999978328,0.000000000000000000
T0356   0xB01Dc976a2fe0733c9c15aB84b878f990Ecb0b70 1000.099999999999978328,0.000000000000000000
T0357   0x97e7Ba2EfC4436bBcC11aDc00F33668C9864737c 1000.099999999999978328,0.000000000000000000
T0358   0x90667bBec0803E3f19ABf59d8E0dF9c3B6eA5e45 1000.099999999999978328,0.000000000000000000
T0359   0x834E48D8aF40707623D7cBe584C806d00D56C0b4 1000.099999999999978328,0.000000000000000000
T0360   0x840346d5A600b66950Ab6e8358aea1031961c8fF 1000.099999999999978328,0.000000000000000000
T0361   0xa8Cde680126912bC60f9d3363471B69AD4022567 1000.099999999999978328,0.000000000000000000
T0362   0xA9899Afb2838901B8257c4ee1863E70D3A8DA67f 1000.099999999999978328,0.000000000000000000
T0363   0xF06822007BdeC79Daecee40B7E04B71c89f0CEbA 1000.099999999999978328,0.000000000000000000
T0364   0xD5320e5AE1ad6Ab717A1682d4D24c60403feC54A 1000.099999999999978328,0.000000000000000000
T0365   0xa359397c7309276131BfD235F202755C37e22b30 1000.100000000000000000,0.000000000000000000
T0366   0x4966FC6f2CF00e31eA09eD7c0c3D6f595757c8eB 1000.099999999999978328,0.000000000000000000
T0367   0x12182E41b6c9E63A12D50e2be00457aDDfc30F2f 1000.099999999999978328,0.000000000000000000
T0368   0xD88b5B033512b2fd4954b3F38c7bB7E26A0149C4 1000.099999999999978328,0.000000000000000000
T0369   0xC4C812042f20f2fadB05D0FAdB3cDD5f4c02bF16 1000.099999999999978328,0.000000000000000000
T0370   0x2847A74184c098Ac376Ec0C57141EDCfdC242663 1000.099999999999978328,0.000000000000000000
T0371   0x6C3C6bD6ecC7E539e099a40467f8617D29e04Af2 1000.099999999999978328,0.000000000000000000
T0372   0xf6582064fb2757B70a78AeC528184195F23bc534 1000.099999999999978328,0.000000000000000000
T0373   0x8cb51FF5f71434eD383eDaA73123B7ab40D81CeD 1000.099999999999978328,0.000000000000000000
T0374   0x4838060C81Deb667E3f093CeF51E84Fd978BbDfd 1000.099999999999978328,0.000000000000000000
T0375   0x77Da2c4c8C49B3873E9aA206457C9A65Ef5321Bb 1000.099999999999978328,0.000000000000000000
T0376   0x5aaFEdb9B19950c4466eE795C3131345CBCea170 1000.099999999999978328,0.000000000000000000
T0377   0xB67A6b5b36E9815402b274B5C839F850AB590D4a 1000.099999999999978328,0.000000000000000000
T0378   0xf8902E2778Da430314b2af6f6197aC232F6215d4 1000.099999999999978328,0.000000000000000000
T0379   0x2caE8f836ca9293f76C4234F088F606F1AD694f0 1000.099999999999978328,0.000000000000000000
T0380   0x8f5f499F189f9f6aB444101169B43b1821084d59 1000.099999999999978328,0.000000000000000000
T0381   0xd9b2995E6E504dFC45240249D492EEff6da76d13 1000.099999999999978328,0.000000000000000000
T0382   0x42E84BA8B911a1DcF736F05f161815555338Ff4C 1000.099999999999978328,0.000000000000000000
T0383   0xF54358AeAbDF5c3d967e0451137F75f1a6A02f6e 1000.099999999999978328,0.000000000000000000
T0384   0x1c1C14aD7F26156E2cfEb6Cccd062e8E383E07af 1000.099999999999978328,0.000000000000000000
T0385   0xe9dF0952814aaF0Ea23aA6D4DD58B9507Fd9E682 1000.100000000000000000,0.000000000000000000
T0386   0xD5F8F5d0e9A6233caAbfb3b64780CEECAa1A555f 1000.099999999999978328,0.000000000000000000
T0387   0xC31f2596370f046E008395BE1e7523393C67F968 1000.099999999999978328,0.000000000000000000
T0388   0x341Ca500e1E84581326C5507cFbC3319BD93912D 1000.099999999999978328,0.000000000000000000
T0389   0xaA81f1B46a5dB02a3B869E13D5dD496ff24cB43B 1000.099999999999978328,0.000000000000000000
T0390   0x94082d89F31c9C9F145E43bf9bf28d0572a371cF 1000.099999999999978328,0.000000000000000000
T0391   0x00483112D27C0D4E3366932a56945d94bD3e718A 1000.099999999999978328,0.000000000000000000
T0392   0x5f8334dbd8501DeED7971795E20B88b0e31A4df4 1000.099999999999978328,0.000000000000000000
T0393   0x02c5174C29f72D94F336C5Be42638c92ED72EF76 1000.099999999999978328,0.000000000000000000
T0394   0x03a59ea38018Ce05FAaA2e8AdC9B3fad831c7946 1000.099999999999978328,0.000000000000000000
T0395   0x93781964E82417a9fd5788F9475a199F9A9F9c5D 1000.099999999999978328,0.000000000000000000
T0396   0x08D2A2e7BDEb0369A313ad66baeFc18673957911 1000.099999999999978328,0.000000000000000000
T0397   0x3871506013ED732F82635e3b268732eD6DC1F49C 1000.099999999999978328,0.000000000000000000
T0398   0x4d1E4fe839c128365c1FB164B9533CB19691e34E 1000.099999999999978328,0.000000000000000000
T0399   0x35698427d2AD41292eF7D5854D66635567aa8892 1000.099999999999978328,0.000000000000000000
T0400   0xFd2ab4066EB1a702d2D806C50aCe6D0b76E65050 1000.099999999999978328,0.000000000000000000
T0401   0x1f5887AeCb4829d8b9a7E4902db9F6584579342c 1000.099999999999978328,0.000000000000000000
T0402   0x3A31ba12EA2A1fD8815d01d1437c8eb6D05B730a 1000.099999999999978328,0.000000000000000000
T0403   0x40D012c8c003Ea4E9e3Ae8691279308A1bc10058 1000.099999999999978328,0.000000000000000000
T0404   0x0fE220AB34ee137Ee080546B9E1ce5B541acb0cc 1000.099999999999978328,0.000000000000000000
T0405   0x7e3Ae4DeD3e4D2A4F6233C715Cc70b6DFA61E7Ef 1000.100000000000000000,0.000000000000000000
T0406   0x2ab295F0eE2688624391680252D4A507aecFF325 1000.099999999999978328,0.000000000000000000
T0407   0x8dA62E73A46CD7fB987337d39C976A92067b79aB 1000.099999999999978328,0.000000000000000000
T0408   0xffd6BEA4e9F39d6A916924a4B10b374EEeeaD5ce 1000.099999999999978328,0.000000000000000000
T0409   0x98Cfd84e812c0cAa0808eE910A69f4BcE1BCB736 1000.099999999999978328,0.000000000000000000
T0410   0x378CcAc94bB1418395566bB14D7fCf8a1C2351AF 1000.099999999999978328,0.000000000000000000
T0411   0xBD111829DeAa63B0F756cE8D9ae569ED3689c367 1000.099999999999978328,0.000000000000000000
T0412   0xf63770AEF6B46cb9DD39C2D5a9e1B70DED548565 1000.099999999999978328,0.000000000000000000
T0413   0xBbBFAAfC0Faf45912C9ea172DF6E7D5E2a7B70ac 1000.099999999999978328,0.000000000000000000
T0414   0x9DA9bdfF58700a26160D8A2644275d0114Bfc8b4 1000.099999999999978328,0.000000000000000000
T0415   0xA6595F4a0EF21D8090C66A69F1331D9A1b8cc8A5 1000.099999999999978328,0.000000000000000000
T0416   0xDa975A750da548aC1957ff95C96607472c6600dD 1000.099999999999978328,0.000000000000000000
T0417   0x6b6A696081d25480C45D6Cd8AC6cd28d946E0b61 1000.099999999999978328,0.000000000000000000
T0418   0xFA75D053244b71232289eF28C90f88ff813F0974 1000.099999999999978328,0.000000000000000000
T0419   0x9434c9B0393E22733eA6fC0fb71990995ADA468e 1000.099999999999978328,0.000000000000000000
T0420   0x6a43dAc0433ee9E82cbeB7F8CfF8916611B8d553 1000.099999999999978328,0.000000000000000000
T0421   0x9fd40B07e0A61A33003467a3b0bc927a594CF06E 1000.099999999999978328,0.000000000000000000
T0422   0x6AAf6A8B301F6fcF879B4868ECE6A58a573c9af7 1000.099999999999978328,0.000000000000000000
T0423   0x852420dE59a22Cebe3698B8B7578Da269F175c06 1000.099999999999978328,0.000000000000000000
T0424   0xe0b574B7d7Bd6325cA0E0a3AB6b803424d6e2948 1000.099999999999978328,0.000000000000000000
T0425   0x7bDB740F105f8a557F69077555baD184152001b0 1000.100000000000000000,0.000000000000000000
T0426   0x5c2549F39a2E309aBC053603039Ee76A9356F0cB 1000.099999999999978328,0.000000000000000000
T0427   0xA80742203EaF7aB36aB57519D916445196e4DD23 1000.099999999999978328,0.000000000000000000
T0428   0xbFfb30fbaFcA7420326c50fA895634c4fAb67aE0 1000.099999999999978328,0.000000000000000000
T0429   0x89c40c5e2Ba9179b1a4a46aDF141362177a24f9B 1000.099999999999978328,0.000000000000000000
T0430   0x95e2AF2B6E7d06d9D31D8e4bB05f7c1d0Ec92F72 1000.099999999999978328,0.000000000000000000
T0431   0xC3F04CE07cF9BC7F3409E62BAA57e6cb6f11f2EC 1000.099999999999978328,0.000000000000000000
T0432   0xe46cd021EFec6ad29DAE38b2A783fD71fD1c32A2 1000.099999999999978328,0.000000000000000000
T0433   0xc48Cd23F7445D7bDA27Fd0aaa5D05b4a13d9f758 1000.099999999999978328,0.000000000000000000
T0434   0x52FbAf7F21705751a7afCe714aC0bcD85b5eCECd 1000.099999999999978328,0.000000000000000000
T0435   0xA7885156D18a6c2009f75747Ff49dED3e54e7959 1000.099999999999978328,0.000000000000000000
T0436   0x4C0BCEf617A03Cf846B39f3190B8c53867F2FE38 1000.099999999999978328,0.000000000000000000
T0437   0xD80D8E8B6cB0b1562FF0e06B003aF7C494FC5A7a 1000.099999999999978328,0.000000000000000000
T0438   0x175D6d7eB4260dee135e7f682C741BC9E3AC4e51 1000.099999999999978328,0.000000000000000000
T0439   0xA4837dcB76EE3BF5223D4ee28f96226Dd99D7b41 1000.099999999999978328,0.000000000000000000
T0440   0x30646D206BFa17080FE36616F65fF304bF7Edb10 1000.099999999999978328,0.000000000000000000
T0441   0x533b2dCfCAe81D5FabF3bC54EF4572a50a878b15 1000.099999999999978328,0.000000000000000000
T0442   0x296c0B5594FA9E30e55B02A9D680ECb2273EA565 1000.099999999999978328,0.000000000000000000
T0443   0x51db4Ef90dfC3E847bbe9db6d21908150d554dfb 1000.099999999999978328,0.000000000000000000
T0444   0x1c86B3ce6D12C6B91B4A4b9106CF465AC75731a2 1000.099999999999978328,0.000000000000000000
T0445   0x990c479b296791cB0Eb46a257Aa119E9Ac6A9f97 1000.100000000000000000,0.000000000000000000
T0446   0xe1407845718D1A44bF14abc643D7F662aE71bd97 1000.099999999999978328,0.000000000000000000
T0447   0xC95B6210C7281F6C5a4d7212Cd0EA6e7cc648CA3 1000.099999999999978328,0.000000000000000000
T0448   0x50d5F237a738dBb3a1f73c271465BdeDe8943a77 1000.099999999999978328,0.000000000000000000
T0449   0x54b5eDcf6c7FF46Ee05854630034aDC671F7F1d0 1000.099999999999978328,0.000000000000000000
T0450   0x930cb701121A4ddE7592c5F672A5E1b628CaF206 1000.099999999999978328,0.000000000000000000
T0451   0x15B1891F65fDCA74cBCf171B73078836CA3DBAAD 1000.099999999999978328,0.000000000000000000
T0452   0xC41a98c0D81CC54D072757cA03Fa3dC59dF0471A 1000.099999999999978328,0.000000000000000000
T0453   0x0AEcf95E1089fA06F5C86bb1E10BdA446F753fbe 1000.099999999999978328,0.000000000000000000
T0454   0xB0f773912836479FB786d62b2853A508bBF75B44 1000.099999999999978328,0.000000000000000000
T0455   0xe35E4E0C61b774d072a917BA3f40948A954BfD80 1000.099999999999978328,0.000000000000000000
T0456   0x37bb97e9f6C384F3dd058Bd412b0570bbe3a7e36 1000.099999999999978328,0.000000000000000000
T0457   0x19359655AC5435458BeFB09Ecd56468b11e4c6a9 1000.099999999999978328,0.000000000000000000
T0458   0x6f6c743AeDDca109F5076C0B2557F3f5603Ee17B 1000.099999999999978328,0.000000000000000000
T0459   0x43f21BAbddEF7D405Be6f8ef27d522DA99e65CcC 1000.099999999999978328,0.000000000000000000
T0460   0x0D39482e75Af9de23E25802456d1De5C5E273405 1000.099999999999978328,0.000000000000000000
T0461   0x2Af26c9ecCa16deba97b07508fcf11feb6b18710 1000.099999999999978328,0.000000000000000000
T0462   0xf22666F710D089F2351541eD73E63Ab86948623f 1000.099999999999978328,0.000000000000000000
T0463   0x6F593a2f7AC9F1C4cb83fED9fB47aFCC0F353f38 1000.099999999999978328,0.000000000000000000
T0464   0xE60B511FD4D90608A622eBB3D39320F7bb8695F9 1000.099999999999978328,0.000000000000000000
T0465   0x90e397049dafE757b655Fad6A1ae88912f63E6dE 1000.100000000000000000,0.000000000000000000
T0466   0x7C8206A0D14f0bf98aCa6978866EaCd68A9fc538 1000.099999999999978328,0.000000000000000000
T0467   0x3B4D73c9FC42bB8Af47c5d61aDe58A0c5195C2B5 1000.099999999999978328,0.000000000000000000
T0468   0x82abf55fb79500a144938848Bcafd149E4CadA1C 1000.099999999999978328,0.000000000000000000
T0469   0xe16086A12B7cfb79304ea8Bc67833b6dE7F33f67 1000.099999999999978328,0.000000000000000000
T0470   0xd750C154101256877F9A2e063e18236974506abe 1000.099999999999978328,0.000000000000000000
T0471   0x75ACf506F8a6e62eC75321A1ABE5bda237771Fa8 1000.099999999999978328,0.000000000000000000
T0472   0x64594FFCB538F426F20051eF9F82A91b872acc05 1000.099999999999978328,0.000000000000000000
T0473   0xC0801AbDd10d63CC114744Cb290B43b8c886A305 1000.099999999999978328,0.000000000000000000
T0474   0x3c4E1a4f3aD95eaA513a50346ea134577cc4207c 1000.099999999999978328,0.000000000000000000
T0475   0x62856a63bbeD3183a0C6f4c6bA808eA1d52B1d47 1000.099999999999978328,0.000000000000000000
T0476   0x0199E84361ff566b3Af62D133273F13f5eB85B1c 1000.099999999999978328,0.000000000000000000
T0477   0x2996C7f9f38224b56CbD29E0454950da22429B89 1000.099999999999978328,0.000000000000000000
T0478   0xAD76359f1f58B2A4846FeaB7c64050547E4BcB45 1000.099999999999978328,0.000000000000000000
T0479   0x9b9d898FeE66036682542BaDE13a4AC8464AB871 1000.099999999999978328,0.000000000000000000
T0480   0x72EB0ABdeeD0aa11cAEc9efdEfB2566F71Ae5ae0 1000.099999999999978328,0.000000000000000000
T0481   0xaBDb6Ec091d2f9Ebc6db5A678ad818585282e7Cc 1000.099999999999978328,0.000000000000000000
T0482   0x15FB87a4D34675d0473dCFe1b8783ee5955139eF 1000.099999999999978328,0.000000000000000000
T0483   0x0E15b09769eE10029Ce639e81c3cfabC817766bd 1000.099999999999978328,0.000000000000000000
T0484   0x360423e0EA2E628810901c11D380c6B442cbefca 1000.099999999999978328,0.000000000000000000
T0485   0xc4A17457B0B68740F33cDe04522997A717aA0890 1000.100000000000000000,0.000000000000000000
T0486   0x9b8E6d4Ae7c9B97872ca03c2e04a5550970c3AE0 1000.099999999999978328,0.000000000000000000
T0487   0x59322D1351BEDe0c286d76Fb66a18432609e531e 1000.099999999999978328,0.000000000000000000
T0488   0x565048520dED2e2a6D8CB3Db9C54d0fe90243062 1000.099999999999978328,0.000000000000000000
T0489   0xAD8038243117549dF13201f96F3Dd2070Be8B784 1000.099999999999978328,0.000000000000000000
T0490   0x6181A8F641f6A0f1bA5Be22B5BA499cB268331aF 1000.099999999999978328,0.000000000000000000
T0491   0x43bB6f74339E568D52C178B46A270CCc3DA57539 1000.099999999999978328,0.000000000000000000
T0492   0x85D2a8077A0F5179D42F32a4c169E93141878c02 1000.099999999999978328,0.000000000000000000
T0493   0xeAc7E93FaEFF24827052f201972e3F24654aB46D 1000.099999999999978328,0.000000000000000000
T0494   0x45cB5a4f7E19b5c236bC1fE44405F24f618416BF 1000.099999999999978328,0.000000000000000000
T0495   0xdbBc5E2fF52d2e6576B658adA8230D5c68D6357a 1000.099999999999978328,0.000000000000000000
T0496   0xc42cf5A849c75834fF2F2c3Aaa853C94b84353De 1000.099999999999978328,0.000000000000000000
T0497   0x9551E51FCE826F0eF0F7179C599aC1C671131F36 1000.099999999999978328,0.000000000000000000
T0498   0x19bb78e75F39a51b4bF2987fa0a6fd2F17664433 1000.099999999999978328,0.000000000000000000
T0499   0xBA87c6B06a04aDf1fd60D8824BFC3E7Ce99D4fdb 1000.099999999999978328,0.000000000000000000
T0500   0xaa75c9beB5dd13af4B74d5eb3903b3Ef1Add728e 1000.099999999999978328,0.000000000000000000
T0501   0x8BAe5C7bA4d8f1e373675D0511348057d46dbb09 1000.099999999999978328,0.000000000000000000
T0502   0xA703ED7D350B7B30eFeD77398B9f212d349189CB 1000.099999999999978328,0.000000000000000000
T0503   0xc488BcDD050E506868055CED575b1e0F6560bd84 1000.099999999999978328,0.000000000000000000
T0504   0xa6C94d99f5b1Afbc39F2e525D5EF10F7Ee65b95e 1000.099999999999978328,0.000000000000000000
T0505   0x8ad43dc0e3Daf8b7c836A24987a6955C733C4650 1000.100000000000000000,0.000000000000000000
T0506   0xd6390C9bd7B439f947d8A52432704120Fe29068f 1000.099999999999978328,0.000000000000000000
T0507   0xa6Ed42187C943F5Cf13cE36a60093697b60c9899 1000.099999999999978328,0.000000000000000000
T0508   0x30c4d70590e98C6F5500dF7455d1E973F54a3D2c 1000.099999999999978328,0.000000000000000000
T0509   0x358f7204B692E9dAa9AC72C3A1Bce3D84AC65023 1000.099999999999978328,0.000000000000000000
T0510   0x2E7EDd59561fEdcE6C8A636fCFbD36029e5755EA 1000.099999999999978328,0.000000000000000000
T0511   0xe7BF8027baa3f1Ccb9b7dAbBE991320baA32cAd5 1000.099999999999978328,0.000000000000000000
T0512   0x09693f34db80d888ADA51cF631B7540C42239F14 1000.099999999999978328,0.000000000000000000
T0513   0xea2566665e91601B9d011a9c965570F324790f3D 1000.099999999999978328,0.000000000000000000
T0514   0xA67995d3e0DDec5429c369a66E993beb390d676c 1000.099999999999978328,0.000000000000000000
T0515   0x00b4bB694C7Aa738c0535Cd3d1632DbEBFA80967 1000.099999999999978328,0.000000000000000000
T0516   0xeE66b5e6dF2a42a36AE116f3D602c919287859a0 1000.099999999999978328,0.000000000000000000
T0517   0xd0470B8d06A75Af4C0254658cB839d180988788f 1000.099999999999978328,0.000000000000000000
T0518   0x55a39502B6Cd59fB7ef08640873512bA84816eFA 1000.099999999999978328,0.000000000000000000
T0519   0x345c3A344E726D7F04b841553A17cb45eE1EAd22 1000.099999999999978328,0.000000000000000000
T0520   0x8a1467506bD58FE6f8760AFE736C47480d19f56b 1000.099999999999978328,0.000000000000000000
T0521   0x54a0A07eDdae249459cE27c60f73Edf1bFa26Bd4 1000.099999999999978328,0.000000000000000000
T0522   0x8F11Fa5E12e9f725697eED545eaf5698Cb9526D9 1000.099999999999978328,0.000000000000000000
T0523   0x6C81994af6F0E2184d2FB7503370133f8a3254b9 1000.099999999999978328,0.000000000000000000
T0524   0x356c8DA05fc43f077BaAbf4a71326b8f09099d93 1000.099999999999978328,0.000000000000000000
T0525   0x0eac70fe1B66C77714fd0bDA4c3Aa542E9793178 1000.100000000000000000,0.000000000000000000
T0526   0xCEE47A2dF0cC08C9103a4e453B306F23B618806E 1000.099999999999978328,0.000000000000000000
T0527   0x6d885Aad4aaDBffc3bc87E29995eAe27281DA50e 1000.099999999999978328,0.000000000000000000
T0528   0xC5871B78Ccc17FEC19D4698d97A8eCE75352936C 1000.099999999999978328,0.000000000000000000
T0529   0xFf2760a183a8a900dF071734307fC226302e4dB3 1000.099999999999978328,0.000000000000000000
T0530   0x58CaEDae55102b8cb128fF2F71A73CaBb1aF56C4 1000.099999999999978328,0.000000000000000000
T0531   0x9E09eBECF0D6e7DF953F6d7246638A5ce41B5795 1000.099999999999978328,0.000000000000000000
T0532   0x6464524cD953E82c713bf9D73A7E059061FDC913 1000.099999999999978328,0.000000000000000000
T0533   0x0B60beeB0E4FC6Dc86F2C8784aB58434222F08A4 1000.099999999999978328,0.000000000000000000
T0534   0x5f80f6222fF178906092929762C7dd50A2903A9d 1000.099999999999978328,0.000000000000000000
T0535   0x4AD9Ae555A7D4433f59CbfF0C7744b9d955667D7 1000.099999999999978328,0.000000000000000000
T0536   0xAc901418c3daE059F34989CD5dd7500A0A05bedC 1000.099999999999978328,0.000000000000000000
T0537   0x6c002464Fd41c09a8ECdaFbEEd4b84BF4f26126b 1000.099999999999978328,0.000000000000000000
T0538   0xab1aEdFaCC626843094841E5604d60f4704B2951 1000.099999999999978328,0.000000000000000000
T0539   0x0064F95E089A1Fc8608c7aA7d63990df415C9FC5 1000.099999999999978328,0.000000000000000000
T0540   0x1Eedc03e37c00FA016Bb96F4bDD98B1F2Ad16440 1000.099999999999978328,0.000000000000000000
T0541   0xa904d7A544b76ecCCD3CA8527192688AA6BC629a 1000.099999999999978328,0.000000000000000000
T0542   0xf661a295F608FA45F2BC64d466b51702bab2910E 1000.099999999999978328,0.000000000000000000
T0543   0xca9bF7B0a1c262036003EDE87A5A951F6e604CCf 1000.099999999999978328,0.000000000000000000
T0544   0xc81416c24bce014Bc5F004D8C70970FAdD7Fb829 1000.099999999999978328,0.000000000000000000
T0545   0x4895a2E48c3e0392E76dcaDabA294AFDd1b07F62 1000.100000000000000000,0.000000000000000000
T0546   0x0F63baF4F69f2B6769cdd6269F260257F729cD92 1000.099999999999978328,0.000000000000000000
T0547   0x5344cd00F82287cE682deC59f862dB97F674c877 1000.099999999999978328,0.000000000000000000
T0548   0x6D31446F28D8cF667c1673D3905e55Fcc3d452Ac 1000.099999999999978328,0.000000000000000000
T0549   0xd102266B5a4451dDBA1c80b251B48DB4991714F5 1000.099999999999978328,0.000000000000000000
T0550   0x7d6958a6FC3F10eb05aC186512D8309969c9C2Ad 1000.099999999999978328,0.000000000000000000
T0551   0x25113650383FD2c4fd2E30B164537DfC9b142279 1000.099999999999978328,0.000000000000000000
T0552   0x85E7b2846a2372415ADb110474230CD3B0E91678 1000.099999999999978328,0.000000000000000000
T0553   0x2FBe0805588335da2535FB94074B57933B886cb6 1000.099999999999978328,0.000000000000000000
T0554   0xeCd41C359cacbb3527324d7aA90f10a5E8C22285 1000.099999999999978328,0.000000000000000000
T0555   0x656B61043467B5ac8244FB3CB6C8D45560675db9 1000.099999999999978328,0.000000000000000000
T0556   0xb4490d9caC668ca9215d6fD63D6218e487De4196 1000.099999999999978328,0.000000000000000000
T0557   0x2ADA1C64f7138AB3d4e45840AA13af7f9b91a057 1000.099999999999978328,0.000000000000000000
T0558   0x52ba11E7BB5Ec64f23B5D4e132A4930eb0cBA925 1000.099999999999978328,0.000000000000000000
T0559   0x2B69fc1EFD073bff5B946350Aa3f6C2cCEa22b05 1000.099999999999978328,0.000000000000000000
T0560   0x548cedE24d0E34ab8a0bA8fa93978e2E326e033a 1000.099999999999978328,0.000000000000000000
T0561   0x8563051244Ae51f79662217B3594Eb060a7B000F 1000.099999999999978328,0.000000000000000000
T0562   0x911221827157aAf7B04d9E1A8600a5383dFCC3c9 1000.099999999999978328,0.000000000000000000
T0563   0x8E6bA7B058067f5233b9Bc10bb077815E7D57693 1000.099999999999978328,0.000000000000000000
T0564   0x52BFAE6F0F855d640F9e015c2206F322E5D066F4 1000.099999999999978328,0.000000000000000000
T0565   0x1618EE430f62673d9d86128E412214220beA203F 1000.100000000000000000,0.000000000000000000
T0566   0xd3AB03A3782984DF200420cf24ED4532f5963464 1000.099999999999978328,0.000000000000000000
T0567   0x8aF17E6033aA4B6364d08E53DFcd48932A0d250C 1000.099999999999978328,0.000000000000000000
T0568   0xcF068d7c2Ef52DE427472ac97bA41D7bA8771d9B 1000.099999999999978328,0.000000000000000000
T0569   0xCdA37DC96b59b8662CC01Dd1e4321DB0153f30C0 1000.099999999999978328,0.000000000000000000
T0570   0x4c4Ee2Ee1A9db74F514b73142a389B15F27dcC15 1000.099999999999978328,0.000000000000000000
T0571   0x9976279a4Eb7C3fDf05deFF478DafA4747684c8c 1000.099999999999978328,0.000000000000000000
T0572   0xC9958AeB422D718Cd6Ef490D7Fa02C6f6EF02FEe 1000.099999999999978328,0.000000000000000000
T0573   0x133bfC04E3481Af4F98eD66e4c8A05f9bAce2db0 1000.099999999999978328,0.000000000000000000
T0574   0xF280E505f432d18d86ebCF9bb667c84AD3772152 1000.099999999999978328,0.000000000000000000
T0575   0x37bdB8983388Dc3677387D229bEc59c02216105f 1000.099999999999978328,0.000000000000000000
T0576   0x33aF2fb16092616274459A223686541A7e4d8076 1000.099999999999978328,0.000000000000000000
T0577   0x7ED2b6f1263721e7F383353Cec2EE1D0C4D3DE81 1000.099999999999978328,0.000000000000000000
T0578   0xD716FD78096d6A28a6F5BCe8bA7e4E77D6eeBA94 1000.099999999999978328,0.000000000000000000
T0579   0x486e8A2f5dc04844699347861814317390Ae8A87 1000.099999999999978328,0.000000000000000000
T0580   0xF314B539c41326551F2cF93D9FEC8B8A38A08563 1000.099999999999978328,0.000000000000000000
T0581   0x37e3edf59382c11d59Ae056e0415F9748af8f8Ef 1000.099999999999978328,0.000000000000000000
T0582   0x840CcF698115619d1F4d66f0b41f49e6F8b5d0BC 1000.099999999999978328,0.000000000000000000
T0583   0xfbd99C749E038D9009b4B9fB0f4454855E1750a4 1000.099999999999978328,0.000000000000000000
T0584   0x6529d6D09C45f88c5da5b7FEDFA47196F5dc7b4a 1000.099999999999978328,0.000000000000000000
T0585   0x77cdDEBc07B1E802b56B39332e77328b573bdC7D 1000.100000000000000000,0.000000000000000000
T0586   0x74c095b133d34B118284B72723a6A24e377de5F9 1000.099999999999978328,0.000000000000000000
T0587   0x4A326533833e635c413e04aa1BDF2067C00aF500 1000.099999999999978328,0.000000000000000000
T0588   0x647E408FfEAc1462D84Fec63477c1f9D934DFe15 1000.099999999999978328,0.000000000000000000
T0589   0x0724F8992a27b0f5A94F9B3570C30b9cF9f3a828 1000.099999999999978328,0.000000000000000000
T0590   0xA2D9F4eD55Bd739EC246aeC1948D2fcD6e145De3 1000.099999999999978328,0.000000000000000000
T0591   0xDdfeDF87b2A2c59089804Aa66f93D31D0aA0c4aA 1000.099999999999978328,0.000000000000000000
T0592   0xa254B392a4Ac8EcA75B2fc8e2EC5d234C001f57C 1000.099999999999978328,0.000000000000000000
T0593   0xB3Cd6E5d44484F7E9142d304bD1bCcD383318E42 1000.099999999999978328,0.000000000000000000
T0594   0xdbf1060A2783806d64453e995dD6634Be86E8fa0 1000.099999999999978328,0.000000000000000000
T0595   0x1319002c4A6164D459B12793346FF7901b5DA9cB 1000.099999999999978328,0.000000000000000000
T0596   0x6B1fd917890488f720E82640CA16b436aCc6b589 1000.099999999999978328,0.000000000000000000
T0597   0xE4F65EfF6808A58bb002a47C0e1dF504981f61F6 1000.099999999999978328,0.000000000000000000
T0598   0x6eB4C68AceD015554eA11C1DEa6dD10092F55bb7 1000.099999999999978328,0.000000000000000000
T0599   0x8a6C3c4650C9B7E4CD959215401891d238E95f88 1000.099999999999978328,0.000000000000000000
T0600   0xfB9daf2f2E3a4369D34566bAa9fbe8d6A9a5018F 1000.099999999999978328,0.000000000000000000
T0601   0x5d83A91776Dd5C04fc77a90C7ad79B3cbc819f74 1000.099999999999978328,0.000000000000000000
T0602   0x451e0E110538d2ed26b7D3F77d0e45bD2eEe6ea5 1000.099999999999978328,0.000000000000000000
T0603   0xE41b7586f7E8D4aE05d6714d558160d4c53038c5 1000.099999999999978328,0.000000000000000000
T0604   0xc7586e273B7F397649C5a1beE38FA62Fdf11b0F6 1000.099999999999978328,0.000000000000000000
T0605   0xd8Ff22ce21ADC8d0b2237D90f46355Ab5Cbb1f6A 1000.100000000000000000,0.000000000000000000
T0606   0xCB404BD2052f96cFF895e041522159d8Bc962b8A 1000.099999999999978328,0.000000000000000000
T0607   0x1F8589B8479De165BD43064D30aCBe5E2C96F843 1000.099999999999978328,0.000000000000000000
T0608   0x59999ADB8002908232f8008bD7583e96Ec31FFB1 1000.099999999999978328,0.000000000000000000
T0609   0x5C9e73D090CfcFf571e71cfbaD624d57EAb69ab4 1000.099999999999978328,0.000000000000000000
T0610   0x35d7a654A92eeC6a6Acee39D46430A44603781B9 1000.099999999999978328,0.000000000000000000
T0611   0xcd9b46C60374696E6D54B9130885Ee8A4E691844 1000.099999999999978328,0.000000000000000000
T0612   0xee947E5363B9338892631B01464D5EFb2Afc9EDE 1000.099999999999978328,0.000000000000000000
T0613   0xF93Aee4343de270124F61EBaa95fd2a1289Ec611 1000.099999999999978328,0.000000000000000000
T0614   0x8E0579B6c60213725C043De4618C7c7B037d9F88 1000.099999999999978328,0.000000000000000000
T0615   0x09D531C37c0e92B5262b112a815DaDa8C84DB684 1000.099999999999978328,0.000000000000000000
T0616   0xe5AD017711554d524B10768677D8D2d66829C4C4 1000.099999999999978328,0.000000000000000000
T0617   0xCBF70F77B078F07856d0545b407e018d6D12bFe1 1000.099999999999978328,0.000000000000000000
T0618   0xA7270db1D24aE50fDD8224cD21b8bc369adE0Fa8 1000.099999999999978328,0.000000000000000000
T0619   0x5F371da1061c4cc4C1045df72fb1e9cbBf0F86CC 1000.099999999999978328,0.000000000000000000
T0620   0x79e25C72E1FC4B8a68ae4b85359EE954036CB718 1000.099999999999978328,0.000000000000000000
T0621   0xEb23f0dbd7573C93974a03508222D6edDB423689 1000.099999999999978328,0.000000000000000000
T0622   0xc128C8ddf1f7Fb238a5db75248c5dd31f289cC38 1000.099999999999978328,0.000000000000000000
T0623   0x6056Df97aE29D2FA32307B8B066299FD53bE2b9A 1000.099999999999978328,0.000000000000000000
T0624   0x991E3f2245B6375De9e87DC8578CEdA614952B27 1000.099999999999978328,0.000000000000000000
T0625   0xaEc862dC59deF17684Ce8afbc9a632de5F6aD2C7 1000.100000000000000000,0.000000000000000000
T0626   0x58Cd6d93Ba8CDda4d6B9E36d6766503493966008 1000.099999999999978328,0.000000000000000000
T0627   0x7B38483C8693508a6839f5C237601CdCb7F908B3 1000.099999999999978328,0.000000000000000000
T0628   0xdD5951DEaD55708aD0A0c225691D282699140DE7 1000.099999999999978328,0.000000000000000000
T0629   0xD4B2f0C40cf15de1C5C769f22ce8391c777B5353 1000.099999999999978328,0.000000000000000000
T0630   0xEe6c9485bd669c197c8d03c3D1017Eb2bD10e583 1000.099999999999978328,0.000000000000000000
T0631   0xbC99F6F97c2c682f76Fd916C878Ed7A0fCDd3cBD 1000.099999999999978328,0.000000000000000000
T0632   0xCe7cC5Af9f445057Ca759B706F619977dAA1696c 1000.099999999999978328,0.000000000000000000
T0633   0xAC0E4db04F157EBFdF65762AcDc39fB34A62e319 1000.099999999999978328,0.000000000000000000
T0634   0x8b294C5Dc0D965D88d5404110717c0a53209B6fb 1000.099999999999978328,0.000000000000000000
T0635   0xB3De16e3c4ea12060E5e5CadCCDAc445E66bc6Ea 1000.099999999999978328,0.000000000000000000
T0636   0xCB52dBD88DE15DE602518d42D1bCf757041bE787 1000.099999999999978328,0.000000000000000000
T0637   0xF712675bEa96A0489676ca058c5C0Af7f4E015e6 1000.099999999999978328,0.000000000000000000
T0638   0x217A8040Bc8dDc6b5c4c05937F43F93fd320Cc3F 1000.099999999999978328,0.000000000000000000
T0639   0xD167dD634F0e4a89F131b2c3075c330d96aD2388 1000.099999999999978328,0.000000000000000000
T0640   0xd860AF8B1b32439ac316F45905E2B5D6d50B2E77 1000.099999999999978328,0.000000000000000000
T0641   0xc596eC4BcE74DA1b13795ea526A5cA52Cc6e96F1 1000.099999999999978328,0.000000000000000000
T0642   0x8E696AC46bf4A1001B37AF3aD2044EFA10D42E7f 1000.099999999999978328,0.000000000000000000
T0643   0x18a10FbC780CD9076cC6243a71C2F6B8a92F7cED 1000.099999999999978328,0.000000000000000000
T0644   0x0bfacEcAa34988c56544623C41EdBb39CDd82B18 1000.099999999999978328,0.000000000000000000
T0645   0xF10B80b80aBaE7939844e4B137322a1F80Ce2bAC 1000.100000000000000000,0.000000000000000000
T0646   0x41CD9A2b6931572beac19c9fDe7584f64d5939eC 1000.099999999999978328,0.000000000000000000
T0647   0xC13cdDdf46a3B90b8e844BdC4C7689b42c63c974 1000.099999999999978328,0.000000000000000000
T0648   0x2c024a89063579123c1b24b297BAdC1eB9EAdebA 1000.099999999999978328,0.000000000000000000
T0649   0xEeC13998656866B02acd31Aa88220a29D033FEFD 1000.099999999999978328,0.000000000000000000
T0650   0xEFd0193b8A5077E72ad50f6C2A4D07c3A6cc4BBd 1000.099999999999978328,0.000000000000000000
T0651   0x3C2f8f9EaE7354BA3fd00f5DeD7f57e3418dFb68 1000.099999999999978328,0.000000000000000000
T0652   0x80b1bfdF39822Da6Cc82242eC053dCc90329d7C0 1000.099999999999978328,0.000000000000000000
T0653   0x68bAFD3a837f08632801E203A3F504AF9ABd9831 1000.099999999999978328,0.000000000000000000
T0654   0xE3761E9Aa6B514E4B72967E415302939D5Ebe8fa 1000.099999999999978328,0.000000000000000000
T0655   0x016786450DeCdf3388c580c713e507d4F4B4681e 1000.099999999999978328,0.000000000000000000
T0656   0xCc00cC7D78f7d86449Fec59F1328643A56FBB3Bd 1000.099999999999978328,0.000000000000000000
T0657   0xcBbd548CD860f5297A4d381DCeECd7cBd2f2F71c 1000.099999999999978328,0.000000000000000000
T0658   0x43DE884940986ed3B6E74aA0b824b75DA9A4B033 1000.099999999999978328,0.000000000000000000
T0659   0xe724db4d2a7dB68208Db91278222fc0308137ee0 1000.099999999999978328,0.000000000000000000
T0660   0x13850f1aa06FfF949f6248B6D634a0AdF56EE022 1000.099999999999978328,0.000000000000000000
T0661   0xe06A523727ba5D9cfd8AFb92D59191Fc2957f0A3 1000.099999999999978328,0.000000000000000000
T0662   0xC5619ff308B293E3416A94279eC958c7067B99BB 1000.099999999999978328,0.000000000000000000
T0663   0xeB30b64Fc7E670D60D69AcB16FB89109A8855dD5 1000.099999999999978328,0.000000000000000000
T0664   0xB0f80B617cF9E64Db917b25524591E458197483a 1000.099999999999978328,0.000000000000000000
T0665   0x5A06fFC14eC5E123E7A4b3A3329A2f936E8bF066 1000.100000000000000000,0.000000000000000000
T0666   0x885963Ae9747B0Ad7Ac0008f68D3eBe6b24017cc 1000.099999999999978328,0.000000000000000000
T0667   0x2397fBe306b7988395BF910F398078266757E59C 1000.099999999999978328,0.000000000000000000
T0668   0x52a8d65Fa3472e9CAA99F580C28ed94dFDe1c721 1000.099999999999978328,0.000000000000000000
T0669   0x82734d0f19de63b084E446156f3f0317De5179D5 1000.099999999999978328,0.000000000000000000
T0670   0x116A73EDd7BA4Dc64f8438d1961D8Fadd42bD714 1000.099999999999978328,0.000000000000000000
T0671   0x17Fd51461D31DE6151993F7e2331e3e2d71D25C0 1000.099999999999978328,0.000000000000000000
T0672   0xAA1a472b261C67497db599a8515b82CEcFbc47EF 1000.099999999999978328,0.000000000000000000
T0673   0x1AbBF1B62f152dcc804ADDF6364fE6345C6Fbe1b 1000.099999999999978328,0.000000000000000000
T0674   0xDC4C23AF1D425D6Cea276e080fCfF45589E529eD 1000.099999999999978328,0.000000000000000000
T0675   0x822fa0343220c8716097910F524D3ccAB53fAD38 1000.099999999999978328,0.000000000000000000
T0676   0x31720a711494BbE1e5236C374A038983913ebeB0 1000.099999999999978328,0.000000000000000000
T0677   0x759896ECA3fC53A6838D9c8800fe5F29c7718B3F 1000.099999999999978328,0.000000000000000000
T0678   0x63F04AA2d834adb1294De880b0Dc8bBdc0CD3884 1000.099999999999978328,0.000000000000000000
T0679   0xc3261Ca1436D8c7ec59A7974d1ebDfe87D0771b6 1000.099999999999978328,0.000000000000000000
T0680   0x4AC9646896136d4f20749A4744B0ddD352885e81 1000.099999999999978328,0.000000000000000000
T0681   0xB768554a5B3Fb79E39DCC74e2e22B0556bb10BA1 1000.099999999999978328,0.000000000000000000
T0682   0x0c7E3439Ffdf5826DA03CF3C754c2dB14Ec507fE 1000.099999999999978328,0.000000000000000000
T0683   0x3149D954a6FA1e5f51e45E6773d80855aA66260d 1000.099999999999978328,0.000000000000000000
T0684   0x6c702033747B9ae10C58D41C3eE2E9e9F49cb038 1000.099999999999978328,0.000000000000000000
T0685   0xd5BAFA019C84456B96ac5e7a17FAF4fDfd23195b 1000.100000000000000000,0.000000000000000000
T0686   0xCC461e89fbd8f3E2dA54bE6aA4c71eF4D74b5953 1000.099999999999978328,0.000000000000000000
T0687   0x451f43bdCE89443910068B256784FB157dC76B68 1000.099999999999978328,0.000000000000000000
T0688   0x36E4a2286835fEb416450F7f9C920d0d4fAABb76 1000.099999999999978328,0.000000000000000000
T0689   0xa8b2d21103606A98626785DE3AD01646860ebFb0 1000.099999999999978328,0.000000000000000000
T0690   0xC763D1487FcBbe507B36d497AFE205F67f5e2C81 1000.099999999999978328,0.000000000000000000
T0691   0xD19f55923Af5351501B4649Cd6d035fa94E05522 1000.099999999999978328,0.000000000000000000
T0692   0x0b2b53C220944E8483b25A19CD4F516bDEb70822 1000.099999999999978328,0.000000000000000000
T0693   0x0cf6F97bDa6C7f0EC09DfC32485FAcEaFCE52f1e 1000.099999999999978328,0.000000000000000000
T0694   0xA955F4420B5763A811C562a69Bc80014c7Dd5633 1000.099999999999978328,0.000000000000000000
T0695   0x55E3C6bc878C49D713Ac6F454780714A86130c0B 1000.099999999999978328,0.000000000000000000
T0696   0x495a683424FeB436d0dd5Ddb9b32EbD9a3b1CD93 1000.099999999999978328,0.000000000000000000
T0697   0x19B361aEC45687b08d3fd80AA79A03bc532F4a8d 1000.099999999999978328,0.000000000000000000
T0698   0x419182d694380391775fA467e12a9B2292398169 1000.099999999999978328,0.000000000000000000
T0699   0xC531a12B99796Bf937a201F35BF95a08bbBb402C 1000.099999999999978328,0.000000000000000000
T0700   0xcA0F497dA449c23D12aE501f0acB40869d9d7a6F 1000.099999999999978328,0.000000000000000000
T0701   0xa045176B43f1eeEFbd774321545d663fC2142e60 1000.099999999999978328,0.000000000000000000
T0702   0x4ea4a4E1Cc98E3dE0e975c851499D9D7Efd01579 1000.099999999999978328,0.000000000000000000
T0703   0xAc72f8d42A9E1507d53fbb60565EBf12239d9Bf7 1000.099999999999978328,0.000000000000000000
T0704   0x75C592a19DA22812CE36c72dc071dFfe86DE9a7B 1000.099999999999978328,0.000000000000000000
T0705   0xf744aeCB317194f19Bfa1f4B28Ed430F90b27D0c 1000.100000000000000000,0.000000000000000000
T0706   0x118498d94A609B6f8432b98B2Aa9dA91238ad264 1000.099999999999978328,0.000000000000000000
T0707   0xaf5F0E4f95292490b51d90Fc4C48cAC71b4B27d9 1000.099999999999978328,0.000000000000000000
T0708   0x0F3e74c28ccAD2B5B99639C82e0D75abe3e140da 1000.099999999999978328,0.000000000000000000
T0709   0x8d0feA7044538D8b1C6120A8Ca280097547Fc7ea 1000.099999999999978328,0.000000000000000000
T0710   0x9d013e439b82186AE4C0d58863a3A8B923b7656a 1000.099999999999978328,0.000000000000000000
T0711   0x833259Eb7861a2600a5Ef13427CB83Ff57D1c6Fd 1000.099999999999978328,0.000000000000000000
T0712   0x492d707d446101A8A231b0584f2f177d0d4Fd8C6 1000.099999999999978328,0.000000000000000000
T0713   0xAFE96b271E38f616eeB1e141962D30e405c0E8AD 1000.099999999999978328,0.000000000000000000
T0714   0x0B8D83F636D978DD4be8E6Da417116fd065E42f2 1000.099999999999978328,0.000000000000000000
T0715   0x26124e2648E4b62C01D7E59b22588bD7cE9189FB 1000.099999999999978328,0.000000000000000000
T0716   0xF30D306F44602d25af4D7F4b58889AF36aACC518 1000.099999999999978328,0.000000000000000000
T0717   0xf3d437DD821a558EAbaf9ee6E73a9E62Ac553CD9 1000.099999999999978328,0.000000000000000000
T0718   0x457b99dd5639Bd4A8Cbaf7ec12dA0A6b61606cB7 1000.099999999999978328,0.000000000000000000
T0719   0x2623f448477de50e806452330962612A7bb89E6A 1000.099999999999978328,0.000000000000000000
T0720   0xe03E93b4F752364496A0228f14dD37411EE42E3A 1000.099999999999978328,0.000000000000000000
T0721   0x00aD64898d5C2985e516BdAb3f4E9FC18Df09913 1000.099999999999978328,0.000000000000000000
T0722   0x0380cC106C6042760313ab4ACC3E237fd18776a9 1000.099999999999978328,0.000000000000000000
T0723   0xEbeA3b39cf44a22Ff2988568E1190AAEe7DAe01A 1000.099999999999978328,0.000000000000000000
T0724   0x4aa8f33f9efaC84f53e7F42914dfc6872f6E6998 1000.099999999999978328,0.000000000000000000
T0725   0xB7A5F0AC1c78A4F86A2E907a367A8e84B3c65e29 1000.100000000000000000,0.000000000000000000
T0726   0xd3776F196B578D04b16493B925e5B9D3e3cD3902 1000.099999999999978328,0.000000000000000000
T0727   0x617Fb4f804B5d6f858EE807d37beB6abBddfA8f1 1000.099999999999978328,0.000000000000000000
T0728   0x372703C44B1AA77f7B258950064DB00C4F54Da9a 1000.099999999999978328,0.000000000000000000
T0729   0xf1Cca05C66a7f3854F47c455364A11fA9f15d9D9 1000.099999999999978328,0.000000000000000000
T0730   0xD8403AaFB2c7D7682Cc283a400C3e9e821fC3cC5 1000.099999999999978328,0.000000000000000000
T0731   0xb545aAA33f2953b0f49433cF94Aab520aFd262b4 1000.099999999999978328,0.000000000000000000
T0732   0x659d598782e20Eec5443de27E12941E951d1d4df 1000.099999999999978328,0.000000000000000000
T0733   0xcE427c06D73a641eb8506E949A5Ee52F522767d7 1000.099999999999978328,0.000000000000000000
T0734   0x5C0610dC3Df18A415F2935f5c508d362BA5bB06a 1000.099999999999978328,0.000000000000000000
T0735   0x235ecF518F5992BfDdCB38B2283AE0e3B860eFF7 1000.099999999999978328,0.000000000000000000
T0736   0x9615b64Aa3840229496F6A325B1BbC6b63D1543A 1000.099999999999978328,0.000000000000000000
T0737   0x4988182d80352428ed4ee8E225428b34b6a74bF4 1000.099999999999978328,0.000000000000000000
T0738   0xB45858eF1EfA414416313eCD45677521783eA64c 1000.099999999999978328,0.000000000000000000
T0739   0x6D4157C91Abd219AA8C9e660e214C2B1f2f54f33 1000.099999999999978328,0.000000000000000000
T0740   0x6CD8f9Dedb9Eca4E1112eF277200DAE3A54Ff840 1000.099999999999978328,0.000000000000000000
T0741   0x88a905EE8A843FBc4C71B6423661931eED7deDe5 1000.099999999999978328,0.000000000000000000
T0742   0xDAA3Bc30c189d7E14E73798A2698298961Cc93B4 1000.099999999999978328,0.000000000000000000
T0743   0x4092a62CA2D85ba20318f8738EbA3252584884D3 1000.099999999999978328,0.000000000000000000
T0744   0x4751AA0A930D4a4820FD3E779Ca3dEF32bacC7bd 1000.099999999999978328,0.000000000000000000
T0745   0xE724C6d1d16D1C3842146E8e784E52886B01cC69 1000.100000000000000000,0.000000000000000000
T0746   0x449186Eb5Ae0FCe9C7985f9fA3874e6Fa064f0a6 1000.099999999999978328,0.000000000000000000
T0747   0x20F677193e74716BB9100252Ff8d988313DeFF63 1000.099999999999978328,0.000000000000000000
T0748   0xb9b9C7afbaFd3B226E00e129C48391266605F156 1000.099999999999978328,0.000000000000000000
T0749   0x2004c54044978c3cf1Cf6d76667EEb2e643262D2 1000.099999999999978328,0.000000000000000000
T0750   0x4179924d5513C61F4A7A639536899346caC62F5f 1000.099999999999978328,0.000000000000000000
T0751   0x6641966F947329e6679d0125328e59Bc348ac9Eb 1000.099999999999978328,0.000000000000000000
T0752   0xb1bBB068e99930aaDdE913a79A2bEAA0d2FFDf4f 1000.099999999999978328,0.000000000000000000
T0753   0x89ABa6c5C1f921C08d84BcB80B8F2e2e5838d6Fe 1000.099999999999978328,0.000000000000000000
T0754   0x4aAde81C4Ce2A936B5487cF36618E1F79E75d95f 1000.099999999999978328,0.000000000000000000
T0755   0xc682d41b95e9f915c3c3b0DbA4Dc078C9cd4305f 1000.099999999999978328,0.000000000000000000
T0756   0x13E79633695F4D0dB392F786E10ACEF146A76BC2 1000.099999999999978328,0.000000000000000000
T0757   0x918Ba0Cf4A4Df9D133Cb5Bdb17c923E8D0EE48f9 1000.099999999999978328,0.000000000000000000
T0758   0xC783Af672c26291a88051256b1Ea9fcEA150Edda 1000.099999999999978328,0.000000000000000000
T0759   0xAF1451B73334Dfc9cf38663820fe3a80948a3594 1000.099999999999978328,0.000000000000000000
T0760   0x0D3403eeCe96291414964833b2Dd0BB6dA2c3ca0 1000.099999999999978328,0.000000000000000000
T0761   0x90a6e765Dc79A27F94b8a4C156A18cc83B200525 1000.099999999999978328,0.000000000000000000
T0762   0xa9a464DF2B9449CcA98836c0fc9467352cA4d2eD 1000.099999999999978328,0.000000000000000000
T0763   0xFb0936a5B5828229C847F324e90c495d47DAB261 1000.099999999999978328,0.000000000000000000
T0764   0x5325f915dcE7C12621E65E10E7A660E9640A4414 1000.099999999999978328,0.000000000000000000
T0765   0x9b2D811011082e79d12009cC5E37309ef5F83ff4 1000.100000000000000000,0.000000000000000000
T0766   0x6156EA2b65Ba08b836F8963825c9E0D678404CE2 1000.099999999999978328,0.000000000000000000
T0767   0x7542B7af1173749d76fe62348041fc6ebd88c456 1000.099999999999978328,0.000000000000000000
T0768   0x373E4c4eEaBd92D7cDd3A92ED3Df8169a66F2bfE 1000.099999999999978328,0.000000000000000000
T0769   0x4b954dC604337df98B07830ba6c6d5dE6f87eeb2 1000.099999999999978328,0.000000000000000000
T0770   0x45754Da8f69F36b3CCc3663Ef18930B7c7256c0a 1000.099999999999978328,0.000000000000000000
T0771   0xE17f59A73A430D37853323943cE6368F8c7faF36 1000.099999999999978328,0.000000000000000000
T0772   0x1DcF2aCbf1055B328A1413924be7Ef492cB885e1 1000.099999999999978328,0.000000000000000000
T0773   0x616b549D1792Df173fE2D0e048e0b83630d064e9 1000.099999999999978328,0.000000000000000000
T0774   0x550660d2EFb8A3D71d13098B9282a8b4f5afE6A9 1000.099999999999978328,0.000000000000000000
T0775   0x271Cb617337a96f6aC8e59d6fF92d9BB7b8aaeE4 1000.099999999999978328,0.000000000000000000
T0776   0xCFB9A8BE26cbd85D53958cA57b4e56A8D3981cF1 1000.099999999999978328,0.000000000000000000
T0777   0xafBb2dE273364b3449134004AbC0f3F4e2e57443 1000.099999999999978328,0.000000000000000000
T0778   0xAb5790936A61b3F884a6e393dCFE3D73Cc218bE8 1000.099999999999978328,0.000000000000000000
T0779   0x73110f8aEdb4272aBDcc39771f926F36047441F4 1000.099999999999978328,0.000000000000000000
T0780   0x179a4E9E0AF3EA7184Bae9B1F0D4906Dc0bF9FdF 1000.099999999999978328,0.000000000000000000
T0781   0xCCB729fAef3dB009be7c8A613d43eF77a1113151 1000.099999999999978328,0.000000000000000000
T0782   0xed8166fd4cD98FC87202Af1f1C65170AE2aFC667 1000.099999999999978328,0.000000000000000000
T0783   0x6C29Df53d51cF0eCEb12FE1D0A26d1238e1b869e 1000.099999999999978328,0.000000000000000000
T0784   0xDc9aEd3152Ab754a5a3037907a7f59407F04374a 1000.099999999999978328,0.000000000000000000
T0785   0x121DB0820DC6e2928cf9d1B9DF451f88939a1CE6 1000.100000000000000000,0.000000000000000000
T0786   0xb4A055b1AEbac2e9EFfC547A7Bf12d88C3F33E2D 1000.099999999999978328,0.000000000000000000
T0787   0x8427286f192dFa1843A7E9d22471358D85614dF9 1000.099999999999978328,0.000000000000000000
T0788   0xF36506D762F6ab215D3111789641fb9Ebc75289D 1000.099999999999978328,0.000000000000000000
T0789   0x8ae86969AAB2e312a4e67d6F5Bf8307AD79CeB28 1000.099999999999978328,0.000000000000000000
T0790   0x3FBF1fB7f798E6FF0209428C8E45ec4d3eFdB0c4 1000.099999999999978328,0.000000000000000000
T0791   0x129485C9C14E0569f795c8497A834f94953BB656 1000.099999999999978328,0.000000000000000000
T0792   0xB29915076c498ca76E1cd37e237C9304ef17DEdF 1000.099999999999978328,0.000000000000000000
T0793   0xb0A774c654a4d743251262Ef9832bF531A7A52df 1000.099999999999978328,0.000000000000000000
T0794   0xE0630A9E5D077581a2062F7f7b0f5792E8922915 1000.099999999999978328,0.000000000000000000
T0795   0xb15c1Ff90d52a3103ad832121d4e290eb51C74D6 1000.099999999999978328,0.000000000000000000
T0796   0x0f76c64290Ef057181A88EF1ee768ee1DA1Ed30b 1000.099999999999978328,0.000000000000000000
T0797   0xE94a01d4bB4Afe9EaeEf924f7b9faE7D96Ef9d8b 1000.099999999999978328,0.000000000000000000
T0798   0xe1231b5feA0B2DB49d308891c482e75720d9B581 1000.099999999999978328,0.000000000000000000
T0799   0x33e3C173eD9FB2AD915Aa8f2097f05039E56c0ab 1000.099999999999978328,0.000000000000000000
T0800   0x4d98a3c9D3190055d3e4E22820fcedf502C3a235 1000.099999999999978328,0.000000000000000000
T0801   0x7D390F8C2f92aFDd30420159E8e9cF94C855DDb0 1000.099999999999978328,0.000000000000000000
T0802   0xe66d2f7e9ab17BCcBA65e8812F420c0E1b901F7b 1000.099999999999978328,0.000000000000000000
T0803   0x287F7b370347569a8D3314628199DF89BD422a5c 1000.099999999999978328,0.000000000000000000
T0804   0xB6DF49009c0c3A5805881E01edA599FcC34cae21 1000.099999999999978328,0.000000000000000000
T0805   0xF46cAF666Db2a366b31d220bb3BaBE03FC51bC6E 1000.100000000000000000,0.000000000000000000
T0806   0x5Fe5930F8818519F9bBD644f2A9580BA6B9D6cE7 1000.099999999999978328,0.000000000000000000
T0807   0x0DCf825CCCd5929759b6C24ECdEB4d1F33d56AD0 1000.099999999999978328,0.000000000000000000
T0808   0x96c53171F256BF0bDc74124dD9B32CDc54543Eb8 1000.099999999999978328,0.000000000000000000
T0809   0xd0062575AbA2a6914FCB60c6bC40e74CC9eB9279 1000.099999999999978328,0.000000000000000000
T0810   0x4b5C2aF818a09eDaa8e519ED66f367f65d7F2356 1000.099999999999978328,0.000000000000000000
T0811   0x5b7F0f5c72A4802bEB1BAB56b5168806E6a381bb 1000.099999999999978328,0.000000000000000000
T0812   0xfA2e104C80fee31c4B3BE6786602f9515199f298 1000.099999999999978328,0.000000000000000000
T0813   0x35d770af96Cfe408994e2594498d6BefA5618fB1 1000.099999999999978328,0.000000000000000000
T0814   0xc8564d437594c876754d304CB0eF7A7d3Dd8D6a0 1000.099999999999978328,0.000000000000000000
T0815   0xE0936d1a73429De70748B03a00C8429C20C87860 1000.099999999999978328,0.000000000000000000
T0816   0x48020059DD3cd108a5868CAb033aeF33613E76C7 1000.099999999999978328,0.000000000000000000
T0817   0x40E28660DA053255DeeEd16d1C413a61F3a66cC5 1000.099999999999978328,0.000000000000000000
T0818   0xF32b6d54f42fb9E6c797aB9F336FBA2b3972c453 1000.099999999999978328,0.000000000000000000
T0819   0xa38a1B2D19997EC9AA214Ac28824a3770Cd105F5 1000.099999999999978328,0.000000000000000000
T0820   0xd406Ea17fc98DBB1f47c170eE6E93DD24569e419 1000.099999999999978328,0.000000000000000000
T0821   0x39289Ffdc6115EAC1fA0c3A7Ac437D36Fc7E3b17 1000.099999999999978328,0.000000000000000000
T0822   0xA8697aa8429C0399bBd00d5Fe84478A4E2Ffb407 1000.099999999999978328,0.000000000000000000
T0823   0x05607149123dAB12df3e3b26b14102cf970339E8 1000.099999999999978328,0.000000000000000000
T0824   0x0Ce2edC562D630CD53df992ce40f2d93cdfab2eF 1000.099999999999978328,0.000000000000000000
T0825   0xb67b5Ce14Ed66f12BFF5E172Dae9Eb40f806b102 1000.100000000000000000,0.000000000000000000
T0826   0xC010430515008ba816B50F5dFde29D3F050Cd133 1000.099999999999978328,0.000000000000000000
T0827   0xFAf8004dD944A55b9110E897826563452E100FDE 1000.099999999999978328,0.000000000000000000
T0828   0x2A41f00c06641F11eA2525c9361e7b0286500729 1000.099999999999978328,0.000000000000000000
T0829   0x317cEC39bb56FDD1e654CE3E17AB4718C19c1FdA 1000.099999999999978328,0.000000000000000000
T0830   0x9579Ad728426A92711429334D2740CBC9F394304 1000.099999999999978328,0.000000000000000000
T0831   0x349fA9baa5Adb90d7Fd0DFB715C8b9F332C063D9 1000.099999999999978328,0.000000000000000000
T0832   0xfa7B66Bf1C1E970015a505028f093a64FA8FBCBa 1000.099999999999978328,0.000000000000000000
T0833   0xc274d19EC06bD1D68AE0A9DdbD1ca57CC4c037C0 1000.099999999999978328,0.000000000000000000
T0834   0x5385Be28B069Fc4A47d1Eb674f421A2776493B2A 1000.099999999999978328,0.000000000000000000
T0835   0x8A08c7417571Cc4b5E0e704F85423bcA872E4EcD 1000.099999999999978328,0.000000000000000000
T0836   0x186357f3e6895E91bDC48cc52Bc265aE860A0e8C 1000.099999999999978328,0.000000000000000000
T0837   0x42A9c95f38540E7DDD9894078F3425A27EdE570B 1000.099999999999978328,0.000000000000000000
T0838   0xD4324b478a7554274bD0665496Ae1a6F08B6e0B4 1000.099999999999978328,0.000000000000000000
T0839   0xC9204a3A9bc8cFa10435c05d681f42731de76CC6 1000.099999999999978328,0.000000000000000000
T0840   0xBA05c5c401FEdc6625bd7bAAf5edCd94a03e985a 1000.099999999999978328,0.000000000000000000
T0841   0x0f27765ea178A6F95396b401bC3EbE1BB4A8A058 1000.099999999999978328,0.000000000000000000
T0842   0x07EC7C8ca3550F56dBD8c0b4744F3C9fab5CC7Af 1000.099999999999978328,0.000000000000000000
T0843   0x06D69dE36A7B2D7777Ce44555a307050B22CD5e7 1000.099999999999978328,0.000000000000000000
T0844   0x626127e768D54254eE6BdD7d5F96CEB63B665d0d 1000.099999999999978328,0.000000000000000000
T0845   0xca4d1D11B902f94e865281536C6e28d143f6974c 1000.100000000000000000,0.000000000000000000
T0846   0xA21De7443BF2DF7034697933bf7791239a2B66c2 1000.099999999999978328,0.000000000000000000
T0847   0x608938f6DB6Cd607B39aFcd0df0F4B102171E58D 1000.099999999999978328,0.000000000000000000
T0848   0xF3dc21f5893083fd636Ed36A96BB818742C3793d 1000.099999999999978328,0.000000000000000000
T0849   0xF9B93B6D22AC663240F1425949E7ed004Bc4D5c9 1000.099999999999978328,0.000000000000000000
T0850   0xd5510b6600697AA74010d3Ed75d26A2e7b7A80e9 1000.099999999999978328,0.000000000000000000
T0851   0x5F66615dbb6531C5F0931C87D57Fdf550c1a8BF5 1000.099999999999978328,0.000000000000000000
T0852   0x534a436795b00784349fD81bbaa4F0F68F39b39E 1000.099999999999978328,0.000000000000000000
T0853   0x72e258eb971557cECddC7B34cCEC60Ad7e37AEE3 1000.099999999999978328,0.000000000000000000
T0854   0x3f2885c4496Ac84827000957273Ca7b8Eac98e59 1000.099999999999978328,0.000000000000000000
T0855   0x1B4E01fE46f94892c0243BB1669d577ca2BeCf04 1000.099999999999978328,0.000000000000000000
T0856   0x0643585b28494f288492DBd2ef440661150209ee 1000.099999999999978328,0.000000000000000000
T0857   0x315112fd84C9356Fe15B0e42A6873DBC3A6f4b42 1000.099999999999978328,0.000000000000000000
T0858   0x0BEb856124832a9C71ffc19c0F02f82B28CDbe96 1000.099999999999978328,0.000000000000000000
T0859   0x67E58D8e00a0D6531B5Af6727952fABBb3feE1e3 1000.099999999999978328,0.000000000000000000
T0860   0x11C69D25097DCE0585708dA0B52B42eCC6C59dC4 1000.099999999999978328,0.000000000000000000
T0861   0x37F6a37370930C8957f2308f71EeD7D30990b6ca 1000.099999999999978328,0.000000000000000000
T0862   0x2a457c4be27A3Ff75FC7483cC6eF2CA4B019f55B 1000.099999999999978328,0.000000000000000000
T0863   0x283dbD28D87594D207F463e020287f1cdd467FE4 1000.099999999999978328,0.000000000000000000
T0864   0x8559536b65FDf486F29a2630325D0C97D9fA776b 1000.099999999999978328,0.000000000000000000
T0865   0xad041c9257747A039D7Feb0449E26d04292D2F5a 1000.100000000000000000,0.000000000000000000
T0866   0x95FDC2fe8824ae9E4EC5Bd37368b8fe7620c1b23 1000.099999999999978328,0.000000000000000000
T0867   0x4F7ED79A2429a3BA885a9dd16c1960Fe25faD89C 1000.099999999999978328,0.000000000000000000
T0868   0x0945be7dE52310D851e29290C5C654fcbEE2Edf9 1000.099999999999978328,0.000000000000000000
T0869   0x66cB878A0F11BB96Ad1A62460120afc2CF485A35 1000.099999999999978328,0.000000000000000000
T0870   0x25FBF08d3B6b617816336Ff332B49B4d8f1Ce0f7 1000.099999999999978328,0.000000000000000000
T0871   0x54E3EC66438C469Daa3e53aAa5C0daC733C6D052 1000.099999999999978328,0.000000000000000000
T0872   0xb3F9bd30fAde7f79E8d69778a9176f0F0CE97601 1000.099999999999978328,0.000000000000000000
T0873   0x647Ac82fb189C4A960D971dbBfF41B338da80f0B 1000.099999999999978328,0.000000000000000000
T0874   0xaB35798888F1f7ADE016a566535e407D796b1141 1000.099999999999978328,0.000000000000000000
T0875   0x0b21a86f7474f0EB1D20Bd5Df37e2A54c94f6968 1000.099999999999978328,0.000000000000000000
T0876   0x8c1A207aB81DcD4889155bbC18f1B2E1A6aCB7C5 1000.099999999999978328,0.000000000000000000
T0877   0x656954864728b2e2f63719cD70FcA09Ec74B5Cb1 1000.099999999999978328,0.000000000000000000
T0878   0xC75008166526B75c5C48e755A8E19ff4180eb071 1000.099999999999978328,0.000000000000000000
T0879   0x375908BD475292872167309fBAB7Dca807E6928D 1000.099999999999978328,0.000000000000000000
T0880   0xF9Ea4794c42C5C1eb468CD4a47307739FC0ccD46 1000.099999999999978328,0.000000000000000000
T0881   0x601B396430f666408D76B49d555bCda4D852dcF7 1000.099999999999978328,0.000000000000000000
T0882   0xD1e13E145fA83036FcfB1519539C80B248B1dA17 1000.099999999999978328,0.000000000000000000
T0883   0xEeAaf741136fB88927A089b7E5aC8D84D249f750 1000.099999999999978328,0.000000000000000000
T0884   0xF65f0cA9B361B646eC5A0E5B8516A3aEd0f4A8eD 1000.099999999999978328,0.000000000000000000
T0885   0x0b4959B85BfE75D986Dbf9bcCBB1e0A7350AE5ee 1000.100000000000000000,0.000000000000000000
T0886   0x669485f019202FCEbB25ab64bfebC9314eAdAc81 1000.099999999999978328,0.000000000000000000
T0887   0x55CBBCc4127A4fCA3cfE63A83a50dECdF98622c9 1000.099999999999978328,0.000000000000000000
T0888   0x2d488Ac7e0Ab116D4Ca8585daaa0535C7d08D225 1000.099999999999978328,0.000000000000000000
T0889   0xDDF5c91cE795E314D41175A2ED8645568ecD174c 1000.099999999999978328,0.000000000000000000
T0890   0xf7c70825cc15a90BDb15aED095d7F587B921A61B 1000.099999999999978328,0.000000000000000000
T0891   0x40951f0B2Afc2BE27F515D4ebE1C8ED036AF927f 1000.099999999999978328,0.000000000000000000
T0892   0x7c7cAE7c9cE8101C0475Ba40951F618cf916938C 1000.099999999999978328,0.000000000000000000
T0893   0xB52159eEB0ac8b3D3417a1D2082B5bb8139C2B8F 1000.099999999999978328,0.000000000000000000
T0894   0xBd068cAF2E6CD5397a43A9dB2089407BB6256599 1000.099999999999978328,0.000000000000000000
T0895   0xcdD6aABefC41143477d13AE74F9fD6d6120fB258 1000.099999999999978328,0.000000000000000000
T0896   0x9CB2afF9fc74c590342061E02196198215af06Ae 1000.099999999999978328,0.000000000000000000
T0897   0xFE3f9D6e44320fe1f0950052B0Ba4D9ee3e6671f 1000.099999999999978328,0.000000000000000000
T0898   0x66b29fbD2707580D064346933D8D24B6B11F0cdd 1000.099999999999978328,0.000000000000000000
T0899   0x43BA42ad8D8f28358B4D16e48e402eA681D41B57 1000.099999999999978328,0.000000000000000000
T0900   0xCea4De212792Be414B71A6D64E356196bD9EFF06 1000.099999999999978328,0.000000000000000000
T0901   0x9af9188B7140e327B69e292FC213b83a04919F67 1000.099999999999978328,0.000000000000000000
T0902   0xBB2Ed5444415c4EAB30538CDd9aD96300732D73c 1000.099999999999978328,0.000000000000000000
T0903   0x1AC174802EB21ba81A92031E131eE390Bb28F507 1000.099999999999978328,0.000000000000000000
T0904   0x395341D7bEe6D5b194B4A12Eb79bDF18c899E824 1000.099999999999978328,0.000000000000000000
T0905   0x2b329Aea845aF5551527Dc21948B7C406aC4C82a 1000.100000000000000000,0.000000000000000000
T0906   0xF4461372d2f75661E607FD8Daa4B92cc2D984162 1000.099999999999978328,0.000000000000000000
T0907   0x306c1f03833CcfD217fB9dB04c35052ea8011fEa 1000.099999999999978328,0.000000000000000000
T0908   0x75f99b4637F2263A59e50d6C0b1bBfcd36118ECa 1000.099999999999978328,0.000000000000000000
T0909   0xe748472790f1D03d6F3c7AD35D81DeEb011C9192 1000.099999999999978328,0.000000000000000000
T0910   0xec14626e9A8F204429cc5A3c5fe2FBDA7A68cD13 1000.099999999999978328,0.000000000000000000
T0911   0x8d7b183563bA9BE62EfB99ed7d8C3cc5bb9b6009 1000.099999999999978328,0.000000000000000000
T0912   0xe238748a4Cb307c79263e09568fFF9A0F222df20 1000.099999999999978328,0.000000000000000000
T0913   0xDdB200dC49Dd428BFF594E2810FAbE5e91ab5c32 1000.099999999999978328,0.000000000000000000
T0914   0xc3a3de14F080b72827c98dD7d7F132c9BA7a80fc 1000.099999999999978328,0.000000000000000000
T0915   0xDf5FC296dDeD7Eb1EBA187f3a1738d059082550B 1000.099999999999978328,0.000000000000000000
T0916   0x79d76B9cc3f8B35ABA04Def55b8eFe84E90a1E2E 1000.099999999999978328,0.000000000000000000
T0917   0xAa9a0B7C74419839e8d9ce90c98a76f5Fb05Ec10 1000.099999999999978328,0.000000000000000000
T0918   0x94AdCa17Ac7BfF4142FB8CAbd56364D6343B84b6 1000.099999999999978328,0.000000000000000000
T0919   0x683724E9F473be6582ed285c4C0DFc21FFA0aF07 1000.099999999999978328,0.000000000000000000
T0920   0x8B53702F98B49A35897B3d39362b288c1e807c70 1000.099999999999978328,0.000000000000000000
T0921   0x106CE8539A792694BEd47eFE409CfA9C5d654B61 1000.099999999999978328,0.000000000000000000
T0922   0x62b7d656179d0130ca62fd6F17ee3Bc40ab62CfF 1000.099999999999978328,0.000000000000000000
T0923   0xe9FE0c8b7e34Ed8aaB90DD3FfFbF100e84e8Ffb2 1000.099999999999978328,0.000000000000000000
T0924   0xf71Fd46897f21816525cE1281f441e97DCd7ABfE 1000.099999999999978328,0.000000000000000000
T0925   0x4ee218Ade1Db105b485211Ac7fe49a7536FE60c7 1000.100000000000000000,0.000000000000000000
T0926   0xEDecE51c4e404356a39833a52fd655027b7eF70C 1000.099999999999978328,0.000000000000000000
T0927   0x6301C4a5cc120A712dc883b7f3A52Be97216fC54 1000.099999999999978328,0.000000000000000000
T0928   0xFc0c185D0a416EB8A790a0460Ad325887707f80D 1000.099999999999978328,0.000000000000000000
T0929   0x41877209Cb2A3e6E7C36CFBc4D23e4047E3a8144 1000.099999999999978328,0.000000000000000000
T0930   0xa9537CD551b181fdd308c0BB1864D958520fe706 1000.099999999999978328,0.000000000000000000
T0931   0xE8e48E130130871EC372036f965B7dC7555a001E 1000.099999999999978328,0.000000000000000000
T0932   0x8FafDA9F443Af20e75605dBd9581fF2e31E65205 1000.099999999999978328,0.000000000000000000
T0933   0x831e6a00CF4D7edf2d5A4A7542DCC43070a49c51 1000.099999999999978328,0.000000000000000000
T0934   0x66Af7CA5F06CCF563e41D649B1660EFc6c307582 1000.099999999999978328,0.000000000000000000
T0935   0x16F02B77062A9e79aE85B673DB4d1d256f02a2Ee 1000.099999999999978328,0.000000000000000000
T0936   0xF6a81275151B613764639D13bbB72C178e77F0BC 1000.099999999999978328,0.000000000000000000
T0937   0xAdcE7e8213e2BB9094464c99e025eb98c473Fe87 1000.099999999999978328,0.000000000000000000
T0938   0xd773dEa1F8403cfF31dab9d8cD8F21e129c67224 1000.099999999999978328,0.000000000000000000
T0939   0xc8cBF77469422c8e441aB3f5313AF5757cC2883E 1000.099999999999978328,0.000000000000000000
T0940   0x66F3B9A0236ca858499B8Ce26Ca67D861d5dbc54 1000.099999999999978328,0.000000000000000000
T0941   0x4d81B17Ea8Fd1A0d48568C7068677dcb83485B51 1000.099999999999978328,0.000000000000000000
T0942   0xf23e2276e73b185EbbB7086f8DEAd324E46FA705 1000.099999999999978328,0.000000000000000000
T0943   0xB198941ef5E018910780E30fB40e7B8E7736210F 1000.099999999999978328,0.000000000000000000
T0944   0xa493C42c43CfAF73DD57Bbca49846D71d80e9b9c 1000.099999999999978328,0.000000000000000000
T0945   0xA25456784aB0A5D92Bd1c7EfA47Dd737F01Bd4a1 1000.100000000000000000,0.000000000000000000
T0946   0x30363DD6f47409ecBeeA55e811F369661beA3B24 1000.099999999999978328,0.000000000000000000
T0947   0x190B1CF587a70a0D502e457e182B2d70F4cA933c 1000.099999999999978328,0.000000000000000000
T0948   0xcF1863E5598f8fEa47c8b1b395f171237c412a6A 1000.099999999999978328,0.000000000000000000
T0949   0x719B2140520c4379E58C034fcE6717Cd8627997c 1000.099999999999978328,0.000000000000000000
T0950   0x2ab7442761346784Febf39AAfb4e954fD5a71406 1000.099999999999978328,0.000000000000000000
T0951   0x21e9aedA18F642B5019Aa7f9EcF2123C6bEdEC62 1000.099999999999978328,0.000000000000000000
T0952   0xC2a0EDA9Ef04d8Cd9535eac31FeC39D6481e9DEf 1000.099999999999978328,0.000000000000000000
T0953   0x65d0c61cEBF2Ca3933bD0C877412Bac36AC50c3d 1000.099999999999978328,0.000000000000000000
T0954   0x3C7a02e989DB7D403624Bc6e10d991928340350D 1000.099999999999978328,0.000000000000000000
T0955   0xa4a9172FA262bfd0F522bDCF155F9e54B4eeb9c1 1000.099999999999978328,0.000000000000000000
T0956   0x8d63CdE01843cAED45e7E5f5894fa75Ab0570226 1000.099999999999978328,0.000000000000000000
T0957   0xCA5f4319F2631DB9C10dcd6dB8F349210c9f2a90 1000.099999999999978328,0.000000000000000000
T0958   0x3dD772736cf7aad65eFD406328dE48A6Be9E619f 1000.099999999999978328,0.000000000000000000
T0959   0x0DD8761280e7b0610497343500aa7066DE007714 1000.099999999999978328,0.000000000000000000
T0960   0x251dadca76566242A54e0be2A6d04E1013445929 1000.099999999999978328,0.000000000000000000
T0961   0xcAef0A80F9d8dF9320335bcDF622d57640459d68 1000.099999999999978328,0.000000000000000000
T0962   0x520A8ba8c18014bc259a474f6c032A591DA4464c 1000.099999999999978328,0.000000000000000000
T0963   0x473F730864624a927f654E98e67cF78E2f969aEB 1000.099999999999978328,0.000000000000000000
T0964   0x62F16CEcF97e800a64B045De31e88cb3e0769133 1000.099999999999978328,0.000000000000000000
T0965   0x93a1fdB3ACF89cA2A7aac12c4cFf9b0F951888D5 1000.100000000000000000,0.000000000000000000
T0966   0x6B381147E012cF61A025E0979965379e58d6e5cB 1000.099999999999978328,0.000000000000000000
T0967   0x2506018aB06b5233723db7E6135c86aDc24849Bf 1000.099999999999978328,0.000000000000000000
T0968   0x6095D25c4BeA2F33768B607305A6111E27EA1aCA 1000.099999999999978328,0.000000000000000000
T0969   0x9C4107e20BcCBFA44E0406b8ED4c0b694F3412f0 1000.099999999999978328,0.000000000000000000
T0970   0x3C751E87435f5e8C59E4A04a314eCd78F89141bB 1000.099999999999978328,0.000000000000000000
T0971   0xc55dF2476A9d84e73C15F7b3C933f16BE3A0555f 1000.099999999999978328,0.000000000000000000
T0972   0x6Eab594CBa78209494B12847977c0AF173574854 1000.099999999999978328,0.000000000000000000
T0973   0x02F592986BC7793A15b7e92762Dc2AFc362C09BE 1000.099999999999978328,0.000000000000000000
T0974   0xE7d76CE1ab2879568D1b35B5E01D03B36dF36351 1000.099999999999978328,0.000000000000000000
T0975   0xb13EEA6a8B3496fEe13249d824F17491eb822b4a 1000.099999999999978328,0.000000000000000000
T0976   0xC1D649411aee037E96cAbfe032b2D5280d6D577a 1000.099999999999978328,0.000000000000000000
T0977   0x0Dffe844B5Db1707d05B88E2A8f9bCd14bB6ecE5 1000.099999999999978328,0.000000000000000000
T0978   0xb7d874d0379c50Af3d333E9D7330b01060196A80 1000.099999999999978328,0.000000000000000000
T0979   0x3d0AbDE81b18DF01322f925135a935f448aA831b 1000.099999999999978328,0.000000000000000000
T0980   0x2507cA9D03d59D98932c7Dd2e5b681064AF2F274 1000.099999999999978328,0.000000000000000000
T0981   0xC9F3e0d3be5c01fa0FAB87717B91A5d6Cb84a929 1000.099999999999978328,0.000000000000000000
T0982   0xdf1960F86dEF85ec271e2182d2958F37CC85Aa68 1000.099999999999978328,0.000000000000000000
T0983   0x3b38926D5bd6cB8F6dC4874fb2DC87397BEF73aa 1000.099999999999978328,0.000000000000000000
T0984   0x930dD4E787c6472a9c9e5EeceDc7325E0B37A42b 1000.099999999999978328,0.000000000000000000
T0985   0xbeE75b72a851F62b1CB56D9134c2BA4b5f7F86Cc 1000.100000000000000000,0.000000000000000000
T0986   0x0F5922bab1554f58F6203123a4BF0d5bD417A263 1000.099999999999978328,0.000000000000000000
T0987   0x5308E7dca80DD95f36F74392BB7a5a124472Ca56 1000.099999999999978328,0.000000000000000000
T0988   0xa7d9627902f9e686Cdb30a72A9e01655863aa058 1000.099999999999978328,0.000000000000000000
T0989   0x79f801AD999618c9404FE9d61892ac3B08452f46 1000.099999999999978328,0.000000000000000000
T0990   0x3a7930421a36A4CEfc99F218cC99A4a27A18122b 1000.099999999999978328,0.000000000000000000
T0991   0x0c661CC762EDa92ECdBd3429D9679A05335D8446 1000.099999999999978328,0.000000000000000000
T0992   0x3706b175524cAe3451654A72d5201BF47D302479 1000.099999999999978328,0.000000000000000000
T0993   0x64e34b0c1c2DAE0aDA7f30C2667288727B245115 1000.099999999999978328,0.000000000000000000
T0994   0xF50d0038E34Dd3053Ff2753991434FD96F9c810F 1000.099999999999978328,0.000000000000000000
T0995   0x3a47b04d8eBFE8fd37743B6b15FCf81CB71789F5 1000.099999999999978328,0.000000000000000000
T0996   0x971D7febD6A827cc1D282157085263057f4866D6 1000.099999999999978328,0.000000000000000000
T0997   0x57F4e561576cce83CED11e6BE00E5C6272A24A24 1000.099999999999978328,0.000000000000000000
T0998   0x07A8777C14BEd6310C69EB5802B0ec7B1334f9A6 1000.099999999999978328,0.000000000000000000
T0999   0x123380A68268a6F418503C48ec333CAde3EB6878 1000.099999999999978328,0.000000000000000000
T1000   0xe28b50b8478546fF5d4cb75327332C639c8e7C47 1000.099999999999978328,0.000000000000000000
T1001   0xfAAfB41850DE5DE38ba123fe908Acf3063c34A1b 1000.099999999999978328,0.000000000000000000
T1002   0x2E60C4574468a9e212ABD166C3c55dd2E095f09b 1000.099999999999978328,0.000000000000000000
T1003   0x7D03f576457Af0B370fDDB0d9c4B786C67918A89 1000.099999999999978328,0.000000000000000000
T1004   0x77C050E4A539704ae0FB2b8C963F41928534020C 1000.099999999999978328,0.000000000000000000
T1005   0x5F03149277A81E8075Fc40FA8d3D3aa0eA494885 1000.100000000000000000,0.000000000000000000
T1006   0x352AADE42c88536f390634372a4D6F79aa9A26B5 1000.100000000000000000,0.000000000000000000
T1007   0x2CC759bC746ACf36AE581057bce6BeB20ee92e59 1000.100000000000000000,0.000000000000000000
T1008   0xAb4cAe5a85bC3583C4D9847369B271B96635a0C2 1000.100000000000000000,0.000000000000000000
T1009   0x8c041658b76c3DAB86a52265Ec991d0A54DCb3ab 1000.100000000000000000,0.000000000000000000
T1010   0xe4ba49eA0581a0a97AC6866858bdf9669C60da7b 1000.100000000000000000,0.000000000000000000
T1011   0x4E6535c98837398Bb713aAFA7FAb155917258675 1000.100000000000000000,0.000000000000000000
T1012   0x6B4FCE7e1BF5D3C0c4B4aD03c49A989795cb1085 1000.100000000000000000,0.000000000000000000
T1013   0xBE7792f2474D4470e9C9C5ae2C2bbd4c1c1974E1 1000.100000000000000000,0.000000000000000000
T1014   0x7B08d106011cb27bA884C94D8150367a1d492892 1000.100000000000000000,0.000000000000000000
T1015   0x04b5d1e7eb26B8135F532B616596305330fa6fbf 1000.100000000000000000,0.000000000000000000
T1016   0x26f8A8DF88f308C6045cB6cBFb76169f41118cb1 1000.100000000000000000,0.000000000000000000
T1017   0xFeDc54b266D9b1767B0D117cfA9d701B730962F4 1000.100000000000000000,0.000000000000000000
T1018   0x81f704DfDCE0Ce8D1FAa2595a7e8eac1B4dFDFB3 1000.100000000000000000,0.000000000000000000
T1019   0x22f7A341624be4F04cf6db32E09613d5F8906e1D 1000.100000000000000000,0.000000000000000000
T1020   0x7104039ec16B95397F1601F04938B953481522A8 1000.100000000000000000,0.000000000000000000
T1021   0x9E42668d2EdACa866A44D1D9cE30441a89a58cAe 1000.100000000000000000,0.000000000000000000
T1022   0xFaC1d75230E72e9BbFaB768623C118Ce514d6E5C 1000.100000000000000000,0.000000000000000000
T1023   0x63061FBc2e4DB9b8858DB6a1E50CD49a70F1e1B2 1000.100000000000000000,0.000000000000000000
T1024   0x45929EA61FE4AEB5C8F84587418d07E922443f4b 1000.100000000000000000,0.000000000000000000
T1025   0x3b736E9c41339C10A79bEa1bbFfAF705620728B9 1000.100000000000000000,0.000000000000000000
T1026   0x05FC98443A8FD36eAA736FbB475F9599c1b97E9D 1000.100000000000000000,0.000000000000000000
T1027   0x4dCF955A636e60163db9e399C18aC961204Cc0c9 1000.100000000000000000,0.000000000000000000
T1028   0x01282562fE944Bc5A3a8C66f1d391a01Ac9f7BD7 1000.100000000000000000,0.000000000000000000
T1029   0x916a3edB56BB9BC4e48710a7AbB3381951B56fc2 1000.100000000000000000,0.000000000000000000
T1030   0x5E91D7E5d3B8a2088667c36Bb89bd1bc2EdB4Be6 1000.100000000000000000,0.000000000000000000
T1031   0x01CF2F285a95964ee5A8d078186B6DcFbd960142 1000.100000000000000000,0.000000000000000000
T1032   0x86Fa6d669DC78ac1239319C573ea9BaeCEF17ECE 1000.100000000000000000,0.000000000000000000
T1033   0xE1e74F45e738B4f8552c45A1DC0dBFA5148DDC0A 1000.100000000000000000,0.000000000000000000
T1034   0xA5310f7323DDC887f673c000d261498F02030500 1000.100000000000000000,0.000000000000000000
T1035   0x39C06C5944c44239525c2df207E325fD496f4cc5 1000.100000000000000000,0.000000000000000000
T1036   0xA8A902d7A3cA3Dd245D454E84FB0Bbd63C62Eb2E 1000.100000000000000000,0.000000000000000000
T1037   0xaa87177A53F16EE6C5383Ba60d48b71a5376EE59 1000.100000000000000000,0.000000000000000000
T1038   0x5872a81B42440Ef7D501638b71cf0e75651F8219 1000.100000000000000000,0.000000000000000000
T1039   0x8671C004D528F821B2C73bc3Df8e0AD813B1F83B 1000.100000000000000000,0.000000000000000000
T1040   0xB72220795DB37eB4a9CeD33A102720F93bB36C14 1000.100000000000000000,0.000000000000000000
T1041   0x0fB353AAca30829A6c55695f9E8d723Cf2D5639C 1000.100000000000000000,0.000000000000000000
T1042   0xaF4Bf28eab41f3a5c7B70bE98125bA76D8625847 1000.100000000000000000,0.000000000000000000
T1043   0xa32D18Af582D9990008a7c6a366df5D829e4b68E 1000.100000000000000000,0.000000000000000000
T1044   0x3dF8d2B25A23ccA495568d1611cE2154365b63EF 1000.100000000000000000,0.000000000000000000
T1045   0xA58074F6E3228E9b562309B476A1E6d19c037359 1000.100000000000000000,0.000000000000000000
T1046   0x039d3E940CaC676cC9eDC3A9528acc7E93c39858 1000.100000000000000000,0.000000000000000000
T1047   0x749Da95fb8E63fCa4eE7dE881e931D6DD1a6A1E7 1000.100000000000000000,0.000000000000000000
T1048   0x330d5Fa65494420d13285076883515dD5183Fa05 1000.100000000000000000,0.000000000000000000
T1049   0x638a4F025Baa232f5848133a6544f29BbC4e994B 1000.100000000000000000,0.000000000000000000
T1050   0xdB1c470B4d393a9ce646B902dE568c520Ca458F0 1000.100000000000000000,0.000000000000000000
T1051   0xe00493DCF40485c727Cf08C25DD839Aa066ea36e 1000.100000000000000000,0.000000000000000000
T1052   0x1d875C4632A6A726456d6B44820B55085A374E93 1000.100000000000000000,0.000000000000000000
T1053   0xB79A7243e74540Ffa1a7c84c33e566A92FCFc7f7 1000.100000000000000000,0.000000000000000000
T1054   0xf1687dDbf86A4777AAEC014B44A7A839e643C2d6 1000.100000000000000000,0.000000000000000000
T1055   0x324A28CB83D5C4209E4E90CEe761127AB91CaEc1 1000.100000000000000000,0.000000000000000000
T1056   0x52f222be6A084Bab3C0Ae1C3Bf6e044820EA2B6B 1000.100000000000000000,0.000000000000000000
T1057   0xd3CA98059A0ff70aeCCFB79f7aBB29897f548BD9 1000.100000000000000000,0.000000000000000000
T1058   0x41fb2cc4eFB3d244A1422F785bC28c95E57E17E1 1000.100000000000000000,0.000000000000000000
T1059   0x017D76E02c130DEf0a26603Cb407A7AfD6A65336 1000.100000000000000000,0.000000000000000000
T1060   0xB9d74D2d0Dc697181C1E5F7982A6a9eEeA90b0D6 1000.100000000000000000,0.000000000000000000
T1061   0x5B041420D5Dd7EAa345C674eFEEe9bFF0bee6787 1000.100000000000000000,0.000000000000000000
T1062   0xCdda6Af3bD9c03C808fa5d3A3Fd836A4066F317D 1000.100000000000000000,0.000000000000000000
T1063   0x2A9DaE5cb3F9FB6275bd78bdc9e22EA09B777316 1000.100000000000000000,0.000000000000000000
T1064   0x1BF58F34024935925fb740050Dd39Dd39EeEc777 1000.100000000000000000,0.000000000000000000
T1065   0x5d2a18C17BBd713D40C7762076f099550fA9B4AE 1000.100000000000000000,0.000000000000000000
T1066   0x257297bB1147f7638298e0c74ab1E89228362b33 1000.100000000000000000,0.000000000000000000
T1067   0x8D60829Ee015d60529Cf21d1Fa10a71bF774a2a1 1000.100000000000000000,0.000000000000000000
T1068   0xDF0a70b5657833d9423d9c7822721233B8C998b3 1000.100000000000000000,0.000000000000000000
T1069   0x9d0E80d98095187a3A06588b7328aFAe42D73586 1000.100000000000000000,0.000000000000000000
T1070   0x506545f8f3d0FD41DF5024957a744AdF31b3d9D9 1000.100000000000000000,0.000000000000000000
T1071   0xfCB711B125761032bEf08162aaD2E4d1b0E76a8C 1000.100000000000000000,0.000000000000000000
T1072   0xFf86ea94250cc218522BD4361254Da52a742ab16 1000.100000000000000000,0.000000000000000000
T1073   0x7DCB9244B1192Ed348D42999b2aa51674a4B78D8 1000.100000000000000000,0.000000000000000000
T1074   0xC18dEd7C45296ea729C6C1A433b1547a571545c8 1000.100000000000000000,0.000000000000000000
T1075   0x500Bc3Cb7cd4aE9b9E11a8Fe70d90B1feC7e4a0E 1000.100000000000000000,0.000000000000000000
T1076   0x090BF661C7a3D6B905379F6F93501521Fd7602d6 1000.100000000000000000,0.000000000000000000
T1077   0x4479A7727E3F0ebe03be3d1200a02D839907AB0C 1000.100000000000000000,0.000000000000000000
T1078   0x54759Cd0D36DB301a0B5BDE240FfCf399B79F68a 1000.100000000000000000,0.000000000000000000
T1079   0xBDe6bD768f7Fcca58dE7ed54Eb1EB1ac8D69e737 1000.100000000000000000,0.000000000000000000
T1080   0x30DEbbDD4fCFFDaf9dE077fea773FdA387190e90 1000.100000000000000000,0.000000000000000000
T1081   0x08C5b438f79c8F668aBBD916af784EB647c48407 1000.100000000000000000,0.000000000000000000
T1082   0xd470448A4E00E407f13179BeA166F215daA27C6F 1000.100000000000000000,0.000000000000000000
T1083   0xEf47b0155267212333c2D5e438E13271f0b52188 1000.100000000000000000,0.000000000000000000
T1084   0x39929922Ca04B4aC37e62aC077a89F44311b3215 1000.100000000000000000,0.000000000000000000
T1085   0x596095BC9e0c55053CfCa6d3016465C506515E48 1000.100000000000000000,0.000000000000000000
T1086   0x0c007DF72eF9c587753A9326e0E1612ED9818739 1000.100000000000000000,0.000000000000000000
T1087   0xC203ABba3d89B7E45DC01bA171053c349C116939 1000.100000000000000000,0.000000000000000000
T1088   0x1Bac3dc8c0FFA2683b5C8E77B6aC8879880b73e8 1000.100000000000000000,0.000000000000000000
T1089   0x5B430FaEC10EcF55c47206DB139Ea874D05d5aF3 1000.100000000000000000,0.000000000000000000
T1090   0x0ce1d1bcC82684bF9716E535a0241fAfe3999534 1000.100000000000000000,0.000000000000000000
T1091   0x41DE88aD137164AfA2c7c3dC7D1D92648fb11F39 1000.100000000000000000,0.000000000000000000
T1092   0xb8A2BD68c0c050500271aE2476E67d7F5C723Cd7 1000.100000000000000000,0.000000000000000000
T1093   0xc2E80f6878Cf8ebA5cdd01c21E06c8D566aC19b8 1000.100000000000000000,0.000000000000000000
T1094   0x3214447B2AA853C21E401EFD2d9300e0cBF7A5d1 1000.100000000000000000,0.000000000000000000
T1095   0xaC6C686f5e3482dDc0e0B42Acc331d668EC974bA 1000.100000000000000000,0.000000000000000000
T1096   0xc6Eb4a0242D135817Cc3165bc245B24B8a3F6E5A 1000.100000000000000000,0.000000000000000000
T1097   0xB0961DdE6887BF7D0Cc91D9120a890B46217AaC1 1000.100000000000000000,0.000000000000000000
T1098   0x42eA32EFf519bb5663aBC2260eAc11503BB8ab0f 1000.100000000000000000,0.000000000000000000
T1099   0xceAe90d77D5E6Cd71F42B95229FFde54b258CF6a 1000.100000000000000000,0.000000000000000000
T1100   0x79760a0b322Ca5912D7d5CDe9957D78066be0fCe 1000.100000000000000000,0.000000000000000000
T1101   0x50E249e3339447C0ddE16594328F6F6dEFAcA7a5 1000.100000000000000000,0.000000000000000000
T1102   0xb67A1fb8FE3ee3EDcb229Aa37D5DB2055Ebaec7C 1000.100000000000000000,0.000000000000000000
T1103   0xE023C8708cfCC1869410f7117819500742b1bEB0 1000.100000000000000000,0.000000000000000000
T1104   0xc410B734e40790D7cFB4266Befb8699F780bf6af 1000.100000000000000000,0.000000000000000000
T1105   0xDce01Cf09FFcB671899f0e4767B3D875F6942105 1000.100000000000000000,0.000000000000000000
T1106   0x5A6cD797a8BF88EcEced4D3b612dDC4E9FcB1f4c 1000.100000000000000000,0.000000000000000000
T1107   0xBfDBe022bc5E14d9e39E1Ad032EA7c9273782Ed9 1000.100000000000000000,0.000000000000000000
T1108   0x8eCf7bf67F94d6006fbc008d2a5A1c1f83C88750 1000.100000000000000000,0.000000000000000000
T1109   0x6e9cfF76B9970809bD40223e028725a76aFA4369 1000.100000000000000000,0.000000000000000000
T1110   0x6bD9A2e5fA8455f7d101036506c5384EC52C421f 1000.100000000000000000,0.000000000000000000
T1111   0x8E6E3924Cb1C41C2D7B1184fe6784F424b652567 1000.100000000000000000,0.000000000000000000
T1112   0xf2f3cC858DB1915F66dbF37263AEe338126B1644 1000.100000000000000000,0.000000000000000000
T1113   0x615dF15FbbBf6DecEdfB67574d5DCA7D5A7C0D7C 1000.100000000000000000,0.000000000000000000
T1114   0x00A40d1924975A91aee453852B3a3B9d3CE158f3 1000.100000000000000000,0.000000000000000000
T1115   0x6318cf01D306c1b6a0ceB0D0d6a8D71A0FC66AF6 1000.100000000000000000,0.000000000000000000
T1116   0x943d255FbD38D17b9668f08EB0Eb0F2B882F763D 1000.100000000000000000,0.000000000000000000
T1117   0x9e773d894E00A636fa9d668c84c1dE34D1086706 1000.100000000000000000,0.000000000000000000
T1118   0xb29e1f4e5C22dF6DB88A656fa441bEcF1B534C92 1000.100000000000000000,0.000000000000000000
T1119   0x326a1815724B9b787c8E011039339bD3C6533dC4 1000.100000000000000000,0.000000000000000000
T1120   0x3C84384D987C2E0A7e219905a39430B148f25e6c 1000.100000000000000000,0.000000000000000000
T1121   0x33d736ACe82e6e09132077d061597F25A173c7bf 1000.100000000000000000,0.000000000000000000
T1122   0x882c6D7Fa6Ca78d83ca25003a35151e865f00c84 1000.100000000000000000,0.000000000000000000
T1123   0x7E351f9550dBCf9478a71E8EAEf108c7353a0A3F 1000.100000000000000000,0.000000000000000000
T1124   0xE48547DA275e63640EB90d297637f868B80e00e5 1000.100000000000000000,0.000000000000000000
T1125   0x4FcC1486E8ca52f581c2ecFeCcD048C861706453 1000.100000000000000000,0.000000000000000000
T1126   0xBd036392525C60B84470BCc989c3295812491D38 1000.100000000000000000,0.000000000000000000
T1127   0x3699b1579fFCBC6a7b6526Aa644738aC0306DDA2 1000.100000000000000000,0.000000000000000000
T1128   0x48f6Ad77ef1Cb73558026D3dF8e9C9186AA59438 1000.100000000000000000,0.000000000000000000
T1129   0x7cdC3ECF364518D96bb3f7cD23839a50Cfd0d9C0 1000.100000000000000000,0.000000000000000000
T1130   0xB6B5bCDb41B9318f744148aB489B6eA655EDFA0e 1000.100000000000000000,0.000000000000000000
T1131   0xAe7d3fd41d3f96F3e2b1FEcCEbbb56d0cCf4286b 1000.100000000000000000,0.000000000000000000
T1132   0x6a3bC7eB34A2f9F8dE8A50049Ebc6a71C8061c4C 1000.100000000000000000,0.000000000000000000
T1133   0xfBC222c856aFb93A06666847c0D78C0160Ff0585 1000.100000000000000000,0.000000000000000000
T1134   0xaf971Dcdc18058593C90063ec34a249504a3785E 1000.100000000000000000,0.000000000000000000
T1135   0x6C4aaBBafABcBFEbf30B001111FfAF359a76d147 1000.100000000000000000,0.000000000000000000
T1136   0xf5e8c1023756190dB5Ee3A21802eD0a09C2066d0 1000.100000000000000000,0.000000000000000000
T1137   0x0ad0da1045E7f9fBB739F845d28292AfD95616c1 1000.100000000000000000,0.000000000000000000
T1138   0x563a5Ceb2CA1a45E08F226459d8Ab699FfE01520 1000.100000000000000000,0.000000000000000000
T1139   0xfeF9BB2c42d9e0D28Fb08d4Bf608c3caD88607Cd 1000.100000000000000000,0.000000000000000000
T1140   0x811A6a58dB450E69028EbcD88F7d171641F30844 1000.100000000000000000,0.000000000000000000
T1141   0xED3f5C69ffcbdDbA834293dd25401f7439e959B5 1000.100000000000000000,0.000000000000000000
T1142   0x126E0e5f400ABBE2C157A71541Da594F7F99cf0A 1000.100000000000000000,0.000000000000000000
T1143   0xAfC4c98B970036f82BDbf6E6d6114c61ff07B8A7 1000.100000000000000000,0.000000000000000000
T1144   0xc81BC0E5A41326115243650F244E58467D39B4cc 1000.100000000000000000,0.000000000000000000
T1145   0xCB59bB79215Bcd94Adf9352B7a8179F736aA1875 1000.100000000000000000,0.000000000000000000
T1146   0xE4898DAB70F04EAF3E97C0a46Df66071001d1000 1000.100000000000000000,0.000000000000000000
T1147   0x0B79a12AD3eb3880d88c596495D0b5715E402DFD 1000.100000000000000000,0.000000000000000000
T1148   0x3BF5e480d276F26d6e3968A98298A881973F4Be9 1000.100000000000000000,0.000000000000000000
T1149   0x7934A4b013047f47c50b833aFCdFF086F7640D0d 1000.100000000000000000,0.000000000000000000
T1150   0xC77215a7513eDd65a4307e5FB6f3e716b74ad1d9 1000.100000000000000000,0.000000000000000000
T1151   0x4c6Bc5a49AB5d597872D0830e8302B7d4A0200bA 1000.100000000000000000,0.000000000000000000
T1152   0x01f096B646D7dE18A18C5dBBcBb28fB3D7011A8f 1000.100000000000000000,0.000000000000000000
T1153   0xf1e1765327b443EbB8C48E632E8AB5c422fD44dD 1000.100000000000000000,0.000000000000000000
T1154   0x7b712b4a6640d505AC1F971deaf0090ef5C5BcB9 1000.100000000000000000,0.000000000000000000
T1155   0x8a409F0D8fA2fFB558219Ac06be7972ff84d60F8 1000.100000000000000000,0.000000000000000000
T1156   0xDBd97A780F1A8834bfa9980190FF573E054d35F2 1000.100000000000000000,0.000000000000000000
T1157   0xc98f79a0b40df94e3C05A6F4a8cc76F85e44314f 1000.100000000000000000,0.000000000000000000
T1158   0x137dEd4Ef152a63e1c5e24Bd3A5cE9BF64e51AA1 1000.100000000000000000,0.000000000000000000
T1159   0xbf793464DB54aB2879535937171c78558a825B32 1000.100000000000000000,0.000000000000000000
T1160   0x2b5c9852dE7c005fc72739DFA758B5D68870EEE7 1000.100000000000000000,0.000000000000000000
T1161   0x47bcA027C342f7Fd1Dd264636FD140A8b48accE3 1000.100000000000000000,0.000000000000000000
T1162   0x0d019E933c68aCF3D067A064Fb439587cA9E6653 1000.100000000000000000,0.000000000000000000
T1163   0x7bDBB947e9A58268c6DB23aBB33A7F943A139170 1000.100000000000000000,0.000000000000000000
T1164   0xed8862a049F7649471845B34EE08245Ede8b534E 1000.100000000000000000,0.000000000000000000
T1165   0xC243657c3f9cf0711D3e5D3bBA6f41CD4a0CfeA1 1000.100000000000000000,0.000000000000000000
T1166   0x9b1F97caa525D6e5684fbB88c17334F9ce830a50 1000.100000000000000000,0.000000000000000000
T1167   0xFD2C70617a58ddc04716c16A96555b6485F83b21 1000.100000000000000000,0.000000000000000000
T1168   0x77D93bd61A945E4143993dBe063B8EcCD310C876 1000.100000000000000000,0.000000000000000000
T1169   0x98F47C2e1b2bb116641dd61eadD9dF7fd96a76Ad 1000.100000000000000000,0.000000000000000000
T1170   0x891B98E511e5D87ad685E3eca0be57e36f9B3f55 1000.100000000000000000,0.000000000000000000
T1171   0x7cD95f005eC8a4AdB313bc7aD7BadFa523EcbF4C 1000.100000000000000000,0.000000000000000000
T1172   0xAC0C5794b37A0e131Bc8A3D1554a8Cc5c2285Bb2 1000.100000000000000000,0.000000000000000000
T1173   0xc47B77CF2f8b7a4482dfd8f7F28530E17E2AD4B3 1000.100000000000000000,0.000000000000000000
T1174   0x2Ec518778114d624c3507cB0FC8A678BD9383d39 1000.100000000000000000,0.000000000000000000
T1175   0x44504ffcF5107914a9bAe746fEcEeE469446A1F8 1000.100000000000000000,0.000000000000000000
T1176   0x16fE9db715C82d3eA413e6Cb08a43d18778Dd5a8 1000.100000000000000000,0.000000000000000000
T1177   0xC2d2D94F042f644e9e6dA24F2F039f43AA2BE1A5 1000.100000000000000000,0.000000000000000000
T1178   0x150F6BED590CA7210e0a083588D46310cA7FF350 1000.100000000000000000,0.000000000000000000
T1179   0xbDC9CF73C106A2fd5D01624509A2500057D0B7d9 1000.100000000000000000,0.000000000000000000
T1180   0xe7F2B5F14BA5b668b652886C3C172BDb74D8D9A8 1000.100000000000000000,0.000000000000000000
T1181   0xB86b092C556d61b95b1bEB89AB727ea8a5C92Cd7 1000.100000000000000000,0.000000000000000000
T1182   0x3aAAf1498E5DAda13D1A8d25545f663D6Ca23c1d 1000.100000000000000000,0.000000000000000000
T1183   0xFB5e80040e54DdB79Bc5E741CfB3F0662356c1cE 1000.100000000000000000,0.000000000000000000
T1184   0x9eA1Fe267C5bA5a65665c24c2Ec0669DE4fbFDC8 1000.100000000000000000,0.000000000000000000
T1185   0xbAf7383d5fb869C01623012b76e5FA106E0704A4 1000.100000000000000000,0.000000000000000000
T1186   0x02C57c8Cc3A091192A55a5b1C02125b03B1F1803 1000.100000000000000000,0.000000000000000000
T1187   0xC8e69c18164D5681E1c1187E519d416AC983b76D 1000.100000000000000000,0.000000000000000000
T1188   0xCB5Eb3EDFFE63acfE2D00F3604fA416c9E5E01Bb 1000.100000000000000000,0.000000000000000000
T1189   0xD9a05d5aA86b10d11548d0E27D31dCf9Bd9A0a37 1000.100000000000000000,0.000000000000000000
T1190   0xfB50F3da1137b01dd4b24F557f507E88FE13D968 1000.100000000000000000,0.000000000000000000
T1191   0xAD242B365a2424e312fE0A46A710d8d8BcCf3e97 1000.100000000000000000,0.000000000000000000
T1192   0x4BDC2Ab9A07B1DC2Af392A3E25f22522514449DA 1000.100000000000000000,0.000000000000000000
T1193   0x5a5fc9DE21004724B397EEc4f4ee2a410120796F 1000.100000000000000000,0.000000000000000000
T1194   0xd2b2AE0be41aF94484Cf949Ff887bc4b9D47497C 1000.100000000000000000,0.000000000000000000
T1195   0x4E58E6A0a6CB46CCB91D4d16CD096B8F739b085b 1000.100000000000000000,0.000000000000000000
T1196   0x71f3a3e6Ec6baAA11793c3e27d115D7A2a5734D6 1000.100000000000000000,0.000000000000000000
T1197   0x11E52D3498dAED85adcD057463722591a347d3Af 1000.100000000000000000,0.000000000000000000
T1198   0x5f79Eb2d7FE552a6ab7cE991d4AE09b6E4BCe176 1000.100000000000000000,0.000000000000000000
T1199   0xbF1dB6E43f6343b2e5E7418055E7b163c0daC936 1000.100000000000000000,0.000000000000000000
T1200   0xb9Ef28Cf6073Dbe9EFE9968a2C2bE5E5C85eBC7c 1000.100000000000000000,0.000000000000000000
T1201   0x86053f891f6A5833271c8A26fA86aF17864dF84B 1000.100000000000000000,0.000000000000000000
T1202   0xF30cbf1a2247550635899e861101eE18442942D4 1000.100000000000000000,0.000000000000000000
T1203   0x72afAeaf6E24943e7c9418F39Da704e6A0cc2b13 1000.100000000000000000,0.000000000000000000
T1204   0x1A5FF37c4356152cEce3C0BcC5a563eC08B077Ae 1000.100000000000000000,0.000000000000000000
T1205   0x61708BbaEcC8d2f91368d25172E2C69bD6f1f40e 1000.100000000000000000,0.000000000000000000
T1206   0xD2e2B8F0C09aB8BA4A1FA1a125BABB26CAc8D5c9 1000.100000000000000000,0.000000000000000000
T1207   0x8719A1f9958c9B6538B4884f259CA7746903960f 1000.100000000000000000,0.000000000000000000
T1208   0x50Ee5917e81f768eD31390ABFC64bfb8001c3c16 1000.100000000000000000,0.000000000000000000
T1209   0x9E8d101324b2ceC96e8b759afeb5857A58AFf30d 1000.100000000000000000,0.000000000000000000
T1210   0x307F7E3cD2567fd55B1b830D9a1Da3E87d45ABa7 1000.100000000000000000,0.000000000000000000
T1211   0xB9256070c2BDD635e38c62d1dB0F9048034369e9 1000.100000000000000000,0.000000000000000000
T1212   0xC7f226A9a1bFA17823fFD771fa3Ed46C8474cE53 1000.100000000000000000,0.000000000000000000
T1213   0x6EBb00880052E5bB01025d740d1423092BA2c574 1000.100000000000000000,0.000000000000000000
T1214   0x5Be0995E94D329789A7f701755D2530eD861b322 1000.100000000000000000,0.000000000000000000
T1215   0x5e1E80540a13A479Fc2242fF633Ac43fe60678c7 1000.100000000000000000,0.000000000000000000
T1216   0xA3D33192c3bB617c3d44B06BFc49E009c9fB21A1 1000.100000000000000000,0.000000000000000000
T1217   0x95D062b2CB44322eB26EDCfd29785218D8253aA7 1000.100000000000000000,0.000000000000000000
T1218   0xF9df55d39767e7243853542231aCe2E8d9F61762 1000.100000000000000000,0.000000000000000000
T1219   0x90898226aE76eBD38375114C4016705f9e86C49F 1000.100000000000000000,0.000000000000000000
T1220   0xf5C8E4c0280bC4b7A356107d08382A2CF0e54699 1000.100000000000000000,0.000000000000000000
T1221   0x007521327113BFD3FdCE1DA9999bb505E0e60E7a 1000.100000000000000000,0.000000000000000000
T1222   0x1F2F447336495e014A6C4335c34923CdE512698a 1000.100000000000000000,0.000000000000000000
T1223   0xf3EBC8BD471BA1c492e0C8286Fe6CCbcD8F2cc9D 1000.100000000000000000,0.000000000000000000
T1224   0xE3144F1674E400520e9DB4D508b349AC787Cdb1B 1000.100000000000000000,0.000000000000000000
T1225   0x9826485EDb34f5BCd8CF994386B1Aa2621E312f9 1000.100000000000000000,0.000000000000000000
T1226   0xe106f0bb5B78962d88C7d69C0F200A9a8Fe412D0 1000.100000000000000000,0.000000000000000000
T1227   0xC9f52795b20c15f366F3A4aCA29a537170a22802 1000.100000000000000000,0.000000000000000000
T1228   0xf17653d268dd763780e3c12c269620226aE87D87 1000.100000000000000000,0.000000000000000000
T1229   0x310ea17E25AA361eC7CFc50309eFC039dBFDE677 1000.100000000000000000,0.000000000000000000
T1230   0x446893304fDeb73C89Bd68d840Db5e70E04A9Aa4 1000.100000000000000000,0.000000000000000000
T1231   0xa8B6cBbeb11C41A28470628D16d39D506c5874F2 1000.100000000000000000,0.000000000000000000
T1232   0x9ef015a9a0280a96C1954Fd91bF2DA2E7C1aa688 1000.100000000000000000,0.000000000000000000
T1233   0x44a1562E27A2A4511828947594476701Acae00aC 1000.100000000000000000,0.000000000000000000
T1234   0x92Ea97616514c65DB53A588cf0B4e3ef1Aa8A3B9 1000.100000000000000000,0.000000000000000000
T1235   0x90b7cd34237b08AdC3Cb480745FFf13D0DE4E22e 1000.100000000000000000,0.000000000000000000
T1236   0x1698954b84234f3E6d7ba74B78708ff90ccd06Bb 1000.100000000000000000,0.000000000000000000
T1237   0xf4b5CD1E4e6ff5A57EE4d47240A5B8ee66634Bff 1000.100000000000000000,0.000000000000000000
T1238   0xC27f6aDf185d6045fbA41BB0B5CBA276B99e53cF 1000.100000000000000000,0.000000000000000000
T1239   0x27cC3A3Be7d5D87A9F176a45f822F77EFB9aBeeB 1000.100000000000000000,0.000000000000000000
T1240   0xc20585A1c67e6845963fdC4DA2DA19a8D2E0E5B9 1000.100000000000000000,0.000000000000000000
T1241   0x58b063FF3263ceF6B3D713071277A76dd3932546 1000.100000000000000000,0.000000000000000000
T1242   0xF912fcc42148AA90516879CE94125E8eA323263f 1000.100000000000000000,0.000000000000000000
T1243   0x5272a55f1d418F84A5bF8c140Df3C9da2A0Ed9e9 1000.100000000000000000,0.000000000000000000
T1244   0x353922aAE897FD81dd8C6e3257476F53ff4194BD 1000.100000000000000000,0.000000000000000000
T1245   0xd2AC41048E28D6a7ecC48D5f09f9022968F35FC0 1000.100000000000000000,0.000000000000000000
T1246   0xEd873085c41b4246002ce252D953949128310cd3 1000.100000000000000000,0.000000000000000000
T1247   0xb0b861d72839B38980FB3bfE64007Dc4975a915a 1000.100000000000000000,0.000000000000000000
T1248   0x132eFBAaA3f464b376eF2D6cF411310bCfDAbe8A 1000.100000000000000000,0.000000000000000000
T1249   0xBBa87B94646e8eAC4CA20Fd68a09D53018Cc5b9B 1000.100000000000000000,0.000000000000000000
T1250   0x3f07072abB940e226401aAF04C5801F210C78386 1000.100000000000000000,0.000000000000000000
T1251   0x64aa0635b7b0D13F3b2512D07618c24fB2C6F667 1000.100000000000000000,0.000000000000000000
T1252   0xC72964B3274359a96ecB6b621A3E3fF34a3fD15A 1000.100000000000000000,0.000000000000000000
T1253   0xEB6fFdE86c9A456b29F0b7424F661193823644F1 1000.100000000000000000,0.000000000000000000
T1254   0xe43C548879FB1F524AB5537e5dBb176Ee095d634 1000.100000000000000000,0.000000000000000000
T1255   0xc6E8BEf996aAB7868408977ecF2BC2c02CDC771a 1000.100000000000000000,0.000000000000000000
T1256   0x3A3Dbd3bdaC13Cb5C10BcF634c7d00014e8928F0 1000.100000000000000000,0.000000000000000000
T1257   0x2a2818aD617D247D8034882d74d680818AEbc753 1000.100000000000000000,0.000000000000000000
T1258   0x7030DCe33c3E398ec1C8C1213DaBD193B6ff78dC 1000.100000000000000000,0.000000000000000000
T1259   0x8dff17B98E1313DA5926e0028a4B7Ed02Ec11Cf3 1000.100000000000000000,0.000000000000000000
T1260   0x20c4F035F2A7Ab9F00b5791661B44fa55a926660 1000.100000000000000000,0.000000000000000000
T1261   0x8D17E4de48c0e7b1908B285Fd082Bcc4eC590FdD 1000.100000000000000000,0.000000000000000000
T1262   0x6692c5cCE2e644EEA31A95e30db9F3Bdf99632C8 1000.100000000000000000,0.000000000000000000
T1263   0x983A5507e7a629FdbDE268671438a0da24FFb009 1000.100000000000000000,0.000000000000000000
T1264   0xe4D9882F404e4097A2a26CD931F258027768B6Ea 1000.100000000000000000,0.000000000000000000
T1265   0x226F87f027c17Ea2a5cdEdD2696B03B55AD0c649 1000.100000000000000000,0.000000000000000000
T1266   0x9C4D4d40C7b561aAe1a833E22A88F17169cfb89a 1000.100000000000000000,0.000000000000000000
T1267   0x277E69A41f24A0B8e8df5cf67a98d0B021E2146d 1000.100000000000000000,0.000000000000000000
T1268   0x2752e4b318ed334350A4488a9161A8dBaD15B837 1000.100000000000000000,0.000000000000000000
T1269   0x51dc30797e3cE94E7548511e0944F3E7098ae910 1000.100000000000000000,0.000000000000000000
T1270   0xb8be03aEce44F5569E0Fb3F78ed7f9ee62464a74 1000.100000000000000000,0.000000000000000000
T1271   0xebd9BfE28D17a99e5d1644C19c134CB7DE7616Ba 1000.100000000000000000,0.000000000000000000
T1272   0x387DC39137e276027b3d53F45a5f23761C5dfa3E 1000.100000000000000000,0.000000000000000000
T1273   0x9F1C3B79E0F75b91213Fc5568C171c73b60574F3 1000.100000000000000000,0.000000000000000000
T1274   0x3F019bB1275E4F914D6a47225e64B8e7BF8BCC3E 1000.100000000000000000,0.000000000000000000
T1275   0xA90f4015e94BfA9326233f3A32F564C5C1973639 1000.100000000000000000,0.000000000000000000
T1276   0x6498B6156c2faF79a304fc3912d94d794B40043f 1000.100000000000000000,0.000000000000000000
T1277   0xD8FE51D704fC7EF457f705835f5969945Ff4de50 1000.100000000000000000,0.000000000000000000
T1278   0xc1e582aC5aB41Ac000cCEB63B6F673a3F3d8999a 1000.100000000000000000,0.000000000000000000
T1279   0x5Dd1937d71a3793Fac8E4e3Dd8Ab8d82Fe0de7Ab 1000.100000000000000000,0.000000000000000000
T1280   0x09CFA4FCdbcBAb1e21C1d1a30f62fA2490e63b9F 1000.100000000000000000,0.000000000000000000
T1281   0x8e2918d8Cc8dB5Fdcc48F4a4a63E0FCcCCEc87B3 1000.100000000000000000,0.000000000000000000
T1282   0x7AEd346eA9e50E3B3eb4FDCcBD5D0F62E4BD5cD9 1000.100000000000000000,0.000000000000000000
T1283   0x23821A5c9aC5C8EBFa9f9892FB3Fe1c8fC7f477B 1000.100000000000000000,0.000000000000000000
T1284   0x4941C10e7FB824d90995F67884733B56913e2b5C 1000.100000000000000000,0.000000000000000000
T1285   0xb9010A5845A84524c8C944A9a04fFE490DB4908a 1000.100000000000000000,0.000000000000000000
T1286   0x2C0C58ba82791111d3284adFe07EaC7d930aC957 1000.100000000000000000,0.000000000000000000
T1287   0x0145541F27aD1A540576fB7CCb8fe62D124E9E3c 1000.100000000000000000,0.000000000000000000
T1288   0x30c41Fa14dCBf6555650Bc80948253F27f9d83C0 1000.100000000000000000,0.000000000000000000
T1289   0x58174B9080310bAaC9b5ab4065007E96D2EDc7D6 1000.100000000000000000,0.000000000000000000
T1290   0x7DAC3f7a9c9dA285cbbF0Ad80204Fb3d6B1D4775 1000.100000000000000000,0.000000000000000000
T1291   0x2e9FaE005F8807bC2F9fC3EB69Eb79Fee170D7ab 1000.100000000000000000,0.000000000000000000
T1292   0x2A747499eee06e51C8a88f2F81A56a779F0643c5 1000.100000000000000000,0.000000000000000000
T1293   0xAE01126d521816323C9FAafF393F6C12A467Ef4d 1000.100000000000000000,0.000000000000000000
T1294   0x75A312d3f5881C657E9e31091e7747D89BEC9Cd9 1000.100000000000000000,0.000000000000000000
T1295   0xE62d755676f9926AF8981aBF82E4d801C1bbD89E 1000.100000000000000000,0.000000000000000000
T1296   0xd247F1C4A4786B34810f25768b4F54d5Ac8512a1 1000.100000000000000000,0.000000000000000000
T1297   0x982C9fb35dCcBfd5c66454260ff604FAC08B667D 1000.100000000000000000,0.000000000000000000
T1298   0x311980b1bFA51a31446a2A55536Cf27DDeeCAAeB 1000.100000000000000000,0.000000000000000000
T1299   0x350A5B6fDd25B0CE0fE4819c5530617f4c67ea7C 1000.100000000000000000,0.000000000000000000
T1300   0xa5C5606383729e23033dca1337a1221C91c7c930 1000.100000000000000000,0.000000000000000000
T1301   0x83090dd94A05E22bB2a0c831658347ACbf1dB42f 1000.100000000000000000,0.000000000000000000
T1302   0x329B87d0d36d66C534b90b3B8a2efa99BaCf94F0 1000.100000000000000000,0.000000000000000000
T1303   0xe8DBEbB778d2D532D0Ea65408a4f3A7B23368B84 1000.100000000000000000,0.000000000000000000
T1304   0x0415B7C1fF012e823f66dfc845b7a2EA49379e6A 1000.100000000000000000,0.000000000000000000
T1305   0xb27Ce20E81FEc04f4A6054D7B5Df870E7140A727 1000.100000000000000000,0.000000000000000000
T1306   0x41F594b5982Daa579DFE933Cbf4D50e2Ec5C564C 1000.100000000000000000,0.000000000000000000
T1307   0x93BE06943B41B9e1f141eA1A2E954321A9bD0316 1000.100000000000000000,0.000000000000000000
T1308   0x827EBcD494395E3DDEEdEa99151f14D9f10e3429 1000.100000000000000000,0.000000000000000000
T1309   0xf2b727926e0845f9f7673fDcC3324610d5373112 1000.100000000000000000,0.000000000000000000
T1310   0x0c231Da58C402c97cdf50633f7ABC05870E2cfD9 1000.100000000000000000,0.000000000000000000
T1311   0xbb29e4e68cF0C8D2F926D12769Da95fd844cE56d 1000.100000000000000000,0.000000000000000000
T1312   0x01a340f1A1c3095F07D49dec77415Bcd7E7b11Ab 1000.100000000000000000,0.000000000000000000
T1313   0x804bA70BFe3CF4886EA8f2496FEe28034187822D 1000.100000000000000000,0.000000000000000000
T1314   0xba6366311186501aeec51C3c1Ebc7A76b285c1B9 1000.100000000000000000,0.000000000000000000
T1315   0x30611b9aCF8D8cbaE6304Da8C03A8e3C8fB8306f 1000.100000000000000000,0.000000000000000000
T1316   0xebE617C03A5ccbAaE1402f4181be8a8c049A61f4 1000.100000000000000000,0.000000000000000000
T1317   0x7d5C7f74B7567DA6aeBf70b84779c4BD4451F078 1000.100000000000000000,0.000000000000000000
T1318   0x418F04b37b911F59f5aBB6d9315ad112E5cA411a 1000.100000000000000000,0.000000000000000000
T1319   0x42fcf72102d561c761B47FDd8b56Fd6eebAd3779 1000.100000000000000000,0.000000000000000000
T1320   0x39432832ba99bAebF563c1a2dA123fA4aAaa97d9 1000.100000000000000000,0.000000000000000000
T1321   0x0f968B76f93fC105E76E89aC70B275AB0207Db63 1000.100000000000000000,0.000000000000000000
T1322   0xfACE14c99A3c2cA88562Ce66A62dca1559afAC41 1000.100000000000000000,0.000000000000000000
T1323   0xfB7384C59094731126B9bE4867Fc07FaB48671aE 1000.100000000000000000,0.000000000000000000
T1324   0x3364Cbc829b68d6A3cc63E6A6dA1d1838Eb88AB7 1000.100000000000000000,0.000000000000000000
T1325   0x079eE6f3F87439467a0d423F78A2D5DdDF7e0F03 1000.100000000000000000,0.000000000000000000
T1326   0x0Af2ef7A1287E6B8ac9805C2fa7B6CA55C10C7bb 1000.100000000000000000,0.000000000000000000
T1327   0x8003ff0EE4D1e78ca4eC1279208D9C094AB586dA 1000.100000000000000000,0.000000000000000000
T1328   0x38fA6f47d7fa17a33a446BceF14f3B147398365B 1000.100000000000000000,0.000000000000000000
T1329   0xF62ABce8E8818010b52D6F5B852f63B301d9Cd0a 1000.100000000000000000,0.000000000000000000
T1330   0xe7023320DB8d0f514D87db8cEb86C4622Bf52B0E 1000.100000000000000000,0.000000000000000000
T1331   0x906636126857a91FA6CFa7fE53DB8dCb1588bB80 1000.100000000000000000,0.000000000000000000
T1332   0xc2706C2cA82d84bE22C8E1a5F7A1Ca6846Bd9b87 1000.100000000000000000,0.000000000000000000
T1333   0x10ab0cd9918dF986Db07c7db24662dc341aFdBc3 1000.100000000000000000,0.000000000000000000
T1334   0xaC8193aA32836e8bDA52E0e4E204c9EbC1836ab7 1000.100000000000000000,0.000000000000000000
T1335   0x55Da719E7009983cbB9914Cc96FD7eFC190415Dd 1000.100000000000000000,0.000000000000000000
T1336   0xEe91bAF602C8a6ceB3Bd1a82eC757e317C170821 1000.100000000000000000,0.000000000000000000
T1337   0x8Ba21dAa0C70fbdB11a58fD5D0580DF77197Ad08 1000.100000000000000000,0.000000000000000000
T1338   0x80C5bBd48B9c02bA56b828fBd3aFFdd7e442b228 1000.100000000000000000,0.000000000000000000
T1339   0xEc330a14221dfe0D860022d00eDC778580131cc4 1000.100000000000000000,0.000000000000000000
T1340   0xfF04ea1a120C7042CCaA1Eb9DF645Bd91b96C68f 1000.100000000000000000,0.000000000000000000
T1341   0x4bd33d517877e57a335F9A0eb8E92b882A6dd47C 1000.100000000000000000,0.000000000000000000
T1342   0xf1643a7891dCAb474fF186E10Fb6a68EC1FAe721 1000.100000000000000000,0.000000000000000000
T1343   0x823a24F5d390AB7bf0421122BcB7BdBC910B10Db 1000.100000000000000000,0.000000000000000000
T1344   0x4120FA4fAF8f9876562B95d74E5A025C1b5cf968 1000.100000000000000000,0.000000000000000000
T1345   0x5D41ca93a6Ead53f264C81caa84Ee54b00E1B36e 1000.100000000000000000,0.000000000000000000
T1346   0xF64e40319C8A635343CF2156a60F079B08f77453 1000.100000000000000000,0.000000000000000000
T1347   0x2Fa8D39EBF0DC17c83eFe6323435020a4F214465 1000.100000000000000000,0.000000000000000000
T1348   0xC8E6C47DD17cD69390b91289F97C6422b057017a 1000.100000000000000000,0.000000000000000000
T1349   0xf964510c1fFF5A97B5bC4de0915c4Db095a76FE5 1000.100000000000000000,0.000000000000000000
T1350   0x5c10499C483Ec6D6a4c42B8F653A3D350FD4bE5C 1000.100000000000000000,0.000000000000000000
T1351   0x0A4Eeba9fB97455a7084eE7cbEa0953D8945bd72 1000.100000000000000000,0.000000000000000000
T1352   0x944bf46CB6D127A44F20200F15D1248e6011D600 1000.100000000000000000,0.000000000000000000
T1353   0x5496B4D09bb6a1E347D93a921Dd6de0c4153814D 1000.100000000000000000,0.000000000000000000
T1354   0x26F125EE7838d3d80703eb43B6a39ed34F03F04e 1000.100000000000000000,0.000000000000000000
T1355   0x855D7adFe22a18C08d0B4360548878fBA37B2229 1000.100000000000000000,0.000000000000000000
T1356   0xa63eE4750C1e4E6CED907B183B61998a494C21BC 1000.100000000000000000,0.000000000000000000
T1357   0xD3b1824DacA2f5E16C14AACcE3bA40026B19D0D8 1000.100000000000000000,0.000000000000000000
T1358   0xB91F72b57F318813AFC68d6666beA96939b52A62 1000.100000000000000000,0.000000000000000000
T1359   0xdC99a660463401d4AdcD98DA91Db8c1FD5Fc32D7 1000.100000000000000000,0.000000000000000000
T1360   0x82b1d0a80BE229EFeAF1A6Aa5511e8F3e8478cE5 1000.100000000000000000,0.000000000000000000
T1361   0xa8fdb591788d6969E4872f6849Df43987dcD076b 1000.100000000000000000,0.000000000000000000
T1362   0xe6329A7414448DD17a979D53c538274A28f225a5 1000.100000000000000000,0.000000000000000000
T1363   0x2C58350595beCdAcA5f7e3A60d63167fB45D6caf 1000.100000000000000000,0.000000000000000000
T1364   0x535272F8b516B093F7234dCE22cC477c896c8Aa8 1000.100000000000000000,0.000000000000000000
T1365   0x5856A133992bE21039b756d97003ecf2420D3393 1000.100000000000000000,0.000000000000000000
T1366   0x9F207F5CB0Ea1acC597cF804EE6Bd72F8aFDF69D 1000.100000000000000000,0.000000000000000000
T1367   0xbAdCD7A43900CA2A7377D65025a521E81F78f3Fc 1000.100000000000000000,0.000000000000000000
T1368   0x9f77FC51EBec563Ce7bABC1FA572E79Dd4cb2452 1000.100000000000000000,0.000000000000000000
T1369   0x34998FAd944dCd4db9c84dB997527E15A95256b7 1000.100000000000000000,0.000000000000000000
T1370   0x78ED752a50dF2a377eb37E6f88c96f7A65D60137 1000.100000000000000000,0.000000000000000000
T1371   0xbeEAC677Df07C79989a99353658641Ab0402E141 1000.100000000000000000,0.000000000000000000
T1372   0x4a631F706029b56885e9b29C263bf80b1d5810Ae 1000.100000000000000000,0.000000000000000000
T1373   0xbf2B9b614a975CB7deCC0fC4bc2caAE56cb24D2c 1000.100000000000000000,0.000000000000000000
T1374   0x2baC665e1f61d9374e7c5b99e3e84394A7BBfBdE 1000.100000000000000000,0.000000000000000000
T1375   0x8bb48b51de198a14bfE1A825986ee0171991b57c 1000.100000000000000000,0.000000000000000000
T1376   0x29216154A92Fb1cEfC347Ad6b38ca7986FEdCeE1 1000.100000000000000000,0.000000000000000000
T1377   0xB6E983c9e781323d50a14a3F7dD1bb3aDf086b0e 1000.100000000000000000,0.000000000000000000
T1378   0xE981F37593A399Df23B70D67B3F4D7Af821Fa05A 1000.100000000000000000,0.000000000000000000
T1379   0x100CaA82163202425C7c424f8973D51c56b2054D 1000.100000000000000000,0.000000000000000000
T1380   0x58AE5233A74550bBfAdDF2478d293931FDFd18fd 1000.100000000000000000,0.000000000000000000
T1381   0x0D71EA30De19d6882C75E6b9a5Df061Aa1af291F 1000.100000000000000000,0.000000000000000000
T1382   0x226A692884A9AE1a031Db2DA560B7fAdb590736D 1000.100000000000000000,0.000000000000000000
T1383   0x46b2Da0269CEe87b48Ed6BF64CC53A12194f78C9 1000.100000000000000000,0.000000000000000000
T1384   0xB7562a77e2ad87fE9B4645Ee5036cd45F3499806 1000.100000000000000000,0.000000000000000000
T1385   0x37CCe9CDfa00B269cd790c4Db7A59A616DEa8696 1000.100000000000000000,0.000000000000000000
T1386   0xfbeAbF8B0683D7D621b00fa23CA12DDfd82b6949 1000.100000000000000000,0.000000000000000000
T1387   0xAbd2FBBF30ABde26D5D56B7A6f035f7C6e40F547 1000.100000000000000000,0.000000000000000000
T1388   0xEf7b6c3F75308511eCa7E1102Ba6884b6A3E8BAe 1000.100000000000000000,0.000000000000000000
T1389   0x12F9030Aa2d916057834f2bA89927F2F8f470944 1000.100000000000000000,0.000000000000000000
T1390   0xAdeF7279767E34D223007db05d9cE2C91b6fE994 1000.100000000000000000,0.000000000000000000
T1391   0xf8D43fFE813d9D4A4520c82985C87BbaB036D638 1000.100000000000000000,0.000000000000000000
T1392   0xc01d334aca30a7087820870812578778CE19CB11 1000.100000000000000000,0.000000000000000000
T1393   0xC0D36b2c584a9A12C1e8655E74c585dc380494bB 1000.100000000000000000,0.000000000000000000
T1394   0xB03D712D9494c3fa1AeB4594969db383565FEF4a 1000.100000000000000000,0.000000000000000000
T1395   0x66eAf387946f6304D4DE513DA481201AB0be762e 1000.100000000000000000,0.000000000000000000
T1396   0x1BdE760E768D34Fc113d54DBA83d82d5962E3fe2 1000.100000000000000000,0.000000000000000000
T1397   0xb45A5d28afEb87bC6f864677a7450E7F02725B39 1000.100000000000000000,0.000000000000000000
T1398   0xf52D2aeAB06C643321d7b2346E2D23A36650abDD 1000.100000000000000000,0.000000000000000000
T1399   0x74E20d66cb427E946Eb58F34c00945F73e9B3625 1000.100000000000000000,0.000000000000000000
T1400   0x226a0851a21FCB5163af1Cc1d00a37B9f93a77c1 1000.100000000000000000,0.000000000000000000
T1401   0xc6A941715Aac261a15863aA668B6B47ad6D107b5 1000.100000000000000000,0.000000000000000000
T1402   0x43fb5cdaA38ece454AB74159dceAda347Baa932E 1000.100000000000000000,0.000000000000000000
T1403   0x099f0987f5c0AD0E732F73fC1924C7BFB7392b94 1000.100000000000000000,0.000000000000000000
T1404   0x7f532514F4768C0926CAE406db5F18E94ae35d80 1000.100000000000000000,0.000000000000000000
T1405   0x8eC24145011af74684EF9034ecC521561c614D24 1000.100000000000000000,0.000000000000000000
T1406   0x5E5fFb023E3f55D3Ba504A89B1336F5F06B7C483 1000.100000000000000000,0.000000000000000000
T1407   0xc27F1A20554AB25D5964AFC8BB5a7189f304831D 1000.100000000000000000,0.000000000000000000
T1408   0xd818853f6E240Fe805e3c04Cf32B50Dc82c7C733 1000.100000000000000000,0.000000000000000000
T1409   0xaa437f65Ea2Ba935Ae841A410354838282d9d62c 1000.100000000000000000,0.000000000000000000
T1410   0x2658ad0BBA2AD9efeEfccc68cec23953ecfdF4d9 1000.100000000000000000,0.000000000000000000
T1411   0x142dd2Ae0c403B000F01949D2Acf4F92229E8504 1000.100000000000000000,0.000000000000000000
T1412   0xE77F742710Ccbb5Cf75d009AC48B8a6c2598BD26 1000.100000000000000000,0.000000000000000000
T1413   0x4277bc960d12747771760F4438e5665525657d19 1000.100000000000000000,0.000000000000000000
T1414   0x11e59BB215D39969a298BEB435f0E36d45322935 1000.100000000000000000,0.000000000000000000
T1415   0x7d6335C1975f3cB9A706eCf3B672175F08dD9b45 1000.100000000000000000,0.000000000000000000
T1416   0xB2e612542fa9A627B72Fe7e8590aF6F11c65106F 1000.100000000000000000,0.000000000000000000
T1417   0x33C449d7Bfe407716C861D1bbFcb71cE52c353c0 1000.100000000000000000,0.000000000000000000
T1418   0xa144e68c29Fb19f166b1e2E586201e72D36BbA06 1000.100000000000000000,0.000000000000000000
T1419   0x6A61FfC7718Ded8F4AFd509304f4783d06BbC572 1000.100000000000000000,0.000000000000000000
T1420   0xabC1DFa37ec299d68B516543ea7F9164547deA16 1000.100000000000000000,0.000000000000000000
T1421   0x0ebfBD58a687D52e555Dc65de9e4cC6975087dda 1000.100000000000000000,0.000000000000000000
T1422   0x4D9e54Ea7C701fef398B53692a7dae56866f2A3A 1000.100000000000000000,0.000000000000000000
T1423   0x1f2690cE602DdeFC5FC295ff4e772d1d3401b372 1000.100000000000000000,0.000000000000000000
T1424   0xdb7b017E705b1235c9ea3E6CD9616635c35d6669 1000.100000000000000000,0.000000000000000000
T1425   0x35aC4cc357fda12f957d02f1E77c4960642D61b5 1000.100000000000000000,0.000000000000000000
T1426   0xE929392bFBffD56c038A93FC0290155c793ea6Ab 1000.100000000000000000,0.000000000000000000
T1427   0x7CB24A4F77aAf77AFbdcbd353815B1E259438858 1000.100000000000000000,0.000000000000000000
T1428   0x7fcCeD3fc75d2fa35792ed7b10A734aa88860E06 1000.100000000000000000,0.000000000000000000
T1429   0x1D8283b89d28CC06f7d5C4dA712D6e276134f08A 1000.100000000000000000,0.000000000000000000
T1430   0x4455DE24DB733704cb1Ab98b21fd7E10cC3a8A75 1000.100000000000000000,0.000000000000000000
T1431   0x49B5603C5DF7E5727B1dd0138477fAa8Ab2ac915 1000.100000000000000000,0.000000000000000000
T1432   0x440CBf6F276b308270E3C6a3c64f8B744d85dF48 1000.100000000000000000,0.000000000000000000
T1433   0x507EF77AC8684c05842D819081eD6709A6175875 1000.100000000000000000,0.000000000000000000
T1434   0xd45A8BE03224Cd65D37174623F28163E38fA9A21 1000.100000000000000000,0.000000000000000000
T1435   0x0672eD29C3B82f2977B6eA3fb05F12b388a7C2A5 1000.100000000000000000,0.000000000000000000
T1436   0xb859304cAB59620DE525cCDa54678f81592ee291 1000.100000000000000000,0.000000000000000000
T1437   0x10b93A99Da4486123E882CE8779eaa73D0763bfB 1000.100000000000000000,0.000000000000000000
T1438   0x8EC99B1157d0Ffa770fdbE338410f34Cd881CA4c 1000.100000000000000000,0.000000000000000000
T1439   0x5d007fb4F95c5EbFa44bb6F78339cB3884af1659 1000.100000000000000000,0.000000000000000000
T1440   0x56E86Ff457Ae1247f25c6Fd4504E92B5485c0685 1000.100000000000000000,0.000000000000000000
T1441   0x09534B8Ab2d440c21824894508FE0F44C2eD8E63 1000.100000000000000000,0.000000000000000000
T1442   0xd5e0Db3Ec40a7Fa121A0A69d2B3933227A9a1731 1000.100000000000000000,0.000000000000000000
T1443   0x5F30ba0D86B26acFc91A94EAa1D612353ee1876C 1000.100000000000000000,0.000000000000000000
T1444   0x9f421c2E7c31fd19c8c1Ba1409CBba10F762C8d6 1000.100000000000000000,0.000000000000000000
T1445   0xc520704505e216c218f467b6B28d64Eec2BC08AE 1000.100000000000000000,0.000000000000000000
T1446   0xba07B3Bffe70EC0045850D5f3Fc20bE891CcEe17 1000.100000000000000000,0.000000000000000000
T1447   0x2429C3fD745aB8aA27E796Ed37e77580e05B0066 1000.100000000000000000,0.000000000000000000
T1448   0xce603006AbbC61cdC87C14B49A5E043122DDBFE8 1000.100000000000000000,0.000000000000000000
T1449   0x566Cc4457F8F7C8b5bdFFB9fCaFb84103999294e 1000.100000000000000000,0.000000000000000000
T1450   0x703C999EAe49729E70d487a973D850C6C25e7288 1000.100000000000000000,0.000000000000000000
T1451   0xD7fb3Ec4CEf2E398353DfE45665E6dF0cFADeA95 1000.100000000000000000,0.000000000000000000
T1452   0x6ed88E2b1E9d49371973b455a54F6d3B35E01464 1000.100000000000000000,0.000000000000000000
T1453   0xbAE526Db661975decdf51540243A1CC1fA8F9B60 1000.100000000000000000,0.000000000000000000
T1454   0xEe35d0BDe82c9F66E88D03654570F5D81D935072 1000.100000000000000000,0.000000000000000000
T1455   0xFD85d636Db973ff2777f7e2A90a455573eAe2fC8 1000.100000000000000000,0.000000000000000000
T1456   0xe40FCc1fEbe731c3595ad7F4a21A8CA87CFD6052 1000.100000000000000000,0.000000000000000000
T1457   0xD42EfD248172FD7306Ccf6091D05C6CF4DDC8507 1000.100000000000000000,0.000000000000000000
T1458   0x51D990e10369Aa2e9330e51DdbaddBe2402E263d 1000.100000000000000000,0.000000000000000000
T1459   0x65E9450be6F8A750a581dDb963149D2DbbE35900 1000.100000000000000000,0.000000000000000000
T1460   0x114d482ee8D9AE0891f4086de8da8877CaE209Ea 1000.100000000000000000,0.000000000000000000
T1461   0x1645d0Ba18F8511b55aC14769A061fd8434BB46C 1000.100000000000000000,0.000000000000000000
T1462   0x382CAAc28e9503CDC4Eb7a6D659a8E26CC58881E 1000.100000000000000000,0.000000000000000000
T1463   0x4AbDd229568Ee1937ad5F5657A72854FA2a19Ac6 1000.100000000000000000,0.000000000000000000
T1464   0xc0F0862Cbd753c9eEeBf41329e630aF7Cb6353ba 1000.100000000000000000,0.000000000000000000
T1465   0xB515bC8f27B4eDC6af8D6b135f90F43ca53Be046 1000.100000000000000000,0.000000000000000000
T1466   0xcb3C97e470d24Be5786F54E3A6d518a45190E184 1000.100000000000000000,0.000000000000000000
T1467   0xF360cD05Ce98923fa47885a60b2A1D62dA8E5928 1000.100000000000000000,0.000000000000000000
T1468   0x583db1E701bCD1B8871a6f14a57E6b52AC84A35d 1000.100000000000000000,0.000000000000000000
T1469   0xFFd2728adB7f9BeA6f7846AdF745774fC9db3Ea8 1000.100000000000000000,0.000000000000000000
T1470   0x2df314131410360e57209bd31CE2b884b18ff05D 1000.100000000000000000,0.000000000000000000
T1471   0xcb10FC33a2fef9e16e8A55c5A6AccA14870Da5ff 1000.100000000000000000,0.000000000000000000
T1472   0x2e4510e79D6595C61B2132B6CB3ddBD887546aac 1000.100000000000000000,0.000000000000000000
T1473   0x11Cc0afE7283492eD88d16ffaE5B2798203b6230 1000.100000000000000000,0.000000000000000000
T1474   0x37d0Ed0470F86539fe10e486964F0389dF5B7c51 1000.100000000000000000,0.000000000000000000
T1475   0x19c024a8a8EBE5A91434a56c7cB57793d1AC5827 1000.100000000000000000,0.000000000000000000
T1476   0xC8262c8F548B2308df756922bCA8f69b892CbD3e 1000.100000000000000000,0.000000000000000000
T1477   0x0f60045200b288AE4307B972B870b8bE46f7669E 1000.100000000000000000,0.000000000000000000
T1478   0x3Deb9f7BbED089d82dCd3072CADB70B4Af445D0a 1000.100000000000000000,0.000000000000000000
T1479   0xc8a45fCA8Ff51b342E41545d8c01D140E46B404F 1000.100000000000000000,0.000000000000000000
T1480   0xeFDC6FC1d66504Eb9aD61A105354ec616Ad0B6B1 1000.100000000000000000,0.000000000000000000
T1481   0xE91BF7f1826F61e4ffeA2618016bCde178587ab7 1000.100000000000000000,0.000000000000000000
T1482   0x3d2574E4d9bd81A4DA779025D0998F8e59042518 1000.100000000000000000,0.000000000000000000
T1483   0x779b20E94F79Bc51772ed8eaD85b0F74c07b26aC 1000.100000000000000000,0.000000000000000000
T1484   0xC20b270066c7c078E17A6fbE4CE6d71c95bFfffd 1000.100000000000000000,0.000000000000000000
T1485   0xC36B0b955993c4e17a8662BCCe60296b79617428 1000.100000000000000000,0.000000000000000000
T1486   0x2d3d677a0af4E267aCD35028e04ABA53c636d426 1000.100000000000000000,0.000000000000000000
T1487   0xE6be32Ee167Cdc66D915289eB39579d920C7c728 1000.100000000000000000,0.000000000000000000
T1488   0x9186DDE5A11F414f9E5aa8f6cD9463DcD37e7159 1000.100000000000000000,0.000000000000000000
T1489   0x51B2947c50cFd38461A667d50fc42B8ca0d17AfC 1000.100000000000000000,0.000000000000000000
T1490   0xD83eD2f7c0499955c76082e612570DB9A465427f 1000.100000000000000000,0.000000000000000000
T1491   0xe488F185627b4a330C500a2179E8b04CF75dC437 1000.100000000000000000,0.000000000000000000
T1492   0x945A9b9eD2A940D0dd817dC7A861C77374740fB8 1000.100000000000000000,0.000000000000000000
T1493   0x9B8E162ee187B7B0E123237FD3d54DB8F4B3F7F8 1000.100000000000000000,0.000000000000000000
T1494   0x99ED2A51B1242828614Ecdb0812C46260EA2ABd5 1000.100000000000000000,0.000000000000000000
T1495   0x4932FBC68692c3894e29613c637BE457d4517507 1000.100000000000000000,0.000000000000000000
T1496   0xFad04882bAac344FfB7aF61bDF94eB77605d5ce8 1000.100000000000000000,0.000000000000000000
T1497   0xa303FC44E4B2057016E340372c79a3aA8A006237 1000.100000000000000000,0.000000000000000000
T1498   0xce4F9343F289A27424CE566C77d04995700825A3 1000.100000000000000000,0.000000000000000000
T1499   0x02c6B12575d933eC5c52F85CBf4f8b1f1C1Cbde8 1000.100000000000000000,0.000000000000000000
T1500   0x60BBfB51E0d84896D1Db770A3bD4a1a5736dB573 1000.100000000000000000,0.000000000000000000
T1501   0x4f09B141631ccc21A1bCC1C3460Ee9Ca26f3e52d 1000.100000000000000000,0.000000000000000000
T1502   0xf18c30d60Ab0CEF447A46eD90bD56a4EC7419be9 1000.100000000000000000,0.000000000000000000
T1503   0xE61248EFd902cA324218E7E143e70DD86E065600 1000.100000000000000000,0.000000000000000000
T1504   0xf4d61A8a7b1e8112FFf3bD9Dbe3e617327781c5c 1000.100000000000000000,0.000000000000000000
T1505   0xF549594697cA633c88614bB8a1a17AB4431Bf6AE 1000.100000000000000000,0.000000000000000000
T1506   0x86faCd7F7BD19708aE321a3fEB4ecb0b7741CB93 1000.100000000000000000,0.000000000000000000
T1507   0x86F2dE9B92aB7D513d5f1faB9F8d6060d1acf87F 1000.100000000000000000,0.000000000000000000
T1508   0xAD09aE91820a554B415E3A8bD96abFC562062584 1000.100000000000000000,0.000000000000000000
T1509   0xe787e6eDf4A7342Fb91f117D1F2f302c334dBf2F 1000.100000000000000000,0.000000000000000000
T1510   0xc1835deAf43a391aa69dc064530193E7f8200627 1000.100000000000000000,0.000000000000000000
T1511   0x5F1db45596c21946111c2Aa37c65FC0D595B9f32 1000.100000000000000000,0.000000000000000000
T1512   0xca8b128F6271AEfd69b602ec7CB3EAA20aF0a768 1000.100000000000000000,0.000000000000000000
T1513   0x795434246d747519d9A7793c9b402572cAc28bcF 1000.100000000000000000,0.000000000000000000
T1514   0xC1a42CE910156079952361fecaDAe9B1518475A2 1000.100000000000000000,0.000000000000000000
T1515   0xafEe701F1C0b27DcE468De38cE3aC3CD0Bd5a689 1000.100000000000000000,0.000000000000000000
T1516   0x94E64cF34d3172657f4fFb9CaEF2161ad4E17921 1000.100000000000000000,0.000000000000000000
T1517   0x22ce2DB3A0c3227eeCefb61862521e370283faFc 1000.100000000000000000,0.000000000000000000
T1518   0x6D00ABFEFFDf258793aA1C94a0c32B7E8d2B7D09 1000.100000000000000000,0.000000000000000000
T1519   0x95C76E1fAcaCdDE46189f3BBa7AA4136893972BA 1000.100000000000000000,0.000000000000000000
T1520   0x47Ed70A775BbC2a3e99B5d95A23aC47Aa009432a 1000.100000000000000000,0.000000000000000000
T1521   0xcA2bf00B220a5d1544811E789F60Fd35DEEF8568 1000.100000000000000000,0.000000000000000000
T1522   0xc6e61c69231168Dcd6335F6833b92082fF774485 1000.100000000000000000,0.000000000000000000
T1523   0xaC57EEF9AC10f1A6cD750CE845ABfD3aa9f9F738 1000.100000000000000000,0.000000000000000000
T1524   0x1DAb67E24d70A65FE1Fa1889e2Fd39dFA2d10250 1000.100000000000000000,0.000000000000000000
T1525   0xCA70C148B99c8cACB0Ec03F60E9365991cA94113 1000.100000000000000000,0.000000000000000000
T1526   0x400a5837d059Fc02CEbBE860DE3743f9993Ee8A3 1000.100000000000000000,0.000000000000000000
T1527   0xc566B0Fd8AC1Ab0f78bdE920aB6F4d41b49B53A6 1000.100000000000000000,0.000000000000000000
T1528   0xb4C4BB09E05c812655202A9F4BCD542f483aa5Ae 1000.100000000000000000,0.000000000000000000
T1529   0xBa465B6A5b1010C99Bd606f346781AF646E2aA9c 1000.100000000000000000,0.000000000000000000
T1530   0x9C68F598a71Aa70538919cC215f719DEb3Db70d5 1000.100000000000000000,0.000000000000000000
T1531   0x38726109cA2E677820aD0D4702f1fF38D68ecD13 1000.100000000000000000,0.000000000000000000
T1532   0x30403f551F14f27DED065B0b931154b77AdD531B 1000.100000000000000000,0.000000000000000000
T1533   0xbd9d69f002b9209bfA753f87488952E0D45F9663 1000.100000000000000000,0.000000000000000000
T1534   0x2B5446F8831B7415573657ECfb10F3C9d2dD3c85 1000.100000000000000000,0.000000000000000000
T1535   0x7A9b393497473d9e7fe941aB9c80f84d1EcCC710 1000.100000000000000000,0.000000000000000000
T1536   0xBf76eb801B938431e298CbF49021367Ca1d90242 1000.100000000000000000,0.000000000000000000
T1537   0xca0cC81Da60A10c689412F4B902481d1219c586B 1000.100000000000000000,0.000000000000000000
T1538   0xD3B2F163247b9428ca24e1865b8F508816E849fC 1000.100000000000000000,0.000000000000000000
T1539   0xAC2a11d86ca76d0D949eAfE2DeFaD9458b6B33Ee 1000.100000000000000000,0.000000000000000000
T1540   0xe373e54f342db48d47220BC599b6a4A715148FE6 1000.100000000000000000,0.000000000000000000
T1541   0x8282CB7EAA3B813947c19065B8e98386E5E18BE2 1000.100000000000000000,0.000000000000000000
T1542   0x4BcB2fB12894079aDf9F413474E795e5bd2fDc0C 1000.100000000000000000,0.000000000000000000
T1543   0xEa5b7c151538905a21e8ed60672D1BAcc9a8C3Ab 1000.100000000000000000,0.000000000000000000
T1544   0x7316a08D4d7B5f76f65b10C22A4B2a2cbc0bAf39 1000.100000000000000000,0.000000000000000000
T1545   0x4345e90E881AD81C2F8357CCc3644434768fFf9a 1000.100000000000000000,0.000000000000000000
T1546   0x128EB855c0A4146eE3f1a236EB29D8444f4c1c44 1000.100000000000000000,0.000000000000000000
T1547   0x37C2bDaE8D68935838D76febeF757F248CFb9e6d 1000.100000000000000000,0.000000000000000000
T1548   0xAed22acaABbfCFf05656c70930aAF85F99a0c6a6 1000.100000000000000000,0.000000000000000000
T1549   0xd3A944c8A110cc4c0F3F352cB646fE560f6C231b 1000.100000000000000000,0.000000000000000000
T1550   0xC3e667Fb0AB12264050C24370364E7b01668e6Ff 1000.100000000000000000,0.000000000000000000
T1551   0x3aE0926F1925d752Bb7200dD0388FAB82592cd1f 1000.100000000000000000,0.000000000000000000
T1552   0xab3b7183f5f7074e6D452eC54C4C64B7AE743835 1000.100000000000000000,0.000000000000000000
T1553   0xAe20730354E8332B526a7Ff96092A26b533c1552 1000.100000000000000000,0.000000000000000000
T1554   0x18a13957AEaD8cd3A58d7C771A5436137F5bC0B9 1000.100000000000000000,0.000000000000000000
T1555   0x78256fC392A0fDa89A017E37dA7Fa7F11ABd04EE 1000.100000000000000000,0.000000000000000000
T1556   0x16B187db55fb2dff93B6E898E9beefaEde333bd9 1000.100000000000000000,0.000000000000000000
T1557   0x0c454aF4181294a661c7ea77283dA2850658Bd83 1000.100000000000000000,0.000000000000000000
T1558   0x41c939DD01c186718129D569822Bd1b25865d2e2 1000.100000000000000000,0.000000000000000000
T1559   0xc9eE9697d667D7306CABB4848545a364acB78C7b 1000.100000000000000000,0.000000000000000000
T1560   0xDfEcbb6b366C1Af328695eF6f6653382BA810170 1000.100000000000000000,0.000000000000000000
T1561   0x298C33F07a84510e542a4F8a9Fbe1698A28DE0b6 1000.100000000000000000,0.000000000000000000
T1562   0x39798c2e30e7b6e259306c6108352bcD524497F4 1000.100000000000000000,0.000000000000000000
T1563   0x532dca3Ae4fB9D486A5EC94a5A129FD05f51354a 1000.100000000000000000,0.000000000000000000
T1564   0x9A01dA40402fb81de39546AdA3730Ba66059379F 1000.100000000000000000,0.000000000000000000
T1565   0x43C05fbD8FcB98Ba66B3a4Fa21aC0981f5775aB5 1000.100000000000000000,0.000000000000000000
T1566   0x404F0C0F9f99E7BC8d10338B3df17547c7E6fCdB 1000.100000000000000000,0.000000000000000000
T1567   0x506D9961AAc44a3B12df1504807501927De93Ef1 1000.100000000000000000,0.000000000000000000
T1568   0x7c103D41ad7d7d577f2740B76C29220dC45AB8FD 1000.100000000000000000,0.000000000000000000
T1569   0x61e3a86444158832E66dacb058A114BB9742765a 1000.100000000000000000,0.000000000000000000
T1570   0xD278a01592F3375768C6A6F8d49cb19B6eA5dfe1 1000.100000000000000000,0.000000000000000000
T1571   0x3B202B8544240E642a56974a7811a96b82D7b2FB 1000.100000000000000000,0.000000000000000000
T1572   0x2961a26c72E22eCeccb2A3c67f4eBF31f4E9bCD7 1000.100000000000000000,0.000000000000000000
T1573   0x2691627bBabdE507BE61660Fe77321004b255218 1000.100000000000000000,0.000000000000000000
T1574   0x031AF312CA310ECFeA7b812a43453490A9C47a9f 1000.100000000000000000,0.000000000000000000
T1575   0xEda1b59f9FF1E1814DDC7d63E0dc0b7cd43C1c83 1000.100000000000000000,0.000000000000000000
T1576   0x716773B94428dF06BADDebeE0F166540Dd21b0f5 1000.100000000000000000,0.000000000000000000
T1577   0xc94F6DC45db29a7323D20dcCa3F8Eb0A1432c7F8 1000.100000000000000000,0.000000000000000000
T1578   0x239d07269cF9BD227cBFEE6ED5Daf05aE1667211 1000.100000000000000000,0.000000000000000000
T1579   0xd91286127a4372a4A029B808fBa29dDA3CEb7f91 1000.100000000000000000,0.000000000000000000
T1580   0xC627F3d19481456929339da7225a5898686CC946 1000.100000000000000000,0.000000000000000000
T1581   0x6c4C1139cc6Eed26D3E1Ab9f081459DeE54e8feb 1000.100000000000000000,0.000000000000000000
T1582   0x792Fd6bc6eCF52cfF339DB99AB9c77B2c3dA7142 1000.100000000000000000,0.000000000000000000
T1583   0x20f537cEeFe2943d5914e979826eA6540C63a570 1000.100000000000000000,0.000000000000000000
T1584   0x6a88a0874F914B54057fcE82dbf1eDF3a910DA88 1000.100000000000000000,0.000000000000000000
T1585   0xB6953B631C1eda1b97A055ec71270d19a975B39f 1000.100000000000000000,0.000000000000000000
T1586   0xf3E8984c85C296A25195dcEA37359114Dc81FEE3 1000.100000000000000000,0.000000000000000000
T1587   0x5DF9b09f65B4acC08cEBC5065e19E00D3490857b 1000.100000000000000000,0.000000000000000000
T1588   0x17aF0373416E84fe5Ff4626AD152A4C86770d841 1000.100000000000000000,0.000000000000000000
T1589   0xd69BEC015AF9B085e4509d85436449C2e538b34C 1000.100000000000000000,0.000000000000000000
T1590   0xE7eD5b02cb0571AE39164778a4B6A28290E15DA9 1000.100000000000000000,0.000000000000000000
T1591   0xD9c9396C4327148A695153CB8353A70DDd56b665 1000.100000000000000000,0.000000000000000000
T1592   0x6A83bF34F545BdFf42Fe0F6D3160382B87C2c326 1000.100000000000000000,0.000000000000000000
T1593   0x3e3BDdfc9E8a42fEc05028ac8a367567Df2bFA98 1000.100000000000000000,0.000000000000000000
T1594   0x0Bf7517b738bfa7174082A40FA5198633a23502b 1000.100000000000000000,0.000000000000000000
T1595   0xC766eE8679eaad99d0DEeE036C991d8c051a4A91 1000.100000000000000000,0.000000000000000000
T1596   0x282CefC93E0E93b484c289813a9D84530b6e3bC0 1000.100000000000000000,0.000000000000000000
T1597   0x8D0fBE7c76c91DCA4b64410Ae4b9cf527Cc8F4Af 1000.100000000000000000,0.000000000000000000
T1598   0xe119BDab69B79D400A0A95fA8cDFd237Ba29fC87 1000.100000000000000000,0.000000000000000000
T1599   0xd7fFB4222dfe496D3a07C95F37732C109f17AaF2 1000.100000000000000000,0.000000000000000000
T1600   0xE12ff9D5ce3C883b02AC01306d605f2E97A17fB7 1000.100000000000000000,0.000000000000000000
T1601   0x1511f1847da270AbD90eE5809277d12259e1e192 1000.100000000000000000,0.000000000000000000
T1602   0x07d9FDa8DE819F44c0f566B030Fad992B399247c 1000.100000000000000000,0.000000000000000000
T1603   0xEE9Fd63905C973F5d043310411bE497b39C27733 1000.100000000000000000,0.000000000000000000
T1604   0x60024E945cDB45f944DbfD3bafB51cEa6c97a4C5 1000.100000000000000000,0.000000000000000000
T1605   0xA1E5c2Ebdd1eD3E232832A9c8A41eFd2104f7f2A 1000.100000000000000000,0.000000000000000000
T1606   0xE7DE9e05878f75364d719660b7231006CCfE7058 1000.100000000000000000,0.000000000000000000
T1607   0x53BADe22e361B4a21A67E1452Ed8636Db24DD195 1000.100000000000000000,0.000000000000000000
T1608   0xD445Af3D7DDb1a7Da82844895A5b34c90257B81d 1000.100000000000000000,0.000000000000000000
T1609   0xF0BeA4c9B023FceE9f5f72ACEdcF866013a847dD 1000.100000000000000000,0.000000000000000000
T1610   0x6656b09b226706F72391C78fB7e511B4F7DC7b01 1000.100000000000000000,0.000000000000000000
T1611   0x92841701139ad528eCC300E8b9455B1383b2E225 1000.100000000000000000,0.000000000000000000
T1612   0x52570eA5110467296639f5e544e83343cf1C9c7c 1000.100000000000000000,0.000000000000000000
T1613   0x3906A31963B430AD4E6292328edEaa86838b53de 1000.100000000000000000,0.000000000000000000
T1614   0xb66375A056F5721214C6D4339f3899d819a4aF5a 1000.100000000000000000,0.000000000000000000
T1615   0xaB00013e15fa7Ba0DBDE07D76CB6f78FBc7CecC0 1000.100000000000000000,0.000000000000000000
T1616   0x611a5b91d7f7Ee8067521eEe653e7F8614146378 1000.100000000000000000,0.000000000000000000
T1617   0xcC65fd27AdA58E556017600E7FDb9D3F05ac1A42 1000.100000000000000000,0.000000000000000000
T1618   0x2F65ee520B273B53D5A4c36dA95243D65Ed17835 1000.100000000000000000,0.000000000000000000
T1619   0x27D0984e37b5E8e9A7272797012fa6d47e46AEd0 1000.100000000000000000,0.000000000000000000
T1620   0xAE9dEf4e146945d04fb30AD0641d45b53Af82B47 1000.100000000000000000,0.000000000000000000
T1621   0xCb66255dBFc2460462E8fd722A94D8a2Fda8d5dd 1000.100000000000000000,0.000000000000000000
T1622   0xA9b0694cB30C3ef82Ce4d7ddA8E906D3A3fA5303 1000.100000000000000000,0.000000000000000000
T1623   0x851215dEe98474B2df86F513c8b8ecd82eF76787 1000.100000000000000000,0.000000000000000000
T1624   0x53af17C1C54efEE6ADfABFe80741F2f2c58dBc06 1000.100000000000000000,0.000000000000000000
T1625   0x73e4c1305b83d517942c0084E2A5C1555142f775 1000.100000000000000000,0.000000000000000000
T1626   0xE4Efe2B72806CFd1eaE9E5Fcf3DF73f5Fcc59e4b 1000.100000000000000000,0.000000000000000000
T1627   0xBE859cc3BE57A4f0e931fdb93587cbaBAA9509b0 1000.100000000000000000,0.000000000000000000
T1628   0xACcabd14a6fBFd9d2B6d6c6562BA2c305305e796 1000.100000000000000000,0.000000000000000000
T1629   0xEA30af8DBe141104A9cbD2ADf21852dE007B949B 1000.100000000000000000,0.000000000000000000
T1630   0x6AA527bA73c455E3Da51040C39C4D9Cd58Baf1B8 1000.100000000000000000,0.000000000000000000
T1631   0x47B395A646119147DA383Df1bDf3920f640d94A0 1000.100000000000000000,0.000000000000000000
T1632   0x5706e57a36b3Bd3fcdD5a82D3e87301933f3b543 1000.100000000000000000,0.000000000000000000
T1633   0x439182E3E7BE8F2999E7c5AcADc200bE65899Fdf 1000.100000000000000000,0.000000000000000000
T1634   0x18878d42f7A639244f70D64a467027313d997EE2 1000.100000000000000000,0.000000000000000000
T1635   0x94b2d91ab1bc52E0D122312Fb88656b10C19E20c 1000.100000000000000000,0.000000000000000000
T1636   0x37Bf162039e19F45A74F975B9BA91cB1c60eEcce 1000.100000000000000000,0.000000000000000000
T1637   0xD58C52369F3085D9E5Bb03ccf8fB1B67Fb5a38F8 1000.100000000000000000,0.000000000000000000
T1638   0xF41744cAac7cC0fa4955c73Fb074993A2957971a 1000.100000000000000000,0.000000000000000000
T1639   0x74fD71530a3CaAdc805507F1D159e8b65C3a9d11 1000.100000000000000000,0.000000000000000000
T1640   0xd198a2aF5e786B383428Fdd1452f3040EDdf02fA 1000.100000000000000000,0.000000000000000000
T1641   0x5E12128697f7a30c7FD3898773953220c75115B2 1000.100000000000000000,0.000000000000000000
T1642   0x699a3047df510a56Aa4e090058848715029200c9 1000.100000000000000000,0.000000000000000000
T1643   0x6Eb3871d596C99C0eF01D47AB4fECD23D882b826 1000.100000000000000000,0.000000000000000000
T1644   0xA72F917314b2F3cC1889527D0057e7dC53e3D4e4 1000.100000000000000000,0.000000000000000000
T1645   0xDd5f2237c7703Cb3eaf54B3470d4E6D20766B1C4 1000.100000000000000000,0.000000000000000000
T1646   0x7dECEdDcC81b81c79d94174A04160E654981679E 1000.100000000000000000,0.000000000000000000
T1647   0x0E8bc7bBb9Fca20781AA82D79D6dc2e5F41A5002 1000.100000000000000000,0.000000000000000000
T1648   0xaBE6d9D81F164abd9aF9D17771c65012bA54D534 1000.100000000000000000,0.000000000000000000
T1649   0x9117ec173fd571E972F4a2948fFEb85FCDAFd456 1000.100000000000000000,0.000000000000000000
T1650   0xabadD7eE72F3Ec4Ae1E13790fCd24bFf67457f13 1000.100000000000000000,0.000000000000000000
T1651   0x16aC0aDf23A5214fE01c013b666D2ed54007D6D6 1000.100000000000000000,0.000000000000000000
T1652   0x2C0e4f4CD2E704DA7168c1D798152a91b2762A50 1000.100000000000000000,0.000000000000000000
T1653   0xF7A8B573f63155cB8b49Ee913f050B7339A06299 1000.100000000000000000,0.000000000000000000
T1654   0x08e82feE539d188473E0B8F682869039D23f6dCC 1000.100000000000000000,0.000000000000000000
T1655   0x7055a9C73bAA33758F3f2817A6BC39Ae1D3f4cDb 1000.100000000000000000,0.000000000000000000
T1656   0x028220bAc45Bf74E8B1828841e745d032D712C78 1000.100000000000000000,0.000000000000000000
T1657   0x05956c6D45d83A9E56482a13eD4529ebAc13a9Ec 1000.100000000000000000,0.000000000000000000
T1658   0x9deC5F7B8bcFE85616FBfC14Ce4bF8BC66842C6A 1000.100000000000000000,0.000000000000000000
T1659   0xeB04140C60249C696a10e0e9CdfB25f10Eea06dC 1000.100000000000000000,0.000000000000000000
T1660   0x4eFC796F3CB6Bb7f2769C4F0D8BDC5dd2882f96F 1000.100000000000000000,0.000000000000000000
T1661   0xc0BF3A3AF0E5FFe3f4b659ad98F8F44575bd1538 1000.100000000000000000,0.000000000000000000
T1662   0x3fEC158fc53f47267f7e6ed72726212417CAd726 1000.100000000000000000,0.000000000000000000
T1663   0xb19720D946Cb56311B65e406a7571af52dC062E7 1000.100000000000000000,0.000000000000000000
T1664   0x6b7eE1A68594fE2773bfa333E9871473acec4031 1000.100000000000000000,0.000000000000000000
T1665   0x94870A0DF4E61094027a4A2E581b9050C584a835 1000.100000000000000000,0.000000000000000000
T1666   0x961881913d6C85f704EB21805287fB103E73e4d8 1000.100000000000000000,0.000000000000000000
T1667   0x1332CC9E95E9478d0F45158b95B720D4B1846623 1000.100000000000000000,0.000000000000000000
T1668   0xF6A5348F40BF1dDA7da942050b72440CF85772ad 1000.100000000000000000,0.000000000000000000
T1669   0xfA4B6A9EF2C78898eD4FEcECb9CEdcCc23D42006 1000.100000000000000000,0.000000000000000000
T1670   0x6c84b0a9CBfF8c3d4eB5bf47cE5664E147D9eCEe 1000.100000000000000000,0.000000000000000000
T1671   0xaF9fb103dFB23F34336Ed744D67A5588617DB1cb 1000.100000000000000000,0.000000000000000000
T1672   0xD0E3CaB1EFDEA7C1957fe9213F2e6fcA1DF75f8c 1000.100000000000000000,0.000000000000000000
T1673   0xd2eB8Fe0a2132d792a7C5A0fE6Ff9D63bAEdc582 1000.100000000000000000,0.000000000000000000
T1674   0xE3e861e2014b6D71f58940c74B5D386fAb7137C7 1000.100000000000000000,0.000000000000000000
T1675   0xE463F9076beEEa21eA1Cb100AC0175a655Ab1A10 1000.100000000000000000,0.000000000000000000
T1676   0x50cD1b1D23A86a0c75f605a2b567A250C4CAc9e8 1000.100000000000000000,0.000000000000000000
T1677   0xc8899C7c92A2Cca52bd4d61C912FFDFCc6a691e9 1000.100000000000000000,0.000000000000000000
T1678   0x0F41d16763C482d4439EB4012dF64E985AD6f392 1000.100000000000000000,0.000000000000000000
T1679   0x24954Cbc3fC5dc8e6695189d28E5B0a34351E773 1000.100000000000000000,0.000000000000000000
T1680   0xDE031006eB889Be38D133E45f72CFF60e1D44127 1000.100000000000000000,0.000000000000000000
T1681   0xD26D4a1E847295Ad47AC70f15C475dCfce7cc281 1000.100000000000000000,0.000000000000000000
T1682   0xCD3F3a6D9a69fC0EA2F77B863AfaA14FD6DEc35c 1000.100000000000000000,0.000000000000000000
T1683   0x486c776C9680bEcF027F7b34A9631eAc411C2533 1000.100000000000000000,0.000000000000000000
T1684   0x0A512f159Fd780d885f712169E0C18AcC3D0B84C 1000.100000000000000000,0.000000000000000000
T1685   0xf170B9B3111Ec485B309978A750e5f40908e3f93 1000.100000000000000000,0.000000000000000000
T1686   0xadcB2C360e5FFeCC760F8ebdD1cD88E6DE395e05 1000.100000000000000000,0.000000000000000000
T1687   0xcD7942693340Fc13A0b6Cc4D14f42B666Fc8dF7D 1000.100000000000000000,0.000000000000000000
T1688   0x2980c1c44a55466628797ef329d5f9879d4e5DE4 1000.100000000000000000,0.000000000000000000
T1689   0x2C1e594b5179f4ebA26861Aa53e8e1B4F873d45A 1000.100000000000000000,0.000000000000000000
T1690   0xBBCceE6dED3c51238ffe8C12e888F84B96dC324D 1000.100000000000000000,0.000000000000000000
T1691   0x144Caa5EdE04E268b23c6Aab5fE0C3B63c46003C 1000.100000000000000000,0.000000000000000000
T1692   0x6ea0649f0B9b86Df1E7541077689be09B57286e0 1000.100000000000000000,0.000000000000000000
T1693   0x26c84BD0071Da3528db14A90094A0b01c07E42ba 1000.100000000000000000,0.000000000000000000
T1694   0x54C021ae0f5ED1D42b2d48815Bb161879E038090 1000.100000000000000000,0.000000000000000000
T1695   0xAf412B3297c6C229d926a12043f65d030CE0847F 1000.100000000000000000,0.000000000000000000
T1696   0x128f28a1d1Af5010B32e0161583bDbA8d8F1d753 1000.100000000000000000,0.000000000000000000
T1697   0x89cc35EB444f9bc5A1081fE8653784D650dBc03b 1000.100000000000000000,0.000000000000000000
T1698   0x776559d8D84D9049085fBcfa4c1D09eC16c8C009 1000.100000000000000000,0.000000000000000000
T1699   0x8cE75d9dA6F34e26c8f169E31a2E0Cb884e95368 1000.100000000000000000,0.000000000000000000
T1700   0xD3130ED98675Fba49173B56aea7Cf41b336b13E3 1000.100000000000000000,0.000000000000000000
T1701   0xbA31F48Ca0b44d96F0a9853a33588901f71E7b79 1000.100000000000000000,0.000000000000000000
T1702   0x7b7BEedE994797aB1c7C99654a8F48Ae9B82ed1D 1000.100000000000000000,0.000000000000000000
T1703   0x44d1E3f01623c529EE1fa7aAC2711c1627c6e906 1000.100000000000000000,0.000000000000000000
T1704   0x47b32BF929bEe799eE6ceACd5C90C1793130E352 1000.100000000000000000,0.000000000000000000
T1705   0x83885C388C2E15D4F1E7999671a12D37DBa6995b 1000.100000000000000000,0.000000000000000000
T1706   0x35756Ab6dC8b47Fb48af755871F751A4F3297941 1000.100000000000000000,0.000000000000000000
T1707   0xEd9490B5021d777230Fe90e3048A38845430d76b 1000.100000000000000000,0.000000000000000000
T1708   0xC24a61b4D9922B3a0f3e97D5D2d79b930F1c6804 1000.100000000000000000,0.000000000000000000
T1709   0xE656C30099D3D9f0A3837DF577D7Af2d57D4806e 1000.100000000000000000,0.000000000000000000
T1710   0xa54694C839194af4DDa10314Ea70bCf8C2bC9c27 1000.100000000000000000,0.000000000000000000
T1711   0x8879a832cd2b9E68bF237e18BFFc5c850ed4c00A 1000.100000000000000000,0.000000000000000000
T1712   0xED6bb7fc39BE3825cc1f93129c2370799ceF6814 1000.100000000000000000,0.000000000000000000
T1713   0x7Ee5f8618b4871BeC50695a7f8DAF482faAcB72D 1000.100000000000000000,0.000000000000000000
T1714   0x3715f56B6D046eD58D80D0c98065d56C7c9f0159 1000.100000000000000000,0.000000000000000000
T1715   0xF03b033eC0498F18D7Af7B98E2484EAE7c478223 1000.100000000000000000,0.000000000000000000
T1716   0x930178CE6e93BC741Bb4D8AD5D1f0417c27C9795 1000.100000000000000000,0.000000000000000000
T1717   0x66CA42b961C6FA2AF824A275a3eDc1085A7D89a5 1000.100000000000000000,0.000000000000000000
T1718   0x7e2bAFf473A7856E2A5D0Dbd0dE786Fa9A5535Dc 1000.100000000000000000,0.000000000000000000
T1719   0xB1DbCFa88D2Dd5EC1D3a0f079f2f721B00B8450a 1000.100000000000000000,0.000000000000000000
T1720   0x8fA1aCB6B5Ee8E5C7b1b498Ab343bDE5C653bE50 1000.100000000000000000,0.000000000000000000
T1721   0x003EB7CBde24F893741FF4Ea84b741e13D57bEcd 1000.100000000000000000,0.000000000000000000
T1722   0x4596f3E5cC9AeD8C59685A95578357FC3e5DC71f 1000.100000000000000000,0.000000000000000000
T1723   0xc5539DCb90cBF213A2dcd546FEC588190acfC293 1000.100000000000000000,0.000000000000000000
T1724   0xbd0a699597800fdfCbcA326aA732fDF6f5AC8E8D 1000.100000000000000000,0.000000000000000000
T1725   0xB1f0275387E3925eAd7c88200891D6eF8F56D0Fa 1000.100000000000000000,0.000000000000000000
T1726   0x2ca857B2FeCEC27Ade862Ac617601eD74C164248 1000.100000000000000000,0.000000000000000000
T1727   0x70689ee480dCA980993f55ebfDB9d131670Fa533 1000.100000000000000000,0.000000000000000000
T1728   0xC83c34780F3f9E48557633304a6d44972685d241 1000.100000000000000000,0.000000000000000000
T1729   0x5eE1EA5AEE530d3c92F395CD210CEA6cD87a0722 1000.100000000000000000,0.000000000000000000
T1730   0x34D5483519634132326f62eF2778358a1b15B5f9 1000.100000000000000000,0.000000000000000000
T1731   0xcc91997d85bA265d9F85A854035Fd2502F242B5e 1000.100000000000000000,0.000000000000000000
T1732   0x17E04C1Af474B397EeDCE1E84540D10F3e4c648c 1000.100000000000000000,0.000000000000000000
T1733   0x598c60df87f94AD6f09fB0d605b0F6Bb14a49D07 1000.100000000000000000,0.000000000000000000
T1734   0x4335ba25cA7e94993De81938c6a92Bc7Fb5Dba96 1000.100000000000000000,0.000000000000000000
T1735   0xb68EA39964a2c3aFf5A96BdD9C963672DF25f1Eb 1000.100000000000000000,0.000000000000000000
T1736   0x9231cF077eEdFF787B33e5d7D450Ac15040dc341 1000.100000000000000000,0.000000000000000000
T1737   0x44C981790c3E1211302c6bb8F24B42A7C72b836f 1000.100000000000000000,0.000000000000000000
T1738   0xEE0779c93C0A2aC0D6c4870eD597F97C8deB0c6F 1000.100000000000000000,0.000000000000000000
T1739   0xA3a5b41b41667F1960Da3b55e2EC222435c88302 1000.100000000000000000,0.000000000000000000
T1740   0xc974E9A5ed129f42443430DEAe9E498A97F18207 1000.100000000000000000,0.000000000000000000
T1741   0x72301a56CB76C2490583c39436392EDb3CDF5dBc 1000.100000000000000000,0.000000000000000000
T1742   0x28031966863DBd305F5338C309234F9E4c70F74B 1000.100000000000000000,0.000000000000000000
T1743   0xAf8c81Ecaa99BA08a98D33B75956144766ca6F98 1000.100000000000000000,0.000000000000000000
T1744   0x5C7a2bd8BDA7b239CC1d603ce62174D173937156 1000.100000000000000000,0.000000000000000000
T1745   0xcDA796E0B05520e5E57C25505DA3AB05D4995644 1000.100000000000000000,0.000000000000000000
T1746   0xC86506fed2E600c2b8979e4CD388aFCA0c6d3326 1000.100000000000000000,0.000000000000000000
T1747   0xA1603B4BE4C72652eFb9CAaa6DB02C1146fa39B2 1000.100000000000000000,0.000000000000000000
T1748   0xAbbeF6c069cc4D1AC4Bd9d1B88C68e8584b7BCf5 1000.100000000000000000,0.000000000000000000
T1749   0xc8f349c204f38fa348051AE0C2017Caa9fC2053d 1000.100000000000000000,0.000000000000000000
T1750   0x4d6615D19176e77FEFf2964fACE1897Aa6a45086 1000.100000000000000000,0.000000000000000000
T1751   0x7b364C5531845492fCe5029d19baf9aF492A6Ad0 1000.100000000000000000,0.000000000000000000
T1752   0x3b143b55C98D6E0923bd296b078D575A27076aEd 1000.100000000000000000,0.000000000000000000
T1753   0x5654b5911E673193d48758bF4d930ea276036ed0 1000.100000000000000000,0.000000000000000000
T1754   0xF780F864Ba9bf4e7Fc0B08Bf2404862Ac6f90Bd6 1000.100000000000000000,0.000000000000000000
T1755   0xe17B6976a04E78553c7E7Cf8CB06Dfc0fDB5c146 1000.100000000000000000,0.000000000000000000
T1756   0xCD93aBb0dcea18D76099637ce050611318577203 1000.100000000000000000,0.000000000000000000
T1757   0xD7669FDfD7D10368F209E2103a3E170c9cF1122f 1000.100000000000000000,0.000000000000000000
T1758   0xf34C7Fc66B1f54a82fB08F34222Ef417A7011b2e 1000.100000000000000000,0.000000000000000000
T1759   0x2bbEc643Fa0E6794BD54F1Fb9688B5901984e7ba 1000.100000000000000000,0.000000000000000000
T1760   0x8A7Bf8422fE52D684D740978E7b49b416a47EC8D 1000.100000000000000000,0.000000000000000000
T1761   0xe33e3a9bF8a0ccf9bbd23F24344D9DfCDBcfe03e 1000.100000000000000000,0.000000000000000000
T1762   0x3a79640D20E696bb5BAaD658B2aa3d0Ed916798c 1000.100000000000000000,0.000000000000000000
T1763   0x021DE1b24757d0f3c8D24F6917960223e61857fD 1000.100000000000000000,0.000000000000000000
T1764   0x16252E14D20E8B476fD12b40766b840e83E90bad 1000.100000000000000000,0.000000000000000000
T1765   0xF3c64349c87cEA97b712061aaD4c078D7F0adB04 1000.100000000000000000,0.000000000000000000
T1766   0xEEdA9Fb1a3AC56a219E6d26380d1EC62E90F1636 1000.100000000000000000,0.000000000000000000
T1767   0xA5F46272196C72234357C67455a28781EA27B00F 1000.100000000000000000,0.000000000000000000
T1768   0x8EF165d2984258EF799a4705Fbc0A59E6b0e0234 1000.100000000000000000,0.000000000000000000
T1769   0x9e441f01D156F9aCd6c2fF2c7bf7664fD531787d 1000.100000000000000000,0.000000000000000000
T1770   0xcB5eed4eA37a205F140F46bD2fbe0742610DF3B6 1000.100000000000000000,0.000000000000000000
T1771   0x1B671544ff828fb6E97346F37732F242c759Fe8d 1000.100000000000000000,0.000000000000000000
T1772   0x249b20e1876dFcc73900623cdF62751536Fe0924 1000.100000000000000000,0.000000000000000000
T1773   0x2d2aa96C3F5Ae9d96246722Df8051eCf03B61c18 1000.100000000000000000,0.000000000000000000
T1774   0x23F5BF9555a926B399C98a4f53f5C4087F0998D6 1000.100000000000000000,0.000000000000000000
T1775   0x7630492dd8B4E3163d4aCF8fa76A89ec1F0D3950 1000.100000000000000000,0.000000000000000000
T1776   0x19a6d2d0f3b862f41394CEc4a7A072E6107EF5a2 1000.100000000000000000,0.000000000000000000
T1777   0x26c62C62206a663449d5a16dB0494217430F9D03 1000.100000000000000000,0.000000000000000000
T1778   0x22cB0e1d68Cb373D10be562A01840993afd815d0 1000.100000000000000000,0.000000000000000000
T1779   0x8015fbA0091CF9f4a2Ac01c424Bb6994007F13Eb 1000.100000000000000000,0.000000000000000000
T1780   0xb2aA0645C379858a837D5cb2378772c39e207469 1000.100000000000000000,0.000000000000000000
T1781   0x90dF6458d5EEB47aeCc77ecD90d5Bd61C8D2706F 1000.100000000000000000,0.000000000000000000
T1782   0xfe5C2b0b5eD2a9f8D20F156fA01AAC22495EcD00 1000.100000000000000000,0.000000000000000000
T1783   0x4E73BD7E385953bb2BD97f0aC8367269135f13Cf 1000.100000000000000000,0.000000000000000000
T1784   0xBF20DDC1bb2BFF9218bF0E8D6136fA3aBe575A6f 1000.100000000000000000,0.000000000000000000
T1785   0x677e621c43FA6fCE811A853d84F759204729BB1f 1000.100000000000000000,0.000000000000000000
T1786   0x43422fc9F3fa79DA3889899150C8710Ee1d8aF37 1000.100000000000000000,0.000000000000000000
T1787   0x7b49b26bf1d33b5052FAc8A5E14B773b1EDc696B 1000.100000000000000000,0.000000000000000000
T1788   0xDf7D91Fd66e684EfEbea9a68046320824567fDC7 1000.100000000000000000,0.000000000000000000
T1789   0xa544C33009B72A764e699Bf5f72a52741AB3dC63 1000.100000000000000000,0.000000000000000000
T1790   0xDe0bA02D6767333E89EE999108E1bd9198232919 1000.100000000000000000,0.000000000000000000
T1791   0x2440a43942688675c9dB9448637bb4102B359137 1000.100000000000000000,0.000000000000000000
T1792   0x0727DF5C8B862C62a973FD17C310F3C0bd69F5d3 1000.100000000000000000,0.000000000000000000
T1793   0x2D56B20F62359c148523C177b8f22E16BFF20367 1000.100000000000000000,0.000000000000000000
T1794   0xd187640D8A62E8e23127da3BD1aD40A2bb22D143 1000.100000000000000000,0.000000000000000000
T1795   0x2E8e3d931f8C1DE1b4240CA2d5A525c4C89310d6 1000.100000000000000000,0.000000000000000000
T1796   0xa28b88bdA1Aa8934Fd12A635252c8c0CD52f8c2E 1000.100000000000000000,0.000000000000000000
T1797   0x97145839Fb8F936aB084f919B119F658634c0202 1000.100000000000000000,0.000000000000000000
T1798   0xDB5759E8A76653406F00929A57F9B6cf768577B4 1000.100000000000000000,0.000000000000000000
T1799   0xaA140ed87F174a3B0f907642d17894EF17b57135 1000.100000000000000000,0.000000000000000000
T1800   0xBc47a1078472D27Bf800966Ce77797199202a562 1000.100000000000000000,0.000000000000000000
T1801   0xB0279b6f593B98A4ab224348547bB6E74F363cff 1000.100000000000000000,0.000000000000000000
T1802   0xbB66F9aFA12cb9c6E905fbB72156A69E89cD4FBb 1000.100000000000000000,0.000000000000000000
T1803   0x9e63415b47CC23735825c301395Ffe0A0f902f46 1000.100000000000000000,0.000000000000000000
T1804   0xc2e14a48a3b87e79b90Be851a1eAeE4C163Ff8D2 1000.100000000000000000,0.000000000000000000
T1805   0x1210eF7d022BdaFC150be8567e0aAad2D0fEb72c 1000.100000000000000000,0.000000000000000000
T1806   0xD7E0439e0909EE197473d0318D1A7d3D71497403 1000.100000000000000000,0.000000000000000000
T1807   0x38fc914A6474004B59a883D961520C4Cc8c5903f 1000.100000000000000000,0.000000000000000000
T1808   0xE021bD4980f0f5564C09194afc0BD4dE0A3a756b 1000.100000000000000000,0.000000000000000000
T1809   0x4de2Ad04069c50DF5eB48F02A58e132476Ae1bef 1000.100000000000000000,0.000000000000000000
T1810   0x85E69242a3DC2Bba87C9E289CddE1b9c2c3fDeAa 1000.100000000000000000,0.000000000000000000
T1811   0x71172F19be9B28a7bef5a52BF3269c5004fb94ed 1000.100000000000000000,0.000000000000000000
T1812   0xD1999dD69F263Ac9F7c4A30628555b158f9346b4 1000.100000000000000000,0.000000000000000000
T1813   0xA177Ea7872f24057179B1f7566B1b07533a9A3C6 1000.100000000000000000,0.000000000000000000
T1814   0xB215D7695497591B7Bb7066dE0aE1A692124C00A 1000.100000000000000000,0.000000000000000000
T1815   0x9c11f858D6256c7816d33A265Ea3332e2EA0680a 1000.100000000000000000,0.000000000000000000
T1816   0xF60b563Bab30A619b5e9e3fE625eeA7Cc14fE9AB 1000.100000000000000000,0.000000000000000000
T1817   0x8F428FADDC5651AE98C488f5468a366447e16Fc6 1000.100000000000000000,0.000000000000000000
T1818   0x2a51a95793a74E852dc00305e0aa9A61e39A1B6F 1000.100000000000000000,0.000000000000000000
T1819   0x015b98f7F8B98aBf599269CFF3BCf0A2b152a084 1000.100000000000000000,0.000000000000000000
T1820   0x52b10140ab4Cb54a93aB9020C95991B8ec9a2Fe5 1000.100000000000000000,0.000000000000000000
T1821   0x2efd8624176928eA1F8695730ef209153e8534cD 1000.100000000000000000,0.000000000000000000
T1822   0x135C9a8Feb700Be11fb73D064361cc5ad8c87C75 1000.100000000000000000,0.000000000000000000
T1823   0x48378611AB6CE87B6B7a82369CfA1412abD8d265 1000.100000000000000000,0.000000000000000000
T1824   0x2c90066A09871B08f82367Ed2496d0dc36767105 1000.100000000000000000,0.000000000000000000
T1825   0x7A0C3F263D76A55325d49D88aE3A12418997f202 1000.100000000000000000,0.000000000000000000
T1826   0xeDDC6Ed665aDaBc0a5D5B31467894C16e4efbb89 1000.100000000000000000,0.000000000000000000
T1827   0x234FfC9923882ac0CfFb02a242E365847a944bC4 1000.100000000000000000,0.000000000000000000
T1828   0x0a55fE865fF5B6bBE062aFDc9E5FB95712836f68 1000.100000000000000000,0.000000000000000000
T1829   0x5dE84281632AD42dCeAD68B997d97B10A443A906 1000.100000000000000000,0.000000000000000000
T1830   0x9c64c5b7E428Cc04375c39353f79c3fBDE500dea 1000.100000000000000000,0.000000000000000000
T1831   0x7f8DdD6b62eD92c7E996593A6788911db9695D74 1000.100000000000000000,0.000000000000000000
T1832   0x18F3A3397D4652223547D47B67Ce732364f04265 1000.100000000000000000,0.000000000000000000
T1833   0xA03D710f49E6aB3358A2b5bD1896194718106F61 1000.100000000000000000,0.000000000000000000
T1834   0xfB00c4285c3D765ADb233Ec3d029171Cce5D49f4 1000.100000000000000000,0.000000000000000000
T1835   0x11b61Dc4b6FfFC6E5981fCb709927178D5e9f0c8 1000.100000000000000000,0.000000000000000000
T1836   0xF38A76642cDDECa1C68A2149c7bd591f4918eEe0 1000.100000000000000000,0.000000000000000000
T1837   0x0Cc3d38C071D83BEDf922D4d2181673a1CBc38A8 1000.100000000000000000,0.000000000000000000
T1838   0xCaB3B5E0d02ff6e76a2974Ab8a02Df74Ab9F18b3 1000.100000000000000000,0.000000000000000000
T1839   0x22fd703a4C0343523b46A421A8bfc68929642b75 1000.100000000000000000,0.000000000000000000
T1840   0x34A1Ec64A498D56221015C1Db0706a573347E23A 1000.100000000000000000,0.000000000000000000
T1841   0x4fF59B5da1B97Cc2EEdD97593B386F673af14698 1000.100000000000000000,0.000000000000000000
T1842   0xbA74e7f3EcA5c1D1C67b4f47DbF6aE2aB27330f3 1000.100000000000000000,0.000000000000000000
T1843   0x990550b90b15b68BE6979062269Df7299d1c12c4 1000.100000000000000000,0.000000000000000000
T1844   0xD21403080a20416970f76A3ab85Aa15FAbDCd0bD 1000.100000000000000000,0.000000000000000000
T1845   0xC9044C80a1c4a546b08ecaee967a443a9d3d0345 1000.100000000000000000,0.000000000000000000
T1846   0x51737126B35D6FE9ABda48a861c9f757b610C4aF 1000.100000000000000000,0.000000000000000000
T1847   0x79E082BeE51dF5208caea55a0dFF5c984f55b2dC 1000.100000000000000000,0.000000000000000000
T1848   0x5F17B7a5142a7835D4D2a4277C632767c0efc11a 1000.100000000000000000,0.000000000000000000
T1849   0xd3F608a47aB58DaF5636b04A459e259a87385970 1000.100000000000000000,0.000000000000000000
T1850   0x32a59964cF749B61B297B85E03bb1AAfA641f1c2 1000.100000000000000000,0.000000000000000000
T1851   0x516465b63824B86B345D09ff90BceAe2B8c324c2 1000.100000000000000000,0.000000000000000000
T1852   0xD21320e43122468acD54d4981634F56b999a8C79 1000.100000000000000000,0.000000000000000000
T1853   0x9e29fE1d31BC768285123EB58f0a0C7c5E7A324e 1000.100000000000000000,0.000000000000000000
T1854   0xE7a81B5bE0795D81D3a459bacdaE6B4Bf22ACD9b 1000.100000000000000000,0.000000000000000000
T1855   0xEB45AC3a54C8e5389E47614E2002DA663E980049 1000.100000000000000000,0.000000000000000000
T1856   0xD5286329Efa45214BD5F1A0D0fF7975d14bC43ef 1000.100000000000000000,0.000000000000000000
T1857   0x6432Bc72327cc32d5E1e901bC60a905Df2988E5D 1000.100000000000000000,0.000000000000000000
T1858   0xA9720dd3890Af009F25851D15538357E7d352140 1000.100000000000000000,0.000000000000000000
T1859   0xE5185293574d9dd5fe1eC9151E55a74A8ACc7795 1000.100000000000000000,0.000000000000000000
T1860   0x68A781a3753C91a6616e86DAfa1fB4F51C3F42aB 1000.100000000000000000,0.000000000000000000
T1861   0xf02767e44DABD483866386171665d5a5e4D95C99 1000.100000000000000000,0.000000000000000000
T1862   0xC88c94DB2857C29C89961DE8A7b7B14B88447F52 1000.100000000000000000,0.000000000000000000
T1863   0x898c15504168aa8271d6275bE501873D23F3Ea9E 1000.100000000000000000,0.000000000000000000
T1864   0x20A92aF3B7E180d8c230a34bb2fFa54585fb9123 1000.100000000000000000,0.000000000000000000
T1865   0x426AE905A3FEd4b0621B9fd01F4ec06B5c8DD186 1000.100000000000000000,0.000000000000000000
T1866   0x6dE356eFaA40feA13b0C56BE6711F1FdbB623150 1000.100000000000000000,0.000000000000000000
T1867   0xB74c40bfeD928E87Dc8Cb8077ce12967b7fdFA4F 1000.100000000000000000,0.000000000000000000
T1868   0x43B5D32030028964DD926D7aD8F848B7BF0EA4f8 1000.100000000000000000,0.000000000000000000
T1869   0x34d83Cc47eF628C89C5d9Fb9bfcA8DDCd7aEFD08 1000.100000000000000000,0.000000000000000000
T1870   0x98D8892A6300E5C789B8BFc50174A91acE454F26 1000.100000000000000000,0.000000000000000000
T1871   0xc76d88cF7aCeAC39f08d5a64044F90F0d20dc0eE 1000.100000000000000000,0.000000000000000000
T1872   0x0325471a1Df22b06e6956e7e65b6B417b36587Ad 1000.100000000000000000,0.000000000000000000
T1873   0x4A8473942506E6234Fc5689F7E362a83B9c19318 1000.100000000000000000,0.000000000000000000
T1874   0xD75Ee157385e6Baef79089C9973becFe8eEA916a 1000.100000000000000000,0.000000000000000000
T1875   0x45535714Ff9FD37fE5632F551CDF0D7B29fc8e00 1000.100000000000000000,0.000000000000000000
T1876   0x6eF4739c3Ca4D11870cab51114034C9F21979a7A 1000.100000000000000000,0.000000000000000000
T1877   0x06e3C82AF1Eb8a21F01E8848a764BdEB7289Be33 1000.100000000000000000,0.000000000000000000
T1878   0xdccAe8aaac7524FE4335b66227bD1D8645BFd92b 1000.100000000000000000,0.000000000000000000
T1879   0x479a80D0C8160c28448C899B526F70fA062f6f4B 1000.100000000000000000,0.000000000000000000
T1880   0xCdb0653eC11bc7b6A5aD5C21035A2Ae047405307 1000.100000000000000000,0.000000000000000000
T1881   0xe2550bA5eB35E0dF25fA181363d176f9034d1ded 1000.100000000000000000,0.000000000000000000
T1882   0x8D88aB8425f3730a13c1E635975C6768A1231430 1000.100000000000000000,0.000000000000000000
T1883   0xa07c4d7652f90255CA11297Ed296a6dcd8eBe473 1000.100000000000000000,0.000000000000000000
T1884   0xcfdd8200C60a6f62E12cb43Ad63D974BF1c1Fc84 1000.100000000000000000,0.000000000000000000
T1885   0xdD3eFB7BF624B150A65459ad91e8C25D44195eAB 1000.100000000000000000,0.000000000000000000
T1886   0xE17E80E4569B41096b85b1c8BaCB0bA165A23FAc 1000.100000000000000000,0.000000000000000000
T1887   0xfDc1F7039f4f824580A0334Ed84775938532c551 1000.100000000000000000,0.000000000000000000
T1888   0xa2E12133e5418EC74e46093BcfB92108F808a91A 1000.100000000000000000,0.000000000000000000
T1889   0xB96dbe7DFcA4EBcc8be00b81609a70f2d102eD5a 1000.100000000000000000,0.000000000000000000
T1890   0x4f966E6bcbe4Cf7526666149253cD8f285Ecc4A8 1000.100000000000000000,0.000000000000000000
T1891   0x986114Bf4e5C73cF4fB17353B4Aef7F2Aa88EDc8 1000.100000000000000000,0.000000000000000000
T1892   0x6C28D7A7D9dda4E201e782Eb6405bdCfB9046399 1000.100000000000000000,0.000000000000000000
T1893   0x3Ac51d665941d736B6fc866f9458663B49E12175 1000.100000000000000000,0.000000000000000000
T1894   0x09da25d7581cB7C00EA88adA330d27F601182E73 1000.100000000000000000,0.000000000000000000
T1895   0xD350C821121335450052BCF7D112723Ff2916ec9 1000.100000000000000000,0.000000000000000000
T1896   0x1d49a26750081fb911145196b75D967f7fc35830 1000.100000000000000000,0.000000000000000000
T1897   0xF451B7b61FD4C068FC9c127e9d9F958dEA8Ab50F 1000.100000000000000000,0.000000000000000000
T1898   0xC2Cc7C3807995f65786eB45466A21E9572404c6b 1000.100000000000000000,0.000000000000000000
T1899   0xDbb1686fd6135E458Ac7bD81b114bBB9E800f9A5 1000.100000000000000000,0.000000000000000000
T1900   0x6d74da52819e575A43a0a5F543d415B4b895a50c 1000.100000000000000000,0.000000000000000000
T1901   0x543b06d823Aab4700eaa348ffBFfb8Ab5b283757 1000.100000000000000000,0.000000000000000000
T1902   0xeb4bf7d0aE7BC828A85B84D3B153A7DdE0B92c71 1000.100000000000000000,0.000000000000000000
T1903   0xd59733880bE5f6e572F5D3286422362A2683A1D4 1000.100000000000000000,0.000000000000000000
T1904   0xAF1699807613E9CBcA38931137Bd7FDADd5C1c8D 1000.100000000000000000,0.000000000000000000
T1905   0x47142B0f5eE53FA65051ce7D85cE12b163154E7D 1000.100000000000000000,0.000000000000000000
T1906   0x0EAcFCfF7B962f6c6843Ff589ACf0218332E6B34 1000.100000000000000000,0.000000000000000000
T1907   0x2D84Fc7b8301F0aB5C6F107b4548b4d4d78c69E9 1000.100000000000000000,0.000000000000000000
T1908   0xE923ab4C866179ae87C4C6818cF73D57bB8c4cDc 1000.100000000000000000,0.000000000000000000
T1909   0x2FBFE3C1144208f6E64052055e8079d2eb03dCDe 1000.100000000000000000,0.000000000000000000
T1910   0xAEe09E1083E71491EA0968eaB91a592D49aCc793 1000.100000000000000000,0.000000000000000000
T1911   0x489FF4b11e83b6FC95f36976a8FCb9A927040b01 1000.100000000000000000,0.000000000000000000
T1912   0xd46e291A36c6e797cAFEbba11E46C63EDa4b30aD 1000.100000000000000000,0.000000000000000000
T1913   0xEf605A80Cf5e8c612864Fe0796100A0F7054EA00 1000.100000000000000000,0.000000000000000000
T1914   0x3aC535e1F3BC2E495F58C01aB63340581a7Bd0b4 1000.100000000000000000,0.000000000000000000
T1915   0xE5078169A2Ef5538eFdED8dcEa87Ec7b46C5f629 1000.100000000000000000,0.000000000000000000
T1916   0x5Cf80E680F3072f8613c5770890835D54377D810 1000.100000000000000000,0.000000000000000000
T1917   0x94f0bD2F57394FB30ED512466B21A23c0C3a98c5 1000.100000000000000000,0.000000000000000000
T1918   0x88881EABBb8270df1F422bA332cdF6E8AEdDE3e2 1000.100000000000000000,0.000000000000000000
T1919   0x27cb820fCdA070afe2c41bEf3A1b61cBA4E7514D 1000.100000000000000000,0.000000000000000000
T1920   0x141CcA3e573a8E9934e3a03e31A36fc408ABE64c 1000.100000000000000000,0.000000000000000000
T1921   0x41958C0F702e69cad8a1fc8d727AEbc7d72D9681 1000.100000000000000000,0.000000000000000000
T1922   0xFA24Ebb2fa268960391E2bafa0461dbFf94464bb 1000.100000000000000000,0.000000000000000000
T1923   0x4E4e02bA9126585B52dF31981231514CDd188c09 1000.100000000000000000,0.000000000000000000
T1924   0xeAC4f235D96Cb2d4380E418a7e6cCeB349DeB339 1000.100000000000000000,0.000000000000000000
T1925   0x48abDC730EbEE1A0Dc22b782467E05543567b180 1000.100000000000000000,0.000000000000000000
T1926   0x1556374dAcb54c5eAbEd9339989Da764C7D6FF03 1000.100000000000000000,0.000000000000000000
T1927   0xA30349e74AA880f27742Ae66DAec463Bc936F703 1000.100000000000000000,0.000000000000000000
T1928   0x8a9F365D6A63546B86f9219EfB96554af0708235 1000.100000000000000000,0.000000000000000000
T1929   0x351944EA9eAf74134625044846E06B19610Fff28 1000.100000000000000000,0.000000000000000000
T1930   0x78BaDf9dAcFA1047f67258459Fbe7cE92Aed3017 1000.100000000000000000,0.000000000000000000
T1931   0x41DBe3682Da166B04ca7906C698B88b6F229bCf4 1000.100000000000000000,0.000000000000000000
T1932   0xb9B80e993653Fb67fc2EF5182C421b8bEADBa55D 1000.100000000000000000,0.000000000000000000
T1933   0x215D86831a77b1af78083aE6Ef56cd6b1C480a9F 1000.100000000000000000,0.000000000000000000
T1934   0x6A6B4E2403e396417D6a3ee1918C3F36cc17fA27 1000.100000000000000000,0.000000000000000000
T1935   0x2E60Aa20CA49f38E47b383E2b6510b7E265081f2 1000.100000000000000000,0.000000000000000000
T1936   0xea007BB56D06B69C2e08e2D8E8A14aFb15dD38a1 1000.100000000000000000,0.000000000000000000
T1937   0x1FAdb0cFd67F4A2a6Ab3c18FfD4320AAd90Ea974 1000.100000000000000000,0.000000000000000000
T1938   0xDfC6328AE53A2b3A08d5292b057e097cF0F83aF7 1000.100000000000000000,0.000000000000000000
T1939   0x95CEefa5cc4dcDCa86c4d3b7FFf490D767759A00 1000.100000000000000000,0.000000000000000000
T1940   0x04d234b4260C5c1FA7Fd318942f60c6eA2d3B0Cc 1000.100000000000000000,0.000000000000000000
T1941   0x54aA06E47911DF6824b25192ab93eE05677234E1 1000.100000000000000000,0.000000000000000000
T1942   0x2c579F7aC1aD03798D196100fdA4440152679b6f 1000.100000000000000000,0.000000000000000000
T1943   0x8257949E72c0325D32315aEFe33039417B070925 1000.100000000000000000,0.000000000000000000
T1944   0x5D46FaA6262F2847e564Bc95ae42D92DB0ab5cAE 1000.100000000000000000,0.000000000000000000
T1945   0xE9bf5d2F308c280cd6f0C2Dd699d02a98eE9290B 1000.100000000000000000,0.000000000000000000
T1946   0xbF71784857CFb060Cb967D8D0cd355Ade8710B70 1000.100000000000000000,0.000000000000000000
T1947   0x16639D8D3189b60B0b6BEb076Ae5A93a3d4b6bD5 1000.100000000000000000,0.000000000000000000
T1948   0x7756974939F3CfFa8333d991F310aFF89c6E8e8E 1000.100000000000000000,0.000000000000000000
T1949   0x5DA66938D9833789e6C3cC4B3d047Ce696D754bD 1000.100000000000000000,0.000000000000000000
T1950   0x0b6F248609828d9E7C865Cf96dA42f0A6D0f732B 1000.100000000000000000,0.000000000000000000
T1951   0xF54B89F460030919b69be7C01Dc4Df30B0f258f6 1000.100000000000000000,0.000000000000000000
T1952   0x68a48982736d555c2f93D23a9095bA89d0F13591 1000.100000000000000000,0.000000000000000000
T1953   0x3f4549D7B26Da774Bc1bCFe23659947344B75799 1000.100000000000000000,0.000000000000000000
T1954   0xc76EF6d89c23d475cB4654e02c02C539e4013f1E 1000.100000000000000000,0.000000000000000000
T1955   0x87d6167e103b007daFD726Bf2aBcd33634B78BB7 1000.100000000000000000,0.000000000000000000
T1956   0x98C36b26CBb0a4C05c759111A6DF0912238E6987 1000.100000000000000000,0.000000000000000000
T1957   0xeaa0d54A64EBbB3c94A0A5465bfEd1Ca2C7F61fC 1000.100000000000000000,0.000000000000000000
T1958   0xae8412aa54466DED0e81b96c481589f2AfB8d1f5 1000.100000000000000000,0.000000000000000000
T1959   0x15149E109a9CF02E4F327E79C405Cc49551E13Ac 1000.100000000000000000,0.000000000000000000
T1960   0x8657Af0Fb88da81160eBEF7cCf9082448CFbD1b3 1000.100000000000000000,0.000000000000000000
T1961   0x327BF81BBbC0f725d4dE9F7a7Cd1C4BE8F33bcfb 1000.100000000000000000,0.000000000000000000
T1962   0x9ecC283e16b11650f73942f3648F0eEf5dD37793 1000.100000000000000000,0.000000000000000000
T1963   0x495fB09A1386D7638e62771b9B2cA2378d2ff8Ce 1000.100000000000000000,0.000000000000000000
T1964   0xC108d7c1e7D69b280dfA7ad12BFb3F6a79996B51 1000.100000000000000000,0.000000000000000000
T1965   0xe3166e1C8b6cdbAD8B5ba17624244baB23773A42 1000.100000000000000000,0.000000000000000000
T1966   0xfb307d307149a9348dfb4E514e4025031F5aeB46 1000.100000000000000000,0.000000000000000000
T1967   0x2Cf8D20a59677bEf4Ac97BAEF6F28C311C8f18a3 1000.100000000000000000,0.000000000000000000
T1968   0x78f43d63DD2b5B9a4D0d4Ee951724cA998b57Cda 1000.100000000000000000,0.000000000000000000
T1969   0x43581bC5526a3E0a41eD9a720EcDeEC35Cd78Cb4 1000.100000000000000000,0.000000000000000000
T1970   0xa04Dd41e089133B8737b995fb741D806939A7d19 1000.100000000000000000,0.000000000000000000
T1971   0x0AFE00d31c41095a021Efe9D7708dc2862AfFcCc 1000.100000000000000000,0.000000000000000000
T1972   0x3aCD3f148459ca02ffc9BBC88C70874b7cE0A3C5 1000.100000000000000000,0.000000000000000000
T1973   0xD21958309Db60566e93cA9001cf5c8d3f9179C0D 1000.100000000000000000,0.000000000000000000
T1974   0x504602aBa796bCA8E9b439a321fCdDfd1F3c0Ea5 1000.100000000000000000,0.000000000000000000
T1975   0x1f75830D919D320A08c79eF9B1201A08CaA61017 1000.100000000000000000,0.000000000000000000
T1976   0x19708e7CFA815cee1D640A1Cc3f074BAa1e4984D 1000.100000000000000000,0.000000000000000000
T1977   0x6EaDDAa64bf3A6172aE9f1fAA2598eF833Cb7F93 1000.100000000000000000,0.000000000000000000
T1978   0xae3D9b4513B63D20ec2344eBFDcF42C43C203f29 1000.100000000000000000,0.000000000000000000
T1979   0x52afe55De7752626162924Fdfb4ec3Ee70D0Fd04 1000.100000000000000000,0.000000000000000000
T1980   0x173818a6df104a8725Aaad8700B6DE27c71591Ab 1000.100000000000000000,0.000000000000000000
T1981   0x0EB7595bF6cbb7b4781225001187705fA312BEe6 1000.100000000000000000,0.000000000000000000
T1982   0x9739afC2c8704861E56423bcF878FaEf2EDf70c7 1000.100000000000000000,0.000000000000000000
T1983   0xAF2Bca6a181ffcaf00101fB245Ae8EAfcddCBf44 1000.100000000000000000,0.000000000000000000
T1984   0x22c27EFDeA56BD66ea795B699aa38A6b5066c110 1000.100000000000000000,0.000000000000000000
T1985   0x8573504dd2e134Ef4A2c6d7947282CaC1bd86d14 1000.100000000000000000,0.000000000000000000
T1986   0x091682Ae262F9C535b871e11265e63a13838199c 1000.100000000000000000,0.000000000000000000
T1987   0xa4AbAf8FA8Bc6635B90cEcF76b4648caA0360658 1000.100000000000000000,0.000000000000000000
T1988   0x85CcBb68407965c1d758D7C1422628E021d7F84e 1000.100000000000000000,0.000000000000000000
T1989   0x4a2d045B3696Cd42Ed3C293cC47c8897C740A3C6 1000.100000000000000000,0.000000000000000000
T1990   0x23B9d0cF25F9Ba7be3D86cB99EA22E7915E38451 1000.100000000000000000,0.000000000000000000
T1991   0x6cc3247811e82F46C4884C2157509f93c5070547 1000.100000000000000000,0.000000000000000000
T1992   0x56cEcB3671481677638836E8A978e4432dE2092b 1000.100000000000000000,0.000000000000000000
T1993   0xED3B0784a373C964B297D67796742B9B45bfFC8B 1000.100000000000000000,0.000000000000000000
T1994   0xb1ee804adB475269B95BA5701fd3b2F158B5eA23 1000.100000000000000000,0.000000000000000000
T1995   0xC2874eF669a6c1BCb2439A49c5d8824Fb10CcDa0 1000.100000000000000000,0.000000000000000000
T1996   0x46a13fd13Fb2aE876f94C98C0094F311Bf63dB83 1000.100000000000000000,0.000000000000000000
T1997   0x9760ae9fFFe7E0FDD9D1Cb7df71383AC59526ad0 1000.100000000000000000,0.000000000000000000
T1998   0xD4Bc97B6735b93E1d161B910286D8D058b75434D 1000.100000000000000000,0.000000000000000000
T1999   0x2D901f2c829606270B8e9Dd38C4919AD0713fe60 1000.100000000000000000,0.000000000000000000
T2000   0x6C9c35072ab1b6BF33c8C7A119EF7f90e04b1f6B 1000.100000000000000000,0.000000000000000000
T2001   0x577734B5A251Ed860dB59b71cb79E262Ba862886 1000.100000000000000000,0.000000000000000000
T2002   0x6EEc293d7784d0dE7DFDC6EDD0D17Be33613eF7F 1000.100000000000000000,0.000000000000000000
T2003   0x2E60B3134dFF7e1DB3138DeCefEba29EA944dB05 1000.100000000000000000,0.000000000000000000
T2004   0xc3126b165f6D2337AE2D780b5a9875e14A2Ed31b 1000.100000000000000000,0.000000000000000000
T2005   0xE9D57d2A82c5B3F65F05aEe75B5dBb1Ae3ea4A48 1000.100000000000000000,0.000000000000000000
T2006   0xd0C8630741C8c6a424981366b4Cdc46075bf0De3 1000.100000000000000000,0.000000000000000000
T2007   0x0c4A67EC5a10db1982b8a6703504dd191C8251B3 1000.100000000000000000,0.000000000000000000
T2008   0xED63c51B2Ad7c1DC946Fe73d5B8f00A418abcAed 1000.100000000000000000,0.000000000000000000
T2009   0xCdEF918539cf2EeF6C9941787713F2AD54A04CF9 1000.100000000000000000,0.000000000000000000
T2010   0x52E231DD657F21aD323E8a6a02e72fE19cB920DD 1000.100000000000000000,0.000000000000000000
T2011   0x8FC840B445D167Bc1C007b40f7c32D47fE550DAa 1000.100000000000000000,0.000000000000000000
T2012   0xDCDCf33175A2Ce18b1C145905213E8a8Da8686b8 1000.100000000000000000,0.000000000000000000
T2013   0xAB1C4B3D6bA35522f37a86eD0D86EA229FF2Ef0F 1000.100000000000000000,0.000000000000000000
T2014   0x01a249c5C4aa34CE4D5Fe5261cc51C99EAe5A0aB 1000.100000000000000000,0.000000000000000000
T2015   0xc5eec9909E0914e791B201B867C4425F44d35fd4 1000.100000000000000000,0.000000000000000000
T2016   0x4E3C40ec8ca8EF3187E3fAF85fB39C7f41af297E 1000.100000000000000000,0.000000000000000000
T2017   0xB2Ab32B1AE4eCb8d16D6339DF2E0DeD1E6E9E7Af 1000.100000000000000000,0.000000000000000000
T2018   0xf30ca6c8769314Fa391cD5cDf7b19577db80A334 1000.100000000000000000,0.000000000000000000
T2019   0x7dA4D1F27f67293f5A472004A54e1629A7d7a6e2 1000.100000000000000000,0.000000000000000000
T2020   0x93A6D29B6094f706169B417738EdFa4F1D98fB90 1000.100000000000000000,0.000000000000000000
T2021   0x5685b8a31520a1eAdB43A65a2Bb7119759Ca0312 1000.100000000000000000,0.000000000000000000
T2022   0x7B04fe1AcD265dF25c25b0D48f499BC51c4f405C 1000.100000000000000000,0.000000000000000000
T2023   0xFa5ccB027478E530e76C0a691d42949a724A6c4e 1000.100000000000000000,0.000000000000000000
T2024   0x43bf4FD6B4bB837E84E34D5D2BDF0FC00dA16254 1000.100000000000000000,0.000000000000000000
T2025   0xa1A1bC3b6E69b50d9a3BfcD8b842040583d86c59 1000.100000000000000000,0.000000000000000000
T2026   0x5f1B63a3AAcef72cCb82ED51F9C7269C36F671a6 1000.100000000000000000,0.000000000000000000
T2027   0xd6b09bdbbeD184F13bBc4c4551d55F61E08DF0db 1000.100000000000000000,0.000000000000000000
T2028   0x720C8B9b3c9Fdf04E8278CaEc57876dBD529d31D 1000.100000000000000000,0.000000000000000000
T2029   0x2D11ce03dbFc3804446Cbe697E0faebF43ae64F5 1000.100000000000000000,0.000000000000000000
T2030   0x85896a4c59304b57518F003A3957877d524F0d72 1000.100000000000000000,0.000000000000000000
T2031   0xCAfC755dDE43e96E11750aa6F11eCb33F74d368E 1000.100000000000000000,0.000000000000000000
T2032   0x385C45034fFC8eFa2793fb34763b406BdcF319b0 1000.100000000000000000,0.000000000000000000
T2033   0x1FBC17839CE6eb2E6DD581dC3145977Cf6315cf4 1000.100000000000000000,0.000000000000000000
T2034   0xc9a39438Eee14B22dd65Ab099DD4e146ABe208c6 1000.100000000000000000,0.000000000000000000
T2035   0x2625FD0763c700d95E606f6983e4180021a28d8d 1000.100000000000000000,0.000000000000000000
T2036   0x46545c07e7029Ca4fA1A58C5A1c7ba990DE30f22 1000.100000000000000000,0.000000000000000000
T2037   0xfe3842727A74b93F598D35162674250B7b8200Ec 1000.100000000000000000,0.000000000000000000
T2038   0x8225E132EcaC5db14904B15BFf23d73434B33252 1000.100000000000000000,0.000000000000000000
T2039   0xC60e90fD8e9e2859CF8ADc983CB818d1c0DD0b5A 1000.100000000000000000,0.000000000000000000
T2040   0x22391419f2F23515ecC4a816cf740bBFD154E2E8 1000.100000000000000000,0.000000000000000000
T2041   0xDe19faa0A654fd53116DFF68674a75b243Ad288c 1000.100000000000000000,0.000000000000000000
T2042   0x6e8B87e08833295B8BA71aDcD9a81bCC85f38878 1000.100000000000000000,0.000000000000000000
T2043   0x83169CE8C883130e50ADb699faB3331af61D9D91 1000.100000000000000000,0.000000000000000000
T2044   0x4A1Bf0A997F14d07745b765FD453cFe0D50D0C95 1000.100000000000000000,0.000000000000000000
T2045   0xbf90461992b110a1d5edd2A6d70C71bDf6b33561 1000.100000000000000000,0.000000000000000000
T2046   0x78FDB8258Bd49FeDE04470Cf3C7ed058C935BaB8 1000.100000000000000000,0.000000000000000000
T2047   0xEe3479dF26540d767340a07Ae49F887Db0D31507 1000.100000000000000000,0.000000000000000000
T2048   0xf0F899f70a86f2c1b5eA2c3B4790C6A949f2B110 1000.100000000000000000,0.000000000000000000
T2049   0xB77B00802EE0449bfa469397C0267c9c59190bD1 1000.100000000000000000,0.000000000000000000
T2050   0xcb28E965ed94d12E7a23E0b5384814db7B3Af240 1000.100000000000000000,0.000000000000000000
T2051   0x69655ba03E191eee04b62dE7c0A5C2Cb32e8EF45 1000.100000000000000000,0.000000000000000000
T2052   0x5dD331Fd41D683d2824ebC90E03E0d24c1EB4f2B 1000.100000000000000000,0.000000000000000000
T2053   0x7c3750876Fb4b1145932BA4f47154EC6Fc8D894c 1000.100000000000000000,0.000000000000000000
T2054   0x169ab4db4BeFf79f36042031E5F6F0d541E508F3 1000.100000000000000000,0.000000000000000000
T2055   0xfC4042D5c93327ccE534a77113242eeB13e48B71 1000.100000000000000000,0.000000000000000000
T2056   0x1eb84E1bA07a1c5EF5bE8583E2aa049C9ED1091e 1000.100000000000000000,0.000000000000000000
T2057   0x1ec6BA95E1F98d896057678C54f6f5485E5Fc836 1000.100000000000000000,0.000000000000000000
T2058   0xa94FeeD9C47e0c7F8d4386b037a0B9f021Aeb498 1000.100000000000000000,0.000000000000000000
T2059   0xEAf0fcE3d8008065b0f054110C45d2723f38b457 1000.100000000000000000,0.000000000000000000
T2060   0xd1990D9ec8E92A75653D8B476A38789bBcb91A2D 1000.100000000000000000,0.000000000000000000
T2061   0x57e3607CD4db8Ed28F96e63424A6e81489Ec7f49 1000.100000000000000000,0.000000000000000000
T2062   0xEa9c64Afb72ba00c546ab3B0F6f01f5160a8278B 1000.100000000000000000,0.000000000000000000
T2063   0xBd579B47Acff0D8457d80299A1e8fCFd6cA3d8a8 1000.100000000000000000,0.000000000000000000
T2064   0xbC4A928F322781D382fD1c0008580Ebb3f497C81 1000.100000000000000000,0.000000000000000000
T2065   0x58fa7f1440Cfc83B565a1A19Ee1c295C171f1780 1000.100000000000000000,0.000000000000000000
T2066   0xf919ac6519ec3a65BB85bCb2A9502D8DFEE24a53 1000.100000000000000000,0.000000000000000000
T2067   0xF66ad29d1E15033E308fB52C888739F2823dBe5F 1000.100000000000000000,0.000000000000000000
T2068   0x122C0C412B6198674578595525372d0f03F31AFA 1000.100000000000000000,0.000000000000000000
T2069   0x6621C7c6da8ABCC71Af86EDB3F5876Ab2F0eAA03 1000.100000000000000000,0.000000000000000000
T2070   0x2f38374a43C70E600998a67ae9CFd7053E4727fE 1000.100000000000000000,0.000000000000000000
T2071   0x63B40AD7E7519d9Ab9Cd49B97E63Bc0Ee6690B5d 1000.100000000000000000,0.000000000000000000
T2072   0x05761A70Af7664EeCaaa26704aaCf6Ba2374ca64 1000.100000000000000000,0.000000000000000000
T2073   0x60821372bC9661C0E42A2204A4Ff0B7292Fb718A 1000.100000000000000000,0.000000000000000000
T2074   0xFF5bCa260D02B42A83981a6Ba3D5bb5a76b0E6Bc 1000.100000000000000000,0.000000000000000000
T2075   0x8D6a4534D6dE43Dc8f2f7976e89ED8Dd43b41b64 1000.100000000000000000,0.000000000000000000
T2076   0x40b016886285dCE2189DD5AB0C30Ce8F48d5567A 1000.100000000000000000,0.000000000000000000
T2077   0x014652b9a97494298Ba02e633ed83d738cF3707d 1000.100000000000000000,0.000000000000000000
T2078   0xC553B2888a202755CfB57992f55e78c1c12f6A32 1000.100000000000000000,0.000000000000000000
T2079   0xa4EeaB1007D0dE49a093026730706CF80Fb59981 1000.100000000000000000,0.000000000000000000
T2080   0x5409a1192b0822bb67510141EC7525A31719C77b 1000.100000000000000000,0.000000000000000000
T2081   0xb11Bc36ddfa1a0d7E9F717EB5FdD75c2036D0d42 1000.100000000000000000,0.000000000000000000
T2082   0x5D626d2c0fc5Aeb064146296D0D7a51c19432e56 1000.100000000000000000,0.000000000000000000
T2083   0xFa8F15DAEEF0634C070f257503016dEb40e9A52c 1000.100000000000000000,0.000000000000000000
T2084   0xb15ee8b89dfBC963D80E4bF264DbE5323FB470a8 1000.100000000000000000,0.000000000000000000
T2085   0x95BCFC231634E6BA0F5EA5bCc478d4313C845707 1000.100000000000000000,0.000000000000000000
T2086   0xD820761b3fD142459a4Be739A721B4a8bF5ea6D5 1000.100000000000000000,0.000000000000000000
T2087   0x70493Eb4bA95E56F58C9096A302CC3B3c1FaF0d0 1000.100000000000000000,0.000000000000000000
T2088   0x88e06BAE82513F8a44975BED2d7Ce37D29A5a553 1000.100000000000000000,0.000000000000000000
T2089   0x32eB089b4e59a17925902A46a54A2cD1DB16E9bF 1000.100000000000000000,0.000000000000000000
T2090   0xD40041d28d5a108f456F77E1202Fb14c1d23B57f 1000.100000000000000000,0.000000000000000000
T2091   0x99D9321aE6010364A6d7846864D171dEb08cD980 1000.100000000000000000,0.000000000000000000
T2092   0x8EdaeC9E753ed3F791aBB0A1A9850353c39F7893 1000.100000000000000000,0.000000000000000000
T2093   0x0974bf50f743706c59aa83dE0927665203ea15C5 1000.100000000000000000,0.000000000000000000
T2094   0x3811d7827b0fC314A0030F8bFcE9Bb82441C424D 1000.100000000000000000,0.000000000000000000
T2095   0x9c5E3BD7F334A34Fe06205f10d99656bf7823992 1000.100000000000000000,0.000000000000000000
T2096   0xB0c7ed47D20e8cc3126146952f126Cd14A743BE0 1000.100000000000000000,0.000000000000000000
T2097   0x656E7CdA855980883d0fCE9c97156F64527796C1 1000.100000000000000000,0.000000000000000000
T2098   0x09c0C050938C580B7603903cd6De491Ad9F6A380 1000.100000000000000000,0.000000000000000000
T2099   0xDC47232cC38e2D106A00C1928983e59539b23579 1000.100000000000000000,0.000000000000000000
T2100   0xE77130E64dDD87037369d29a5de7613FB4EeAE3C 1000.099999999999978328,0.000000000000000000
            Display                  
=====CROWD SALE==========================
Address  0x1a1A0E9810C0CE29db595eF7d4b42ED50B45C4cC
Ether Raised  :  0.000000000000000000
NEWS sold in Crowdsale   :  0.000000000000000000
NEWS available in CS   :  60000000.000000000000000000
Start Date  :  50000 1970-01-01 21:23:20 +0730 MALT
End Date  :  190000 1970-01-03 12:16:40 +0730 MALT
=====NEWS==========================
NEWS address  0xD241c11c6F674156a0Cd175a6C7e3f38bc7310A7
NEWS issued :   :  0.000000000000000000
========== Reserves & Stuff ================
Crowdsale Multisig  :  0x03D4Ae7da72DA6f5D32D65D82fb4b34eCc2aBD5f
            ListSum                  
Stopped at line  10  with error  Function not found : ListSum
